******************************************************************************
              TMS320C55x Linker PC v4.3.8                      
******************************************************************************
>> Linked Thu Feb 28 08:32:52 2013

OUTPUT FILE NAME:   <B_fixedPointC.out>
ENTRY POINT SYMBOL: "_c_int00"  address: 00044257


MEMORY CONFIGURATION

         name            origin    length      used     unused   attr    fill
                        (bytes)   (bytes)    (bytes)   (bytes)
----------------------  --------  ---------  --------  --------  ----  --------
  MMR                   00000000   000000c0  00000000  000000c0  RWIX
  VECS                  000000c0   00000200  00000100  00000100  RWIX
  DARAM0                000002c0   00003d40  00002300  00001a40  RWIX
  DARAM1                00004000   00002000  00000000  00002000  RWIX
  DARAM2                00006000   00002000  00000000  00002000  RWIX
  DARAM3                00008000   00008000  000004f0  00007b10  RWIX
  SARAM0                00010000   00010000  00000000  00010000  RWIX
  SARAM1                00020000   00010000  00000000  00010000  RWIX
  SARAM2                00030000   00010000  00000000  00010000  RWIX
  SARAM3                00040000   00010000  00004b5d  0000b4a3  RWIX
  CE01                  00100000   00020000  00000000  00020000  RWIX
  CE02                  00120000   00020000  00000000  00020000  RWIX
  CE03                  00140000   00020000  00000000  00020000  RWIX
  CE1                   00400000   00100000  00000000  00100000  RWIX
  CE2                   00800000   00400000  00000000  00400000  RWIX
  CE3                   00c00000   003f8000  00000000  003f8000  RWIX
  PDROM                 00ff8000   00007f00  00000000  00007f00  RWIX


SECTION ALLOCATION MAP
(Addresses surrounded by []'s are displayed for convenience only!)

output                                                          attributes/
section   page  orgn(bytes) orgn(words) len(bytes) len(words)   input sections
--------  ----  ----------- ----------- ---------- ----------   --------------
vectors      0     000000c0  [ 00000060 ] 00000100          *   NOLOAD SECTION
                   000000c0  [ 00000060 ] 00000100          *   rts55x.lib : vectors.obj (vectors)

.sysmem      0   [ 000002c0 ]  00000160          *   00001000   UNINITIALIZED
                 [ 000002c0 ]  00000160          *   00001000   --HOLE--

.data        0   [ 000002c0 ]  00000160          *   00000000   UNINITIALIZED

.stack       0   [ 000022c0 ]  00001160          *   00000100   UNINITIALIZED
                 [ 000022c0 ]  00001160          *   00000100   --HOLE--

.sysstack 
*            0   [ 000024c0 ]  00001260          *   00000080   UNINITIALIZED
                 [ 000024c0 ]  00001260          *   00000080   --HOLE--

.bss         0   [ 00008000 ]  00004000          *   00000278   UNINITIALIZED
                 [ 00008000 ]  00004000          *   00000119   rts55x.lib : defs.obj (.bss)
                 [ 00008232 ]  00004119          *   000000d0              : trgdrv.obj (.bss)
                 [ 000083d2 ]  000041e9          *   00000001              : fopen.obj (.bss)
                 [ 000083d4 ]  000041ea          *   00000071              : lowlev.obj (.bss)
                 [ 000084b6 ]  0000425b          *   00000001   --HOLE--
                 [ 000084b8 ]  0000425c          *   0000000e   icosTest.obj (.bss)
                 [ 000084d4 ]  0000426a          *   00000006   rts55x.lib : memory.obj (.bss)
                 [ 000084e0 ]  00004270          *   00000004              : _lock.obj (.bss)
                 [ 000084e8 ]  00004274          *   00000004              : exit.obj (.bss)

.text        0     00040000  [ 00020000 ] 00004387          *   
                   00040000  [ 00020000 ] 00001598          *   rts55x.lib : _printfi.obj (.text)
                   00041598  [ 00020acc ] 00000543          *              : lowlev.obj (.text)
                   00041adb  [ 00020d6d+] 00000528          *              : trgdrv.obj (.text)
                   00042003  [ 00021001+] 000004b5          *              : memory.obj (.text)
                   000424b8  [ 0002125c ] 0000036c          *              : divd.obj (.text)
                   00042824  [ 00021412 ] 00000334          *   icosTest.obj (.text)
                   00042b58  [ 000215ac ] 0000027f          *   rts55x.lib : fopen.obj (.text)
                   00042dd7  [ 000216eb+] 0000025e          *              : llmpy.obj (.text)
                   00043035  [ 0002181a+] 00000259          *              : addd.obj (.text)
                   0004328e  [ 00021947 ] 000001ea          *              : cmpd.obj (.text)
                   00043478  [ 00021a3c ] 00000163          *              : fputs.obj (.text)
                   000435db  [ 00021aed+] 0000014c          *              : mpyd.obj (.text)
                   00043727  [ 00021b93+] 000000e6          *              : setvbuf.obj (.text)
                   0004380d  [ 00021c06+] 000000dd          *              : _io_perm.obj (.text)
                   000438ea  [ 00021c75 ] 000000c8          *              : frcmpyd_div.obj (.text)
                   000439b2  [ 00021cd9 ] 000000c2          *              : fflush.obj (.text)
                   00043a74  [ 00021d3a ] 000000ba          *              : trgmsg.obj (.text:CIO_breakpoint)
                   00043b2e  [ 00021d97 ] 000000a6          *              : fputc.obj (.text)
                   00043bd4  [ 00021dea ] 000000a1          *              : divul.obj (.text)
                   00043c75  [ 00021e3a+] 0000007d          *              : ltoa.obj (.text)
                   00043cf2  [ 00021e79 ] 0000007b          *              : fclose.obj (.text)
                   00043d6d  [ 00021eb6+] 00000076          *              : frcmpyd.obj (.text)
                   00043de3  [ 00021ef1+] 00000072          *              : remul.obj (.text)
                   00043e55  [ 00021f2a+] 0000006f          *              : fixdli.obj (.text)
                   00043ec4  [ 00021f62 ] 0000006d          *              : trgmsg.obj (.text)
                   00043f31  [ 00021f98+] 0000006b          *              : fseek.obj (.text)
                   00043f9c  [ 00021fce ] 00000067          *              : fltlid.obj (.text)
                   00044003  [ 00022001+] 0000005c          *              : atoi.obj (.text)
                   0004405f  [ 0002202f+] 00000050          *              : printf.obj (.text)
                   000440af  [ 00022057+] 0000004d          *              : autoinit.obj (.text)
                   000440fc  [ 0002207e ] 0000004b          *              : args_main.obj (.text)
                   00044147  [ 000220a3+] 0000004b          *              : remli.obj (.text)
                   00044192  [ 000220c9 ] 00000048          *              : divli.obj (.text)
                   000441da  [ 000220ed ] 0000003f          *              : memcpy.obj (.text)
                   00044219  [ 0002210c+] 0000003e          *              : exit.obj (.text)
                   00044257  [ 0002212b+] 00000034          *              : boot.obj (.text)
                   0004428b  [ 00022145+] 0000002a          *              : fixdi.obj (.text)
                   000442b5  [ 0002215a+] 0000002a          *              : udiv.obj (.text)
                   000442df  [ 0002216f+] 00000023          *              : memccpy.obj (.text)
                   00044302  [ 00022181 ] 0000001c          *              : isinf.obj (.text)
                   0004431e  [ 0002218f ] 00000014          *              : subd.obj (.text)
                   00044332  [ 00022199 ] 00000013          *              : lmpy.obj (.text)
                   00044345  [ 000221a2+] 00000012          *              : _lock.obj (.text)
                   00044357  [ 000221ab+] 00000010          *              : negd.obj (.text)
                   00044367  [ 000221b3+] 0000000c          *              : fltid.obj (.text)
                   00044373  [ 000221b9+] 0000000a          *              : remove.obj (.text)
                   0004437d  [ 000221be+] 00000007          *              : exit.obj (.text:CIO_breakpoint)
                   00044384  [ 000221c2 ] 00000002          *              : vectors.obj (.text)
                   00044386  [ 000221c3 ] 00000001          *   --HOLE-- [fill = 20]

.const       0   [ 00044388 ]  000221c4          *   00000250   
                 [ 00044388 ]  000221c4          *   0000010e   icosTest.obj (.const:.string)
                 [ 000445a4 ]  000222d2          *   00000101   rts55x.lib : ctype.obj (.const:__ctypes_)
                 [ 000447a6 ]  000223d3          *   00000001   --HOLE-- [fill = 0]
                 [ 000447a8 ]  000223d4          *   00000024              : _printfi.obj (.const:.string)
                 [ 000447f0 ]  000223f8          *   0000000c              : _printfi.obj (.const)
                 [ 00044808 ]  00022404          *   00000008              : divd.obj (.const:_initial_approx$1)
                 [ 00044818 ]  0002240c          *   00000002              : fputs.obj (.const:.string)
                 [ 0004481c ]  0002240e          *   00000002   icosTest.obj (.const)
                 [ 00044820 ]  00022410          *   00000002   rts55x.lib : divd.obj (.const)
                 [ 00044824 ]  00022412          *   00000002              : fltlid.obj (.const)

.cio         0   [ 00044828 ]  00022414          *   00000120   UNINITIALIZED
                 [ 00044828 ]  00022414          *   00000120   rts55x.lib : trgmsg.obj (.cio)

.cinit       0   [ 00044a68 ]  00022534          *   0000007b   
                 [ 00044a68 ]  00022534          *   0000002d   rts55x.lib : lowlev.obj (.cinit)
                 [ 00044ac2 ]  00022561          *   0000002a              : defs.obj (.cinit)
                 [ 00044b16 ]  0002258b          *   0000000a              : _lock.obj (.cinit)
                 [ 00044b2a ]  00022595          *   0000000a              : exit.obj (.cinit)
                 [ 00044b3e ]  0002259f          *   00000007   icosTest.obj (.cinit)
                 [ 00044b4c ]  000225a6          *   00000004   rts55x.lib : fopen.obj (.cinit)
                 [ 00044b54 ]  000225aa          *   00000004              : memory.obj (.cinit)
                 [ 00044b5c ]  000225ae          *   00000001   --HOLE-- [fill = 0]


GLOBAL SYMBOLS: SORTED ALPHABETICALLY BY Name 

abs. value/
byte addr   word addr   name
---------   ---------   ----
00000002                $TI_capability$C5500$CallingConvention
00000002                $TI_capability$C5500$MemoryModel
00000001                $TI_capability_requires_rev3
            00004000    .bss
            00000160    .data
00040000                .text
0004437e                C$$EXIT
00043b29                C$$IO$$
00044332                I$$LMPY
000442b5                I$$UDIV
000442ca                I$$UMOD
00041fa5                _HOSTclock
00041f3a                _HOSTclose
00041e85                _HOSTlseek
00041de6                _HOSTopen
00041d59                _HOSTread
00041cab                _HOSTrename
00041c4d                _HOSTtime
00041be3                _HOSTunlink
00041b56                _HOSTwrite
000000c0                _Reset
            00022414    __CIOBUF_
            00001260    __STACK_END
00000200                __STACK_SIZE
00002000                __SYSMEM_SIZE
00000100                __SYSSTACK_SIZE
ffffffff                ___binit__
            00004000    ___bss__
ffffffff                ___c_args__
            00022534    ___cinit__
            00000160    ___data__
            00000160    ___edata__
            00004278    ___end__
00044387                ___etext__
00044302                ___isinf
ffffffff                ___pinit__
00040000                ___text__
00043035                __addd
000440fc                __args_main
00042c79                __cleanup
            00004274    __cleanup_ptr
00043420                __cmpd
            000222d2    __ctypes_
000424da                __divd
00044192                __divli
00043000                __divlli
000442b5                __divu
00043bd4                __divul
00042f0c                __divull
000439b2                __doflush
            00004276    __dtors_ptr
000433ec                __eqld
0004428b                __fixdi
00043e55                __fixdli
00044367                __fltid
00043f9c                __fltlid
00043d6d                __frcmpyd
000438ea                __frcmpyd_div
            00004118    __ft_end
            00004000    __ftable
000433a2                __geqd
00043357                __gtrd
0004330a                __leqd
            00004270    __lock
000432c2                __lssd
000435db                __mpyd
00044332                __mpyli
00042e54                __mpylli
00044357                __negd
0004328e                __neqd
00044355                __nop
00041356                __printfi
0004388d                __rd_ok
0004434d                __register_lock
00044345                __register_unlock
00044147                __remli
00042e25                __remlli
000442ca                __remu
00043de3                __remul
00042dd7                __remull
            00001160    __stack
0004431e                __subd
            00000160    __sys_memory
            00001260    __sysstack
            00004078    __tmpnams
            00004272    __unlock
0004380d                __wrt_ok
0004437d                _abort
000419eb                _add_device
00044003                _atoi
000440af                _auto_init
00044257                _c_int00
00042492                _calloc
0004248a                _chkheap
00041978                _close
00044219                _exit
00043cf2                _fclose
00043a1b                _fflush
0004196f                _find_registered_device
00042d9c                _fopen
00043b2e                _fputc
00043478                _fputs
00042003                _free
00042434                _free_memory
00042cd3                _freopen
00043f31                _fseek
00041adb                _getenv
0004288e                _iCos
00042824                _iCos1
            0000425c    _icosCoef
00041909                _lseek
00043c75                _ltoa
0004290d                _main
00042134                _malloc
000423da                _max_free
000442df                _memccpy
000441da                _memcpy
000420cf                _minit
0004184a                _open
0004405f                _printf
00043b2e                _putc
00043bc5                _putchar
000435ad                _puts
0004179c                _read
00043ec4                _readmsg
00042229                _realloc
00044373                _remove
00041766                _remove_device
0004170d                _rename
00043727                _setvbuf
000416da                _unlink
00041598                _write
00043a74                _writemsg
ffffffff                binit
            00022534    cinit
            00000160    edata
            00004278    end
00044387                etext
ffffffff                pinit


GLOBAL SYMBOLS: SORTED BY Symbol Address 

abs. value/
byte addr   word addr   name
---------   ---------   ----
00000001                $TI_capability_requires_rev3
00000002                $TI_capability$C5500$CallingConvention
00000002                $TI_capability$C5500$MemoryModel
000000c0                _Reset
00000100                __SYSSTACK_SIZE
00000200                __STACK_SIZE
            00000160    .data
            00000160    ___data__
            00000160    ___edata__
            00000160    __sys_memory
            00000160    edata
00002000                __SYSMEM_SIZE
            00001160    __stack
            00001260    __STACK_END
            00001260    __sysstack
            00004000    .bss
            00004000    ___bss__
            00004000    __ftable
            00004078    __tmpnams
            00004118    __ft_end
            0000425c    _icosCoef
            00004270    __lock
            00004272    __unlock
            00004274    __cleanup_ptr
            00004276    __dtors_ptr
            00004278    ___end__
            00004278    end
00040000                .text
00040000                ___text__
00041356                __printfi
00041598                _write
000416da                _unlink
0004170d                _rename
00041766                _remove_device
0004179c                _read
0004184a                _open
00041909                _lseek
0004196f                _find_registered_device
00041978                _close
000419eb                _add_device
00041adb                _getenv
00041b56                _HOSTwrite
00041be3                _HOSTunlink
00041c4d                _HOSTtime
00041cab                _HOSTrename
00041d59                _HOSTread
00041de6                _HOSTopen
00041e85                _HOSTlseek
00041f3a                _HOSTclose
00041fa5                _HOSTclock
00042003                _free
000420cf                _minit
00042134                _malloc
00042229                _realloc
000423da                _max_free
00042434                _free_memory
0004248a                _chkheap
00042492                _calloc
000424da                __divd
00042824                _iCos1
0004288e                _iCos
0004290d                _main
00042c79                __cleanup
00042cd3                _freopen
00042d9c                _fopen
00042dd7                __remull
00042e25                __remlli
00042e54                __mpylli
00042f0c                __divull
00043000                __divlli
00043035                __addd
0004328e                __neqd
000432c2                __lssd
0004330a                __leqd
00043357                __gtrd
000433a2                __geqd
000433ec                __eqld
00043420                __cmpd
00043478                _fputs
000435ad                _puts
000435db                __mpyd
00043727                _setvbuf
0004380d                __wrt_ok
0004388d                __rd_ok
000438ea                __frcmpyd_div
000439b2                __doflush
00043a1b                _fflush
00043a74                _writemsg
00043b29                C$$IO$$
00043b2e                _fputc
00043b2e                _putc
00043bc5                _putchar
00043bd4                __divul
00043c75                _ltoa
00043cf2                _fclose
00043d6d                __frcmpyd
00043de3                __remul
00043e55                __fixdli
00043ec4                _readmsg
00043f31                _fseek
00043f9c                __fltlid
00044003                _atoi
0004405f                _printf
000440af                _auto_init
000440fc                __args_main
00044147                __remli
00044192                __divli
000441da                _memcpy
00044219                _exit
00044257                _c_int00
0004428b                __fixdi
000442b5                I$$UDIV
000442b5                __divu
000442ca                I$$UMOD
000442ca                __remu
000442df                _memccpy
00044302                ___isinf
0004431e                __subd
00044332                I$$LMPY
00044332                __mpyli
00044345                __register_unlock
0004434d                __register_lock
00044355                __nop
00044357                __negd
00044367                __fltid
00044373                _remove
0004437d                _abort
0004437e                C$$EXIT
00044387                ___etext__
00044387                etext
            000222d2    __ctypes_
            00022414    __CIOBUF_
            00022534    ___cinit__
            00022534    cinit
ffffffff                ___binit__
ffffffff                ___c_args__
ffffffff                ___pinit__
ffffffff                binit
ffffffff                pinit

[139 symbols]
