******************************************************************************
              TMS320C55x Linker PC v4.3.8                      
******************************************************************************
>> Linked Tue Feb 26 17:37:21 2013

OUTPUT FILE NAME:   <realtime_tremolo.out>
ENTRY POINT SYMBOL: "reset_isr"  address: 00014ac2


MEMORY CONFIGURATION

         name            origin    length      used     unused   attr    fill
                        (bytes)   (bytes)    (bytes)   (bytes)
----------------------  --------  ---------  --------  --------  ----  --------
  MMR                   00000000   000000c0  00000000  000000c0  RW  
  DARAM_0               000000c0   00001f40  0000072a  00001816  RW  
  DARAM_1               00002000   00002000  00000800  00001800  RW  
  DARAM_2               00004000   00002000  00001800  00000800  RW  
  DARAM_3               00006000   00002000  00002000  00000000  RW  
  DARAM_4               00008000   00002000  00001000  00001000  RW  
  DARAM_5               0000a000   00002000  00000000  00002000  RW  
  DARAM_6               0000c000   00002000  00001000  00001000  RW  
  DARAM_7               0000e000   00002000  00001000  00001000  RW  
  SARAM                 00010000   00040000  000059c4  0003a63c  RW  
  EMIF_CS0              00050000   007b0000  00000000  007b0000  RW  
  EMIF_CS2              00800000   00400000  00000000  00400000  RW  
  EMIF_CS3              00c00000   00200000  00000000  00200000  RW  
  EMIF_CS4              00e00000   00100000  00000000  00100000  RW  
  EMIF_CS5              00f00000   000e0000  00000000  000e0000  RW  
  SAROM_0               00fe0000   00008000  00000000  00008000  R  X
  SAROM_1               00fe8000   00008000  00000000  00008000  R  X
  SAROM_2               00ff0000   00008000  00000000  00008000  R  X
  SAROM_3               00ff8000   00007f00  00000000  00007f00  R  X
  VECS                  00ffff00   00000100  00000000  00000100  R  X


SECTION ALLOCATION MAP
(Addresses surrounded by []'s are displayed for convenience only!)

output                                                          attributes/
section   page  orgn(bytes) orgn(words) len(bytes) len(words)   input sections
--------  ----  ----------- ----------- ---------- ----------   --------------
.bss         0   [ 000000c0 ]  00000060          *   00000295   UNINITIALIZED
                 [ 000000c0 ]  00000060          *   00000119   rts55x.lib : defs.obj (.bss)
                 [ 000002f2 ]  00000179          *   000000d0              : trgdrv.obj (.bss)
                 [ 00000492 ]  00000249          *   00000001   myC55xUtil.lib : i2s.obj (.bss)
                 [ 00000494 ]  0000024a          *   00000071   rts55x.lib : lowlev.obj (.bss)
                 [ 00000576 ]  000002bb          *   00000001              : fopen.obj (.bss)
                 [ 00000578 ]  000002bc          *   00000016   myC55xUtil.lib : dma.obj (.bss)
                 [ 000005a4 ]  000002d2          *   0000000a   realtime_tremolo.obj (.bss)
                 [ 000005b8 ]  000002dc          *   00000008   rts55x.lib : sin.obj (.bss)
                 [ 000005c8 ]  000002e4          *   00000006              : memory.obj (.bss)
                 [ 000005d4 ]  000002ea          *   00000004              : _lock.obj (.bss)
                 [ 000005dc ]  000002ee          *   00000004              : exit.obj (.bss)
                 [ 000005e4 ]  000002f2          *   00000003   myC55xUtil.lib : AIC3204_init.obj (.bss)

vector       0     00000600  [ 00000300 ] 00000100          *   
                   00000600  [ 00000300 ] 00000100          *   vector.obj (vector)

vectors      0     00000700  [ 00000380 ] 00000100          *   NOLOAD SECTION
                   00000700  [ 00000380 ] 00000100          *   rts55x.lib : vectors.obj (vectors)

scratch_buf 
*            0   [ 00002000 ]  00001000          *   00000400   UNINITIALIZED
                 [ 00002000 ]  00001000          *   00000400   realtime_tremolo.obj (scratch_buf)

.stack       0   [ 00004000 ]  00002000          *   00000800   UNINITIALIZED
                 [ 00004000 ]  00002000          *   00000800   --HOLE--

.data        0   [ 00004000 ]  00002000          *   00000000   UNINITIALIZED

.sysstack 
*            0   [ 00005000 ]  00002800          *   00000400   UNINITIALIZED
                 [ 00005000 ]  00002800          *   00000400   --HOLE--

.sysmem      0   [ 00006000 ]  00003000          *   00000800   UNINITIALIZED
                 [ 00006000 ]  00003000          *   00000800   --HOLE--

RcvL1        0   [ 00007000 ]  00003800          *   00000400   UNINITIALIZED
                 [ 00007000 ]  00003800          *   00000400   realtime_tremolo.obj (RcvL1)

RcvL2        0   [ 00007800 ]  00003c00          *   00000400   UNINITIALIZED
                 [ 00007800 ]  00003c00          *   00000400   realtime_tremolo.obj (RcvL2)

RcvR1        0   [ 00008000 ]  00004000          *   00000400   UNINITIALIZED
                 [ 00008000 ]  00004000          *   00000400   realtime_tremolo.obj (RcvR1)

RcvR2        0   [ 00008800 ]  00004400          *   00000400   UNINITIALIZED
                 [ 00008800 ]  00004400          *   00000400   realtime_tremolo.obj (RcvR2)

XmitL1       0   [ 0000c000 ]  00006000          *   00000400   UNINITIALIZED
                 [ 0000c000 ]  00006000          *   00000400   realtime_tremolo.obj (XmitL1)

XmitL2       0   [ 0000c800 ]  00006400          *   00000400   UNINITIALIZED
                 [ 0000c800 ]  00006400          *   00000400   realtime_tremolo.obj (XmitL2)

XmitR1       0   [ 0000e000 ]  00007000          *   00000400   UNINITIALIZED
                 [ 0000e000 ]  00007000          *   00000400   realtime_tremolo.obj (XmitR1)

XmitR2       0   [ 0000e800 ]  00007400          *   00000400   UNINITIALIZED
                 [ 0000e800 ]  00007400          *   00000400   realtime_tremolo.obj (XmitR2)

.text        0     00010000  [ 00008000 ] 000052a6          *   
                   00010000  [ 00008000 ] 00001598          *   rts55x.lib : _printfi.obj (.text)
                   00011598  [ 00008acc ] 00000543          *              : lowlev.obj (.text)
                   00011adb  [ 00008d6d+] 00000528          *              : trgdrv.obj (.text)
                   00012003  [ 00009001+] 000004b5          *              : memory.obj (.text)
                   000124b8  [ 0000925c ] 000004a3          *   myC55xUtil.lib : dma.obj (.text)
                   0001295b  [ 000094ad+] 0000036e          *   realtime_tremolo.obj (.text)
                   00012cc9  [ 00009664+] 0000036c          *   rts55x.lib : divd.obj (.text)
                   00013035  [ 0000981a+] 0000032e          *   myC55xUtil.lib : AIC3204_init.obj (.text)
                   00013363  [ 000099b1+] 00000298          *                  : i2s_register.obj (.text)
                   000135fb  [ 00009afd+] 0000027f          *   rts55x.lib : fopen.obj (.text)
                   0001387a  [ 00009c3d ] 0000025e          *              : llmpy.obj (.text)
                   00013ad8  [ 00009d6c ] 00000259          *              : addd.obj (.text)
                   00013d31  [ 00009e98+] 000001f2          *              : sin.obj (.text)
                   00013f23  [ 00009f91+] 000001ea          *              : cmpd.obj (.text)
                   0001410d  [ 0000a086+] 00000163          *              : fputs.obj (.text)
                   00014270  [ 0000a138 ] 0000014c          *              : mpyd.obj (.text)
                   000143bc  [ 0000a1de ] 000000e6          *              : setvbuf.obj (.text)
                   000144a2  [ 0000a251 ] 000000dd          *              : _io_perm.obj (.text)
                   0001457f  [ 0000a2bf+] 000000c8          *              : frcmpyd_div.obj (.text)
                   00014647  [ 0000a323+] 000000c2          *              : fflush.obj (.text)
                   00014709  [ 0000a384+] 000000bf          *              : modf.obj (.text)
                   000147c8  [ 0000a3e4 ] 000000ba          *              : trgmsg.obj (.text:CIO_breakpoint)
                   00014882  [ 0000a441 ] 000000a6          *              : fputc.obj (.text)
                   00014928  [ 0000a494 ] 000000a1          *              : divul.obj (.text)
                   000149c9  [ 0000a4e4+] 0000007d          *              : ltoa.obj (.text)
                   00014a46  [ 0000a523 ] 0000007b          *              : fclose.obj (.text)
                   00014ac1  [ 0000a560 ] 00000001          *   --HOLE-- [fill = 20]
                   00014ac2  [ 0000a561 ] 00000079          *   vector.obj (.text)
                   00014b3b  [ 0000a59d+] 00000076          *   rts55x.lib : frcmpyd.obj (.text)
                   00014bb1  [ 0000a5d8+] 00000072          *              : remul.obj (.text)
                   00014c23  [ 0000a611+] 0000006f          *              : fixdli.obj (.text)
                   00014c92  [ 0000a649 ] 0000006d          *              : trgmsg.obj (.text)
                   00014cff  [ 0000a67f+] 0000006b          *              : fseek.obj (.text)
                   00014d6a  [ 0000a6b5 ] 00000067          *              : fltlid.obj (.text)
                   00014dd1  [ 0000a6e8+] 00000060          *   realtime_tremoloTest.obj (.text)
                   00014e31  [ 0000a718+] 0000005f          *   rts55x.lib : round.obj (.text)
                   00014e90  [ 0000a748 ] 0000005c          *              : atoi.obj (.text)
                   00014eec  [ 0000a776 ] 00000051          *   myC55xUtil.lib : i2s.obj (.text)
                   00014f3d  [ 0000a79e+] 00000050          *   rts55x.lib : printf.obj (.text)
                   00014f8d  [ 0000a7c6+] 0000004d          *              : autoinit.obj (.text)
                   00014fda  [ 0000a7ed ] 0000004b          *              : args_main.obj (.text)
                   00015025  [ 0000a812+] 0000004b          *              : remli.obj (.text)
                   00015070  [ 0000a838 ] 00000048          *              : divli.obj (.text)
                   000150b8  [ 0000a85c ] 00000041          *              : trunc.obj (.text)
                   000150f9  [ 0000a87c+] 0000003f          *              : memcpy.obj (.text)
                   00015138  [ 0000a89c ] 0000003e          *              : exit.obj (.text)
                   00015176  [ 0000a8bb ] 00000034          *              : boot.obj (.text)
                   000151aa  [ 0000a8d5 ] 0000002a          *              : fixdi.obj (.text)
                   000151d4  [ 0000a8ea ] 0000002a          *              : udiv.obj (.text)
                   000151fe  [ 0000a8ff ] 00000023          *              : memccpy.obj (.text)
                   00015221  [ 0000a910+] 0000001c          *              : isinf.obj (.text)
                   0001523d  [ 0000a91e+] 00000014          *              : subd.obj (.text)
                   00015251  [ 0000a928+] 00000013          *              : lmpy.obj (.text)
                   00015264  [ 0000a932 ] 00000012          *              : _lock.obj (.text)
                   00015276  [ 0000a93b ] 00000010          *              : negd.obj (.text)
                   00015286  [ 0000a943 ] 0000000c          *              : fltid.obj (.text)
                   00015292  [ 0000a949 ] 0000000a          *              : remove.obj (.text)
                   0001529c  [ 0000a94e ] 00000007          *              : exit.obj (.text:CIO_breakpoint)
                   000152a3  [ 0000a951+] 00000002          *              : vectors.obj (.text)
                   000152a5  [ 0000a952 ] 00000001          *   --HOLE-- [fill = 20]

.const       0   [ 000152a8 ]  0000a954          *   000001d4   
                 [ 000152a8 ]  0000a954          *   00000101   rts55x.lib : ctype.obj (.const:__ctypes_)
                 [ 000154aa ]  0000aa55          *   00000001   --HOLE-- [fill = 0]
                 [ 000154ac ]  0000aa56          *   0000003a   realtime_tremolo.obj (.const:.string)
                 [ 00015520 ]  0000aa90          *   00000026   realtime_tremoloTest.obj (.const:.string)
                 [ 0001556c ]  0000aab6          *   00000024   rts55x.lib : _printfi.obj (.const:.string)
                 [ 000155b4 ]  0000aada          *   00000014              : sin.obj (.const)
                 [ 000155dc ]  0000aaee          *   0000000e   realtime_tremolo.obj (.const)
                 [ 000155f8 ]  0000aafc          *   0000000c   rts55x.lib : _printfi.obj (.const)
                 [ 00015610 ]  0000ab08          *   00000008              : divd.obj (.const:_initial_approx$1)
                 [ 00015620 ]  0000ab10          *   00000008              : round.obj (.const)
                 [ 00015630 ]  0000ab18          *   00000006              : modf.obj (.const)
                 [ 0001563c ]  0000ab1e          *   00000004              : trunc.obj (.const)
                 [ 00015644 ]  0000ab22          *   00000002              : fputs.obj (.const:.string)
                 [ 00015648 ]  0000ab24          *   00000002              : divd.obj (.const)
                 [ 0001564c ]  0000ab26          *   00000002              : fltlid.obj (.const)

.cio         0   [ 00015650 ]  0000ab28          *   00000120   UNINITIALIZED
                 [ 00015650 ]  0000ab28          *   00000120   rts55x.lib : trgmsg.obj (.cio)

.cinit       0   [ 00015890 ]  0000ac48          *   0000009b   
                 [ 00015890 ]  0000ac48          *   0000002d   rts55x.lib : lowlev.obj (.cinit)
                 [ 000158ea ]  0000ac75          *   0000002a              : defs.obj (.cinit)
                 [ 0001593e ]  0000ac9f          *   00000018   myC55xUtil.lib : dma.obj (.cinit)
                 [ 0001596e ]  0000acb7          *   0000000b   rts55x.lib : sin.obj (.cinit)
                 [ 00015984 ]  0000acc2          *   0000000a              : _lock.obj (.cinit)
                 [ 00015998 ]  0000accc          *   0000000a              : exit.obj (.cinit)
                 [ 000159ac ]  0000acd6          *   00000004   myC55xUtil.lib : i2s.obj (.cinit)
                 [ 000159b4 ]  0000acda          *   00000004   rts55x.lib : fopen.obj (.cinit)
                 [ 000159bc ]  0000acde          *   00000004              : memory.obj (.cinit)
                 [ 000159c4 ]  0000ace2          *   00000001   --HOLE-- [fill = 0]


GLOBAL SYMBOLS: SORTED ALPHABETICALLY BY Name 

abs. value/
byte addr   word addr   name
---------   ---------   ----
00000002                $TI_capability$C5500$CallingConvention
00000002                $TI_capability$C5500$MemoryModel
00000001                $TI_capability_requires_rev3
            00000060    .bss
            00002000    .data
00010000                .text
0001529d                C$$EXIT
0001487d                C$$IO$$
00015251                I$$LMPY
000151d4                I$$UDIV
000151e9                I$$UMOD
00013035                _AIC3204_init
            00000249    _Buf_Address
            000002cc    _CurrentRxL_DMAChannel
            000002cd    _CurrentRxR_DMAChannel
            000002ce    _CurrentTxL_DMAChannel
            000002cf    _CurrentTxR_DMAChannel
0001279d                _DMA_Isr
00011fa5                _HOSTclock
00011f3a                _HOSTclose
00011e85                _HOSTlseek
00011de6                _HOSTopen
00011d59                _HOSTread
00011cab                _HOSTrename
00011c4d                _HOSTtime
00011be3                _HOSTunlink
00011b56                _HOSTwrite
00000600                _RST
            00003800    _RcvL1
            00003c00    _RcvL2
            00004000    _RcvR1
            00004400    _RcvR2
00000700                _Reset
            000002bc    _RxL1_DMA_address
            000002be    _RxL2_DMA_address
            000002c0    _RxR1_DMA_address
            000002c2    _RxR2_DMA_address
            000002c4    _TxL1_DMA_address
            000002c6    _TxL2_DMA_address
            000002c8    _TxR1_DMA_address
            000002ca    _TxR2_DMA_address
            00006000    _XmitL1
            00006400    _XmitL2
            00007000    _XmitR1
            00007400    _XmitR2
            0000ab28    __CIOBUF_
            00002800    __STACK_END
00001000                __STACK_SIZE
00001000                __SYSMEM_SIZE
00000800                __SYSSTACK_SIZE
ffffffff                ___binit__
            00000060    ___bss__
ffffffff                ___c_args__
            0000ac48    ___cinit__
            00002000    ___data__
            00002000    ___edata__
            000002f5    ___end__
000152a6                ___etext__
00015221                ___isinf
ffffffff                ___pinit__
00010000                ___text__
00013ad8                __addd
00014fda                __args_main
0001371c                __cleanup
            000002ee    __cleanup_ptr
000140b5                __cmpd
            0000a954    __ctypes_
00012ceb                __divd
00015070                __divli
00013aa3                __divlli
000151d4                __divu
00014928                __divul
000139af                __divull
00014647                __doflush
            000002f0    __dtors_ptr
00014081                __eqld
000151aa                __fixdi
00014c23                __fixdli
00015286                __fltid
00014d6a                __fltlid
00014b3b                __frcmpyd
0001457f                __frcmpyd_div
            00000178    __ft_end
            00000060    __ftable
00014037                __geqd
00013fec                __gtrd
00013f9f                __leqd
            000002ea    __lock
00013f57                __lssd
00014270                __mpyd
00015251                __mpyli
000138f7                __mpylli
00015276                __negd
00013f23                __neqd
00015274                __nop
00014e31                __nround
00011356                __printfi
00014522                __rd_ok
0001526c                __register_lock
00015264                __register_unlock
00015025                __remli
000138c8                __remlli
000151e9                __remu
00014bb1                __remul
0001387a                __remull
            00002000    __stack
0001523d                __subd
            00003000    __sys_memory
            00002800    __sysstack
            000000d8    __tmpnams
000150b8                __trunc
            000002ec    __unlock
000144a2                __wrt_ok
0001529c                _abort
000119eb                _add_device
00014e90                _atoi
00014f8d                _auto_init
00015176                _c_int00
00012492                _calloc
0001248a                _chkheap
00011978                _close
            00001000    _d_buffer
000135c3                _disable_i2s0
000135d1                _disable_i2s1
000135df                _disable_i2s2
000135ed                _disable_i2s3
00012790                _enable_dma_int
0001358b                _enable_i2s0
00013599                _enable_i2s1
000135a7                _enable_i2s2
000135b5                _enable_i2s3
00015138                _exit
00014a46                _fclose
000146b0                _fflush
0001196f                _find_registered_device
0001383f                _fopen
00014882                _fputc
0001410d                _fputs
00012003                _free
00012434                _free_memory
00013776                _freopen
00014cff                _fseek
00011adb                _getenv
00013363                _i2s0_read_CR
000133ab                _i2s0_read_INTR
000133b1                _i2s0_read_INT_MASK
000133bd                _i2s0_read_RXL_LSW
000133c9                _i2s0_read_RXL_MSW
000133d5                _i2s0_read_RXR_LSW
000133e1                _i2s0_read_RXR_MSW
0001336f                _i2s0_read_SRGR
0001337b                _i2s0_read_TXL_LSW
00013387                _i2s0_read_TXL_MSW
00013393                _i2s0_read_TXR_LSW
0001339f                _i2s0_read_TXR_MSW
00013369                _i2s0_write_CR
000133b7                _i2s0_write_INT_MASK
000133c3                _i2s0_write_RXL_LSW
000133cf                _i2s0_write_RXL_MSW
000133db                _i2s0_write_RXR_LSW
000133e7                _i2s0_write_RXR_MSW
00013375                _i2s0_write_SRGR
00013381                _i2s0_write_TXL_LSW
0001338d                _i2s0_write_TXL_MSW
00013399                _i2s0_write_TXR_LSW
000133a5                _i2s0_write_TXR_MSW
000133ed                _i2s1_read_CR
00013435                _i2s1_read_INTR
0001343b                _i2s1_read_INT_MASK
00013447                _i2s1_read_RXL_LSW
00013453                _i2s1_read_RXL_MSW
0001345f                _i2s1_read_RXR_LSW
0001346b                _i2s1_read_RXR_MSW
000133f9                _i2s1_read_SRGR
00013405                _i2s1_read_TXL_LSW
00013411                _i2s1_read_TXL_MSW
0001341d                _i2s1_read_TXR_LSW
00013429                _i2s1_read_TXR_MSW
000133f3                _i2s1_write_CR
00013441                _i2s1_write_INT_MASK
0001344d                _i2s1_write_RXL_LSW
00013459                _i2s1_write_RXL_MSW
00013465                _i2s1_write_RXR_LSW
00013471                _i2s1_write_RXR_MSW
000133ff                _i2s1_write_SRGR
0001340b                _i2s1_write_TXL_LSW
00013417                _i2s1_write_TXL_MSW
00013423                _i2s1_write_TXR_LSW
0001342f                _i2s1_write_TXR_MSW
00013477                _i2s2_read_CR
000134bf                _i2s2_read_INTR
000134c5                _i2s2_read_INT_MASK
000134d1                _i2s2_read_RXL_LSW
000134dd                _i2s2_read_RXL_MSW
000134e9                _i2s2_read_RXR_LSW
000134f5                _i2s2_read_RXR_MSW
00013483                _i2s2_read_SRGR
0001348f                _i2s2_read_TXL_LSW
0001349b                _i2s2_read_TXL_MSW
000134a7                _i2s2_read_TXR_LSW
000134b3                _i2s2_read_TXR_MSW
0001347d                _i2s2_write_CR
000134cb                _i2s2_write_INT_MASK
000134d7                _i2s2_write_RXL_LSW
000134e3                _i2s2_write_RXL_MSW
000134ef                _i2s2_write_RXR_LSW
000134fb                _i2s2_write_RXR_MSW
00013489                _i2s2_write_SRGR
00013495                _i2s2_write_TXL_LSW
000134a1                _i2s2_write_TXL_MSW
000134ad                _i2s2_write_TXR_LSW
000134b9                _i2s2_write_TXR_MSW
00013501                _i2s3_read_CR
00013549                _i2s3_read_INTR
0001354f                _i2s3_read_INT_MASK
0001355b                _i2s3_read_RXL_LSW
00013567                _i2s3_read_RXL_MSW
00013573                _i2s3_read_RXR_LSW
0001357f                _i2s3_read_RXR_MSW
0001350d                _i2s3_read_SRGR
00013519                _i2s3_read_TXL_LSW
00013525                _i2s3_read_TXL_MSW
00013531                _i2s3_read_TXR_LSW
0001353d                _i2s3_read_TXR_MSW
00013507                _i2s3_write_CR
00013555                _i2s3_write_INT_MASK
00013561                _i2s3_write_RXL_LSW
0001356d                _i2s3_write_RXL_MSW
00013579                _i2s3_write_RXR_LSW
00013585                _i2s3_write_RXR_MSW
00013513                _i2s3_write_SRGR
0001351f                _i2s3_write_TXL_LSW
0001352b                _i2s3_write_TXL_MSW
00013537                _i2s3_write_TXR_LSW
00013543                _i2s3_write_TXR_MSW
            000002d0    _leftChannel
00011909                _lseek
000149c9                _ltoa
00014dd1                _main
00012134                _malloc
000123da                _max_free
000151fe                _memccpy
000150f9                _memcpy
000120cf                _minit
00014709                _modf
0001184a                _open
            000002d4    _param
00014f3d                _printf
00012b94                _process
00014882                _putc
00014919                _putchar
00014242                _puts
0001179c                _read
00014c92                _readmsg
00012229                _realloc
00015292                _remove
00011766                _remove_device
0001170d                _rename
            000002d1    _rightChannel
00012c06                _rounding16
000124b8                _setDMA_address
00012618                _set_dma0_ch0_i2s0_Lout
000125c0                _set_dma0_ch0_stop
00012676                _set_dma0_ch1_i2s0_Rout
000125d6                _set_dma0_ch1_stop
000126d4                _set_dma0_ch2_i2s0_Lin
000125ec                _set_dma0_ch2_stop
00012732                _set_dma0_ch3_i2s0_Rin
00012602                _set_dma0_ch3_stop
00014eec                _set_i2s0_master
00014f1b                _set_i2s0_slave
000143bc                _setvbuf
00013d31                _sin
            000002d2    _t
00012a18                _tremolo
0001295b                _tremoloInit
00012c4e                _tremoloProcess
00012c94                _tremoloSweep
000129ad                _tremolo_init
000116da                _unlink
00011598                _write
000147c8                _writemsg
ffffffff                binit
            0000ac48    cinit
            00002000    edata
            000002f5    end
000152a6                etext
ffffffff                pinit
00014ac2                reset_isr


GLOBAL SYMBOLS: SORTED BY Symbol Address 

abs. value/
byte addr   word addr   name
---------   ---------   ----
00000001                $TI_capability_requires_rev3
00000002                $TI_capability$C5500$CallingConvention
00000002                $TI_capability$C5500$MemoryModel
            00000060    .bss
            00000060    ___bss__
            00000060    __ftable
            000000d8    __tmpnams
            00000178    __ft_end
            00000249    _Buf_Address
            000002bc    _RxL1_DMA_address
            000002be    _RxL2_DMA_address
            000002c0    _RxR1_DMA_address
            000002c2    _RxR2_DMA_address
            000002c4    _TxL1_DMA_address
            000002c6    _TxL2_DMA_address
            000002c8    _TxR1_DMA_address
            000002ca    _TxR2_DMA_address
            000002cc    _CurrentRxL_DMAChannel
            000002cd    _CurrentRxR_DMAChannel
            000002ce    _CurrentTxL_DMAChannel
            000002cf    _CurrentTxR_DMAChannel
            000002d0    _leftChannel
            000002d1    _rightChannel
            000002d2    _t
            000002d4    _param
            000002ea    __lock
            000002ec    __unlock
            000002ee    __cleanup_ptr
            000002f0    __dtors_ptr
            000002f5    ___end__
            000002f5    end
00000600                _RST
00000700                _Reset
00000800                __SYSSTACK_SIZE
00001000                __STACK_SIZE
00001000                __SYSMEM_SIZE
            00001000    _d_buffer
            00002000    .data
            00002000    ___data__
            00002000    ___edata__
            00002000    __stack
            00002000    edata
            00002800    __STACK_END
            00002800    __sysstack
            00003000    __sys_memory
            00003800    _RcvL1
            00003c00    _RcvL2
            00004000    _RcvR1
            00004400    _RcvR2
            00006000    _XmitL1
            00006400    _XmitL2
            00007000    _XmitR1
            00007400    _XmitR2
00010000                .text
00010000                ___text__
00011356                __printfi
00011598                _write
000116da                _unlink
0001170d                _rename
00011766                _remove_device
0001179c                _read
0001184a                _open
00011909                _lseek
0001196f                _find_registered_device
00011978                _close
000119eb                _add_device
00011adb                _getenv
00011b56                _HOSTwrite
00011be3                _HOSTunlink
00011c4d                _HOSTtime
00011cab                _HOSTrename
00011d59                _HOSTread
00011de6                _HOSTopen
00011e85                _HOSTlseek
00011f3a                _HOSTclose
00011fa5                _HOSTclock
00012003                _free
000120cf                _minit
00012134                _malloc
00012229                _realloc
000123da                _max_free
00012434                _free_memory
0001248a                _chkheap
00012492                _calloc
000124b8                _setDMA_address
000125c0                _set_dma0_ch0_stop
000125d6                _set_dma0_ch1_stop
000125ec                _set_dma0_ch2_stop
00012602                _set_dma0_ch3_stop
00012618                _set_dma0_ch0_i2s0_Lout
00012676                _set_dma0_ch1_i2s0_Rout
000126d4                _set_dma0_ch2_i2s0_Lin
00012732                _set_dma0_ch3_i2s0_Rin
00012790                _enable_dma_int
0001279d                _DMA_Isr
0001295b                _tremoloInit
000129ad                _tremolo_init
00012a18                _tremolo
00012b94                _process
00012c06                _rounding16
00012c4e                _tremoloProcess
00012c94                _tremoloSweep
00012ceb                __divd
00013035                _AIC3204_init
00013363                _i2s0_read_CR
00013369                _i2s0_write_CR
0001336f                _i2s0_read_SRGR
00013375                _i2s0_write_SRGR
0001337b                _i2s0_read_TXL_LSW
00013381                _i2s0_write_TXL_LSW
00013387                _i2s0_read_TXL_MSW
0001338d                _i2s0_write_TXL_MSW
00013393                _i2s0_read_TXR_LSW
00013399                _i2s0_write_TXR_LSW
0001339f                _i2s0_read_TXR_MSW
000133a5                _i2s0_write_TXR_MSW
000133ab                _i2s0_read_INTR
000133b1                _i2s0_read_INT_MASK
000133b7                _i2s0_write_INT_MASK
000133bd                _i2s0_read_RXL_LSW
000133c3                _i2s0_write_RXL_LSW
000133c9                _i2s0_read_RXL_MSW
000133cf                _i2s0_write_RXL_MSW
000133d5                _i2s0_read_RXR_LSW
000133db                _i2s0_write_RXR_LSW
000133e1                _i2s0_read_RXR_MSW
000133e7                _i2s0_write_RXR_MSW
000133ed                _i2s1_read_CR
000133f3                _i2s1_write_CR
000133f9                _i2s1_read_SRGR
000133ff                _i2s1_write_SRGR
00013405                _i2s1_read_TXL_LSW
0001340b                _i2s1_write_TXL_LSW
00013411                _i2s1_read_TXL_MSW
00013417                _i2s1_write_TXL_MSW
0001341d                _i2s1_read_TXR_LSW
00013423                _i2s1_write_TXR_LSW
00013429                _i2s1_read_TXR_MSW
0001342f                _i2s1_write_TXR_MSW
00013435                _i2s1_read_INTR
0001343b                _i2s1_read_INT_MASK
00013441                _i2s1_write_INT_MASK
00013447                _i2s1_read_RXL_LSW
0001344d                _i2s1_write_RXL_LSW
00013453                _i2s1_read_RXL_MSW
00013459                _i2s1_write_RXL_MSW
0001345f                _i2s1_read_RXR_LSW
00013465                _i2s1_write_RXR_LSW
0001346b                _i2s1_read_RXR_MSW
00013471                _i2s1_write_RXR_MSW
00013477                _i2s2_read_CR
0001347d                _i2s2_write_CR
00013483                _i2s2_read_SRGR
00013489                _i2s2_write_SRGR
0001348f                _i2s2_read_TXL_LSW
00013495                _i2s2_write_TXL_LSW
0001349b                _i2s2_read_TXL_MSW
000134a1                _i2s2_write_TXL_MSW
000134a7                _i2s2_read_TXR_LSW
000134ad                _i2s2_write_TXR_LSW
000134b3                _i2s2_read_TXR_MSW
000134b9                _i2s2_write_TXR_MSW
000134bf                _i2s2_read_INTR
000134c5                _i2s2_read_INT_MASK
000134cb                _i2s2_write_INT_MASK
000134d1                _i2s2_read_RXL_LSW
000134d7                _i2s2_write_RXL_LSW
000134dd                _i2s2_read_RXL_MSW
000134e3                _i2s2_write_RXL_MSW
000134e9                _i2s2_read_RXR_LSW
000134ef                _i2s2_write_RXR_LSW
000134f5                _i2s2_read_RXR_MSW
000134fb                _i2s2_write_RXR_MSW
00013501                _i2s3_read_CR
00013507                _i2s3_write_CR
0001350d                _i2s3_read_SRGR
00013513                _i2s3_write_SRGR
00013519                _i2s3_read_TXL_LSW
0001351f                _i2s3_write_TXL_LSW
00013525                _i2s3_read_TXL_MSW
0001352b                _i2s3_write_TXL_MSW
00013531                _i2s3_read_TXR_LSW
00013537                _i2s3_write_TXR_LSW
0001353d                _i2s3_read_TXR_MSW
00013543                _i2s3_write_TXR_MSW
00013549                _i2s3_read_INTR
0001354f                _i2s3_read_INT_MASK
00013555                _i2s3_write_INT_MASK
0001355b                _i2s3_read_RXL_LSW
00013561                _i2s3_write_RXL_LSW
00013567                _i2s3_read_RXL_MSW
0001356d                _i2s3_write_RXL_MSW
00013573                _i2s3_read_RXR_LSW
00013579                _i2s3_write_RXR_LSW
0001357f                _i2s3_read_RXR_MSW
00013585                _i2s3_write_RXR_MSW
0001358b                _enable_i2s0
00013599                _enable_i2s1
000135a7                _enable_i2s2
000135b5                _enable_i2s3
000135c3                _disable_i2s0
000135d1                _disable_i2s1
000135df                _disable_i2s2
000135ed                _disable_i2s3
0001371c                __cleanup
00013776                _freopen
0001383f                _fopen
0001387a                __remull
000138c8                __remlli
000138f7                __mpylli
000139af                __divull
00013aa3                __divlli
00013ad8                __addd
00013d31                _sin
00013f23                __neqd
00013f57                __lssd
00013f9f                __leqd
00013fec                __gtrd
00014037                __geqd
00014081                __eqld
000140b5                __cmpd
0001410d                _fputs
00014242                _puts
00014270                __mpyd
000143bc                _setvbuf
000144a2                __wrt_ok
00014522                __rd_ok
0001457f                __frcmpyd_div
00014647                __doflush
000146b0                _fflush
00014709                _modf
000147c8                _writemsg
0001487d                C$$IO$$
00014882                _fputc
00014882                _putc
00014919                _putchar
00014928                __divul
000149c9                _ltoa
00014a46                _fclose
00014ac2                reset_isr
00014b3b                __frcmpyd
00014bb1                __remul
00014c23                __fixdli
00014c92                _readmsg
00014cff                _fseek
00014d6a                __fltlid
00014dd1                _main
00014e31                __nround
00014e90                _atoi
00014eec                _set_i2s0_master
00014f1b                _set_i2s0_slave
00014f3d                _printf
00014f8d                _auto_init
00014fda                __args_main
00015025                __remli
00015070                __divli
000150b8                __trunc
000150f9                _memcpy
00015138                _exit
00015176                _c_int00
000151aa                __fixdi
000151d4                I$$UDIV
000151d4                __divu
000151e9                I$$UMOD
000151e9                __remu
000151fe                _memccpy
00015221                ___isinf
0001523d                __subd
00015251                I$$LMPY
00015251                __mpyli
00015264                __register_unlock
0001526c                __register_lock
00015274                __nop
00015276                __negd
00015286                __fltid
00015292                _remove
0001529c                _abort
0001529d                C$$EXIT
000152a6                ___etext__
000152a6                etext
            0000a954    __ctypes_
            0000ab28    __CIOBUF_
            0000ac48    ___cinit__
            0000ac48    cinit
ffffffff                ___binit__
ffffffff                ___c_args__
ffffffff                ___pinit__
ffffffff                binit
ffffffff                pinit

[289 symbols]
