******************************************************************************
              TMS320C55x Linker PC v4.3.8                      
******************************************************************************
>> Linked Tue Feb 26 17:05:14 2013

OUTPUT FILE NAME:   <asm_DFT.out>
ENTRY POINT SYMBOL: "_c_int00"  address: 00044178


MEMORY CONFIGURATION

         name            origin    length      used     unused   attr    fill
                        (bytes)   (bytes)    (bytes)   (bytes)
----------------------  --------  ---------  --------  --------  ----  --------
  MMR                   00000000   000000c0  00000000  000000c0  RWIX
  VECS                  000000c0   00000200  00000100  00000100  RWIX
  DARAM0                000002c0   00003d40  00002316  00001a2a  RWIX
  DARAM1                00004000   00002000  00000000  00002000  RWIX
  DARAM2                00006000   00002000  00000000  00002000  RWIX
  DARAM3                00008000   00008000  00000a6c  00007594  RWIX
  SARAM0                00010000   00010000  00000000  00010000  RWIX
  SARAM1                00020000   00010000  00000000  00010000  RWIX
  SARAM2                00030000   00010000  00000000  00010000  RWIX
  SARAM3                00040000   00010000  00004a22  0000b5de  RWIX
  CE01                  00100000   00020000  00000000  00020000  RWIX
  CE02                  00120000   00020000  00000000  00020000  RWIX
  CE03                  00140000   00020000  00000000  00020000  RWIX
  CE1                   00400000   00100000  00000000  00100000  RWIX
  CE2                   00800000   00400000  00000000  00400000  RWIX
  CE3                   00c00000   003f8000  00000000  003f8000  RWIX
  PDROM                 00ff8000   00007f00  00000000  00007f00  RWIX


SECTION ALLOCATION MAP
(Addresses surrounded by []'s are displayed for convenience only!)

output                                                          attributes/
section   page  orgn(bytes) orgn(words) len(bytes) len(words)   input sections
--------  ----  ----------- ----------- ---------- ----------   --------------
vectors      0     000000c0  [ 00000060 ] 00000100          *   NOLOAD SECTION
                   000000c0  [ 00000060 ] 00000100          *   rts55x.lib : vectors.obj (vectors)

.sysmem      0   [ 000002c0 ]  00000160          *   00001000   UNINITIALIZED
                 [ 000002c0 ]  00000160          *   00001000   --HOLE--

.stack       0   [ 000022c0 ]  00001160          *   00000100   UNINITIALIZED
                 [ 000022c0 ]  00001160          *   00000100   --HOLE--

.sysstack 
*            0   [ 000024c0 ]  00001260          *   00000080   UNINITIALIZED
                 [ 000024c0 ]  00001260          *   00000080   --HOLE--

.data        0   [ 000025c0 ]  000012e0          *   0000000b   
                 [ 000025c0 ]  000012e0          *   0000000b   sine_cos.obj (.data)

.bss         0   [ 00008000 ]  00004000          *   00000536   UNINITIALIZED
                 [ 00008000 ]  00004000          *   000002c0   asm_dft128Test.obj (.bss)
                 [ 00008580 ]  000042c0          *   00000119   rts55x.lib : defs.obj (.bss)
                 [ 000087b2 ]  000043d9          *   000000d0              : trgdrv.obj (.bss)
                 [ 00008952 ]  000044a9          *   00000001              : fopen.obj (.bss)
                 [ 00008954 ]  000044aa          *   00000071              : lowlev.obj (.bss)
                 [ 00008a36 ]  0000451b          *   0000000c   dft128.obj (.bss)
                 [ 00008a4e ]  00004527          *   00000001   --HOLE--
                 [ 00008a50 ]  00004528          *   00000006   rts55x.lib : memory.obj (.bss)
                 [ 00008a5c ]  0000452e          *   00000004              : _lock.obj (.bss)
                 [ 00008a64 ]  00004532          *   00000004              : exit.obj (.bss)

.text        0     00040000  [ 00020000 ] 000042bc          *   
                   00040000  [ 00020000 ] 00001598          *   rts55x.lib : _printfi.obj (.text)
                   00041598  [ 00020acc ] 00000543          *              : lowlev.obj (.text)
                   00041adb  [ 00020d6d+] 00000528          *              : trgdrv.obj (.text)
                   00042003  [ 00021001+] 000004b5          *              : memory.obj (.text)
                   000424b8  [ 0002125c ] 0000036c          *              : divd.obj (.text)
                   00042824  [ 00021412 ] 0000027f          *              : fopen.obj (.text)
                   00042aa3  [ 00021551+] 0000025e          *              : llmpy.obj (.text)
                   00042d01  [ 00021680+] 00000259          *              : addd.obj (.text)
                   00042f5a  [ 000217ad ] 000001ea          *              : cmpd.obj (.text)
                   00043144  [ 000218a2 ] 00000163          *              : fputs.obj (.text)
                   000432a7  [ 00021953+] 0000014c          *              : mpyd.obj (.text)
                   000433f3  [ 000219f9+] 000000f8          *   asm_dft128Test.obj (.text)
                   000434eb  [ 00021a75+] 000000e6          *   rts55x.lib : setvbuf.obj (.text)
                   000435d1  [ 00021ae8+] 000000dd          *              : _io_perm.obj (.text)
                   000436ae  [ 00021b57 ] 000000c8          *              : frcmpyd_div.obj (.text)
                   00043776  [ 00021bbb ] 000000c2          *              : fflush.obj (.text)
                   00043838  [ 00021c1c ] 000000ba          *              : trgmsg.obj (.text:CIO_breakpoint)
                   000438f2  [ 00021c79 ] 000000b2          *   dft128.obj (.text)
                   000439a4  [ 00021cd2 ] 000000a6          *   rts55x.lib : fputc.obj (.text)
                   00043a4a  [ 00021d25 ] 000000a1          *              : divul.obj (.text)
                   00043aeb  [ 00021d75+] 0000007d          *              : ltoa.obj (.text)
                   00043b68  [ 00021db4 ] 0000007b          *              : fclose.obj (.text)
                   00043be3  [ 00021df1+] 00000076          *              : frcmpyd.obj (.text)
                   00043c59  [ 00021e2c+] 00000072          *              : remul.obj (.text)
                   00043ccb  [ 00021e65+] 0000006f          *              : fixdli.obj (.text)
                   00043d3a  [ 00021e9d ] 0000006d          *              : trgmsg.obj (.text)
                   00043da7  [ 00021ed3+] 0000006b          *              : fseek.obj (.text)
                   00043e12  [ 00021f09 ] 00000067          *              : fltlid.obj (.text)
                   00043e79  [ 00021f3c+] 00000061          *   sine_cos.obj (.text)
                   00043eda  [ 00021f6d ] 0000005c          *   rts55x.lib : atoi.obj (.text)
                   00043f36  [ 00021f9b ] 00000050          *              : printf.obj (.text)
                   00043f86  [ 00021fc3 ] 0000004d          *              : autoinit.obj (.text)
                   00043fd3  [ 00021fe9+] 0000004b          *              : args_main.obj (.text)
                   0004401e  [ 0002200f ] 0000004b          *              : remli.obj (.text)
                   00044069  [ 00022034+] 0000004a          *              : fprintf.obj (.text)
                   000440b3  [ 00022059+] 00000048          *              : divli.obj (.text)
                   000440fb  [ 0002207d+] 0000003f          *              : memcpy.obj (.text)
                   0004413a  [ 0002209d ] 0000003e          *              : exit.obj (.text)
                   00044178  [ 000220bc ] 00000034          *              : boot.obj (.text)
                   000441ac  [ 000220d6 ] 0000002a          *              : fixdi.obj (.text)
                   000441d6  [ 000220eb ] 0000002a          *              : udiv.obj (.text)
                   00044200  [ 00022100 ] 00000023          *              : memccpy.obj (.text)
                   00044223  [ 00022111+] 00000020          *   mag_128.obj (.text)
                   00044243  [ 00022121+] 0000001c          *   rts55x.lib : isinf.obj (.text)
                   0004425f  [ 0002212f+] 00000014          *              : subd.obj (.text)
                   00044273  [ 00022139+] 00000013          *              : lmpy.obj (.text)
                   00044286  [ 00022143 ] 00000012          *              : _lock.obj (.text)
                   00044298  [ 0002214c ] 00000010          *              : negd.obj (.text)
                   000442a8  [ 00022154 ] 0000000a          *              : remove.obj (.text)
                   000442b2  [ 00022159 ] 00000007          *              : exit.obj (.text:CIO_breakpoint)
                   000442b9  [ 0002215c+] 00000002          *              : vectors.obj (.text)
                   000442bb  [ 0002215d ] 00000001          *   --HOLE-- [fill = 20]

.const       0   [ 000442bc ]  0002215e          *   0000019c   
                 [ 000442bc ]  0002215e          *   00000101   rts55x.lib : ctype.obj (.const:__ctypes_)
                 [ 000444be ]  0002225f          *   00000001   --HOLE-- [fill = 0]
                 [ 000444c0 ]  00022260          *   0000005b   asm_dft128Test.obj (.const:.string)
                 [ 00044576 ]  000222bb          *   00000001   --HOLE-- [fill = 0]
                 [ 00044578 ]  000222bc          *   00000024   rts55x.lib : _printfi.obj (.const:.string)
                 [ 000445c0 ]  000222e0          *   0000000c              : _printfi.obj (.const)
                 [ 000445d8 ]  000222ec          *   00000008              : divd.obj (.const:_initial_approx$1)
                 [ 000445e8 ]  000222f4          *   00000002              : fputs.obj (.const:.string)
                 [ 000445ec ]  000222f6          *   00000002              : divd.obj (.const)
                 [ 000445f0 ]  000222f8          *   00000002              : fltlid.obj (.const)

.cio         0   [ 000445f8 ]  000222fc          *   00000120   UNINITIALIZED
                 [ 000445f8 ]  000222fc          *   00000120   rts55x.lib : trgmsg.obj (.cio)

.cinit       0   [ 00044838 ]  0002241c          *   000000f7   
                 [ 00044838 ]  0002241c          *   00000083   asm_dft128Test.obj (.cinit)
                 [ 0004493e ]  0002249f          *   0000002d   rts55x.lib : lowlev.obj (.cinit)
                 [ 00044998 ]  000224cc          *   0000002a              : defs.obj (.cinit)
                 [ 000449ec ]  000224f6          *   0000000a              : _lock.obj (.cinit)
                 [ 00044a00 ]  00022500          *   0000000a              : exit.obj (.cinit)
                 [ 00044a14 ]  0002250a          *   00000004              : fopen.obj (.cinit)
                 [ 00044a1c ]  0002250e          *   00000004              : memory.obj (.cinit)
                 [ 00044a24 ]  00022512          *   00000001   --HOLE-- [fill = 0]


GLOBAL SYMBOLS: SORTED ALPHABETICALLY BY Name 

abs. value/
byte addr   word addr   name
---------   ---------   ----
00000002                $TI_capability$C5500$CallingConvention
00000002                $TI_capability$C5500$MemoryModel
00000001                $TI_capability_requires_rev3
            00004000    .bss
            000012e0    .data
00040000                .text
000442b3                C$$EXIT
000438ed                C$$IO$$
00044273                I$$LMPY
000441d6                I$$UDIV
000441eb                I$$UMOD
00041fa5                _HOSTclock
00041f3a                _HOSTclose
00041e85                _HOSTlseek
00041de6                _HOSTopen
00041d59                _HOSTread
00041cab                _HOSTrename
00041c4d                _HOSTtime
00041be3                _HOSTunlink
00041b56                _HOSTwrite
000000c0                _Reset
            000222fc    __CIOBUF_
            00001260    __STACK_END
00000200                __STACK_SIZE
00002000                __SYSMEM_SIZE
00000100                __SYSSTACK_SIZE
ffffffff                ___binit__
            00004000    ___bss__
ffffffff                ___c_args__
            0002241c    ___cinit__
            000012e0    ___data__
            000012eb    ___edata__
            00004536    ___end__
000442bc                ___etext__
00044243                ___isinf
ffffffff                ___pinit__
00040000                ___text__
00042d01                __addd
00043fd3                __args_main
00042945                __cleanup
            00004532    __cleanup_ptr
000430ec                __cmpd
            0002215e    __ctypes_
000424da                __divd
000440b3                __divli
00042ccc                __divlli
000441d6                __divu
00043a4a                __divul
00042bd8                __divull
00043776                __doflush
            00004534    __dtors_ptr
000430b8                __eqld
000441ac                __fixdi
00043ccb                __fixdli
00043e12                __fltlid
00043be3                __frcmpyd
000436ae                __frcmpyd_div
            000043d8    __ft_end
            000042c0    __ftable
0004306e                __geqd
00043023                __gtrd
00042fd6                __leqd
            0000452e    __lock
00042f8e                __lssd
000432a7                __mpyd
00044273                __mpyli
00042b20                __mpylli
00044298                __negd
00042f5a                __neqd
00044296                __nop
00041356                __printfi
00043651                __rd_ok
0004428e                __register_lock
00044286                __register_unlock
0004401e                __remli
00042af1                __remlli
000441eb                __remu
00043c59                __remul
00042aa3                __remull
            00001160    __stack
0004425f                __subd
            00000160    __sys_memory
            00001260    __sysstack
            00004338    __tmpnams
            00004530    __unlock
000435d1                __wrt_ok
000442b2                _abort
000419eb                _add_device
00043eda                _atoi
00043f86                _auto_init
00044178                _c_int00
00042492                _calloc
0004248a                _chkheap
00041978                _close
000438f2                _dft_128
0004413a                _exit
00043b68                _fclose
000437df                _fflush
0004196f                _find_registered_device
00042a68                _fopen
00044069                _fprintf
000439a4                _fputc
00043144                _fputs
00042003                _free
00042434                _free_memory
0004299f                _freopen
00043da7                _fseek
00041adb                _getenv
            00004000    _input
00041909                _lseek
00043aeb                _ltoa
00044223                _mag_128
000433f3                _main
00042134                _malloc
000423da                _max_free
00044200                _memccpy
000440fb                _memcpy
000420cf                _minit
0004184a                _open
00043f36                _printf
000439a4                _putc
00043a3b                _putchar
00043279                _puts
0004179c                _read
00043d3a                _readmsg
00042229                _realloc
000442a8                _remove
00041766                _remove_device
0004170d                _rename
000434eb                _setvbuf
00043e79                _sine_cos
            00004280    _spectrum
000416da                _unlink
00041598                _write
00043838                _writemsg
            00004080    _xin
            00004180    _xout
ffffffff                binit
            0002241c    cinit
            000012eb    edata
            00004536    end
000442bc                etext
ffffffff                pinit


GLOBAL SYMBOLS: SORTED BY Symbol Address 

abs. value/
byte addr   word addr   name
---------   ---------   ----
00000001                $TI_capability_requires_rev3
00000002                $TI_capability$C5500$CallingConvention
00000002                $TI_capability$C5500$MemoryModel
000000c0                _Reset
00000100                __SYSSTACK_SIZE
00000200                __STACK_SIZE
            00000160    __sys_memory
00002000                __SYSMEM_SIZE
            00001160    __stack
            00001260    __STACK_END
            00001260    __sysstack
            000012e0    .data
            000012e0    ___data__
            000012eb    ___edata__
            000012eb    edata
            00004000    .bss
            00004000    ___bss__
            00004000    _input
            00004080    _xin
            00004180    _xout
            00004280    _spectrum
            000042c0    __ftable
            00004338    __tmpnams
            000043d8    __ft_end
            0000452e    __lock
            00004530    __unlock
            00004532    __cleanup_ptr
            00004534    __dtors_ptr
            00004536    ___end__
            00004536    end
00040000                .text
00040000                ___text__
00041356                __printfi
00041598                _write
000416da                _unlink
0004170d                _rename
00041766                _remove_device
0004179c                _read
0004184a                _open
00041909                _lseek
0004196f                _find_registered_device
00041978                _close
000419eb                _add_device
00041adb                _getenv
00041b56                _HOSTwrite
00041be3                _HOSTunlink
00041c4d                _HOSTtime
00041cab                _HOSTrename
00041d59                _HOSTread
00041de6                _HOSTopen
00041e85                _HOSTlseek
00041f3a                _HOSTclose
00041fa5                _HOSTclock
00042003                _free
000420cf                _minit
00042134                _malloc
00042229                _realloc
000423da                _max_free
00042434                _free_memory
0004248a                _chkheap
00042492                _calloc
000424da                __divd
00042945                __cleanup
0004299f                _freopen
00042a68                _fopen
00042aa3                __remull
00042af1                __remlli
00042b20                __mpylli
00042bd8                __divull
00042ccc                __divlli
00042d01                __addd
00042f5a                __neqd
00042f8e                __lssd
00042fd6                __leqd
00043023                __gtrd
0004306e                __geqd
000430b8                __eqld
000430ec                __cmpd
00043144                _fputs
00043279                _puts
000432a7                __mpyd
000433f3                _main
000434eb                _setvbuf
000435d1                __wrt_ok
00043651                __rd_ok
000436ae                __frcmpyd_div
00043776                __doflush
000437df                _fflush
00043838                _writemsg
000438ed                C$$IO$$
000438f2                _dft_128
000439a4                _fputc
000439a4                _putc
00043a3b                _putchar
00043a4a                __divul
00043aeb                _ltoa
00043b68                _fclose
00043be3                __frcmpyd
00043c59                __remul
00043ccb                __fixdli
00043d3a                _readmsg
00043da7                _fseek
00043e12                __fltlid
00043e79                _sine_cos
00043eda                _atoi
00043f36                _printf
00043f86                _auto_init
00043fd3                __args_main
0004401e                __remli
00044069                _fprintf
000440b3                __divli
000440fb                _memcpy
0004413a                _exit
00044178                _c_int00
000441ac                __fixdi
000441d6                I$$UDIV
000441d6                __divu
000441eb                I$$UMOD
000441eb                __remu
00044200                _memccpy
00044223                _mag_128
00044243                ___isinf
0004425f                __subd
00044273                I$$LMPY
00044273                __mpyli
00044286                __register_unlock
0004428e                __register_lock
00044296                __nop
00044298                __negd
000442a8                _remove
000442b2                _abort
000442b3                C$$EXIT
000442bc                ___etext__
            0002215e    __ctypes_
000442bc                etext
            000222fc    __CIOBUF_
            0002241c    ___cinit__
            0002241c    cinit
ffffffff                ___binit__
ffffffff                ___c_args__
ffffffff                ___pinit__
ffffffff                binit
ffffffff                pinit

[143 symbols]
