******************************************************************************
              TMS320C55x Linker PC v4.3.8                      
******************************************************************************
>> Linked Tue Feb 26 16:34:26 2013

OUTPUT FILE NAME:   <multiply.out>
ENTRY POINT SYMBOL: "_c_int00"  address: 00043fb4


MEMORY CONFIGURATION

         name            origin    length      used     unused   attr    fill
                        (bytes)   (bytes)    (bytes)   (bytes)
----------------------  --------  ---------  --------  --------  ----  --------
  MMR                   00000000   000000c0  00000000  000000c0  RWIX
  VECS                  000000c0   00000200  00000100  00000100  RWIX
  DARAM0                000002c0   00003d40  00002300  00001a40  RWIX
  DARAM1                00004000   00002000  00000000  00002000  RWIX
  DARAM2                00006000   00002000  00000000  00002000  RWIX
  DARAM3                00008000   00008000  000004e4  00007b1c  RWIX
  SARAM0                00010000   00010000  00000000  00010000  RWIX
  SARAM1                00020000   00010000  00000000  00010000  RWIX
  SARAM2                00030000   00010000  00000000  00010000  RWIX
  SARAM3                00040000   00010000  0000473c  0000b8c4  RWIX
  CE01                  00100000   00020000  00000000  00020000  RWIX
  CE02                  00120000   00020000  00000000  00020000  RWIX
  CE03                  00140000   00020000  00000000  00020000  RWIX
  CE1                   00400000   00100000  00000000  00100000  RWIX
  CE2                   00800000   00400000  00000000  00400000  RWIX
  CE3                   00c00000   003f8000  00000000  003f8000  RWIX
  PDROM                 00ff8000   00007f00  00000000  00007f00  RWIX


SECTION ALLOCATION MAP
(Addresses surrounded by []'s are displayed for convenience only!)

output                                                          attributes/
section   page  orgn(bytes) orgn(words) len(bytes) len(words)   input sections
--------  ----  ----------- ----------- ---------- ----------   --------------
vectors      0     000000c0  [ 00000060 ] 00000100          *   NOLOAD SECTION
                   000000c0  [ 00000060 ] 00000100          *   rts55x.lib : vectors.obj (vectors)

.sysmem      0   [ 000002c0 ]  00000160          *   00001000   UNINITIALIZED
                 [ 000002c0 ]  00000160          *   00001000   --HOLE--

.data        0   [ 000002c0 ]  00000160          *   00000000   UNINITIALIZED

.stack       0   [ 000022c0 ]  00001160          *   00000100   UNINITIALIZED
                 [ 000022c0 ]  00001160          *   00000100   --HOLE--

.sysstack 
*            0   [ 000024c0 ]  00001260          *   00000080   UNINITIALIZED
                 [ 000024c0 ]  00001260          *   00000080   --HOLE--

.bss         0   [ 00008000 ]  00004000          *   00000272   UNINITIALIZED
                 [ 00008000 ]  00004000          *   00000119   rts55x.lib : defs.obj (.bss)
                 [ 00008232 ]  00004119          *   000000d0              : trgdrv.obj (.bss)
                 [ 000083d2 ]  000041e9          *   00000001              : fopen.obj (.bss)
                 [ 000083d4 ]  000041ea          *   00000071              : lowlev.obj (.bss)
                 [ 000084b6 ]  0000425b          *   00000001   --HOLE--
                 [ 000084b8 ]  0000425c          *   00000008   multiplyTest.obj (.bss)
                 [ 000084c8 ]  00004264          *   00000006   rts55x.lib : memory.obj (.bss)
                 [ 000084d4 ]  0000426a          *   00000004              : _lock.obj (.bss)
                 [ 000084dc ]  0000426e          *   00000004              : exit.obj (.bss)

.text        0     00040000  [ 00020000 ] 000040d8          *   
                   00040000  [ 00020000 ] 00001598          *   rts55x.lib : _printfi.obj (.text)
                   00041598  [ 00020acc ] 00000543          *              : lowlev.obj (.text)
                   00041adb  [ 00020d6d+] 00000528          *              : trgdrv.obj (.text)
                   00042003  [ 00021001+] 000004b5          *              : memory.obj (.text)
                   000424b8  [ 0002125c ] 0000036c          *              : divd.obj (.text)
                   00042824  [ 00021412 ] 0000027f          *              : fopen.obj (.text)
                   00042aa3  [ 00021551+] 0000025e          *              : llmpy.obj (.text)
                   00042d01  [ 00021680+] 00000259          *              : addd.obj (.text)
                   00042f5a  [ 000217ad ] 000001ea          *              : cmpd.obj (.text)
                   00043144  [ 000218a2 ] 00000163          *              : fputs.obj (.text)
                   000432a7  [ 00021953+] 0000014c          *              : mpyd.obj (.text)
                   000433f3  [ 000219f9+] 000000e6          *              : setvbuf.obj (.text)
                   000434d9  [ 00021a6c+] 000000dd          *              : _io_perm.obj (.text)
                   000435b6  [ 00021adb ] 000000c8          *              : frcmpyd_div.obj (.text)
                   0004367e  [ 00021b3f ] 000000c2          *              : fflush.obj (.text)
                   00043740  [ 00021ba0 ] 000000ba          *              : trgmsg.obj (.text:CIO_breakpoint)
                   000437fa  [ 00021bfd ] 000000a6          *              : fputc.obj (.text)
                   000438a0  [ 00021c50 ] 000000a1          *              : divul.obj (.text)
                   00043941  [ 00021ca0+] 00000091          *   multiplyTest.obj (.text)
                   000439d2  [ 00021ce9 ] 0000007d          *   rts55x.lib : ltoa.obj (.text)
                   00043a4f  [ 00021d27+] 0000007b          *              : fclose.obj (.text)
                   00043aca  [ 00021d65 ] 00000076          *              : frcmpyd.obj (.text)
                   00043b40  [ 00021da0 ] 00000072          *              : remul.obj (.text)
                   00043bb2  [ 00021dd9 ] 0000006f          *              : fixdli.obj (.text)
                   00043c21  [ 00021e10+] 0000006d          *              : trgmsg.obj (.text)
                   00043c8e  [ 00021e47 ] 0000006b          *              : fseek.obj (.text)
                   00043cf9  [ 00021e7c+] 00000067          *              : fltlid.obj (.text)
                   00043d60  [ 00021eb0 ] 0000005c          *              : atoi.obj (.text)
                   00043dbc  [ 00021ede ] 00000050          *              : printf.obj (.text)
                   00043e0c  [ 00021f06 ] 0000004d          *              : autoinit.obj (.text)
                   00043e59  [ 00021f2c+] 0000004b          *              : args_main.obj (.text)
                   00043ea4  [ 00021f52 ] 0000004b          *              : remli.obj (.text)
                   00043eef  [ 00021f77+] 00000048          *              : divli.obj (.text)
                   00043f37  [ 00021f9b+] 0000003f          *              : memcpy.obj (.text)
                   00043f76  [ 00021fbb ] 0000003e          *              : exit.obj (.text)
                   00043fb4  [ 00021fda ] 00000034          *              : boot.obj (.text)
                   00043fe8  [ 00021ff4 ] 0000002a          *              : fixdi.obj (.text)
                   00044012  [ 00022009 ] 0000002a          *              : udiv.obj (.text)
                   0004403c  [ 0002201e ] 00000023          *              : memccpy.obj (.text)
                   0004405f  [ 0002202f+] 0000001c          *              : isinf.obj (.text)
                   0004407b  [ 0002203d+] 00000014          *              : subd.obj (.text)
                   0004408f  [ 00022047+] 00000013          *              : lmpy.obj (.text)
                   000440a2  [ 00022051 ] 00000012          *              : _lock.obj (.text)
                   000440b4  [ 0002205a ] 00000010          *              : negd.obj (.text)
                   000440c4  [ 00022062 ] 0000000a          *              : remove.obj (.text)
                   000440ce  [ 00022067 ] 00000007          *              : exit.obj (.text:CIO_breakpoint)
                   000440d5  [ 0002206a+] 00000002          *              : vectors.obj (.text)
                   000440d7  [ 0002206b ] 00000001          *   --HOLE-- [fill = 20]

.const       0   [ 000440d8 ]  0002206c          *   00000196   
                 [ 000440d8 ]  0002206c          *   00000101   rts55x.lib : ctype.obj (.const:__ctypes_)
                 [ 000442da ]  0002216d          *   00000001   --HOLE-- [fill = 0]
                 [ 000442dc ]  0002216e          *   00000056   multiplyTest.obj (.const:.string)
                 [ 00044388 ]  000221c4          *   00000024   rts55x.lib : _printfi.obj (.const:.string)
                 [ 000443d0 ]  000221e8          *   0000000c              : _printfi.obj (.const)
                 [ 000443e8 ]  000221f4          *   00000008              : divd.obj (.const:_initial_approx$1)
                 [ 000443f8 ]  000221fc          *   00000002              : fputs.obj (.const:.string)
                 [ 000443fc ]  000221fe          *   00000002              : divd.obj (.const)
                 [ 00044400 ]  00022200          *   00000002              : fltlid.obj (.const)

.cio         0   [ 00044408 ]  00022204          *   00000120   UNINITIALIZED
                 [ 00044408 ]  00022204          *   00000120   rts55x.lib : trgmsg.obj (.cio)

.cinit       0   [ 00044648 ]  00022324          *   0000007c   
                 [ 00044648 ]  00022324          *   0000002d   rts55x.lib : lowlev.obj (.cinit)
                 [ 000446a2 ]  00022351          *   0000002a              : defs.obj (.cinit)
                 [ 000446f6 ]  0002237b          *   0000000a              : _lock.obj (.cinit)
                 [ 0004470a ]  00022385          *   0000000a              : exit.obj (.cinit)
                 [ 0004471e ]  0002238f          *   00000008   multiplyTest.obj (.cinit)
                 [ 0004472e ]  00022397          *   00000004   rts55x.lib : fopen.obj (.cinit)
                 [ 00044736 ]  0002239b          *   00000004              : memory.obj (.cinit)
                 [ 0004473e ]  0002239f          *   00000001   --HOLE-- [fill = 0]


GLOBAL SYMBOLS: SORTED ALPHABETICALLY BY Name 

abs. value/
byte addr   word addr   name
---------   ---------   ----
00000002                $TI_capability$C5500$CallingConvention
00000002                $TI_capability$C5500$MemoryModel
00000001                $TI_capability_requires_rev3
            00004000    .bss
            00000160    .data
00040000                .text
000440cf                C$$EXIT
000437f5                C$$IO$$
0004408f                I$$LMPY
00044012                I$$UDIV
00044027                I$$UMOD
00041fa5                _HOSTclock
00041f3a                _HOSTclose
00041e85                _HOSTlseek
00041de6                _HOSTopen
00041d59                _HOSTread
00041cab                _HOSTrename
00041c4d                _HOSTtime
00041be3                _HOSTunlink
00041b56                _HOSTwrite
000000c0                _Reset
            00022204    __CIOBUF_
            00001260    __STACK_END
00000200                __STACK_SIZE
00002000                __SYSMEM_SIZE
00000100                __SYSSTACK_SIZE
ffffffff                ___binit__
            00004000    ___bss__
ffffffff                ___c_args__
            00022324    ___cinit__
            00000160    ___data__
            00000160    ___edata__
            00004272    ___end__
000440d8                ___etext__
0004405f                ___isinf
ffffffff                ___pinit__
00040000                ___text__
00042d01                __addd
00043e59                __args_main
00042945                __cleanup
            0000426e    __cleanup_ptr
000430ec                __cmpd
            0002206c    __ctypes_
000424da                __divd
00043eef                __divli
00042ccc                __divlli
00044012                __divu
000438a0                __divul
00042bd8                __divull
0004367e                __doflush
            00004270    __dtors_ptr
000430b8                __eqld
00043fe8                __fixdi
00043bb2                __fixdli
00043cf9                __fltlid
00043aca                __frcmpyd
000435b6                __frcmpyd_div
            00004118    __ft_end
            00004000    __ftable
0004306e                __geqd
00043023                __gtrd
00042fd6                __leqd
            0000426a    __lock
00042f8e                __lssd
000432a7                __mpyd
0004408f                __mpyli
00042b20                __mpylli
000440b4                __negd
00042f5a                __neqd
000440b2                __nop
00041356                __printfi
00043559                __rd_ok
000440aa                __register_lock
000440a2                __register_unlock
00043ea4                __remli
00042af1                __remlli
00044027                __remu
00043b40                __remul
00042aa3                __remull
            00001160    __stack
0004407b                __subd
            00000160    __sys_memory
            00001260    __sysstack
            00004078    __tmpnams
            0000426c    __unlock
000434d9                __wrt_ok
            0000425c    _a
000440ce                _abort
000419eb                _add_device
00043d60                _atoi
00043e0c                _auto_init
            0000425d    _b
00043fb4                _c_int00
00042492                _calloc
0004248a                _chkheap
00041978                _close
00043f76                _exit
00043a4f                _fclose
000436e7                _fflush
0004196f                _find_registered_device
00042a68                _fopen
000437fa                _fputc
00043144                _fputs
00042003                _free
00042434                _free_memory
0004299f                _freopen
00043c8e                _fseek
00041adb                _getenv
00041909                _lseek
000439d2                _ltoa
00043941                _main
00042134                _malloc
000423da                _max_free
0004403c                _memccpy
00043f37                _memcpy
000420cf                _minit
0004184a                _open
00043dbc                _printf
000437fa                _putc
00043891                _putchar
00043279                _puts
0004179c                _read
00043c21                _readmsg
00042229                _realloc
000440c4                _remove
00041766                _remove_device
0004170d                _rename
000433f3                _setvbuf
000416da                _unlink
00041598                _write
00043740                _writemsg
ffffffff                binit
            00022324    cinit
            00000160    edata
            00004272    end
000440d8                etext
ffffffff                pinit


GLOBAL SYMBOLS: SORTED BY Symbol Address 

abs. value/
byte addr   word addr   name
---------   ---------   ----
00000001                $TI_capability_requires_rev3
00000002                $TI_capability$C5500$CallingConvention
00000002                $TI_capability$C5500$MemoryModel
000000c0                _Reset
00000100                __SYSSTACK_SIZE
00000200                __STACK_SIZE
            00000160    .data
            00000160    ___data__
            00000160    ___edata__
            00000160    __sys_memory
            00000160    edata
00002000                __SYSMEM_SIZE
            00001160    __stack
            00001260    __STACK_END
            00001260    __sysstack
            00004000    .bss
            00004000    ___bss__
            00004000    __ftable
            00004078    __tmpnams
            00004118    __ft_end
            0000425c    _a
            0000425d    _b
            0000426a    __lock
            0000426c    __unlock
            0000426e    __cleanup_ptr
            00004270    __dtors_ptr
            00004272    ___end__
            00004272    end
00040000                .text
00040000                ___text__
00041356                __printfi
00041598                _write
000416da                _unlink
0004170d                _rename
00041766                _remove_device
0004179c                _read
0004184a                _open
00041909                _lseek
0004196f                _find_registered_device
00041978                _close
000419eb                _add_device
00041adb                _getenv
00041b56                _HOSTwrite
00041be3                _HOSTunlink
00041c4d                _HOSTtime
00041cab                _HOSTrename
00041d59                _HOSTread
00041de6                _HOSTopen
00041e85                _HOSTlseek
00041f3a                _HOSTclose
00041fa5                _HOSTclock
00042003                _free
000420cf                _minit
00042134                _malloc
00042229                _realloc
000423da                _max_free
00042434                _free_memory
0004248a                _chkheap
00042492                _calloc
000424da                __divd
00042945                __cleanup
0004299f                _freopen
00042a68                _fopen
00042aa3                __remull
00042af1                __remlli
00042b20                __mpylli
00042bd8                __divull
00042ccc                __divlli
00042d01                __addd
00042f5a                __neqd
00042f8e                __lssd
00042fd6                __leqd
00043023                __gtrd
0004306e                __geqd
000430b8                __eqld
000430ec                __cmpd
00043144                _fputs
00043279                _puts
000432a7                __mpyd
000433f3                _setvbuf
000434d9                __wrt_ok
00043559                __rd_ok
000435b6                __frcmpyd_div
0004367e                __doflush
000436e7                _fflush
00043740                _writemsg
000437f5                C$$IO$$
000437fa                _fputc
000437fa                _putc
00043891                _putchar
000438a0                __divul
00043941                _main
000439d2                _ltoa
00043a4f                _fclose
00043aca                __frcmpyd
00043b40                __remul
00043bb2                __fixdli
00043c21                _readmsg
00043c8e                _fseek
00043cf9                __fltlid
00043d60                _atoi
00043dbc                _printf
00043e0c                _auto_init
00043e59                __args_main
00043ea4                __remli
00043eef                __divli
00043f37                _memcpy
00043f76                _exit
00043fb4                _c_int00
00043fe8                __fixdi
00044012                I$$UDIV
00044012                __divu
00044027                I$$UMOD
00044027                __remu
0004403c                _memccpy
0004405f                ___isinf
0004407b                __subd
0004408f                I$$LMPY
0004408f                __mpyli
000440a2                __register_unlock
000440aa                __register_lock
000440b2                __nop
000440b4                __negd
000440c4                _remove
000440ce                _abort
000440cf                C$$EXIT
000440d8                ___etext__
            0002206c    __ctypes_
000440d8                etext
            00022204    __CIOBUF_
            00022324    ___cinit__
            00022324    cinit
ffffffff                ___binit__
ffffffff                ___c_args__
ffffffff                ___pinit__
ffffffff                binit
ffffffff                pinit

[137 symbols]
