******************************************************************************
              TMS320C55x Linker PC v4.3.8                      
******************************************************************************
>> Linked Tue Feb 26 16:49:00 2013

OUTPUT FILE NAME:   <realtimeFIR.out>
ENTRY POINT SYMBOL: "reset_isr"  address: 00044726


MEMORY CONFIGURATION

         name            origin    length      used     unused   attr    fill
                        (bytes)   (bytes)    (bytes)   (bytes)
----------------------  --------  ---------  --------  --------  ----  --------
  MMR                   00000000   000000c0  00000000  000000c0  RWIX
  VECS                  000000c0   00000200  00000100  00000100  RWIX
  DARAM0                000002c0   00003d40  00002300  00001a40  RWIX
  DARAM1                00004000   00002000  00000100  00001f00  RWIX
  DARAM2                00006000   00002000  00000000  00002000  RWIX
  DARAM3                00008000   00008000  00000bce  00007432  RWIX
  SARAM0                00010000   00010000  00000000  00010000  RWIX
  SARAM1                00020000   00010000  00000000  00010000  RWIX
  SARAM2                00030000   00010000  00000000  00010000  RWIX
  SARAM3                00040000   00010000  000055fc  0000aa04  RWIX
  CE01                  00100000   00020000  00000000  00020000  RWIX
  CE02                  00120000   00020000  00000000  00020000  RWIX
  CE03                  00140000   00020000  00000000  00020000  RWIX
  CE1                   00400000   00100000  00000000  00100000  RWIX
  CE2                   00800000   00400000  00000000  00400000  RWIX
  CE3                   00c00000   003f8000  00000000  003f8000  RWIX
  PDROM                 00ff8000   00007f00  00000000  00007f00  RWIX


SECTION ALLOCATION MAP
(Addresses surrounded by []'s are displayed for convenience only!)

output                                                          attributes/
section   page  orgn(bytes) orgn(words) len(bytes) len(words)   input sections
--------  ----  ----------- ----------- ---------- ----------   --------------
vectors      0     000000c0  [ 00000060 ] 00000100          *   NOLOAD SECTION
                   000000c0  [ 00000060 ] 00000100          *   rts55x.lib : vectors.obj (vectors)

.sysmem      0   [ 000002c0 ]  00000160          *   00001000   UNINITIALIZED
                 [ 000002c0 ]  00000160          *   00001000   --HOLE--

.data        0   [ 000002c0 ]  00000160          *   00000000   UNINITIALIZED

.stack       0   [ 000022c0 ]  00001160          *   00000100   UNINITIALIZED
                 [ 000022c0 ]  00001160          *   00000100   --HOLE--

.sysstack 
*            0   [ 000024c0 ]  00001260          *   00000080   UNINITIALIZED
                 [ 000024c0 ]  00001260          *   00000080   --HOLE--

vector       0     00004000  [ 00002000 ] 00000100          *   
                   00004000  [ 00002000 ] 00000100          *   vector.obj (vector)

.bss         0   [ 00008000 ]  00004000          *   000005e7   UNINITIALIZED
                 [ 00008000 ]  00004000          *   00000302   firFilter.obj (.bss)
                 [ 00008604 ]  00004302          *   00000119   rts55x.lib : defs.obj (.bss)
                 [ 00008836 ]  0000441b          *   000000d0              : trgdrv.obj (.bss)
                 [ 000089d6 ]  000044eb          *   00000001   myC55xUtil.lib : i2s.obj (.bss)
                 [ 000089d8 ]  000044ec          *   00000071   rts55x.lib : lowlev.obj (.bss)
                 [ 00008aba ]  0000455d          *   00000062   firFilter.obj (.bss:fir)
                 [ 00008b7e ]  000045bf          *   00000001   rts55x.lib : fopen.obj (.bss)
                 [ 00008b80 ]  000045c0          *   00000016   myC55xUtil.lib : dma.obj (.bss)
                 [ 00008bac ]  000045d6          *   00000006   rts55x.lib : memory.obj (.bss)
                 [ 00008bb8 ]  000045dc          *   00000004              : _lock.obj (.bss)
                 [ 00008bc0 ]  000045e0          *   00000004              : exit.obj (.bss)
                 [ 00008bc8 ]  000045e4          *   00000003   myC55xUtil.lib : AIC3204_init.obj (.bss)

.text        0     00040000  [ 00020000 ] 00004ece          *   
                   00040000  [ 00020000 ] 00001598          *   rts55x.lib : _printfi.obj (.text)
                   00041598  [ 00020acc ] 00000543          *              : lowlev.obj (.text)
                   00041adb  [ 00020d6d+] 00000528          *              : trgdrv.obj (.text)
                   00042003  [ 00021001+] 000004b5          *              : memory.obj (.text)
                   000424b8  [ 0002125c ] 000004a3          *   myC55xUtil.lib : dma.obj (.text)
                   0004295b  [ 000214ad+] 0000036c          *   rts55x.lib : divd.obj (.text)
                   00042cc7  [ 00021663+] 0000032e          *   myC55xUtil.lib : AIC3204_init.obj (.text)
                   00042ff5  [ 000217fa+] 00000298          *                  : i2s_register.obj (.text)
                   0004328d  [ 00021946+] 00000284          *   firFilter.obj (.text)
                   00043511  [ 00021a88+] 0000027f          *   rts55x.lib : fopen.obj (.text)
                   00043790  [ 00021bc8 ] 0000025e          *              : llmpy.obj (.text)
                   000439ee  [ 00021cf7 ] 00000259          *              : addd.obj (.text)
                   00043c47  [ 00021e23+] 000001ea          *              : cmpd.obj (.text)
                   00043e31  [ 00021f18+] 00000163          *              : fputs.obj (.text)
                   00043f94  [ 00021fca ] 0000014c          *              : mpyd.obj (.text)
                   000440e0  [ 00022070 ] 000000e6          *              : setvbuf.obj (.text)
                   000441c6  [ 000220e3 ] 000000dd          *              : _io_perm.obj (.text)
                   000442a3  [ 00022151+] 000000c8          *              : frcmpyd_div.obj (.text)
                   0004436b  [ 000221b5+] 000000c2          *              : fflush.obj (.text)
                   0004442d  [ 00022216+] 000000ba          *              : trgmsg.obj (.text:CIO_breakpoint)
                   000444e7  [ 00022273+] 000000a6          *              : fputc.obj (.text)
                   0004458d  [ 000222c6+] 000000a1          *              : divul.obj (.text)
                   0004462e  [ 00022317 ] 0000007d          *              : ltoa.obj (.text)
                   000446ab  [ 00022355+] 0000007b          *              : fclose.obj (.text)
                   00044726  [ 00022393 ] 00000079          *   vector.obj (.text)
                   0004479f  [ 000223cf+] 00000076          *   rts55x.lib : frcmpyd.obj (.text)
                   00044815  [ 0002240a+] 00000072          *              : remul.obj (.text)
                   00044887  [ 00022443+] 0000006f          *              : fixdli.obj (.text)
                   000448f6  [ 0002247b ] 0000006d          *              : trgmsg.obj (.text)
                   00044963  [ 000224b1 ] 00000001          *   --HOLE-- [fill = 20]
                   00044964  [ 000224b2 ] 0000006b          *   dualMacFir.obj (.text:fir)
                   000449cf  [ 000224e7+] 0000006b          *   rts55x.lib : fseek.obj (.text)
                   00044a3a  [ 0002251d ] 00000067          *              : fltlid.obj (.text)
                   00044aa1  [ 00022550+] 00000064          *   realtimeFIRTest.obj (.text)
                   00044b05  [ 00022582+] 0000005c          *   rts55x.lib : atoi.obj (.text)
                   00044b61  [ 000225b0+] 00000051          *   myC55xUtil.lib : i2s.obj (.text)
                   00044bb2  [ 000225d9 ] 00000050          *   rts55x.lib : printf.obj (.text)
                   00044c02  [ 00022601 ] 0000004d          *              : autoinit.obj (.text)
                   00044c4f  [ 00022627+] 0000004b          *              : args_main.obj (.text)
                   00044c9a  [ 0002264d ] 0000004b          *              : remli.obj (.text)
                   00044ce5  [ 00022672+] 00000048          *              : divli.obj (.text)
                   00044d2d  [ 00022696+] 0000003f          *              : memcpy.obj (.text)
                   00044d6c  [ 000226b6 ] 0000003e          *              : exit.obj (.text)
                   00044daa  [ 000226d5 ] 00000034          *              : boot.obj (.text)
                   00044dde  [ 000226ef ] 0000002a          *              : fixdi.obj (.text)
                   00044e08  [ 00022704 ] 0000002a          *              : udiv.obj (.text)
                   00044e32  [ 00022719 ] 00000023          *              : memccpy.obj (.text)
                   00044e55  [ 0002272a+] 0000001c          *              : isinf.obj (.text)
                   00044e71  [ 00022738+] 00000014          *              : subd.obj (.text)
                   00044e85  [ 00022742+] 00000013          *              : lmpy.obj (.text)
                   00044e98  [ 0002274c ] 00000012          *              : _lock.obj (.text)
                   00044eaa  [ 00022755 ] 00000010          *              : negd.obj (.text)
                   00044eba  [ 0002275d ] 0000000a          *              : remove.obj (.text)
                   00044ec4  [ 00022762 ] 00000007          *              : exit.obj (.text:CIO_breakpoint)
                   00044ecb  [ 00022765+] 00000002          *              : vectors.obj (.text)
                   00044ecd  [ 00022766 ] 00000001          *   --HOLE-- [fill = 20]

.const       0   [ 00044ed0 ]  00022768          *   000001b4   
                 [ 00044ed0 ]  00022768          *   00000101   rts55x.lib : ctype.obj (.const:__ctypes_)
                 [ 000450d2 ]  00022869          *   00000030   firFilter.obj (.const:fir) [fill = 0]
                 [ 00045132 ]  00022899          *   00000001   --HOLE-- [fill = 0]
                 [ 00045134 ]  0002289a          *   00000029   realtimeFIRTest.obj (.const:.string)
                 [ 00045186 ]  000228c3          *   00000001   --HOLE-- [fill = 0]
                 [ 00045188 ]  000228c4          *   00000024   rts55x.lib : _printfi.obj (.const:.string)
                 [ 000451d0 ]  000228e8          *   0000001a   firFilter.obj (.const:.string)
                 [ 00045204 ]  00022902          *   0000000c   rts55x.lib : _printfi.obj (.const)
                 [ 0004521c ]  0002290e          *   00000008              : divd.obj (.const:_initial_approx$1)
                 [ 0004522c ]  00022916          *   00000002              : fputs.obj (.const:.string)
                 [ 00045230 ]  00022918          *   00000002              : divd.obj (.const)
                 [ 00045234 ]  0002291a          *   00000002              : fltlid.obj (.const)

.cio         0   [ 00045238 ]  0002291c          *   00000120   UNINITIALIZED
                 [ 00045238 ]  0002291c          *   00000120   rts55x.lib : trgmsg.obj (.cio)

.cinit       0   [ 00045478 ]  00022a3c          *   000000c3   
                 [ 00045478 ]  00022a3c          *   00000033   firFilter.obj (.cinit)
                 [ 000454de ]  00022a6f          *   0000002d   rts55x.lib : lowlev.obj (.cinit)
                 [ 00045538 ]  00022a9c          *   0000002a              : defs.obj (.cinit)
                 [ 0004558c ]  00022ac6          *   00000018   myC55xUtil.lib : dma.obj (.cinit)
                 [ 000455bc ]  00022ade          *   0000000a   rts55x.lib : _lock.obj (.cinit)
                 [ 000455d0 ]  00022ae8          *   0000000a              : exit.obj (.cinit)
                 [ 000455e4 ]  00022af2          *   00000004   myC55xUtil.lib : i2s.obj (.cinit)
                 [ 000455ec ]  00022af6          *   00000004   rts55x.lib : fopen.obj (.cinit)
                 [ 000455f4 ]  00022afa          *   00000004              : memory.obj (.cinit)
                 [ 000455fc ]  00022afe          *   00000001   --HOLE-- [fill = 0]


GLOBAL SYMBOLS: SORTED ALPHABETICALLY BY Name 

abs. value/
byte addr   word addr   name
---------   ---------   ----
00000002                $TI_capability$C5500$CallingConvention
00000002                $TI_capability$C5500$MemoryModel
00000001                $TI_capability_requires_rev3
            00004000    .bss
            00000160    .data
00040000                .text
00044ec5                C$$EXIT
000444e2                C$$IO$$
00044e85                I$$LMPY
00044e08                I$$UDIV
00044e1d                I$$UMOD
00042cc7                _AIC3204_init
            000044eb    _Buf_Address
            000045d0    _CurrentRxL_DMAChannel
            000045d1    _CurrentRxR_DMAChannel
            000045d2    _CurrentTxL_DMAChannel
            000045d3    _CurrentTxR_DMAChannel
0004279d                _DMA_Isr
00041fa5                _HOSTclock
00041f3a                _HOSTclose
00041e85                _HOSTlseek
00041de6                _HOSTopen
00041d59                _HOSTread
00041cab                _HOSTrename
00041c4d                _HOSTtime
00041be3                _HOSTunlink
00041b56                _HOSTwrite
00004000                _RST
            00004180    _RcvL1
            00004240    _RcvL2
            000041e0    _RcvR1
            000042a0    _RcvR2
000000c0                _Reset
            000045c0    _RxL1_DMA_address
            000045c2    _RxL2_DMA_address
            000045c4    _RxR1_DMA_address
            000045c6    _RxR2_DMA_address
            000045c8    _TxL1_DMA_address
            000045ca    _TxL2_DMA_address
            000045cc    _TxR1_DMA_address
            000045ce    _TxR2_DMA_address
            00004000    _XmitL1
            000040c0    _XmitL2
            00004060    _XmitR1
            00004120    _XmitR2
            0002291c    __CIOBUF_
            00001260    __STACK_END
00000200                __STACK_SIZE
00002000                __SYSMEM_SIZE
00000100                __SYSSTACK_SIZE
ffffffff                ___binit__
            00004000    ___bss__
ffffffff                ___c_args__
            00022a3c    ___cinit__
            00000160    ___data__
            00000160    ___edata__
            000045e7    ___end__
00044ece                ___etext__
00044e55                ___isinf
ffffffff                ___pinit__
00040000                ___text__
000439ee                __addd
00044c4f                __args_main
00043632                __cleanup
            000045e0    __cleanup_ptr
00043dd9                __cmpd
            00022768    __ctypes_
0004297d                __divd
00044ce5                __divli
000439b9                __divlli
00044e08                __divu
0004458d                __divul
000438c5                __divull
0004436b                __doflush
            000045e2    __dtors_ptr
00043da5                __eqld
00044dde                __fixdi
00044887                __fixdli
00044a3a                __fltlid
0004479f                __frcmpyd
000442a3                __frcmpyd_div
            0000441a    __ft_end
            00004302    __ftable
00043d5b                __geqd
00043d10                __gtrd
00043cc3                __leqd
            000045dc    __lock
00043c7b                __lssd
00043f94                __mpyd
00044e85                __mpyli
0004380d                __mpylli
00044eaa                __negd
00043c47                __neqd
00044ea8                __nop
00041356                __printfi
00044246                __rd_ok
00044ea0                __register_lock
00044e98                __register_unlock
00044c9a                __remli
000437de                __remlli
00044e1d                __remu
00044815                __remul
00043790                __remull
            00001160    __stack
00044e71                __subd
            00000160    __sys_memory
            00001260    __sysstack
            0000437a    __tmpnams
            000045de    __unlock
000441c6                __wrt_ok
00044ec4                _abort
000419eb                _add_device
00044b05                _atoi
00044c02                _auto_init
00044daa                _c_int00
00042492                _calloc
0004248a                _chkheap
00041978                _close
00043255                _disable_i2s0
00043263                _disable_i2s1
00043271                _disable_i2s2
0004327f                _disable_i2s3
00044964                _dualMacFir
            00022869    _dualMacFirCoef
00042790                _enable_dma_int
0004321d                _enable_i2s0
0004322b                _enable_i2s1
00043239                _enable_i2s2
00043247                _enable_i2s3
00044d6c                _exit
000446ab                _fclose
000443d4                _fflush
0004196f                _find_registered_device
000432d0                _firFilter
0004328d                _firFilter_init
00043755                _fopen
000444e7                _fputc
00043e31                _fputs
00042003                _free
00042434                _free_memory
0004368c                _freopen
000449cf                _fseek
00041adb                _getenv
00042ff5                _i2s0_read_CR
0004303d                _i2s0_read_INTR
00043043                _i2s0_read_INT_MASK
0004304f                _i2s0_read_RXL_LSW
0004305b                _i2s0_read_RXL_MSW
00043067                _i2s0_read_RXR_LSW
00043073                _i2s0_read_RXR_MSW
00043001                _i2s0_read_SRGR
0004300d                _i2s0_read_TXL_LSW
00043019                _i2s0_read_TXL_MSW
00043025                _i2s0_read_TXR_LSW
00043031                _i2s0_read_TXR_MSW
00042ffb                _i2s0_write_CR
00043049                _i2s0_write_INT_MASK
00043055                _i2s0_write_RXL_LSW
00043061                _i2s0_write_RXL_MSW
0004306d                _i2s0_write_RXR_LSW
00043079                _i2s0_write_RXR_MSW
00043007                _i2s0_write_SRGR
00043013                _i2s0_write_TXL_LSW
0004301f                _i2s0_write_TXL_MSW
0004302b                _i2s0_write_TXR_LSW
00043037                _i2s0_write_TXR_MSW
0004307f                _i2s1_read_CR
000430c7                _i2s1_read_INTR
000430cd                _i2s1_read_INT_MASK
000430d9                _i2s1_read_RXL_LSW
000430e5                _i2s1_read_RXL_MSW
000430f1                _i2s1_read_RXR_LSW
000430fd                _i2s1_read_RXR_MSW
0004308b                _i2s1_read_SRGR
00043097                _i2s1_read_TXL_LSW
000430a3                _i2s1_read_TXL_MSW
000430af                _i2s1_read_TXR_LSW
000430bb                _i2s1_read_TXR_MSW
00043085                _i2s1_write_CR
000430d3                _i2s1_write_INT_MASK
000430df                _i2s1_write_RXL_LSW
000430eb                _i2s1_write_RXL_MSW
000430f7                _i2s1_write_RXR_LSW
00043103                _i2s1_write_RXR_MSW
00043091                _i2s1_write_SRGR
0004309d                _i2s1_write_TXL_LSW
000430a9                _i2s1_write_TXL_MSW
000430b5                _i2s1_write_TXR_LSW
000430c1                _i2s1_write_TXR_MSW
00043109                _i2s2_read_CR
00043151                _i2s2_read_INTR
00043157                _i2s2_read_INT_MASK
00043163                _i2s2_read_RXL_LSW
0004316f                _i2s2_read_RXL_MSW
0004317b                _i2s2_read_RXR_LSW
00043187                _i2s2_read_RXR_MSW
00043115                _i2s2_read_SRGR
00043121                _i2s2_read_TXL_LSW
0004312d                _i2s2_read_TXL_MSW
00043139                _i2s2_read_TXR_LSW
00043145                _i2s2_read_TXR_MSW
0004310f                _i2s2_write_CR
0004315d                _i2s2_write_INT_MASK
00043169                _i2s2_write_RXL_LSW
00043175                _i2s2_write_RXL_MSW
00043181                _i2s2_write_RXR_LSW
0004318d                _i2s2_write_RXR_MSW
0004311b                _i2s2_write_SRGR
00043127                _i2s2_write_TXL_LSW
00043133                _i2s2_write_TXL_MSW
0004313f                _i2s2_write_TXR_LSW
0004314b                _i2s2_write_TXR_MSW
00043193                _i2s3_read_CR
000431db                _i2s3_read_INTR
000431e1                _i2s3_read_INT_MASK
000431ed                _i2s3_read_RXL_LSW
000431f9                _i2s3_read_RXL_MSW
00043205                _i2s3_read_RXR_LSW
00043211                _i2s3_read_RXR_MSW
0004319f                _i2s3_read_SRGR
000431ab                _i2s3_read_TXL_LSW
000431b7                _i2s3_read_TXL_MSW
000431c3                _i2s3_read_TXR_LSW
000431cf                _i2s3_read_TXR_MSW
00043199                _i2s3_write_CR
000431e7                _i2s3_write_INT_MASK
000431f3                _i2s3_write_RXL_LSW
000431ff                _i2s3_write_RXL_MSW
0004320b                _i2s3_write_RXR_LSW
00043217                _i2s3_write_RXR_MSW
000431a5                _i2s3_write_SRGR
000431b1                _i2s3_write_TXL_LSW
000431bd                _i2s3_write_TXL_MSW
000431c9                _i2s3_write_TXR_LSW
000431d5                _i2s3_write_TXR_MSW
            00004300    _index1
            00004301    _index2
            000045d4    _leftChannel
00041909                _lseek
0004462e                _ltoa
00044aa1                _main
00042134                _malloc
000423da                _max_free
00044e32                _memccpy
00044d2d                _memcpy
000420cf                _minit
0004184a                _open
00044bb2                _printf
000444e7                _putc
0004457e                _putchar
00043f66                _puts
0004179c                _read
000448f6                _readmsg
00042229                _realloc
00044eba                _remove
00041766                _remove_device
0004170d                _rename
            000045d5    _rightChannel
000424b8                _setDMA_address
00042618                _set_dma0_ch0_i2s0_Lout
000425c0                _set_dma0_ch0_stop
00042676                _set_dma0_ch1_i2s0_Rout
000425d6                _set_dma0_ch1_stop
000426d4                _set_dma0_ch2_i2s0_Lin
000425ec                _set_dma0_ch2_stop
00042732                _set_dma0_ch3_i2s0_Rin
00042602                _set_dma0_ch3_stop
00044b61                _set_i2s0_master
00044b90                _set_i2s0_slave
000440e0                _setvbuf
000416da                _unlink
            0000455d    _w1
            0000458e    _w2
00041598                _write
0004442d                _writemsg
ffffffff                binit
            00022a3c    cinit
            00000160    edata
            000045e7    end
00044ece                etext
ffffffff                pinit
00044726                reset_isr


GLOBAL SYMBOLS: SORTED BY Symbol Address 

abs. value/
byte addr   word addr   name
---------   ---------   ----
00000001                $TI_capability_requires_rev3
00000002                $TI_capability$C5500$CallingConvention
00000002                $TI_capability$C5500$MemoryModel
000000c0                _Reset
00000100                __SYSSTACK_SIZE
00000200                __STACK_SIZE
            00000160    .data
            00000160    ___data__
            00000160    ___edata__
            00000160    __sys_memory
            00000160    edata
00002000                __SYSMEM_SIZE
            00001160    __stack
            00001260    __STACK_END
            00001260    __sysstack
00004000                _RST
            00004000    .bss
            00004000    _XmitL1
            00004000    ___bss__
            00004060    _XmitR1
            000040c0    _XmitL2
            00004120    _XmitR2
            00004180    _RcvL1
            000041e0    _RcvR1
            00004240    _RcvL2
            000042a0    _RcvR2
            00004300    _index1
            00004301    _index2
            00004302    __ftable
            0000437a    __tmpnams
            0000441a    __ft_end
            000044eb    _Buf_Address
            0000455d    _w1
            0000458e    _w2
            000045c0    _RxL1_DMA_address
            000045c2    _RxL2_DMA_address
            000045c4    _RxR1_DMA_address
            000045c6    _RxR2_DMA_address
            000045c8    _TxL1_DMA_address
            000045ca    _TxL2_DMA_address
            000045cc    _TxR1_DMA_address
            000045ce    _TxR2_DMA_address
            000045d0    _CurrentRxL_DMAChannel
            000045d1    _CurrentRxR_DMAChannel
            000045d2    _CurrentTxL_DMAChannel
            000045d3    _CurrentTxR_DMAChannel
            000045d4    _leftChannel
            000045d5    _rightChannel
            000045dc    __lock
            000045de    __unlock
            000045e0    __cleanup_ptr
            000045e2    __dtors_ptr
            000045e7    ___end__
            000045e7    end
00040000                .text
00040000                ___text__
00041356                __printfi
00041598                _write
000416da                _unlink
0004170d                _rename
00041766                _remove_device
0004179c                _read
0004184a                _open
00041909                _lseek
0004196f                _find_registered_device
00041978                _close
000419eb                _add_device
00041adb                _getenv
00041b56                _HOSTwrite
00041be3                _HOSTunlink
00041c4d                _HOSTtime
00041cab                _HOSTrename
00041d59                _HOSTread
00041de6                _HOSTopen
00041e85                _HOSTlseek
00041f3a                _HOSTclose
00041fa5                _HOSTclock
00042003                _free
000420cf                _minit
00042134                _malloc
00042229                _realloc
000423da                _max_free
00042434                _free_memory
0004248a                _chkheap
00042492                _calloc
000424b8                _setDMA_address
000425c0                _set_dma0_ch0_stop
000425d6                _set_dma0_ch1_stop
000425ec                _set_dma0_ch2_stop
00042602                _set_dma0_ch3_stop
00042618                _set_dma0_ch0_i2s0_Lout
00042676                _set_dma0_ch1_i2s0_Rout
000426d4                _set_dma0_ch2_i2s0_Lin
00042732                _set_dma0_ch3_i2s0_Rin
00042790                _enable_dma_int
0004279d                _DMA_Isr
0004297d                __divd
00042cc7                _AIC3204_init
00042ff5                _i2s0_read_CR
00042ffb                _i2s0_write_CR
00043001                _i2s0_read_SRGR
00043007                _i2s0_write_SRGR
0004300d                _i2s0_read_TXL_LSW
00043013                _i2s0_write_TXL_LSW
00043019                _i2s0_read_TXL_MSW
0004301f                _i2s0_write_TXL_MSW
00043025                _i2s0_read_TXR_LSW
0004302b                _i2s0_write_TXR_LSW
00043031                _i2s0_read_TXR_MSW
00043037                _i2s0_write_TXR_MSW
0004303d                _i2s0_read_INTR
00043043                _i2s0_read_INT_MASK
00043049                _i2s0_write_INT_MASK
0004304f                _i2s0_read_RXL_LSW
00043055                _i2s0_write_RXL_LSW
0004305b                _i2s0_read_RXL_MSW
00043061                _i2s0_write_RXL_MSW
00043067                _i2s0_read_RXR_LSW
0004306d                _i2s0_write_RXR_LSW
00043073                _i2s0_read_RXR_MSW
00043079                _i2s0_write_RXR_MSW
0004307f                _i2s1_read_CR
00043085                _i2s1_write_CR
0004308b                _i2s1_read_SRGR
00043091                _i2s1_write_SRGR
00043097                _i2s1_read_TXL_LSW
0004309d                _i2s1_write_TXL_LSW
000430a3                _i2s1_read_TXL_MSW
000430a9                _i2s1_write_TXL_MSW
000430af                _i2s1_read_TXR_LSW
000430b5                _i2s1_write_TXR_LSW
000430bb                _i2s1_read_TXR_MSW
000430c1                _i2s1_write_TXR_MSW
000430c7                _i2s1_read_INTR
000430cd                _i2s1_read_INT_MASK
000430d3                _i2s1_write_INT_MASK
000430d9                _i2s1_read_RXL_LSW
000430df                _i2s1_write_RXL_LSW
000430e5                _i2s1_read_RXL_MSW
000430eb                _i2s1_write_RXL_MSW
000430f1                _i2s1_read_RXR_LSW
000430f7                _i2s1_write_RXR_LSW
000430fd                _i2s1_read_RXR_MSW
00043103                _i2s1_write_RXR_MSW
00043109                _i2s2_read_CR
0004310f                _i2s2_write_CR
00043115                _i2s2_read_SRGR
0004311b                _i2s2_write_SRGR
00043121                _i2s2_read_TXL_LSW
00043127                _i2s2_write_TXL_LSW
0004312d                _i2s2_read_TXL_MSW
00043133                _i2s2_write_TXL_MSW
00043139                _i2s2_read_TXR_LSW
0004313f                _i2s2_write_TXR_LSW
00043145                _i2s2_read_TXR_MSW
0004314b                _i2s2_write_TXR_MSW
00043151                _i2s2_read_INTR
00043157                _i2s2_read_INT_MASK
0004315d                _i2s2_write_INT_MASK
00043163                _i2s2_read_RXL_LSW
00043169                _i2s2_write_RXL_LSW
0004316f                _i2s2_read_RXL_MSW
00043175                _i2s2_write_RXL_MSW
0004317b                _i2s2_read_RXR_LSW
00043181                _i2s2_write_RXR_LSW
00043187                _i2s2_read_RXR_MSW
0004318d                _i2s2_write_RXR_MSW
00043193                _i2s3_read_CR
00043199                _i2s3_write_CR
0004319f                _i2s3_read_SRGR
000431a5                _i2s3_write_SRGR
000431ab                _i2s3_read_TXL_LSW
000431b1                _i2s3_write_TXL_LSW
000431b7                _i2s3_read_TXL_MSW
000431bd                _i2s3_write_TXL_MSW
000431c3                _i2s3_read_TXR_LSW
000431c9                _i2s3_write_TXR_LSW
000431cf                _i2s3_read_TXR_MSW
000431d5                _i2s3_write_TXR_MSW
000431db                _i2s3_read_INTR
000431e1                _i2s3_read_INT_MASK
000431e7                _i2s3_write_INT_MASK
000431ed                _i2s3_read_RXL_LSW
000431f3                _i2s3_write_RXL_LSW
000431f9                _i2s3_read_RXL_MSW
000431ff                _i2s3_write_RXL_MSW
00043205                _i2s3_read_RXR_LSW
0004320b                _i2s3_write_RXR_LSW
00043211                _i2s3_read_RXR_MSW
00043217                _i2s3_write_RXR_MSW
0004321d                _enable_i2s0
0004322b                _enable_i2s1
00043239                _enable_i2s2
00043247                _enable_i2s3
00043255                _disable_i2s0
00043263                _disable_i2s1
00043271                _disable_i2s2
0004327f                _disable_i2s3
0004328d                _firFilter_init
000432d0                _firFilter
00043632                __cleanup
0004368c                _freopen
00043755                _fopen
00043790                __remull
000437de                __remlli
0004380d                __mpylli
000438c5                __divull
000439b9                __divlli
000439ee                __addd
00043c47                __neqd
00043c7b                __lssd
00043cc3                __leqd
00043d10                __gtrd
00043d5b                __geqd
00043da5                __eqld
00043dd9                __cmpd
00043e31                _fputs
00043f66                _puts
00043f94                __mpyd
000440e0                _setvbuf
000441c6                __wrt_ok
00044246                __rd_ok
000442a3                __frcmpyd_div
0004436b                __doflush
000443d4                _fflush
0004442d                _writemsg
000444e2                C$$IO$$
000444e7                _fputc
000444e7                _putc
0004457e                _putchar
0004458d                __divul
0004462e                _ltoa
000446ab                _fclose
00044726                reset_isr
0004479f                __frcmpyd
00044815                __remul
00044887                __fixdli
000448f6                _readmsg
00044964                _dualMacFir
000449cf                _fseek
00044a3a                __fltlid
00044aa1                _main
00044b05                _atoi
00044b61                _set_i2s0_master
00044b90                _set_i2s0_slave
00044bb2                _printf
00044c02                _auto_init
00044c4f                __args_main
00044c9a                __remli
00044ce5                __divli
00044d2d                _memcpy
00044d6c                _exit
00044daa                _c_int00
00044dde                __fixdi
00044e08                I$$UDIV
00044e08                __divu
00044e1d                I$$UMOD
00044e1d                __remu
00044e32                _memccpy
00044e55                ___isinf
00044e71                __subd
00044e85                I$$LMPY
00044e85                __mpyli
00044e98                __register_unlock
00044ea0                __register_lock
00044ea8                __nop
00044eaa                __negd
00044eba                _remove
00044ec4                _abort
00044ec5                C$$EXIT
00044ece                ___etext__
00044ece                etext
            00022768    __ctypes_
            00022869    _dualMacFirCoef
            0002291c    __CIOBUF_
            00022a3c    ___cinit__
            00022a3c    cinit
ffffffff                ___binit__
ffffffff                ___c_args__
ffffffff                ___pinit__
ffffffff                binit
ffffffff                pinit

[282 symbols]
