******************************************************************************
              TMS320C55x Linker PC v4.3.8                      
******************************************************************************
>> Linked Tue Feb 26 17:13:11 2013

OUTPUT FILE NAME:   <fixPoint_LeakyLMS.out>
ENTRY POINT SYMBOL: "_c_int00"  address: 00046696


MEMORY CONFIGURATION

         name            origin    length      used     unused   attr    fill
                        (bytes)   (bytes)    (bytes)   (bytes)
----------------------  --------  ---------  --------  --------  ----  --------
  MMR                   00000000   000000c0  00000000  000000c0  RWIX
  VECS                  000000c0   00000200  00000100  00000100  RWIX
  DARAM0                000002c0   00003d40  00002300  00001a40  RWIX
  DARAM1                00004000   00002000  00000000  00002000  RWIX
  DARAM2                00006000   00002000  00000000  00002000  RWIX
  DARAM3                00008000   00008000  000006f4  0000790c  RWIX
  SARAM0                00010000   00010000  00000000  00010000  RWIX
  SARAM1                00020000   00010000  00000000  00010000  RWIX
  SARAM2                00030000   00010000  00000000  00010000  RWIX
  SARAM3                00040000   00010000  000070bc  00008f44  RWIX
  CE01                  00100000   00020000  00000000  00020000  RWIX
  CE02                  00120000   00020000  00000000  00020000  RWIX
  CE03                  00140000   00020000  00000000  00020000  RWIX
  CE1                   00400000   00100000  00000000  00100000  RWIX
  CE2                   00800000   00400000  00000000  00400000  RWIX
  CE3                   00c00000   003f8000  00000000  003f8000  RWIX
  PDROM                 00ff8000   00007f00  00000000  00007f00  RWIX


SECTION ALLOCATION MAP
(Addresses surrounded by []'s are displayed for convenience only!)

output                                                          attributes/
section   page  orgn(bytes) orgn(words) len(bytes) len(words)   input sections
--------  ----  ----------- ----------- ---------- ----------   --------------
vectors      0     000000c0  [ 00000060 ] 00000100          *   NOLOAD SECTION
                   000000c0  [ 00000060 ] 00000100          *   rts55x.lib : vectors.obj (vectors)

.sysmem      0   [ 000002c0 ]  00000160          *   00001000   UNINITIALIZED
                 [ 000002c0 ]  00000160          *   00001000   --HOLE--

.data        0   [ 000002c0 ]  00000160          *   00000000   UNINITIALIZED

.stack       0   [ 000022c0 ]  00001160          *   00000100   UNINITIALIZED
                 [ 000022c0 ]  00001160          *   00000100   --HOLE--

.sysstack 
*            0   [ 000024c0 ]  00001260          *   00000080   UNINITIALIZED
                 [ 000024c0 ]  00001260          *   00000080   --HOLE--

.bss         0   [ 00008000 ]  00004000          *   0000037a   UNINITIALIZED
                 [ 00008000 ]  00004000          *   00000119   rts55x.lib : defs.obj (.bss)
                 [ 00008232 ]  00004119          *   00000001              : errno.obj (.bss)
                 [ 00008234 ]  0000411a          *   00000110   fixPoint_leaky_lmsTest.obj (.bss)
                 [ 00008454 ]  0000422a          *   000000d0   rts55x.lib : trgdrv.obj (.bss)
                 [ 000085f4 ]  000042fa          *   00000071              : lowlev.obj (.bss)
                 [ 000086d6 ]  0000436b          *   00000001              : fopen.obj (.bss)
                 [ 000086d8 ]  0000436c          *   00000006              : memory.obj (.bss)
                 [ 000086e4 ]  00004372          *   00000004              : _lock.obj (.bss)
                 [ 000086ec ]  00004376          *   00000004              : exit.obj (.bss)

.text        0     00040000  [ 00020000 ] 000067ba          *   
                   00040000  [ 00020000 ] 00001598          *   rts55x.lib : _printfi.obj (.text)
                   00041598  [ 00020acc ] 00000eb6          *              : _scanfi.obj (.text)
                   0004244e  [ 00021227 ] 00000543          *              : lowlev.obj (.text)
                   00042991  [ 000214c8+] 00000528          *              : trgdrv.obj (.text)
                   00042eb9  [ 0002175c+] 000004b5          *              : memory.obj (.text)
                   0004336e  [ 000219b7 ] 0000036c          *              : divd.obj (.text)
                   000436da  [ 00021b6d ] 00000301          *              : strtoll.obj (.text)
                   000439db  [ 00021ced+] 000002bd          *              : strtod.obj (.text)
                   00043c98  [ 00021e4c ] 000002b0          *   fixPoint_leaky_lmsTest.obj (.text)
                   00043f48  [ 00021fa4 ] 0000029f          *   rts55x.lib : strtold.obj (.text)
                   000441e7  [ 000220f3+] 0000027f          *              : fopen.obj (.text)
                   00044466  [ 00022233 ] 0000025e          *              : llmpy.obj (.text)
                   000446c4  [ 00022362 ] 00000259          *              : addd.obj (.text)
                   0004491d  [ 0002248e+] 0000024b          *              : strtoull.obj (.text)
                   00044b68  [ 000225b4 ] 00000208          *              : strtol.obj (.text)
                   00044d70  [ 000226b8 ] 000001ee          *              : fwrite.obj (.text)
                   00044f5e  [ 000227af ] 000001ea          *              : cmpd.obj (.text)
                   00045148  [ 000228a4 ] 000001d1          *              : strtoul.obj (.text)
                   00045319  [ 0002298c+] 00000163          *              : fputs.obj (.text)
                   0004547c  [ 00022a3e ] 00000161          *              : fscanf.obj (.text)
                   000455dd  [ 00022aee+] 0000014c          *              : mpyd.obj (.text)
                   00045729  [ 00022b94+] 0000010f          *   fixPoint_leaky_lms.obj (.text)
                   00045838  [ 00022c1c ] 0000010f          *   rts55x.lib : fread.obj (.text)
                   00045947  [ 00022ca3+] 000000e6          *              : setvbuf.obj (.text)
                   00045a2d  [ 00022d16+] 000000dd          *              : _io_perm.obj (.text)
                   00045b0a  [ 00022d85 ] 000000c8          *              : frcmpyd_div.obj (.text)
                   00045bd2  [ 00022de9 ] 000000c2          *              : fflush.obj (.text)
                   00045c94  [ 00022e4a ] 000000ba          *              : trgmsg.obj (.text:CIO_breakpoint)
                   00045d4e  [ 00022ea7 ] 000000ae          *              : _bufread.obj (.text)
                   00045dfc  [ 00022efe ] 000000a6          *              : fputc.obj (.text)
                   00045ea2  [ 00022f51 ] 000000a1          *              : divul.obj (.text)
                   00045f43  [ 00022fa1+] 0000009b          *              : fgetc.obj (.text)
                   00045fde  [ 00022fef ] 0000009a          *              : ungetc.obj (.text)
                   00046078  [ 0002303c ] 0000007d          *              : ltoa.obj (.text)
                   000460f5  [ 0002307a+] 0000007b          *              : fclose.obj (.text)
                   00046170  [ 000230b8 ] 00000076          *              : frcmpyd.obj (.text)
                   000461e6  [ 000230f3 ] 00000072          *              : remul.obj (.text)
                   00046258  [ 0002312c ] 0000006f          *              : fixdli.obj (.text)
                   000462c7  [ 00023163+] 0000006d          *              : trgmsg.obj (.text)
                   00046334  [ 0002319a ] 0000006b          *              : fseek.obj (.text)
                   0004639f  [ 000231cf+] 00000067          *              : fltlid.obj (.text)
                   00046406  [ 00023203 ] 0000005c          *              : atoi.obj (.text)
                   00046462  [ 00023231 ] 00000050          *              : printf.obj (.text)
                   000464b2  [ 00023259 ] 0000004d          *              : autoinit.obj (.text)
                   000464ff  [ 0002327f+] 0000004b          *              : args_main.obj (.text)
                   0004654a  [ 000232a5 ] 0000004b          *              : remli.obj (.text)
                   00046595  [ 000232ca+] 00000048          *              : divli.obj (.text)
                   000465dd  [ 000232ee+] 0000003f          *              : memcpy.obj (.text)
                   0004661c  [ 0002330e ] 0000003e          *              : exit.obj (.text)
                   0004665a  [ 0002332d ] 0000003c          *              : idiv.obj (.text)
                   00046696  [ 0002334b ] 00000034          *              : boot.obj (.text)
                   000466ca  [ 00023365 ] 0000002a          *              : fixdi.obj (.text)
                   000466f4  [ 0002337a ] 0000002a          *              : udiv.obj (.text)
                   0004671e  [ 0002338f ] 00000023          *              : memccpy.obj (.text)
                   00046741  [ 000233a0+] 0000001c          *              : isinf.obj (.text)
                   0004675d  [ 000233ae+] 00000014          *              : subd.obj (.text)
                   00046771  [ 000233b8+] 00000013          *              : lmpy.obj (.text)
                   00046784  [ 000233c2 ] 00000012          *              : _lock.obj (.text)
                   00046796  [ 000233cb ] 00000010          *              : negd.obj (.text)
                   000467a6  [ 000233d3 ] 0000000a          *              : remove.obj (.text)
                   000467b0  [ 000233d8 ] 00000007          *              : exit.obj (.text:CIO_breakpoint)
                   000467b7  [ 000233db+] 00000002          *              : vectors.obj (.text)
                   000467b9  [ 000233dc ] 00000001          *   --HOLE-- [fill = 20]

.const       0   [ 000467bc ]  000233de          *   000002e4   
                 [ 000467bc ]  000233de          *   00000147   fixPoint_leaky_lmsTest.obj (.const:.string)
                 [ 00046a4a ]  00023525          *   00000101   rts55x.lib : ctype.obj (.const:__ctypes_)
                 [ 00046c4c ]  00023626          *   00000024              : _printfi.obj (.const:.string)
                 [ 00046c94 ]  0002364a          *   00000014              : strtod.obj (.const:_digits)
                 [ 00046cbc ]  0002365e          *   00000014              : strtold.obj (.const:_digits)
                 [ 00046ce4 ]  00023672          *   0000000c              : strtod.obj (.const:_powerof10)
                 [ 00046cfc ]  0002367e          *   0000000c              : strtold.obj (.const:_powerof10)
                 [ 00046d14 ]  0002368a          *   0000000c              : _printfi.obj (.const)
                 [ 00046d2c ]  00023696          *   00000008              : divd.obj (.const:_initial_approx$1)
                 [ 00046d3c ]  0002369e          *   00000008              : strtod.obj (.const)
                 [ 00046d4c ]  000236a6          *   00000008              : strtold.obj (.const)
                 [ 00046d5c ]  000236ae          *   00000007              : _scanfi.obj (.const:_flit$1)
                 [ 00046d6a ]  000236b5          *   00000006              : _scanfi.obj (.const:_barr$2)
                 [ 00046d76 ]  000236bb          *   00000001   --HOLE-- [fill = 0]
                 [ 00046d78 ]  000236bc          *   00000002              : fputs.obj (.const:.string)
                 [ 00046d7c ]  000236be          *   00000002              : divd.obj (.const)
                 [ 00046d80 ]  000236c0          *   00000002              : fltlid.obj (.const)

.cio         0   [ 00046d88 ]  000236c4          *   00000120   UNINITIALIZED
                 [ 00046d88 ]  000236c4          *   00000120   rts55x.lib : trgmsg.obj (.cio)

.cinit       0   [ 00046fc8 ]  000237e4          *   0000007d   
                 [ 00046fc8 ]  000237e4          *   0000002d   rts55x.lib : lowlev.obj (.cinit)
                 [ 00047022 ]  00023811          *   0000002a              : defs.obj (.cinit)
                 [ 00047076 ]  0002383b          *   0000000a              : _lock.obj (.cinit)
                 [ 0004708a ]  00023845          *   0000000a              : exit.obj (.cinit)
                 [ 0004709e ]  0002384f          *   00000005   fixPoint_leaky_lmsTest.obj (.cinit)
                 [ 000470a8 ]  00023854          *   00000004   rts55x.lib : errno.obj (.cinit)
                 [ 000470b0 ]  00023858          *   00000004              : fopen.obj (.cinit)
                 [ 000470b8 ]  0002385c          *   00000004              : memory.obj (.cinit)
                 [ 000470c0 ]  00023860          *   00000001   --HOLE-- [fill = 0]


GLOBAL SYMBOLS: SORTED ALPHABETICALLY BY Name 

abs. value/
byte addr   word addr   name
---------   ---------   ----
00000002                $TI_capability$C5500$CallingConvention
00000002                $TI_capability$C5500$MemoryModel
00000001                $TI_capability_requires_rev3
            00004000    .bss
            00000160    .data
00040000                .text
000467b1                C$$EXIT
00045d49                C$$IO$$
0004665a                I$$DIV
00046771                I$$LMPY
00046679                I$$MOD
000466f4                I$$UDIV
00046709                I$$UMOD
00042e5b                _HOSTclock
00042df0                _HOSTclose
00042d3b                _HOSTlseek
00042c9c                _HOSTopen
00042c0f                _HOSTread
00042b61                _HOSTrename
00042b03                _HOSTtime
00042a99                _HOSTunlink
00042a0c                _HOSTwrite
000000c0                _Reset
            000236c4    __CIOBUF_
            00001260    __STACK_END
00000200                __STACK_SIZE
00002000                __SYSMEM_SIZE
00000100                __SYSSTACK_SIZE
ffffffff                ___binit__
            00004000    ___bss__
ffffffff                ___c_args__
            000237e4    ___cinit__
            00000160    ___data__
            00000160    ___edata__
            0000437a    ___end__
000467ba                ___etext__
00046741                ___isinf
ffffffff                ___pinit__
00040000                ___text__
000446c4                __addd
000464ff                __args_main
00045d4e                __buff_read
00044308                __cleanup
            00004376    __cleanup_ptr
000450f0                __cmpd
            00023525    __ctypes_
00043390                __divd
0004665a                __divi
00046595                __divli
0004468f                __divlli
000466f4                __divu
00045ea2                __divul
0004459b                __divull
00045bd2                __doflush
            00004378    __dtors_ptr
000450bc                __eqld
000466ca                __fixdi
00046258                __fixdli
0004639f                __fltlid
00046170                __frcmpyd
00045b0a                __frcmpyd_div
            00004118    __ft_end
            00004000    __ftable
00045072                __geqd
00045027                __gtrd
00044fda                __leqd
            00004372    __lock
00044f92                __lssd
000455dd                __mpyd
00046771                __mpyli
000444e3                __mpylli
00046796                __negd
00044f5e                __neqd
00046794                __nop
00041356                __printfi
00045aad                __rd_ok
0004678c                __register_lock
00046784                __register_unlock
00046679                __remi
0004654a                __remli
000444b4                __remlli
00046709                __remu
000461e6                __remul
00044466                __remull
00041f46                __scanfi
            00001160    __stack
0004675d                __subd
            00000160    __sys_memory
            00001260    __sysstack
            00004078    __tmpnams
            00004374    __unlock
00045a2d                __wrt_ok
000467b0                _abort
000428a1                _add_device
00046406                _atoi
000464b2                _auto_init
00046696                _c_int00
00043348                _calloc
00043340                _chkheap
0004282e                _close
            00004119    _errno
0004661c                _exit
000460f5                _fclose
00045c3b                _fflush
00045f43                _fgetc
00042825                _find_registered_device
00045729                _fixPoint_leaky_lms
0004442b                _fopen
00045dfc                _fputc
00045319                _fputs
00045838                _fread
00042eb9                _free
000432ea                _free_memory
00044362                _freopen
000454b8                _fscanf
00046334                _fseek
00044d70                _fwrite
00045f43                _getc
00045fcf                _getchar
00042991                _getenv
            00004126    _lms
            0000411a    _lmsObj
000427bf                _lseek
00046078                _ltoa
00043c98                _main
00042fea                _malloc
00043290                _max_free
0004671e                _memccpy
000465dd                _memcpy
00042f85                _minit
00042700                _open
00046462                _printf
00045dfc                _putc
00045e93                _putchar
0004544e                _puts
00042652                _read
000462c7                _readmsg
000430df                _realloc
000467a6                _remove
0004261c                _remove_device
000425c3                _rename
0004547c                _scanf
00045947                _setvbuf
000439db                _strtod
00044b68                _strtol
00043f48                _strtold
000436da                _strtoll
00045148                _strtoul
0004491d                _strtoull
00045fde                _ungetc
00042590                _unlink
            00004128    _w
0004244e                _write
00045c94                _writemsg
            000041a9    _x
ffffffff                binit
            000237e4    cinit
            00000160    edata
            0000437a    end
000467ba                etext
ffffffff                pinit


GLOBAL SYMBOLS: SORTED BY Symbol Address 

abs. value/
byte addr   word addr   name
---------   ---------   ----
00000001                $TI_capability_requires_rev3
00000002                $TI_capability$C5500$CallingConvention
00000002                $TI_capability$C5500$MemoryModel
000000c0                _Reset
00000100                __SYSSTACK_SIZE
00000200                __STACK_SIZE
            00000160    .data
            00000160    ___data__
            00000160    ___edata__
            00000160    __sys_memory
            00000160    edata
00002000                __SYSMEM_SIZE
            00001160    __stack
            00001260    __STACK_END
            00001260    __sysstack
            00004000    .bss
            00004000    ___bss__
            00004000    __ftable
            00004078    __tmpnams
            00004118    __ft_end
            00004119    _errno
            0000411a    _lmsObj
            00004126    _lms
            00004128    _w
            000041a9    _x
            00004372    __lock
            00004374    __unlock
            00004376    __cleanup_ptr
            00004378    __dtors_ptr
            0000437a    ___end__
            0000437a    end
00040000                .text
00040000                ___text__
00041356                __printfi
00041f46                __scanfi
0004244e                _write
00042590                _unlink
000425c3                _rename
0004261c                _remove_device
00042652                _read
00042700                _open
000427bf                _lseek
00042825                _find_registered_device
0004282e                _close
000428a1                _add_device
00042991                _getenv
00042a0c                _HOSTwrite
00042a99                _HOSTunlink
00042b03                _HOSTtime
00042b61                _HOSTrename
00042c0f                _HOSTread
00042c9c                _HOSTopen
00042d3b                _HOSTlseek
00042df0                _HOSTclose
00042e5b                _HOSTclock
00042eb9                _free
00042f85                _minit
00042fea                _malloc
000430df                _realloc
00043290                _max_free
000432ea                _free_memory
00043340                _chkheap
00043348                _calloc
00043390                __divd
000436da                _strtoll
000439db                _strtod
00043c98                _main
00043f48                _strtold
00044308                __cleanup
00044362                _freopen
0004442b                _fopen
00044466                __remull
000444b4                __remlli
000444e3                __mpylli
0004459b                __divull
0004468f                __divlli
000446c4                __addd
0004491d                _strtoull
00044b68                _strtol
00044d70                _fwrite
00044f5e                __neqd
00044f92                __lssd
00044fda                __leqd
00045027                __gtrd
00045072                __geqd
000450bc                __eqld
000450f0                __cmpd
00045148                _strtoul
00045319                _fputs
0004544e                _puts
0004547c                _scanf
000454b8                _fscanf
000455dd                __mpyd
00045729                _fixPoint_leaky_lms
00045838                _fread
00045947                _setvbuf
00045a2d                __wrt_ok
00045aad                __rd_ok
00045b0a                __frcmpyd_div
00045bd2                __doflush
00045c3b                _fflush
00045c94                _writemsg
00045d49                C$$IO$$
00045d4e                __buff_read
00045dfc                _fputc
00045dfc                _putc
00045e93                _putchar
00045ea2                __divul
00045f43                _fgetc
00045f43                _getc
00045fcf                _getchar
00045fde                _ungetc
00046078                _ltoa
000460f5                _fclose
00046170                __frcmpyd
000461e6                __remul
00046258                __fixdli
000462c7                _readmsg
00046334                _fseek
0004639f                __fltlid
00046406                _atoi
00046462                _printf
000464b2                _auto_init
000464ff                __args_main
0004654a                __remli
00046595                __divli
000465dd                _memcpy
0004661c                _exit
0004665a                I$$DIV
0004665a                __divi
00046679                I$$MOD
00046679                __remi
00046696                _c_int00
000466ca                __fixdi
000466f4                I$$UDIV
000466f4                __divu
00046709                I$$UMOD
00046709                __remu
0004671e                _memccpy
00046741                ___isinf
0004675d                __subd
00046771                I$$LMPY
00046771                __mpyli
00046784                __register_unlock
0004678c                __register_lock
00046794                __nop
00046796                __negd
000467a6                _remove
000467b0                _abort
000467b1                C$$EXIT
000467ba                ___etext__
000467ba                etext
            00023525    __ctypes_
            000236c4    __CIOBUF_
            000237e4    ___cinit__
            000237e4    cinit
ffffffff                ___binit__
ffffffff                ___c_args__
ffffffff                ___pinit__
ffffffff                binit
ffffffff                pinit

[161 symbols]
