******************************************************************************
              TMS320C55x Linker PC v4.3.8                      
******************************************************************************
>> Linked Tue Feb 26 16:36:36 2013

OUTPUT FILE NAME:   <c_assembly.out>
ENTRY POINT SYMBOL: "_c_int00"  address: 00044090


MEMORY CONFIGURATION

         name            origin    length      used     unused   attr    fill
                        (bytes)   (bytes)    (bytes)   (bytes)
----------------------  --------  ---------  --------  --------  ----  --------
  MMR                   00000000   000000c0  00000000  000000c0  RWIX
  VECS                  000000c0   00000200  00000100  00000100  RWIX
  DARAM0                000002c0   00003d40  00002300  00001a40  RWIX
  DARAM1                00004000   00002000  00000000  00002000  RWIX
  DARAM2                00006000   00002000  00000000  00002000  RWIX
  DARAM3                00008000   00008000  000004f4  00007b0c  RWIX
  SARAM0                00010000   00010000  00000000  00010000  RWIX
  SARAM1                00020000   00010000  00000000  00010000  RWIX
  SARAM2                00030000   00010000  00000000  00010000  RWIX
  SARAM3                00040000   00010000  0000490a  0000b6f6  RWIX
  CE01                  00100000   00020000  00000000  00020000  RWIX
  CE02                  00120000   00020000  00000000  00020000  RWIX
  CE03                  00140000   00020000  00000000  00020000  RWIX
  CE1                   00400000   00100000  00000000  00100000  RWIX
  CE2                   00800000   00400000  00000000  00400000  RWIX
  CE3                   00c00000   003f8000  00000000  003f8000  RWIX
  PDROM                 00ff8000   00007f00  00000000  00007f00  RWIX


SECTION ALLOCATION MAP
(Addresses surrounded by []'s are displayed for convenience only!)

output                                                          attributes/
section   page  orgn(bytes) orgn(words) len(bytes) len(words)   input sections
--------  ----  ----------- ----------- ---------- ----------   --------------
vectors      0     000000c0  [ 00000060 ] 00000100          *   NOLOAD SECTION
                   000000c0  [ 00000060 ] 00000100          *   rts55x.lib : vectors.obj (vectors)

.sysmem      0   [ 000002c0 ]  00000160          *   00001000   UNINITIALIZED
                 [ 000002c0 ]  00000160          *   00001000   --HOLE--

.data        0   [ 000002c0 ]  00000160          *   00000000   UNINITIALIZED

.stack       0   [ 000022c0 ]  00001160          *   00000100   UNINITIALIZED
                 [ 000022c0 ]  00001160          *   00000100   --HOLE--

.sysstack 
*            0   [ 000024c0 ]  00001260          *   00000080   UNINITIALIZED
                 [ 000024c0 ]  00001260          *   00000080   --HOLE--

.bss         0   [ 00008000 ]  00004000          *   0000027a   UNINITIALIZED
                 [ 00008000 ]  00004000          *   00000119   rts55x.lib : defs.obj (.bss)
                 [ 00008232 ]  00004119          *   000000d0              : trgdrv.obj (.bss)
                 [ 000083d2 ]  000041e9          *   00000001              : fopen.obj (.bss)
                 [ 000083d4 ]  000041ea          *   00000071              : lowlev.obj (.bss)
                 [ 000084b6 ]  0000425b          *   00000010   c_assemblyTest.obj (.bss)
                 [ 000084d6 ]  0000426b          *   00000001   --HOLE--
                 [ 000084d8 ]  0000426c          *   00000006   rts55x.lib : memory.obj (.bss)
                 [ 000084e4 ]  00004272          *   00000004              : _lock.obj (.bss)
                 [ 000084ec ]  00004276          *   00000004              : exit.obj (.bss)

.text        0     00040000  [ 00020000 ] 000041dc          *   
                   00040000  [ 00020000 ] 00001598          *   rts55x.lib : _printfi.obj (.text)
                   00041598  [ 00020acc ] 00000543          *              : lowlev.obj (.text)
                   00041adb  [ 00020d6d+] 00000528          *              : trgdrv.obj (.text)
                   00042003  [ 00021001+] 000004b5          *              : memory.obj (.text)
                   000424b8  [ 0002125c ] 0000036c          *              : divd.obj (.text)
                   00042824  [ 00021412 ] 0000027f          *              : fopen.obj (.text)
                   00042aa3  [ 00021551+] 0000025e          *              : llmpy.obj (.text)
                   00042d01  [ 00021680+] 00000259          *              : addd.obj (.text)
                   00042f5a  [ 000217ad ] 000001ea          *              : cmpd.obj (.text)
                   00043144  [ 000218a2 ] 00000163          *              : fputs.obj (.text)
                   000432a7  [ 00021953+] 0000014c          *              : mpyd.obj (.text)
                   000433f3  [ 000219f9+] 000000e6          *              : setvbuf.obj (.text)
                   000434d9  [ 00021a6c+] 000000dd          *              : _io_perm.obj (.text)
                   000435b6  [ 00021adb ] 000000c9          *   c_assemblyTest.obj (.text)
                   0004367f  [ 00021b3f+] 000000c8          *   rts55x.lib : frcmpyd_div.obj (.text)
                   00043747  [ 00021ba3+] 000000c2          *              : fflush.obj (.text)
                   00043809  [ 00021c04+] 000000ba          *              : trgmsg.obj (.text:CIO_breakpoint)
                   000438c3  [ 00021c61+] 000000a6          *              : fputc.obj (.text)
                   00043969  [ 00021cb4+] 000000a4          *   sort.obj (.text)
                   00043a0d  [ 00021d06+] 000000a1          *   rts55x.lib : divul.obj (.text)
                   00043aae  [ 00021d57 ] 0000007d          *              : ltoa.obj (.text)
                   00043b2b  [ 00021d95+] 0000007b          *              : fclose.obj (.text)
                   00043ba6  [ 00021dd3 ] 00000076          *              : frcmpyd.obj (.text)
                   00043c1c  [ 00021e0e ] 00000072          *              : remul.obj (.text)
                   00043c8e  [ 00021e47 ] 0000006f          *              : fixdli.obj (.text)
                   00043cfd  [ 00021e7e+] 0000006d          *              : trgmsg.obj (.text)
                   00043d6a  [ 00021eb5 ] 0000006b          *              : fseek.obj (.text)
                   00043dd5  [ 00021eea+] 00000067          *              : fltlid.obj (.text)
                   00043e3c  [ 00021f1e ] 0000005c          *              : atoi.obj (.text)
                   00043e98  [ 00021f4c ] 00000050          *              : printf.obj (.text)
                   00043ee8  [ 00021f74 ] 0000004d          *              : autoinit.obj (.text)
                   00043f35  [ 00021f9a+] 0000004b          *              : args_main.obj (.text)
                   00043f80  [ 00021fc0 ] 0000004b          *              : remli.obj (.text)
                   00043fcb  [ 00021fe5+] 00000048          *              : divli.obj (.text)
                   00044013  [ 00022009+] 0000003f          *              : memcpy.obj (.text)
                   00044052  [ 00022029 ] 0000003e          *              : exit.obj (.text)
                   00044090  [ 00022048 ] 00000034          *              : boot.obj (.text)
                   000440c4  [ 00022062 ] 0000002a          *              : fixdi.obj (.text)
                   000440ee  [ 00022077 ] 0000002a          *              : udiv.obj (.text)
                   00044118  [ 0002208c ] 00000023          *              : memccpy.obj (.text)
                   0004413b  [ 0002209d+] 0000001c          *              : isinf.obj (.text)
                   00044157  [ 000220ab+] 00000014          *   arraySort.obj (.text)
                   0004416b  [ 000220b5+] 00000014          *   findMax.obj (.text)
                   0004417f  [ 000220bf+] 00000014          *   rts55x.lib : subd.obj (.text)
                   00044193  [ 000220c9+] 00000013          *              : lmpy.obj (.text)
                   000441a6  [ 000220d3 ] 00000012          *              : _lock.obj (.text)
                   000441b8  [ 000220dc ] 00000010          *              : negd.obj (.text)
                   000441c8  [ 000220e4 ] 0000000a          *              : remove.obj (.text)
                   000441d2  [ 000220e9 ] 00000007          *              : exit.obj (.text:CIO_breakpoint)
                   000441d9  [ 000220ec+] 00000002          *              : vectors.obj (.text)
                   000441db  [ 000220ed ] 00000001          *   --HOLE-- [fill = 20]

.const       0   [ 000441dc ]  000220ee          *   000001f8   
                 [ 000441dc ]  000220ee          *   00000101   rts55x.lib : ctype.obj (.const:__ctypes_)
                 [ 000443de ]  000221ef          *   00000001   --HOLE-- [fill = 0]
                 [ 000443e0 ]  000221f0          *   000000b8   c_assemblyTest.obj (.const:.string)
                 [ 00044550 ]  000222a8          *   00000024   rts55x.lib : _printfi.obj (.const:.string)
                 [ 00044598 ]  000222cc          *   0000000c              : _printfi.obj (.const)
                 [ 000445b0 ]  000222d8          *   00000008              : divd.obj (.const:_initial_approx$1)
                 [ 000445c0 ]  000222e0          *   00000002              : fputs.obj (.const:.string)
                 [ 000445c4 ]  000222e2          *   00000002              : divd.obj (.const)
                 [ 000445c8 ]  000222e4          *   00000002              : fltlid.obj (.const)

.cio         0   [ 000445d0 ]  000222e8          *   00000120   UNINITIALIZED
                 [ 000445d0 ]  000222e8          *   00000120   rts55x.lib : trgmsg.obj (.cio)

.cinit       0   [ 00044810 ]  00022408          *   0000007f   
                 [ 00044810 ]  00022408          *   0000002d   rts55x.lib : lowlev.obj (.cinit)
                 [ 0004486a ]  00022435          *   0000002a              : defs.obj (.cinit)
                 [ 000448be ]  0002245f          *   0000000b   c_assemblyTest.obj (.cinit)
                 [ 000448d4 ]  0002246a          *   0000000a   rts55x.lib : _lock.obj (.cinit)
                 [ 000448e8 ]  00022474          *   0000000a              : exit.obj (.cinit)
                 [ 000448fc ]  0002247e          *   00000004              : fopen.obj (.cinit)
                 [ 00044904 ]  00022482          *   00000004              : memory.obj (.cinit)
                 [ 0004490c ]  00022486          *   00000001   --HOLE-- [fill = 0]


GLOBAL SYMBOLS: SORTED ALPHABETICALLY BY Name 

abs. value/
byte addr   word addr   name
---------   ---------   ----
00000002                $TI_capability$C5500$CallingConvention
00000002                $TI_capability$C5500$MemoryModel
00000001                $TI_capability_requires_rev3
            00004000    .bss
            00000160    .data
00040000                .text
000441d3                C$$EXIT
000438be                C$$IO$$
00044193                I$$LMPY
000440ee                I$$UDIV
00044103                I$$UMOD
00041fa5                _HOSTclock
00041f3a                _HOSTclose
00041e85                _HOSTlseek
00041de6                _HOSTopen
00041d59                _HOSTread
00041cab                _HOSTrename
00041c4d                _HOSTtime
00041be3                _HOSTunlink
00041b56                _HOSTwrite
000000c0                _Reset
            000222e8    __CIOBUF_
            00001260    __STACK_END
00000200                __STACK_SIZE
00002000                __SYSMEM_SIZE
00000100                __SYSSTACK_SIZE
ffffffff                ___binit__
            00004000    ___bss__
ffffffff                ___c_args__
            00022408    ___cinit__
            00000160    ___data__
            00000160    ___edata__
            0000427a    ___end__
000441dc                ___etext__
0004413b                ___isinf
ffffffff                ___pinit__
00040000                ___text__
00042d01                __addd
00043f35                __args_main
00042945                __cleanup
            00004276    __cleanup_ptr
000430ec                __cmpd
            000220ee    __ctypes_
000424da                __divd
00043fcb                __divli
00042ccc                __divlli
000440ee                __divu
00043a0d                __divul
00042bd8                __divull
00043747                __doflush
            00004278    __dtors_ptr
000430b8                __eqld
000440c4                __fixdi
00043c8e                __fixdli
00043dd5                __fltlid
00043ba6                __frcmpyd
0004367f                __frcmpyd_div
            00004118    __ft_end
            00004000    __ftable
0004306e                __geqd
00043023                __gtrd
00042fd6                __leqd
            00004272    __lock
00042f8e                __lssd
000432a7                __mpyd
00044193                __mpyli
00042b20                __mpylli
000441b8                __negd
00042f5a                __neqd
000441b6                __nop
00041356                __printfi
00043559                __rd_ok
000441ae                __register_lock
000441a6                __register_unlock
00043f80                __remli
00042af1                __remlli
00044103                __remu
00043c1c                __remul
00042aa3                __remull
            00001160    __stack
0004417f                __subd
            00000160    __sys_memory
            00001260    __sysstack
            00004078    __tmpnams
            00004274    __unlock
000434d9                __wrt_ok
            0000425b    _a
000441d2                _abort
000419eb                _add_device
00044157                _arraySort
00043e3c                _atoi
00043ee8                _auto_init
            00004263    _b
00044090                _c_int00
00042492                _calloc
0004248a                _chkheap
00041978                _close
00044052                _exit
00043b2b                _fclose
000437b0                _fflush
0004416b                _findMax
0004196f                _find_registered_device
00042a68                _fopen
000438c3                _fputc
00043144                _fputs
00042003                _free
00042434                _free_memory
0004299f                _freopen
00043d6a                _fseek
00041adb                _getenv
00041909                _lseek
00043aae                _ltoa
000435b6                _main
00042134                _malloc
000423da                _max_free
00044118                _memccpy
00044013                _memcpy
000420cf                _minit
0004184a                _open
00043e98                _printf
000438c3                _putc
0004395a                _putchar
00043279                _puts
0004179c                _read
00043cfd                _readmsg
00042229                _realloc
000441c8                _remove
00041766                _remove_device
0004170d                _rename
000433f3                _setvbuf
00043969                _sort
000416da                _unlink
00041598                _write
00043809                _writemsg
ffffffff                binit
            00022408    cinit
            00000160    edata
            0000427a    end
000441dc                etext
ffffffff                pinit


GLOBAL SYMBOLS: SORTED BY Symbol Address 

abs. value/
byte addr   word addr   name
---------   ---------   ----
00000001                $TI_capability_requires_rev3
00000002                $TI_capability$C5500$CallingConvention
00000002                $TI_capability$C5500$MemoryModel
000000c0                _Reset
00000100                __SYSSTACK_SIZE
00000200                __STACK_SIZE
            00000160    .data
            00000160    ___data__
            00000160    ___edata__
            00000160    __sys_memory
            00000160    edata
00002000                __SYSMEM_SIZE
            00001160    __stack
            00001260    __STACK_END
            00001260    __sysstack
            00004000    .bss
            00004000    ___bss__
            00004000    __ftable
            00004078    __tmpnams
            00004118    __ft_end
            0000425b    _a
            00004263    _b
            00004272    __lock
            00004274    __unlock
            00004276    __cleanup_ptr
            00004278    __dtors_ptr
            0000427a    ___end__
            0000427a    end
00040000                .text
00040000                ___text__
00041356                __printfi
00041598                _write
000416da                _unlink
0004170d                _rename
00041766                _remove_device
0004179c                _read
0004184a                _open
00041909                _lseek
0004196f                _find_registered_device
00041978                _close
000419eb                _add_device
00041adb                _getenv
00041b56                _HOSTwrite
00041be3                _HOSTunlink
00041c4d                _HOSTtime
00041cab                _HOSTrename
00041d59                _HOSTread
00041de6                _HOSTopen
00041e85                _HOSTlseek
00041f3a                _HOSTclose
00041fa5                _HOSTclock
00042003                _free
000420cf                _minit
00042134                _malloc
00042229                _realloc
000423da                _max_free
00042434                _free_memory
0004248a                _chkheap
00042492                _calloc
000424da                __divd
00042945                __cleanup
0004299f                _freopen
00042a68                _fopen
00042aa3                __remull
00042af1                __remlli
00042b20                __mpylli
00042bd8                __divull
00042ccc                __divlli
00042d01                __addd
00042f5a                __neqd
00042f8e                __lssd
00042fd6                __leqd
00043023                __gtrd
0004306e                __geqd
000430b8                __eqld
000430ec                __cmpd
00043144                _fputs
00043279                _puts
000432a7                __mpyd
000433f3                _setvbuf
000434d9                __wrt_ok
00043559                __rd_ok
000435b6                _main
0004367f                __frcmpyd_div
00043747                __doflush
000437b0                _fflush
00043809                _writemsg
000438be                C$$IO$$
000438c3                _fputc
000438c3                _putc
0004395a                _putchar
00043969                _sort
00043a0d                __divul
00043aae                _ltoa
00043b2b                _fclose
00043ba6                __frcmpyd
00043c1c                __remul
00043c8e                __fixdli
00043cfd                _readmsg
00043d6a                _fseek
00043dd5                __fltlid
00043e3c                _atoi
00043e98                _printf
00043ee8                _auto_init
00043f35                __args_main
00043f80                __remli
00043fcb                __divli
00044013                _memcpy
00044052                _exit
00044090                _c_int00
000440c4                __fixdi
000440ee                I$$UDIV
000440ee                __divu
00044103                I$$UMOD
00044103                __remu
00044118                _memccpy
0004413b                ___isinf
00044157                _arraySort
0004416b                _findMax
0004417f                __subd
00044193                I$$LMPY
00044193                __mpyli
000441a6                __register_unlock
000441ae                __register_lock
000441b6                __nop
000441b8                __negd
000441c8                _remove
000441d2                _abort
000441d3                C$$EXIT
000441dc                ___etext__
            000220ee    __ctypes_
000441dc                etext
            000222e8    __CIOBUF_
            00022408    ___cinit__
            00022408    cinit
ffffffff                ___binit__
ffffffff                ___c_args__
ffffffff                ___pinit__
ffffffff                binit
ffffffff                pinit

[140 symbols]
