******************************************************************************
              TMS320C55x Linker PC v4.3.8                      
******************************************************************************
>> Linked Thu Feb 28 07:17:17 2013

OUTPUT FILE NAME:   <dualMAC_BlockFIR.out>
ENTRY POINT SYMBOL: "_c_int00"  address: 00046561


MEMORY CONFIGURATION

         name            origin    length      used     unused   attr    fill
                        (bytes)   (bytes)    (bytes)   (bytes)
----------------------  --------  ---------  --------  --------  ----  --------
  MMR                   00000000   000000c0  00000000  000000c0  RWIX
  VECS                  000000c0   00000200  00000100  00000100  RWIX
  DARAM0                000002c0   00003d40  00002300  00001a40  RWIX
  DARAM1                00004000   00002000  00000000  00002000  RWIX
  DARAM2                00006000   00002000  00000000  00002000  RWIX
  DARAM3                00008000   00008000  000005d8  00007a28  RWIX
  SARAM0                00010000   00010000  00000000  00010000  RWIX
  SARAM1                00020000   00010000  00000000  00010000  RWIX
  SARAM2                00030000   00010000  00000000  00010000  RWIX
  SARAM3                00040000   00010000  00006f7e  00009082  RWIX
  CE01                  00100000   00020000  00000000  00020000  RWIX
  CE02                  00120000   00020000  00000000  00020000  RWIX
  CE03                  00140000   00020000  00000000  00020000  RWIX
  CE1                   00400000   00100000  00000000  00100000  RWIX
  CE2                   00800000   00400000  00000000  00400000  RWIX
  CE3                   00c00000   003f8000  00000000  003f8000  RWIX
  PDROM                 00ff8000   00007f00  00000000  00007f00  RWIX


SECTION ALLOCATION MAP
(Addresses surrounded by []'s are displayed for convenience only!)

output                                                          attributes/
section   page  orgn(bytes) orgn(words) len(bytes) len(words)   input sections
--------  ----  ----------- ----------- ---------- ----------   --------------
vectors      0     000000c0  [ 00000060 ] 00000100          *   NOLOAD SECTION
                   000000c0  [ 00000060 ] 00000100          *   rts55x.lib : vectors.obj (vectors)

.sysmem      0   [ 000002c0 ]  00000160          *   00001000   UNINITIALIZED
                 [ 000002c0 ]  00000160          *   00001000   --HOLE--

.data        0   [ 000002c0 ]  00000160          *   00000000   UNINITIALIZED

.stack       0   [ 000022c0 ]  00001160          *   00000100   UNINITIALIZED
                 [ 000022c0 ]  00001160          *   00000100   --HOLE--

.sysstack 
*            0   [ 000024c0 ]  00001260          *   00000080   UNINITIALIZED
                 [ 000024c0 ]  00001260          *   00000080   --HOLE--

.bss         0   [ 00008000 ]  00004000          *   000002ec   UNINITIALIZED
                 [ 00008000 ]  00004000          *   00000119   rts55x.lib : defs.obj (.bss)
                 [ 00008232 ]  00004119          *   000000d0              : trgdrv.obj (.bss)
                 [ 000083d2 ]  000041e9          *   00000001              : errno.obj (.bss)
                 [ 000083d4 ]  000041ea          *   00000081   dualMacFirTest.obj (.bss:fir)
                 [ 000084d6 ]  0000426b          *   00000001   rts55x.lib : fopen.obj (.bss)
                 [ 000084d8 ]  0000426c          *   00000071              : lowlev.obj (.bss)
                 [ 000085ba ]  000042dd          *   00000001   --HOLE--
                 [ 000085bc ]  000042de          *   00000006              : memory.obj (.bss)
                 [ 000085c8 ]  000042e4          *   00000004              : _lock.obj (.bss)
                 [ 000085d0 ]  000042e8          *   00000004              : exit.obj (.bss)

.text        0     00040000  [ 00020000 ] 00006684          *   
                   00040000  [ 00020000 ] 00001598          *   rts55x.lib : _printfi.obj (.text)
                   00041598  [ 00020acc ] 00000eb6          *              : _scanfi.obj (.text)
                   0004244e  [ 00021227 ] 00000543          *              : lowlev.obj (.text)
                   00042991  [ 000214c8+] 00000528          *              : trgdrv.obj (.text)
                   00042eb9  [ 0002175c+] 000004b5          *              : memory.obj (.text)
                   0004336e  [ 000219b7 ] 0000036c          *              : divd.obj (.text)
                   000436da  [ 00021b6d ] 00000301          *              : strtoll.obj (.text)
                   000439db  [ 00021ced+] 000002bd          *              : strtod.obj (.text)
                   00043c98  [ 00021e4c ] 0000029f          *              : strtold.obj (.text)
                   00043f37  [ 00021f9b+] 0000027f          *              : fopen.obj (.text)
                   000441b6  [ 000220db ] 0000025e          *              : llmpy.obj (.text)
                   00044414  [ 0002220a ] 00000259          *              : addd.obj (.text)
                   0004466d  [ 00022336+] 0000024b          *              : strtoull.obj (.text)
                   000448b8  [ 0002245c ] 0000021d          *   dualMacFirTest.obj (.text)
                   00044ad5  [ 0002256a+] 00000208          *   rts55x.lib : strtol.obj (.text)
                   00044cdd  [ 0002266e+] 000001ee          *              : fwrite.obj (.text)
                   00044ecb  [ 00022765+] 000001ea          *              : cmpd.obj (.text)
                   000450b5  [ 0002285a+] 000001d1          *              : strtoul.obj (.text)
                   00045286  [ 00022943 ] 00000163          *              : fputs.obj (.text)
                   000453e9  [ 000229f4+] 00000161          *              : fscanf.obj (.text)
                   0004554a  [ 00022aa5 ] 0000014c          *              : mpyd.obj (.text)
                   00045696  [ 00022b4b ] 0000010f          *              : fread.obj (.text)
                   000457a5  [ 00022bd2+] 000000e6          *              : setvbuf.obj (.text)
                   0004588b  [ 00022c45+] 000000dd          *              : _io_perm.obj (.text)
                   00045968  [ 00022cb4 ] 000000c8          *              : frcmpyd_div.obj (.text)
                   00045a30  [ 00022d18 ] 000000c2          *              : fflush.obj (.text)
                   00045af2  [ 00022d79 ] 000000ba          *              : trgmsg.obj (.text:CIO_breakpoint)
                   00045bac  [ 00022dd6 ] 000000ae          *              : _bufread.obj (.text)
                   00045c5a  [ 00022e2d ] 000000a6          *              : fputc.obj (.text)
                   00045d00  [ 00022e80 ] 000000a1          *              : divul.obj (.text)
                   00045da1  [ 00022ed0+] 0000009b          *              : fgetc.obj (.text)
                   00045e3c  [ 00022f1e ] 0000009a          *              : ungetc.obj (.text)
                   00045ed6  [ 00022f6b ] 0000007d          *              : ltoa.obj (.text)
                   00045f53  [ 00022fa9+] 0000007b          *              : fclose.obj (.text)
                   00045fce  [ 00022fe7 ] 00000076          *              : frcmpyd.obj (.text)
                   00046044  [ 00023022 ] 00000072          *              : remul.obj (.text)
                   000460b6  [ 0002305b ] 0000006f          *              : fixdli.obj (.text)
                   00046125  [ 00023092+] 0000006d          *              : trgmsg.obj (.text)
                   00046192  [ 000230c9 ] 00000002          *              : vectors.obj (.text)
                   00046194  [ 000230ca ] 0000006b          *   dualMacFir.obj (.text:fir)
                   000461ff  [ 000230ff+] 0000006b          *   rts55x.lib : fseek.obj (.text)
                   0004626a  [ 00023135 ] 00000067          *              : fltlid.obj (.text)
                   000462d1  [ 00023168+] 0000005c          *              : atoi.obj (.text)
                   0004632d  [ 00023196+] 00000050          *              : printf.obj (.text)
                   0004637d  [ 000231be+] 0000004d          *              : autoinit.obj (.text)
                   000463ca  [ 000231e5 ] 0000004b          *              : args_main.obj (.text)
                   00046415  [ 0002320a+] 0000004b          *              : remli.obj (.text)
                   00046460  [ 00023230 ] 00000048          *              : divli.obj (.text)
                   000464a8  [ 00023254 ] 0000003f          *              : memcpy.obj (.text)
                   000464e7  [ 00023273+] 0000003e          *              : exit.obj (.text)
                   00046525  [ 00023292+] 0000003c          *              : idiv.obj (.text)
                   00046561  [ 000232b0+] 00000034          *              : boot.obj (.text)
                   00046595  [ 000232ca+] 0000002a          *              : fixdi.obj (.text)
                   000465bf  [ 000232df+] 0000002a          *              : udiv.obj (.text)
                   000465e9  [ 000232f4+] 00000023          *              : memccpy.obj (.text)
                   0004660c  [ 00023306 ] 0000001c          *              : isinf.obj (.text)
                   00046628  [ 00023314 ] 00000014          *              : subd.obj (.text)
                   0004663c  [ 0002331e ] 00000013          *              : lmpy.obj (.text)
                   0004664f  [ 00023327+] 00000012          *              : _lock.obj (.text)
                   00046661  [ 00023330+] 00000010          *              : negd.obj (.text)
                   00046671  [ 00023338+] 0000000a          *              : remove.obj (.text)
                   0004667b  [ 0002333d+] 00000007          *              : exit.obj (.text:CIO_breakpoint)
                   00046682  [ 00023341 ] 00000002          *   --HOLE-- [fill = 20]

.const       0   [ 00046684 ]  00023342          *   000002b2   
                 [ 00046684 ]  00023342          *   00000101   rts55x.lib : ctype.obj (.const:__ctypes_)
                 [ 00046886 ]  00023443          *   00000001   --HOLE-- [fill = 0]
                 [ 00046888 ]  00023444          *   000000e4   dualMacFirTest.obj (.const:.string)
                 [ 00046a50 ]  00023528          *   00000030   dualMacFirTest.obj (.const:fir) [fill = 0]
                 [ 00046ab0 ]  00023558          *   00000024   rts55x.lib : _printfi.obj (.const:.string)
                 [ 00046af8 ]  0002357c          *   00000014              : strtod.obj (.const:_digits)
                 [ 00046b20 ]  00023590          *   00000014              : strtold.obj (.const:_digits)
                 [ 00046b48 ]  000235a4          *   0000000c              : strtod.obj (.const:_powerof10)
                 [ 00046b60 ]  000235b0          *   0000000c              : strtold.obj (.const:_powerof10)
                 [ 00046b78 ]  000235bc          *   0000000c              : _printfi.obj (.const)
                 [ 00046b90 ]  000235c8          *   00000008              : divd.obj (.const:_initial_approx$1)
                 [ 00046ba0 ]  000235d0          *   00000008              : strtod.obj (.const)
                 [ 00046bb0 ]  000235d8          *   00000008              : strtold.obj (.const)
                 [ 00046bc0 ]  000235e0          *   00000007              : _scanfi.obj (.const:_flit$1)
                 [ 00046bce ]  000235e7          *   00000006              : _scanfi.obj (.const:_barr$2)
                 [ 00046bda ]  000235ed          *   00000001   --HOLE-- [fill = 0]
                 [ 00046bdc ]  000235ee          *   00000002              : fputs.obj (.const:.string)
                 [ 00046be0 ]  000235f0          *   00000002              : divd.obj (.const)
                 [ 00046be4 ]  000235f2          *   00000002              : fltlid.obj (.const)

.cio         0   [ 00046be8 ]  000235f4          *   00000120   UNINITIALIZED
                 [ 00046be8 ]  000235f4          *   00000120   rts55x.lib : trgmsg.obj (.cio)

.cinit       0   [ 00046e28 ]  00023714          *   000000ab   
                 [ 00046e28 ]  00023714          *   00000033   dualMacFirTest.obj (.cinit)
                 [ 00046e8e ]  00023747          *   0000002d   rts55x.lib : lowlev.obj (.cinit)
                 [ 00046ee8 ]  00023774          *   0000002a              : defs.obj (.cinit)
                 [ 00046f3c ]  0002379e          *   0000000a              : _lock.obj (.cinit)
                 [ 00046f50 ]  000237a8          *   0000000a              : exit.obj (.cinit)
                 [ 00046f64 ]  000237b2          *   00000004              : errno.obj (.cinit)
                 [ 00046f6c ]  000237b6          *   00000004              : fopen.obj (.cinit)
                 [ 00046f74 ]  000237ba          *   00000004              : memory.obj (.cinit)
                 [ 00046f7c ]  000237be          *   00000001   --HOLE-- [fill = 0]


GLOBAL SYMBOLS: SORTED ALPHABETICALLY BY Name 

abs. value/
byte addr   word addr   name
---------   ---------   ----
00000002                $TI_capability$C5500$CallingConvention
00000002                $TI_capability$C5500$MemoryModel
00000001                $TI_capability_requires_rev3
            00004000    .bss
            00000160    .data
00040000                .text
0004667c                C$$EXIT
00045ba7                C$$IO$$
00046525                I$$DIV
0004663c                I$$LMPY
00046544                I$$MOD
000465bf                I$$UDIV
000465d4                I$$UMOD
00042e5b                _HOSTclock
00042df0                _HOSTclose
00042d3b                _HOSTlseek
00042c9c                _HOSTopen
00042c0f                _HOSTread
00042b61                _HOSTrename
00042b03                _HOSTtime
00042a99                _HOSTunlink
00042a0c                _HOSTwrite
000000c0                _Reset
            000235f4    __CIOBUF_
            00001260    __STACK_END
00000200                __STACK_SIZE
00002000                __SYSMEM_SIZE
00000100                __SYSSTACK_SIZE
ffffffff                ___binit__
            00004000    ___bss__
ffffffff                ___c_args__
            00023714    ___cinit__
            00000160    ___data__
            00000160    ___edata__
            000042ec    ___end__
00046684                ___etext__
0004660c                ___isinf
ffffffff                ___pinit__
00040000                ___text__
00044414                __addd
000463ca                __args_main
00045bac                __buff_read
00044058                __cleanup
            000042e8    __cleanup_ptr
0004505d                __cmpd
            00023342    __ctypes_
00043390                __divd
00046525                __divi
00046460                __divli
000443df                __divlli
000465bf                __divu
00045d00                __divul
000442eb                __divull
00045a30                __doflush
            000042ea    __dtors_ptr
00045029                __eqld
00046595                __fixdi
000460b6                __fixdli
0004626a                __fltlid
00045fce                __frcmpyd
00045968                __frcmpyd_div
            00004118    __ft_end
            00004000    __ftable
00044fdf                __geqd
00044f94                __gtrd
00044f47                __leqd
            000042e4    __lock
00044eff                __lssd
0004554a                __mpyd
0004663c                __mpyli
00044233                __mpylli
00046661                __negd
00044ecb                __neqd
0004665f                __nop
00041356                __printfi
0004590b                __rd_ok
00046657                __register_lock
0004664f                __register_unlock
00046544                __remi
00046415                __remli
00044204                __remlli
000465d4                __remu
00046044                __remul
000441b6                __remull
00041f46                __scanfi
            00001160    __stack
00046628                __subd
            00000160    __sys_memory
            00001260    __sysstack
            00004078    __tmpnams
            000042e6    __unlock
0004588b                __wrt_ok
0004667b                _abort
000428a1                _add_device
000462d1                _atoi
0004637d                _auto_init
00046561                _c_int00
00043348                _calloc
00043340                _chkheap
0004282e                _close
00046194                _dualMacFir
            00023528    _dualMacFirCoef
            000041e9    _errno
000464e7                _exit
00045f53                _fclose
00045a99                _fflush
00045da1                _fgetc
00042825                _find_registered_device
0004417b                _fopen
00045c5a                _fputc
00045286                _fputs
00045696                _fread
00042eb9                _free
000432ea                _free_memory
000440b2                _freopen
00045425                _fscanf
000461ff                _fseek
00044cdd                _fwrite
00045da1                _getc
00045e2d                _getchar
00042991                _getenv
000427bf                _lseek
00045ed6                _ltoa
000448b8                _main
00042fea                _malloc
00043290                _max_free
000465e9                _memccpy
000464a8                _memcpy
00042f85                _minit
00042700                _open
0004632d                _printf
00045c5a                _putc
00045cf1                _putchar
000453bb                _puts
00042652                _read
00046125                _readmsg
000430df                _realloc
00046671                _remove
0004261c                _remove_device
000425c3                _rename
000453e9                _scanf
000457a5                _setvbuf
000439db                _strtod
00044ad5                _strtol
00043c98                _strtold
000436da                _strtoll
000450b5                _strtoul
0004466d                _strtoull
00045e3c                _ungetc
00042590                _unlink
            0000423a    _w
0004244e                _write
00045af2                _writemsg
            000041ea    _y
ffffffff                binit
            00023714    cinit
            00000160    edata
            000042ec    end
00046684                etext
ffffffff                pinit


GLOBAL SYMBOLS: SORTED BY Symbol Address 

abs. value/
byte addr   word addr   name
---------   ---------   ----
00000001                $TI_capability_requires_rev3
00000002                $TI_capability$C5500$CallingConvention
00000002                $TI_capability$C5500$MemoryModel
000000c0                _Reset
00000100                __SYSSTACK_SIZE
00000200                __STACK_SIZE
            00000160    .data
            00000160    ___data__
            00000160    ___edata__
            00000160    __sys_memory
            00000160    edata
00002000                __SYSMEM_SIZE
            00001160    __stack
            00001260    __STACK_END
            00001260    __sysstack
            00004000    .bss
            00004000    ___bss__
            00004000    __ftable
            00004078    __tmpnams
            00004118    __ft_end
            000041e9    _errno
            000041ea    _y
            0000423a    _w
            000042e4    __lock
            000042e6    __unlock
            000042e8    __cleanup_ptr
            000042ea    __dtors_ptr
            000042ec    ___end__
            000042ec    end
00040000                .text
00040000                ___text__
00041356                __printfi
00041f46                __scanfi
0004244e                _write
00042590                _unlink
000425c3                _rename
0004261c                _remove_device
00042652                _read
00042700                _open
000427bf                _lseek
00042825                _find_registered_device
0004282e                _close
000428a1                _add_device
00042991                _getenv
00042a0c                _HOSTwrite
00042a99                _HOSTunlink
00042b03                _HOSTtime
00042b61                _HOSTrename
00042c0f                _HOSTread
00042c9c                _HOSTopen
00042d3b                _HOSTlseek
00042df0                _HOSTclose
00042e5b                _HOSTclock
00042eb9                _free
00042f85                _minit
00042fea                _malloc
000430df                _realloc
00043290                _max_free
000432ea                _free_memory
00043340                _chkheap
00043348                _calloc
00043390                __divd
000436da                _strtoll
000439db                _strtod
00043c98                _strtold
00044058                __cleanup
000440b2                _freopen
0004417b                _fopen
000441b6                __remull
00044204                __remlli
00044233                __mpylli
000442eb                __divull
000443df                __divlli
00044414                __addd
0004466d                _strtoull
000448b8                _main
00044ad5                _strtol
00044cdd                _fwrite
00044ecb                __neqd
00044eff                __lssd
00044f47                __leqd
00044f94                __gtrd
00044fdf                __geqd
00045029                __eqld
0004505d                __cmpd
000450b5                _strtoul
00045286                _fputs
000453bb                _puts
000453e9                _scanf
00045425                _fscanf
0004554a                __mpyd
00045696                _fread
000457a5                _setvbuf
0004588b                __wrt_ok
0004590b                __rd_ok
00045968                __frcmpyd_div
00045a30                __doflush
00045a99                _fflush
00045af2                _writemsg
00045ba7                C$$IO$$
00045bac                __buff_read
00045c5a                _fputc
00045c5a                _putc
00045cf1                _putchar
00045d00                __divul
00045da1                _fgetc
00045da1                _getc
00045e2d                _getchar
00045e3c                _ungetc
00045ed6                _ltoa
00045f53                _fclose
00045fce                __frcmpyd
00046044                __remul
000460b6                __fixdli
00046125                _readmsg
00046194                _dualMacFir
000461ff                _fseek
0004626a                __fltlid
000462d1                _atoi
0004632d                _printf
0004637d                _auto_init
000463ca                __args_main
00046415                __remli
00046460                __divli
000464a8                _memcpy
000464e7                _exit
00046525                I$$DIV
00046525                __divi
00046544                I$$MOD
00046544                __remi
00046561                _c_int00
00046595                __fixdi
000465bf                I$$UDIV
000465bf                __divu
000465d4                I$$UMOD
000465d4                __remu
000465e9                _memccpy
0004660c                ___isinf
00046628                __subd
0004663c                I$$LMPY
0004663c                __mpyli
0004664f                __register_unlock
00046657                __register_lock
0004665f                __nop
00046661                __negd
00046671                _remove
0004667b                _abort
0004667c                C$$EXIT
00046684                ___etext__
            00023342    __ctypes_
00046684                etext
            00023528    _dualMacFirCoef
            000235f4    __CIOBUF_
            00023714    ___cinit__
            00023714    cinit
ffffffff                ___binit__
ffffffff                ___c_args__
ffffffff                ___pinit__
ffffffff                binit
ffffffff                pinit

[160 symbols]
