******************************************************************************
              TMS320C55x Linker PC v4.3.8                      
******************************************************************************
>> Linked Tue Feb 26 17:18:52 2013

OUTPUT FILE NAME:   <sineGen.out>
ENTRY POINT SYMBOL: "_c_int00"  address: 00046199


MEMORY CONFIGURATION

         name            origin    length      used     unused   attr    fill
                        (bytes)   (bytes)    (bytes)   (bytes)
----------------------  --------  ---------  --------  --------  ----  --------
  MMR                   00000000   000000c0  00000000  000000c0  RWIX
  VECS                  000000c0   00000200  00000100  00000100  RWIX
  DARAM0                000002c0   00003d40  00002300  00001a40  RWIX
  DARAM1                00004000   00002000  00000000  00002000  RWIX
  DARAM2                00006000   00002000  00000000  00002000  RWIX
  DARAM3                00008000   00008000  00000558  00007aa8  RWIX
  SARAM0                00010000   00010000  00000000  00010000  RWIX
  SARAM1                00020000   00010000  00000000  00010000  RWIX
  SARAM2                00030000   00010000  00000000  00010000  RWIX
  SARAM3                00040000   00010000  00006905  000096fb  RWIX
  CE01                  00100000   00020000  00000000  00020000  RWIX
  CE02                  00120000   00020000  00000000  00020000  RWIX
  CE03                  00140000   00020000  00000000  00020000  RWIX
  CE1                   00400000   00100000  00000000  00100000  RWIX
  CE2                   00800000   00400000  00000000  00400000  RWIX
  CE3                   00c00000   003f8000  00000000  003f8000  RWIX
  PDROM                 00ff8000   00007f00  00000000  00007f00  RWIX


SECTION ALLOCATION MAP
(Addresses surrounded by []'s are displayed for convenience only!)

output                                                          attributes/
section   page  orgn(bytes) orgn(words) len(bytes) len(words)   input sections
--------  ----  ----------- ----------- ---------- ----------   --------------
vectors      0     000000c0  [ 00000060 ] 00000100          *   NOLOAD SECTION
                   000000c0  [ 00000060 ] 00000100          *   rts55x.lib : vectors.obj (vectors)

.sysmem      0   [ 000002c0 ]  00000160          *   00001000   UNINITIALIZED
                 [ 000002c0 ]  00000160          *   00001000   --HOLE--

.data        0   [ 000002c0 ]  00000160          *   00000000   UNINITIALIZED

.stack       0   [ 000022c0 ]  00001160          *   00000100   UNINITIALIZED
                 [ 000022c0 ]  00001160          *   00000100   --HOLE--

.sysstack 
*            0   [ 000024c0 ]  00001260          *   00000080   UNINITIALIZED
                 [ 000024c0 ]  00001260          *   00000080   --HOLE--

.bss         0   [ 00008000 ]  00004000          *   000002ac   UNINITIALIZED
                 [ 00008000 ]  00004000          *   00000119   rts55x.lib : defs.obj (.bss)
                 [ 00008232 ]  00004119          *   000000d0              : trgdrv.obj (.bss)
                 [ 000083d2 ]  000041e9          *   00000001              : fopen.obj (.bss)
                 [ 000083d4 ]  000041ea          *   00000071              : lowlev.obj (.bss)
                 [ 000084b6 ]  0000425b          *   0000002a   C55xx_csl.lib : csl_i2s.obj (.bss)
                 [ 0000850a ]  00004285          *   00000001   --HOLE--
                 [ 0000850c ]  00004286          *   00000012                 : csl_i2c.obj (.bss)
                 [ 00008530 ]  00004298          *   00000006   rts55x.lib : memory.obj (.bss)
                 [ 0000853c ]  0000429e          *   00000004   USBSTK_bsl.lib : usbstk5505_gpio.obj (.bss)
                 [ 00008544 ]  000042a2          *   00000004   rts55x.lib : _lock.obj (.bss)
                 [ 0000854c ]  000042a6          *   00000004              : exit.obj (.bss)
                 [ 00008554 ]  000042aa          *   00000002   USBSTK_bsl.lib : usbstk5505_i2s.obj (.bss)

.text        0     00040000  [ 00020000 ] 000062bd          *   
                   00040000  [ 00020000 ] 00001598          *   rts55x.lib : _printfi.obj (.text)
                   00041598  [ 00020acc ] 00000c3c          *   C55xx_csl.lib : csl_i2c.obj (.text)
                   000421d4  [ 000210ea ] 000009db          *                 : csl_i2s.obj (.text)
                   00042baf  [ 000215d7+] 0000068d          *                 : csl_gpio.obj (.text)
                   0004323c  [ 0002191e ] 00000543          *   rts55x.lib : lowlev.obj (.text)
                   0004377f  [ 00021bbf+] 00000528          *              : trgdrv.obj (.text)
                   00043ca7  [ 00021e53+] 000004b5          *              : memory.obj (.text)
                   0004415c  [ 000220ae ] 0000036c          *              : divd.obj (.text)
                   000444c8  [ 00022264 ] 0000027f          *              : fopen.obj (.text)
                   00044747  [ 000223a3+] 0000025e          *              : llmpy.obj (.text)
                   000449a5  [ 000224d2+] 00000259          *              : addd.obj (.text)
                   00044bfe  [ 000225ff ] 0000021a          *   initAIC3204.obj (.text)
                   00044e18  [ 0002270c ] 000001ea          *   rts55x.lib : cmpd.obj (.text)
                   00045002  [ 00022801 ] 00000163          *              : fputs.obj (.text)
                   00045165  [ 000228b2+] 0000014c          *              : mpyd.obj (.text)
                   000452b1  [ 00022958+] 00000119          *   tone.obj (.text)
                   000453ca  [ 000229e5 ] 00000107          *   USBSTK_bsl.lib : usbstk5505_i2s.obj (.text)
                   000454d1  [ 00022a68+] 000000e6          *   rts55x.lib : setvbuf.obj (.text)
                   000455b7  [ 00022adb+] 000000dd          *              : _io_perm.obj (.text)
                   00045694  [ 00022b4a ] 000000c8          *              : frcmpyd_div.obj (.text)
                   0004575c  [ 00022bae ] 000000c2          *              : fflush.obj (.text)
                   0004581e  [ 00022c0f ] 000000ba          *              : trgmsg.obj (.text:CIO_breakpoint)
                   000458d8  [ 00022c6c ] 000000a6          *              : fputc.obj (.text)
                   0004597e  [ 00022cbf ] 000000a1          *              : divul.obj (.text)
                   00045a1f  [ 00022d0f+] 0000008e          *   USBSTK_bsl.lib : usbstk5505_i2c.obj (.text)
                   00045aad  [ 00022d56+] 0000007d          *   rts55x.lib : ltoa.obj (.text)
                   00045b2a  [ 00022d95 ] 0000007b          *              : fclose.obj (.text)
                   00045ba5  [ 00022dd2+] 00000077          *   USBSTK_bsl.lib : usbstk5505_gpio.obj (.text)
                   00045c1c  [ 00022e0e ] 00000076          *   rts55x.lib : frcmpyd.obj (.text)
                   00045c92  [ 00022e49 ] 00000072          *              : remul.obj (.text)
                   00045d04  [ 00022e82 ] 0000006f          *              : fixdli.obj (.text)
                   00045d73  [ 00022eb9+] 0000006d          *              : trgmsg.obj (.text)
                   00045de0  [ 00022ef0 ] 0000006b          *              : fseek.obj (.text)
                   00045e4b  [ 00022f25+] 00000067          *              : fltlid.obj (.text)
                   00045eb2  [ 00022f59 ] 0000005c          *              : atoi.obj (.text)
                   00045f0e  [ 00022f87 ] 00000054          *   USBSTK_bsl.lib : usbstk5505.obj (.text)
                   00045f62  [ 00022fb1 ] 00000050          *   rts55x.lib : printf.obj (.text)
                   00045fb2  [ 00022fd9 ] 0000004d          *              : autoinit.obj (.text)
                   00045fff  [ 00022fff+] 0000004b          *              : args_main.obj (.text)
                   0004604a  [ 00023025 ] 0000004b          *              : remli.obj (.text)
                   00046095  [ 0002304a+] 00000048          *              : divli.obj (.text)
                   000460dd  [ 0002306e+] 0000003f          *              : memcpy.obj (.text)
                   0004611c  [ 0002308e ] 0000003f          *   sineGenTest.obj (.text)
                   0004615b  [ 000230ad+] 0000003e          *   rts55x.lib : exit.obj (.text)
                   00046199  [ 000230cc+] 00000034          *              : boot.obj (.text)
                   000461cd  [ 000230e6+] 0000002a          *              : fixdi.obj (.text)
                   000461f7  [ 000230fb+] 0000002a          *              : udiv.obj (.text)
                   00046221  [ 00023110+] 00000023          *              : memccpy.obj (.text)
                   00046244  [ 00023122 ] 0000001c          *              : isinf.obj (.text)
                   00046260  [ 00023130 ] 00000014          *              : subd.obj (.text)
                   00046274  [ 0002313a ] 00000013          *              : lmpy.obj (.text)
                   00046287  [ 00023143+] 00000012          *              : _lock.obj (.text)
                   00046299  [ 0002314c+] 00000010          *              : negd.obj (.text)
                   000462a9  [ 00023154+] 0000000a          *              : remove.obj (.text)
                   000462b3  [ 00023159+] 00000007          *              : exit.obj (.text:CIO_breakpoint)
                   000462ba  [ 0002315d ] 00000002          *              : vectors.obj (.text)
                   000462bc  [ 0002315e ] 00000001          *   --HOLE-- [fill = 20]

.const       0   [ 000462c0 ]  00023160          *   00000188   
                 [ 000462c0 ]  00023160          *   00000101   rts55x.lib : ctype.obj (.const:__ctypes_)
                 [ 000464c2 ]  00023261          *   00000001   --HOLE-- [fill = 0]
                 [ 000464c4 ]  00023262          *   00000040   sineGenTest.obj (.const:.string)
                 [ 00046544 ]  000232a2          *   00000024   rts55x.lib : _printfi.obj (.const:.string)
                 [ 0004658c ]  000232c6          *   0000000c              : _printfi.obj (.const)
                 [ 000465a4 ]  000232d2          *   00000008   sineGenTest.obj (.const:_$P$T0$1)
                 [ 000465b4 ]  000232da          *   00000008   rts55x.lib : divd.obj (.const:_initial_approx$1)
                 [ 000465c4 ]  000232e2          *   00000002              : fputs.obj (.const:.string)
                 [ 000465c8 ]  000232e4          *   00000002              : divd.obj (.const)
                 [ 000465cc ]  000232e6          *   00000002              : fltlid.obj (.const)

.cio         0   [ 000465d0 ]  000232e8          *   00000120   UNINITIALIZED
                 [ 000465d0 ]  000232e8          *   00000120   rts55x.lib : trgmsg.obj (.cio)

.cinit       0   [ 00046810 ]  00023408          *   0000007c   
                 [ 00046810 ]  00023408          *   0000002d   rts55x.lib : lowlev.obj (.cinit)
                 [ 0004686a ]  00023435          *   0000002a              : defs.obj (.cinit)
                 [ 000468be ]  0002345f          *   0000000a              : _lock.obj (.cinit)
                 [ 000468d2 ]  00023469          *   0000000a              : exit.obj (.cinit)
                 [ 000468e6 ]  00023473          *   00000008   C55xx_csl.lib : csl_i2s.obj (.cinit)
                 [ 000468f6 ]  0002347b          *   00000004   rts55x.lib : fopen.obj (.cinit)
                 [ 000468fe ]  0002347f          *   00000004              : memory.obj (.cinit)
                 [ 00046906 ]  00023483          *   00000001   --HOLE-- [fill = 0]


GLOBAL SYMBOLS: SORTED ALPHABETICALLY BY Name 

abs. value/
byte addr   word addr   name
---------   ---------   ----
00000002                $TI_capability$C5500$CallingConvention
00000002                $TI_capability$C5500$MemoryModel
00000001                $TI_capability_requires_rev3
            00004000    .bss
            00000160    .data
00040000                .text
000462b4                C$$EXIT
000458d3                C$$IO$$
00046274                I$$LMPY
000461f7                I$$UDIV
0004620c                I$$UMOD
00044bfe                _AIC3204_rset
0004309a                _GPIO_clearInt
00042bf3                _GPIO_close
00042c17                _GPIO_config
00042e4a                _GPIO_configBit
00042f92                _GPIO_disableInt
00043010                _GPIO_enableInt
00042c9c                _GPIO_getConfig
00042baf                _GPIO_open
00042d24                _GPIO_read
000431ad                _GPIO_reset
00043126                _GPIO_statusBit
00042da7                _GPIO_write
            0000429e    _GpioObj
00043c49                _HOSTclock
00043bde                _HOSTclose
00043b29                _HOSTlseek
00043a8a                _HOSTopen
000439fd                _HOSTread
0004394f                _HOSTrename
000438f1                _HOSTtime
00043887                _HOSTunlink
000437fa                _HOSTwrite
00041641                _I2C_config
0004200c                _I2C_eventDisable
00041ed8                _I2C_eventEnable
000417a6                _I2C_getConfig
000421b8                _I2C_getEventId
00041598                _I2C_init
00041cba                _I2C_read
0004212b                _I2C_setCallback
0004187c                _I2C_setup
00041a76                _I2C_write
000425fe                _I2S_close
000421d4                _I2S_open
000426a9                _I2S_read
00042ab9                _I2S_reset
00042317                _I2S_setup
00042b64                _I2S_transEnable
00042963                _I2S_write
00044c28                _Init_AIC3204
000000c0                _Reset
00045bfe                _USBSTK5505_GPIO_getInput
00045ba5                _USBSTK5505_GPIO_init
00045bc0                _USBSTK5505_GPIO_setDirection
00045be4                _USBSTK5505_GPIO_setOutput
00045a1f                _USBSTK5505_I2C_init
00045a85                _USBSTK5505_I2C_read
00045a54                _USBSTK5505_I2C_reset
00045a5f                _USBSTK5505_I2C_write
000454bf                _USBSTK5505_I2S_close
000453ca                _USBSTK5505_I2S_init
00045423                _USBSTK5505_I2S_readLeft
00045482                _USBSTK5505_I2S_readRight
00045455                _USBSTK5505_I2S_writeLeft
000454a3                _USBSTK5505_I2S_writeRight
00045f54                _USBSTK5505_init
00045f0e                _USBSTK5505_wait
00045f42                _USBSTK5505_waitusec
            000232e8    __CIOBUF_
            00001260    __STACK_END
00000200                __STACK_SIZE
00002000                __SYSMEM_SIZE
00000100                __SYSSTACK_SIZE
ffffffff                ___binit__
            00004000    ___bss__
ffffffff                ___c_args__
            00023408    ___cinit__
            00000160    ___data__
            00000160    ___edata__
            000042ac    ___end__
000462bd                ___etext__
00046244                ___isinf
ffffffff                ___pinit__
00040000                ___text__
000449a5                __addd
00045fff                __args_main
000445e9                __cleanup
            000042a6    __cleanup_ptr
00044faa                __cmpd
            00023160    __ctypes_
0004417e                __divd
00046095                __divli
00044970                __divlli
000461f7                __divu
0004597e                __divul
0004487c                __divull
0004575c                __doflush
            000042a8    __dtors_ptr
00044f76                __eqld
000461cd                __fixdi
00045d04                __fixdli
00045e4b                __fltlid
00045c1c                __frcmpyd
00045694                __frcmpyd_div
            00004118    __ft_end
            00004000    __ftable
00044f2c                __geqd
00044ee1                __gtrd
00044e94                __leqd
            000042a2    __lock
00044e4c                __lssd
00045165                __mpyd
00046274                __mpyli
000447c4                __mpylli
00046299                __negd
00044e18                __neqd
00046297                __nop
00041356                __printfi
00045637                __rd_ok
0004628f                __register_lock
00046287                __register_unlock
0004604a                __remli
00044795                __remlli
0004620c                __remu
00045c92                __remul
00044747                __remull
            00001160    __stack
00046260                __subd
            00000160    __sys_memory
            00001260    __sysstack
            00004078    __tmpnams
            000042a4    __unlock
000455b7                __wrt_ok
000462b3                _abort
0004368f                _add_device
00045eb2                _atoi
00045fb2                _auto_init
00046199                _c_int00
00044136                _calloc
0004412e                _chkheap
0004361c                _close
0004615b                _exit
00045b2a                _fclose
000457c5                _fflush
00043613                _find_registered_device
0004470c                _fopen
000458d8                _fputc
00045002                _fputs
00043ca7                _free
000440d8                _free_memory
00044643                _freopen
            00004283    _fsError
00045de0                _fseek
            00004286    _gI2cObj
0004377f                _getenv
            000042a0    _hGpio
            000042aa    _hI2s
            00004296    _i2cHandle
000435ad                _lseek
00045aad                _ltoa
0004611c                _main
00043dd8                _malloc
0004407e                _max_free
00046221                _memccpy
000460dd                _memcpy
00043d73                _minit
000434ee                _open
            00004284    _ouError
00045f62                _printf
000458d8                _putc
0004596f                _putchar
00045137                _puts
00043440                _read
00045d73                _readmsg
00043ecd                _realloc
000462a9                _remove
0004340a                _remove_device
000433b1                _rename
000454d1                _setvbuf
000452b1                _tone
0004337e                _unlink
0004323c                _write
0004581e                _writemsg
ffffffff                binit
            00023408    cinit
            00000160    edata
            000042ac    end
000462bd                etext
ffffffff                pinit


GLOBAL SYMBOLS: SORTED BY Symbol Address 

abs. value/
byte addr   word addr   name
---------   ---------   ----
00000001                $TI_capability_requires_rev3
00000002                $TI_capability$C5500$CallingConvention
00000002                $TI_capability$C5500$MemoryModel
000000c0                _Reset
00000100                __SYSSTACK_SIZE
00000200                __STACK_SIZE
            00000160    .data
            00000160    ___data__
            00000160    ___edata__
            00000160    __sys_memory
            00000160    edata
00002000                __SYSMEM_SIZE
            00001160    __stack
            00001260    __STACK_END
            00001260    __sysstack
            00004000    .bss
            00004000    ___bss__
            00004000    __ftable
            00004078    __tmpnams
            00004118    __ft_end
            00004283    _fsError
            00004284    _ouError
            00004286    _gI2cObj
            00004296    _i2cHandle
            0000429e    _GpioObj
            000042a0    _hGpio
            000042a2    __lock
            000042a4    __unlock
            000042a6    __cleanup_ptr
            000042a8    __dtors_ptr
            000042aa    _hI2s
            000042ac    ___end__
            000042ac    end
00040000                .text
00040000                ___text__
00041356                __printfi
00041598                _I2C_init
00041641                _I2C_config
000417a6                _I2C_getConfig
0004187c                _I2C_setup
00041a76                _I2C_write
00041cba                _I2C_read
00041ed8                _I2C_eventEnable
0004200c                _I2C_eventDisable
0004212b                _I2C_setCallback
000421b8                _I2C_getEventId
000421d4                _I2S_open
00042317                _I2S_setup
000425fe                _I2S_close
000426a9                _I2S_read
00042963                _I2S_write
00042ab9                _I2S_reset
00042b64                _I2S_transEnable
00042baf                _GPIO_open
00042bf3                _GPIO_close
00042c17                _GPIO_config
00042c9c                _GPIO_getConfig
00042d24                _GPIO_read
00042da7                _GPIO_write
00042e4a                _GPIO_configBit
00042f92                _GPIO_disableInt
00043010                _GPIO_enableInt
0004309a                _GPIO_clearInt
00043126                _GPIO_statusBit
000431ad                _GPIO_reset
0004323c                _write
0004337e                _unlink
000433b1                _rename
0004340a                _remove_device
00043440                _read
000434ee                _open
000435ad                _lseek
00043613                _find_registered_device
0004361c                _close
0004368f                _add_device
0004377f                _getenv
000437fa                _HOSTwrite
00043887                _HOSTunlink
000438f1                _HOSTtime
0004394f                _HOSTrename
000439fd                _HOSTread
00043a8a                _HOSTopen
00043b29                _HOSTlseek
00043bde                _HOSTclose
00043c49                _HOSTclock
00043ca7                _free
00043d73                _minit
00043dd8                _malloc
00043ecd                _realloc
0004407e                _max_free
000440d8                _free_memory
0004412e                _chkheap
00044136                _calloc
0004417e                __divd
000445e9                __cleanup
00044643                _freopen
0004470c                _fopen
00044747                __remull
00044795                __remlli
000447c4                __mpylli
0004487c                __divull
00044970                __divlli
000449a5                __addd
00044bfe                _AIC3204_rset
00044c28                _Init_AIC3204
00044e18                __neqd
00044e4c                __lssd
00044e94                __leqd
00044ee1                __gtrd
00044f2c                __geqd
00044f76                __eqld
00044faa                __cmpd
00045002                _fputs
00045137                _puts
00045165                __mpyd
000452b1                _tone
000453ca                _USBSTK5505_I2S_init
00045423                _USBSTK5505_I2S_readLeft
00045455                _USBSTK5505_I2S_writeLeft
00045482                _USBSTK5505_I2S_readRight
000454a3                _USBSTK5505_I2S_writeRight
000454bf                _USBSTK5505_I2S_close
000454d1                _setvbuf
000455b7                __wrt_ok
00045637                __rd_ok
00045694                __frcmpyd_div
0004575c                __doflush
000457c5                _fflush
0004581e                _writemsg
000458d3                C$$IO$$
000458d8                _fputc
000458d8                _putc
0004596f                _putchar
0004597e                __divul
00045a1f                _USBSTK5505_I2C_init
00045a54                _USBSTK5505_I2C_reset
00045a5f                _USBSTK5505_I2C_write
00045a85                _USBSTK5505_I2C_read
00045aad                _ltoa
00045b2a                _fclose
00045ba5                _USBSTK5505_GPIO_init
00045bc0                _USBSTK5505_GPIO_setDirection
00045be4                _USBSTK5505_GPIO_setOutput
00045bfe                _USBSTK5505_GPIO_getInput
00045c1c                __frcmpyd
00045c92                __remul
00045d04                __fixdli
00045d73                _readmsg
00045de0                _fseek
00045e4b                __fltlid
00045eb2                _atoi
00045f0e                _USBSTK5505_wait
00045f42                _USBSTK5505_waitusec
00045f54                _USBSTK5505_init
00045f62                _printf
00045fb2                _auto_init
00045fff                __args_main
0004604a                __remli
00046095                __divli
000460dd                _memcpy
0004611c                _main
0004615b                _exit
00046199                _c_int00
000461cd                __fixdi
000461f7                I$$UDIV
000461f7                __divu
0004620c                I$$UMOD
0004620c                __remu
00046221                _memccpy
00046244                ___isinf
00046260                __subd
00046274                I$$LMPY
00046274                __mpyli
00046287                __register_unlock
0004628f                __register_lock
00046297                __nop
00046299                __negd
000462a9                _remove
000462b3                _abort
000462b4                C$$EXIT
000462bd                ___etext__
000462bd                etext
            00023160    __ctypes_
            000232e8    __CIOBUF_
            00023408    ___cinit__
            00023408    cinit
ffffffff                ___binit__
ffffffff                ___c_args__
ffffffff                ___pinit__
ffffffff                binit
ffffffff                pinit

[191 symbols]
