******************************************************************************
              TMS320C55x Linker PC v4.3.8                      
******************************************************************************
>> Linked Tue Feb 26 16:32:21 2013

OUTPUT FILE NAME:   <appC_examples.out>
ENTRY POINT SYMBOL: "_c_int00"  address: 00044059


MEMORY CONFIGURATION

         name            origin    length      used     unused   attr    fill
                        (bytes)   (bytes)    (bytes)   (bytes)
----------------------  --------  ---------  --------  --------  ----  --------
  MMR                   00000000   000000c0  00000000  000000c0  RWIX
  VECS                  000000c0   00000200  00000100  00000100  RWIX
  DARAM0                000002c0   00003d40  00002300  00001a40  RWIX
  DARAM1                00004000   00002000  00000000  00002000  RWIX
  DARAM2                00006000   00002000  00000000  00002000  RWIX
  DARAM3                00008000   00008000  000004d4  00007b2c  RWIX
  SARAM0                00010000   00010000  00000000  00010000  RWIX
  SARAM1                00020000   00010000  00000000  00010000  RWIX
  SARAM2                00030000   00010000  00000000  00010000  RWIX
  SARAM3                00040000   00010000  00004795  0000b86b  RWIX
  CE01                  00100000   00020000  00000000  00020000  RWIX
  CE02                  00120000   00020000  00000000  00020000  RWIX
  CE03                  00140000   00020000  00000000  00020000  RWIX
  CE1                   00400000   00100000  00000000  00100000  RWIX
  CE2                   00800000   00400000  00000000  00400000  RWIX
  CE3                   00c00000   003f8000  00000000  003f8000  RWIX
  PDROM                 00ff8000   00007f00  00000000  00007f00  RWIX


SECTION ALLOCATION MAP
(Addresses surrounded by []'s are displayed for convenience only!)

output                                                          attributes/
section   page  orgn(bytes) orgn(words) len(bytes) len(words)   input sections
--------  ----  ----------- ----------- ---------- ----------   --------------
vectors      0     000000c0  [ 00000060 ] 00000100          *   NOLOAD SECTION
                   000000c0  [ 00000060 ] 00000100          *   rts55x.lib : vectors.obj (vectors)

.sysmem      0   [ 000002c0 ]  00000160          *   00001000   UNINITIALIZED
                 [ 000002c0 ]  00000160          *   00001000   --HOLE--

.data        0   [ 000002c0 ]  00000160          *   00000000   UNINITIALIZED

.stack       0   [ 000022c0 ]  00001160          *   00000100   UNINITIALIZED
                 [ 000022c0 ]  00001160          *   00000100   --HOLE--

.sysstack 
*            0   [ 000024c0 ]  00001260          *   00000080   UNINITIALIZED
                 [ 000024c0 ]  00001260          *   00000080   --HOLE--

.bss         0   [ 00008000 ]  00004000          *   0000026a   UNINITIALIZED
                 [ 00008000 ]  00004000          *   00000119   rts55x.lib : defs.obj (.bss)
                 [ 00008232 ]  00004119          *   000000d0              : trgdrv.obj (.bss)
                 [ 000083d2 ]  000041e9          *   00000001              : fopen.obj (.bss)
                 [ 000083d4 ]  000041ea          *   00000071              : lowlev.obj (.bss)
                 [ 000084b6 ]  0000425b          *   00000001   --HOLE--
                 [ 000084b8 ]  0000425c          *   00000006              : memory.obj (.bss)
                 [ 000084c4 ]  00004262          *   00000004              : _lock.obj (.bss)
                 [ 000084cc ]  00004266          *   00000004              : exit.obj (.bss)

.text        0     00040000  [ 00020000 ] 0000417d          *   
                   00040000  [ 00020000 ] 00001598          *   rts55x.lib : _printfi.obj (.text)
                   00041598  [ 00020acc ] 00000543          *              : lowlev.obj (.text)
                   00041adb  [ 00020d6d+] 00000528          *              : trgdrv.obj (.text)
                   00042003  [ 00021001+] 000004b5          *              : memory.obj (.text)
                   000424b8  [ 0002125c ] 0000036c          *              : divd.obj (.text)
                   00042824  [ 00021412 ] 0000027f          *              : fopen.obj (.text)
                   00042aa3  [ 00021551+] 0000025e          *              : llmpy.obj (.text)
                   00042d01  [ 00021680+] 00000259          *              : addd.obj (.text)
                   00042f5a  [ 000217ad ] 000001ea          *              : cmpd.obj (.text)
                   00043144  [ 000218a2 ] 00000163          *              : fputs.obj (.text)
                   000432a7  [ 00021953+] 0000014c          *              : mpyd.obj (.text)
                   000433f3  [ 000219f9+] 000000e6          *              : setvbuf.obj (.text)
                   000434d9  [ 00021a6c+] 000000e2          *   Examples.obj (.text)
                   000435bb  [ 00021add+] 000000dd          *   rts55x.lib : _io_perm.obj (.text)
                   00043698  [ 00021b4c ] 000000c8          *              : frcmpyd_div.obj (.text)
                   00043760  [ 00021bb0 ] 000000c2          *              : fflush.obj (.text)
                   00043822  [ 00021c11 ] 000000ba          *              : trgmsg.obj (.text:CIO_breakpoint)
                   000438dc  [ 00021c6e ] 000000a6          *              : fputc.obj (.text)
                   00043982  [ 00021cc1 ] 000000a1          *              : divul.obj (.text)
                   00043a23  [ 00021d11+] 0000007d          *              : ltoa.obj (.text)
                   00043aa0  [ 00021d50 ] 0000007b          *              : fclose.obj (.text)
                   00043b1b  [ 00021d8d+] 00000076          *              : frcmpyd.obj (.text)
                   00043b91  [ 00021dc8+] 00000072          *              : remul.obj (.text)
                   00043c03  [ 00021e01+] 0000006f          *              : fixdli.obj (.text)
                   00043c72  [ 00021e39 ] 0000006d          *              : trgmsg.obj (.text)
                   00043cdf  [ 00021e6f+] 0000006b          *              : fseek.obj (.text)
                   00043d4a  [ 00021ea5 ] 00000067          *              : fltlid.obj (.text)
                   00043db1  [ 00021ed8+] 0000005c          *              : atoi.obj (.text)
                   00043e0d  [ 00021f06+] 00000054          *   appC_examplesTest.obj (.text)
                   00043e61  [ 00021f30+] 00000050          *   rts55x.lib : printf.obj (.text)
                   00043eb1  [ 00021f58+] 0000004d          *              : autoinit.obj (.text)
                   00043efe  [ 00021f7f ] 0000004b          *              : args_main.obj (.text)
                   00043f49  [ 00021fa4+] 0000004b          *              : remli.obj (.text)
                   00043f94  [ 00021fca ] 00000048          *              : divli.obj (.text)
                   00043fdc  [ 00021fee ] 0000003f          *              : memcpy.obj (.text)
                   0004401b  [ 0002200d+] 0000003e          *              : exit.obj (.text)
                   00044059  [ 0002202c+] 00000034          *              : boot.obj (.text)
                   0004408d  [ 00022046+] 0000002a          *              : fixdi.obj (.text)
                   000440b7  [ 0002205b+] 0000002a          *              : udiv.obj (.text)
                   000440e1  [ 00022070+] 00000023          *              : memccpy.obj (.text)
                   00044104  [ 00022082 ] 0000001c          *              : isinf.obj (.text)
                   00044120  [ 00022090 ] 00000014          *              : subd.obj (.text)
                   00044134  [ 0002209a ] 00000013          *              : lmpy.obj (.text)
                   00044147  [ 000220a3+] 00000012          *              : _lock.obj (.text)
                   00044159  [ 000220ac+] 00000010          *              : negd.obj (.text)
                   00044169  [ 000220b4+] 0000000a          *              : remove.obj (.text)
                   00044173  [ 000220b9+] 00000007          *              : exit.obj (.text:CIO_breakpoint)
                   0004417a  [ 000220bd ] 00000002          *              : vectors.obj (.text)
                   0004417c  [ 000220be ] 00000001          *   --HOLE-- [fill = 20]

.const       0   [ 00044180 ]  000220c0          *   00000178   
                 [ 00044180 ]  000220c0          *   00000101   rts55x.lib : ctype.obj (.const:__ctypes_)
                 [ 00044382 ]  000221c1          *   00000001   --HOLE-- [fill = 0]
                 [ 00044384 ]  000221c2          *   00000038   appC_examplesTest.obj (.const:.string)
                 [ 000443f4 ]  000221fa          *   00000024   rts55x.lib : _printfi.obj (.const:.string)
                 [ 0004443c ]  0002221e          *   0000000c              : _printfi.obj (.const)
                 [ 00044454 ]  0002222a          *   00000008              : divd.obj (.const:_initial_approx$1)
                 [ 00044464 ]  00022232          *   00000002              : fputs.obj (.const:.string)
                 [ 00044468 ]  00022234          *   00000002              : divd.obj (.const)
                 [ 0004446c ]  00022236          *   00000002              : fltlid.obj (.const)

.cio         0   [ 00044470 ]  00022238          *   00000120   UNINITIALIZED
                 [ 00044470 ]  00022238          *   00000120   rts55x.lib : trgmsg.obj (.cio)

.cinit       0   [ 000446b0 ]  00022358          *   00000074   
                 [ 000446b0 ]  00022358          *   0000002d   rts55x.lib : lowlev.obj (.cinit)
                 [ 0004470a ]  00022385          *   0000002a              : defs.obj (.cinit)
                 [ 0004475e ]  000223af          *   0000000a              : _lock.obj (.cinit)
                 [ 00044772 ]  000223b9          *   0000000a              : exit.obj (.cinit)
                 [ 00044786 ]  000223c3          *   00000004              : fopen.obj (.cinit)
                 [ 0004478e ]  000223c7          *   00000004              : memory.obj (.cinit)
                 [ 00044796 ]  000223cb          *   00000001   --HOLE-- [fill = 0]


GLOBAL SYMBOLS: SORTED ALPHABETICALLY BY Name 

abs. value/
byte addr   word addr   name
---------   ---------   ----
00000002                $TI_capability$C5500$CallingConvention
00000002                $TI_capability$C5500$MemoryModel
00000001                $TI_capability_requires_rev3
            00004000    .bss
            00000160    .data
00040000                .text
00044174                C$$EXIT
000438d7                C$$IO$$
00044134                I$$LMPY
000440b7                I$$UDIV
000440cc                I$$UMOD
000434d9                _Example_C1
00043527                _Example_C10
0004352b                _Example_C11
00043546                _Example_C12
000434e2                _Example_C2
000434e6                _Example_C3
000434eb                _Example_C4
000434f1                _Example_C5
000434f8                _Example_C6
000434fd                _Example_C7
00043506                _Example_C8
0004350b                _Example_C9
00043561                _Example_init
00041fa5                _HOSTclock
00041f3a                _HOSTclose
00041e85                _HOSTlseek
00041de6                _HOSTopen
00041d59                _HOSTread
00041cab                _HOSTrename
00041c4d                _HOSTtime
00041be3                _HOSTunlink
00041b56                _HOSTwrite
000000c0                _Reset
            00022238    __CIOBUF_
            00001260    __STACK_END
00000200                __STACK_SIZE
00002000                __SYSMEM_SIZE
00000100                __SYSSTACK_SIZE
ffffffff                ___binit__
            00004000    ___bss__
ffffffff                ___c_args__
            00022358    ___cinit__
            00000160    ___data__
            00000160    ___edata__
            0000426a    ___end__
0004417d                ___etext__
00044104                ___isinf
ffffffff                ___pinit__
00040000                ___text__
00042d01                __addd
00043efe                __args_main
00042945                __cleanup
            00004266    __cleanup_ptr
000430ec                __cmpd
            000220c0    __ctypes_
000424da                __divd
00043f94                __divli
00042ccc                __divlli
000440b7                __divu
00043982                __divul
00042bd8                __divull
00043760                __doflush
            00004268    __dtors_ptr
000430b8                __eqld
0004408d                __fixdi
00043c03                __fixdli
00043d4a                __fltlid
00043b1b                __frcmpyd
00043698                __frcmpyd_div
            00004118    __ft_end
            00004000    __ftable
0004306e                __geqd
00043023                __gtrd
00042fd6                __leqd
            00004262    __lock
00042f8e                __lssd
000432a7                __mpyd
00044134                __mpyli
00042b20                __mpylli
00044159                __negd
00042f5a                __neqd
00044157                __nop
00041356                __printfi
0004363b                __rd_ok
0004414f                __register_lock
00044147                __register_unlock
00043f49                __remli
00042af1                __remlli
000440cc                __remu
00043b91                __remul
00042aa3                __remull
            00001160    __stack
00044120                __subd
            00000160    __sys_memory
            00001260    __sysstack
            00004078    __tmpnams
            00004264    __unlock
000435bb                __wrt_ok
00044173                _abort
000419eb                _add_device
00043db1                _atoi
00043eb1                _auto_init
00044059                _c_int00
00042492                _calloc
0004248a                _chkheap
00041978                _close
0004401b                _exit
00043aa0                _fclose
000437c9                _fflush
0004196f                _find_registered_device
00042a68                _fopen
000438dc                _fputc
00043144                _fputs
00042003                _free
00042434                _free_memory
0004299f                _freopen
00043cdf                _fseek
00041adb                _getenv
00041909                _lseek
00043a23                _ltoa
00043e0d                _main
00042134                _malloc
000423da                _max_free
000440e1                _memccpy
00043fdc                _memcpy
000420cf                _minit
0004184a                _open
00043e61                _printf
000438dc                _putc
00043973                _putchar
00043279                _puts
0004179c                _read
00043c72                _readmsg
00042229                _realloc
00044169                _remove
00041766                _remove_device
0004170d                _rename
000433f3                _setvbuf
000416da                _unlink
00041598                _write
00043822                _writemsg
ffffffff                binit
            00022358    cinit
            00000160    edata
            0000426a    end
0004417d                etext
ffffffff                pinit


GLOBAL SYMBOLS: SORTED BY Symbol Address 

abs. value/
byte addr   word addr   name
---------   ---------   ----
00000001                $TI_capability_requires_rev3
00000002                $TI_capability$C5500$CallingConvention
00000002                $TI_capability$C5500$MemoryModel
000000c0                _Reset
00000100                __SYSSTACK_SIZE
00000200                __STACK_SIZE
            00000160    .data
            00000160    ___data__
            00000160    ___edata__
            00000160    __sys_memory
            00000160    edata
00002000                __SYSMEM_SIZE
            00001160    __stack
            00001260    __STACK_END
            00001260    __sysstack
            00004000    .bss
            00004000    ___bss__
            00004000    __ftable
            00004078    __tmpnams
            00004118    __ft_end
            00004262    __lock
            00004264    __unlock
            00004266    __cleanup_ptr
            00004268    __dtors_ptr
            0000426a    ___end__
            0000426a    end
00040000                .text
00040000                ___text__
00041356                __printfi
00041598                _write
000416da                _unlink
0004170d                _rename
00041766                _remove_device
0004179c                _read
0004184a                _open
00041909                _lseek
0004196f                _find_registered_device
00041978                _close
000419eb                _add_device
00041adb                _getenv
00041b56                _HOSTwrite
00041be3                _HOSTunlink
00041c4d                _HOSTtime
00041cab                _HOSTrename
00041d59                _HOSTread
00041de6                _HOSTopen
00041e85                _HOSTlseek
00041f3a                _HOSTclose
00041fa5                _HOSTclock
00042003                _free
000420cf                _minit
00042134                _malloc
00042229                _realloc
000423da                _max_free
00042434                _free_memory
0004248a                _chkheap
00042492                _calloc
000424da                __divd
00042945                __cleanup
0004299f                _freopen
00042a68                _fopen
00042aa3                __remull
00042af1                __remlli
00042b20                __mpylli
00042bd8                __divull
00042ccc                __divlli
00042d01                __addd
00042f5a                __neqd
00042f8e                __lssd
00042fd6                __leqd
00043023                __gtrd
0004306e                __geqd
000430b8                __eqld
000430ec                __cmpd
00043144                _fputs
00043279                _puts
000432a7                __mpyd
000433f3                _setvbuf
000434d9                _Example_C1
000434e2                _Example_C2
000434e6                _Example_C3
000434eb                _Example_C4
000434f1                _Example_C5
000434f8                _Example_C6
000434fd                _Example_C7
00043506                _Example_C8
0004350b                _Example_C9
00043527                _Example_C10
0004352b                _Example_C11
00043546                _Example_C12
00043561                _Example_init
000435bb                __wrt_ok
0004363b                __rd_ok
00043698                __frcmpyd_div
00043760                __doflush
000437c9                _fflush
00043822                _writemsg
000438d7                C$$IO$$
000438dc                _fputc
000438dc                _putc
00043973                _putchar
00043982                __divul
00043a23                _ltoa
00043aa0                _fclose
00043b1b                __frcmpyd
00043b91                __remul
00043c03                __fixdli
00043c72                _readmsg
00043cdf                _fseek
00043d4a                __fltlid
00043db1                _atoi
00043e0d                _main
00043e61                _printf
00043eb1                _auto_init
00043efe                __args_main
00043f49                __remli
00043f94                __divli
00043fdc                _memcpy
0004401b                _exit
00044059                _c_int00
0004408d                __fixdi
000440b7                I$$UDIV
000440b7                __divu
000440cc                I$$UMOD
000440cc                __remu
000440e1                _memccpy
00044104                ___isinf
00044120                __subd
00044134                I$$LMPY
00044134                __mpyli
00044147                __register_unlock
0004414f                __register_lock
00044157                __nop
00044159                __negd
00044169                _remove
00044173                _abort
00044174                C$$EXIT
0004417d                ___etext__
0004417d                etext
            000220c0    __ctypes_
            00022238    __CIOBUF_
            00022358    ___cinit__
            00022358    cinit
ffffffff                ___binit__
ffffffff                ___c_args__
ffffffff                ___pinit__
ffffffff                binit
ffffffff                pinit

[148 symbols]
