******************************************************************************
              TMS320C55x Linker PC v4.3.8                      
******************************************************************************
>> Linked Tue Feb 26 17:28:48 2013

OUTPUT FILE NAME:   <CNG.out>
ENTRY POINT SYMBOL: "_c_int00"  address: 00044990


MEMORY CONFIGURATION

         name            origin    length      used     unused   attr    fill
                        (bytes)   (bytes)    (bytes)   (bytes)
----------------------  --------  ---------  --------  --------  ----  --------
  MMR                   00000000   000000c0  00000000  000000c0  RWIX
  VECS                  000000c0   00000100  00000100  00000000  RWIX
  DARAM0                000001c0   00003e40  00002300  00001b40  RWIX
  DARAM1                00004000   00002000  00000000  00002000  RWIX
  DARAM2                00006000   00002000  00000000  00002000  RWIX
  DARAM3                00008000   00008000  00001194  00006e6c  RWIX
  SARAM0                00010000   00010000  00000000  00010000  RWIX
  SARAM1                00020000   00010000  00000000  00010000  RWIX
  SARAM2                00030000   00010000  00000000  00010000  RWIX
  SARAM3                00040000   00010000  00005250  0000adb0  RWIX
  CE01                  00100000   00020000  00000000  00020000  RWIX
  CE02                  00120000   00020000  00000000  00020000  RWIX
  CE03                  00140000   00020000  00000000  00020000  RWIX
  CE1                   00400000   00100000  00000000  00100000  RWIX
  CE2                   00800000   00400000  00000000  00400000  RWIX
  CE3                   00c00000   003f8000  00000000  003f8000  RWIX
  PDROM                 00ff8000   00007f00  00000000  00007f00  RWIX


SECTION ALLOCATION MAP
(Addresses surrounded by []'s are displayed for convenience only!)

output                                                          attributes/
section   page  orgn(bytes) orgn(words) len(bytes) len(words)   input sections
--------  ----  ----------- ----------- ---------- ----------   --------------
vectors      0     000000c0  [ 00000060 ] 00000100          *   
                   000000c0  [ 00000060 ] 00000100          *   rts55x.lib : vectors.obj (vectors)

.sysmem      0   [ 000001c0 ]  000000e0          *   00001000   UNINITIALIZED
                 [ 000001c0 ]  000000e0          *   00001000   --HOLE--

.stack       0   [ 000021c0 ]  000010e0          *   00000100   UNINITIALIZED
                 [ 000021c0 ]  000010e0          *   00000100   --HOLE--

.sysstack 
*            0   [ 000023c0 ]  000011e0          *   00000080   UNINITIALIZED
                 [ 000023c0 ]  000011e0          *   00000080   --HOLE--

.data        0   [ 00004000 ]  00002000          *   00000000   UNINITIALIZED

.bss         0   [ 00008000 ]  00004000          *   000008ca   UNINITIALIZED
                 [ 00008000 ]  00004000          *   0000062c   cng_mainTest.obj (.bss)
                 [ 00008c58 ]  0000462c          *   00000119   rts55x.lib : defs.obj (.bss)
                 [ 00008e8a ]  00004745          *   000000d0              : trgdrv.obj (.bss)
                 [ 0000902a ]  00004815          *   00000001              : fopen.obj (.bss)
                 [ 0000902c ]  00004816          *   00000071              : lowlev.obj (.bss)
                 [ 0000910e ]  00004887          *   00000032   cng.obj (.bss)
                 [ 00009172 ]  000048b9          *   00000001   --HOLE--
                 [ 00009174 ]  000048ba          *   00000006   rts55x.lib : memory.obj (.bss)
                 [ 00009180 ]  000048c0          *   00000004              : _lock.obj (.bss)
                 [ 00009188 ]  000048c4          *   00000004              : exit.obj (.bss)
                 [ 00009190 ]  000048c8          *   00000002              : rand.obj (.bss)

.text        0     00040000  [ 00020000 ] 00004ac2          *   
                   00040000  [ 00020000 ] 00001598          *   rts55x.lib : _printfi.obj (.text)
                   00041598  [ 00020acc ] 00000543          *              : lowlev.obj (.text)
                   00041adb  [ 00020d6d+] 00000528          *              : trgdrv.obj (.text)
                   00042003  [ 00021001+] 000004b5          *              : memory.obj (.text)
                   000424b8  [ 0002125c ] 0000036c          *              : divd.obj (.text)
                   00042824  [ 00021412 ] 00000353          *   cng_mainTest.obj (.text)
                   00042b77  [ 000215bb+] 00000289          *   g711.obj (.text)
                   00042e00  [ 00021700 ] 0000027f          *   rts55x.lib : fopen.obj (.text)
                   0004307f  [ 0002183f+] 0000025e          *              : llmpy.obj (.text)
                   000432dd  [ 0002196e+] 00000259          *              : addd.obj (.text)
                   00043536  [ 00021a9b ] 000001ee          *              : fwrite.obj (.text)
                   00043724  [ 00021b92 ] 000001ea          *              : cmpd.obj (.text)
                   0004390e  [ 00021c87 ] 00000163          *              : fputs.obj (.text)
                   00043a71  [ 00021d38+] 0000014c          *              : mpyd.obj (.text)
                   00043bbd  [ 00021dde+] 0000010f          *              : fread.obj (.text)
                   00043ccc  [ 00021e66 ] 000000e6          *              : setvbuf.obj (.text)
                   00043db2  [ 00021ed9 ] 000000dd          *              : _io_perm.obj (.text)
                   00043e8f  [ 00021f47+] 000000c8          *              : frcmpyd_div.obj (.text)
                   00043f57  [ 00021fab+] 000000c2          *              : fflush.obj (.text)
                   00044019  [ 0002200c+] 000000ba          *              : trgmsg.obj (.text:CIO_breakpoint)
                   000440d3  [ 00022069+] 000000ae          *              : _bufread.obj (.text)
                   00044181  [ 000220c0+] 000000a6          *              : fputc.obj (.text)
                   00044227  [ 00022113+] 000000a1          *              : divul.obj (.text)
                   000442c8  [ 00022164 ] 00000086          *   cng.obj (.text)
                   0004434e  [ 000221a7 ] 0000007d          *   rts55x.lib : ltoa.obj (.text)
                   000443cb  [ 000221e5+] 0000007b          *              : fclose.obj (.text)
                   00044446  [ 00022223 ] 00000076          *              : frcmpyd.obj (.text)
                   000444bc  [ 0002225e ] 00000072          *              : remul.obj (.text)
                   0004452e  [ 00022297 ] 0000006f          *              : fixdli.obj (.text)
                   0004459d  [ 000222ce+] 0000006d          *              : trgmsg.obj (.text)
                   0004460a  [ 00022305 ] 0000006b          *              : fseek.obj (.text)
                   00044675  [ 0002233a+] 00000067          *              : fltlid.obj (.text)
                   000446dc  [ 0002236e ] 00000060          *              : rand.obj (.text)
                   0004473c  [ 0002239e ] 0000005c          *              : atoi.obj (.text)
                   00044798  [ 000223cc ] 00000050          *              : printf.obj (.text)
                   000447e8  [ 000223f4 ] 0000004d          *              : autoinit.obj (.text)
                   00044835  [ 0002241a+] 0000004b          *              : args_main.obj (.text)
                   00044880  [ 00022440 ] 0000004b          *              : remli.obj (.text)
                   000448cb  [ 00022465+] 00000048          *              : divli.obj (.text)
                   00044913  [ 00022489+] 0000003f          *              : memcpy.obj (.text)
                   00044952  [ 000224a9 ] 0000003e          *              : exit.obj (.text)
                   00044990  [ 000224c8 ] 00000034          *              : boot.obj (.text)
                   000449c4  [ 000224e2 ] 0000002a          *              : fixdi.obj (.text)
                   000449ee  [ 000224f7 ] 0000002a          *              : udiv.obj (.text)
                   00044a18  [ 0002250c ] 00000023          *              : memccpy.obj (.text)
                   00044a3b  [ 0002251d+] 0000001c          *              : isinf.obj (.text)
                   00044a57  [ 0002252b+] 00000014          *              : subd.obj (.text)
                   00044a6b  [ 00022535+] 00000013          *              : lmpy.obj (.text)
                   00044a7e  [ 0002253f ] 00000012          *              : _lock.obj (.text)
                   00044a90  [ 00022548 ] 00000010          *              : negd.obj (.text)
                   00044aa0  [ 00022550 ] 0000000e          *              : rewind.obj (.text)
                   00044aae  [ 00022557 ] 0000000a          *              : remove.obj (.text)
                   00044ab8  [ 0002255c ] 00000007          *              : exit.obj (.text:CIO_breakpoint)
                   00044abf  [ 0002255f+] 00000002          *              : vectors.obj (.text)
                   00044ac1  [ 00022560 ] 00000001          *   --HOLE-- [fill = 20]

.const       0   [ 00044ac4 ]  00022562          *   000001ca   
                 [ 00044ac4 ]  00022562          *   00000101   rts55x.lib : ctype.obj (.const:__ctypes_)
                 [ 00044cc6 ]  00022663          *   00000001   --HOLE-- [fill = 0]
                 [ 00044cc8 ]  00022664          *   00000089   cng_mainTest.obj (.const:.string)
                 [ 00044dda ]  000226ed          *   00000001   --HOLE-- [fill = 0]
                 [ 00044ddc ]  000226ee          *   00000024   rts55x.lib : _printfi.obj (.const:.string)
                 [ 00044e24 ]  00022712          *   0000000c              : _printfi.obj (.const)
                 [ 00044e3c ]  0002271e          *   00000008              : divd.obj (.const:_initial_approx$1)
                 [ 00044e4c ]  00022726          *   00000002              : fputs.obj (.const:.string)
                 [ 00044e50 ]  00022728          *   00000002              : divd.obj (.const)
                 [ 00044e54 ]  0002272a          *   00000002              : fltlid.obj (.const)

.cio         0   [ 00044e58 ]  0002272c          *   00000120   UNINITIALIZED
                 [ 00044e58 ]  0002272c          *   00000120   rts55x.lib : trgmsg.obj (.cio)

.cinit       0   [ 00045098 ]  0002284c          *   000000dd   
                 [ 00045098 ]  0002284c          *   00000035   cng.obj (.cinit)
                 [ 00045102 ]  00022881          *   0000002f   cng_mainTest.obj (.cinit)
                 [ 00045160 ]  000228b0          *   0000002d   rts55x.lib : lowlev.obj (.cinit)
                 [ 000451ba ]  000228dd          *   0000002a              : defs.obj (.cinit)
                 [ 0004520e ]  00022907          *   0000000a              : _lock.obj (.cinit)
                 [ 00045222 ]  00022911          *   0000000a              : exit.obj (.cinit)
                 [ 00045236 ]  0002291b          *   00000005              : rand.obj (.cinit)
                 [ 00045240 ]  00022920          *   00000004              : fopen.obj (.cinit)
                 [ 00045248 ]  00022924          *   00000004              : memory.obj (.cinit)
                 [ 00045250 ]  00022928          *   00000001   --HOLE-- [fill = 0]


GLOBAL SYMBOLS: SORTED ALPHABETICALLY BY Name 

abs. value/
byte addr   word addr   name
---------   ---------   ----
00000002                $TI_capability$C5500$CallingConvention
00000002                $TI_capability$C5500$MemoryModel
00000001                $TI_capability_requires_rev3
            00004000    .bss
            00002000    .data
00040000                .text
00044ab9                C$$EXIT
000440ce                C$$IO$$
00044a6b                I$$LMPY
000449ee                I$$UDIV
00044a03                I$$UMOD
00041fa5                _HOSTclock
00041f3a                _HOSTclose
00041e85                _HOSTlseek
00041de6                _HOSTopen
00041d59                _HOSTread
00041cab                _HOSTrename
00041c4d                _HOSTtime
00041be3                _HOSTunlink
00041b56                _HOSTwrite
000000c0                _Reset
            0002272c    __CIOBUF_
            000011e0    __STACK_END
00000200                __STACK_SIZE
00002000                __SYSMEM_SIZE
00000100                __SYSSTACK_SIZE
ffffffff                ___binit__
            00004000    ___bss__
ffffffff                ___c_args__
            0002284c    ___cinit__
            00002000    ___data__
            00002000    ___edata__
            000048ca    ___end__
00044ac2                ___etext__
00044a3b                ___isinf
ffffffff                ___pinit__
00040000                ___text__
000432dd                __addd
00044835                __args_main
000440d3                __buff_read
00042f21                __cleanup
            000048c4    __cleanup_ptr
000438b6                __cmpd
            00022562    __ctypes_
000424da                __divd
000448cb                __divli
000432a8                __divlli
000449ee                __divu
00044227                __divul
000431b4                __divull
00043f57                __doflush
            000048c6    __dtors_ptr
00043882                __eqld
000449c4                __fixdi
0004452e                __fixdli
00044675                __fltlid
00044446                __frcmpyd
00043e8f                __frcmpyd_div
            00004744    __ft_end
            0000462c    __ftable
00043838                __geqd
000437ed                __gtrd
000437a0                __leqd
            000048c0    __lock
00043758                __lssd
00043a71                __mpyd
00044a6b                __mpyli
000430fc                __mpylli
00044a90                __negd
00043724                __neqd
00044a8e                __nop
00041356                __printfi
00043e32                __rd_ok
00044a86                __register_lock
00044a7e                __register_unlock
00044880                __remli
000430cd                __remlli
00044a03                __remu
000444bc                __remul
0004307f                __remull
            000010e0    __stack
00044a57                __subd
            000000e0    __sys_memory
            000011e0    __sysstack
            000046a4    __tmpnams
            000048c2    __unlock
00043db2                __wrt_ok
00044ab8                _abort
000419eb                _add_device
00042b77                _alaw_compress
00042c15                _alaw_expand
0004473c                _atoi
000447e8                _auto_init
00044990                _c_int00
00042492                _calloc
            0000422c    _charBuf
0004248a                _chkheap
00041978                _close
00044952                _exit
000443cb                _fclose
00043fc0                _fflush
0004196f                _find_registered_device
00043044                _fopen
00044181                _fputc
0004390e                _fputs
00043bbd                _fread
00042003                _free
00042434                _free_memory
00042f7b                _freopen
0004460a                _fseek
00043536                _fwrite
00041adb                _getenv
00041909                _lseek
0004434e                _ltoa
00042824                _main
00042134                _malloc
000423da                _max_free
00044a18                _memccpy
00044913                _memcpy
000420cf                _minit
000442fe                _noise_gen
0004184a                _open
            0000402c    _output
            00004887    _pow10xTable
00044798                _printf
00044181                _putc
00044218                _putchar
00043a43                _puts
000446fe                _rand
0004179c                _read
0004459d                _readmsg
00042229                _realloc
00044aae                _remove
00041766                _remove_device
0004170d                _rename
00044aa0                _rewind
00043ccc                _setvbuf
000442c8                _sid_dec
000446dc                _srand
00042ca5                _ulaw_compress
00042d62                _ulaw_expand
000416da                _unlink
00042a54                _wHeaderUpdate
            00004000    _waveHeader
00041598                _write
00044019                _writemsg
ffffffff                binit
            0002284c    cinit
            00002000    edata
            000048ca    end
00044ac2                etext
ffffffff                pinit


GLOBAL SYMBOLS: SORTED BY Symbol Address 

abs. value/
byte addr   word addr   name
---------   ---------   ----
00000001                $TI_capability_requires_rev3
00000002                $TI_capability$C5500$CallingConvention
00000002                $TI_capability$C5500$MemoryModel
000000c0                _Reset
00000100                __SYSSTACK_SIZE
            000000e0    __sys_memory
00000200                __STACK_SIZE
00002000                __SYSMEM_SIZE
            000010e0    __stack
            000011e0    __STACK_END
            000011e0    __sysstack
            00002000    .data
            00002000    ___data__
            00002000    ___edata__
            00002000    edata
            00004000    .bss
            00004000    ___bss__
            00004000    _waveHeader
            0000402c    _output
            0000422c    _charBuf
            0000462c    __ftable
            000046a4    __tmpnams
            00004744    __ft_end
            00004887    _pow10xTable
            000048c0    __lock
            000048c2    __unlock
            000048c4    __cleanup_ptr
            000048c6    __dtors_ptr
            000048ca    ___end__
            000048ca    end
00040000                .text
00040000                ___text__
00041356                __printfi
00041598                _write
000416da                _unlink
0004170d                _rename
00041766                _remove_device
0004179c                _read
0004184a                _open
00041909                _lseek
0004196f                _find_registered_device
00041978                _close
000419eb                _add_device
00041adb                _getenv
00041b56                _HOSTwrite
00041be3                _HOSTunlink
00041c4d                _HOSTtime
00041cab                _HOSTrename
00041d59                _HOSTread
00041de6                _HOSTopen
00041e85                _HOSTlseek
00041f3a                _HOSTclose
00041fa5                _HOSTclock
00042003                _free
000420cf                _minit
00042134                _malloc
00042229                _realloc
000423da                _max_free
00042434                _free_memory
0004248a                _chkheap
00042492                _calloc
000424da                __divd
00042824                _main
00042a54                _wHeaderUpdate
00042b77                _alaw_compress
00042c15                _alaw_expand
00042ca5                _ulaw_compress
00042d62                _ulaw_expand
00042f21                __cleanup
00042f7b                _freopen
00043044                _fopen
0004307f                __remull
000430cd                __remlli
000430fc                __mpylli
000431b4                __divull
000432a8                __divlli
000432dd                __addd
00043536                _fwrite
00043724                __neqd
00043758                __lssd
000437a0                __leqd
000437ed                __gtrd
00043838                __geqd
00043882                __eqld
000438b6                __cmpd
0004390e                _fputs
00043a43                _puts
00043a71                __mpyd
00043bbd                _fread
00043ccc                _setvbuf
00043db2                __wrt_ok
00043e32                __rd_ok
00043e8f                __frcmpyd_div
00043f57                __doflush
00043fc0                _fflush
00044019                _writemsg
000440ce                C$$IO$$
000440d3                __buff_read
00044181                _fputc
00044181                _putc
00044218                _putchar
00044227                __divul
000442c8                _sid_dec
000442fe                _noise_gen
0004434e                _ltoa
000443cb                _fclose
00044446                __frcmpyd
000444bc                __remul
0004452e                __fixdli
0004459d                _readmsg
0004460a                _fseek
00044675                __fltlid
000446dc                _srand
000446fe                _rand
0004473c                _atoi
00044798                _printf
000447e8                _auto_init
00044835                __args_main
00044880                __remli
000448cb                __divli
00044913                _memcpy
00044952                _exit
00044990                _c_int00
000449c4                __fixdi
000449ee                I$$UDIV
000449ee                __divu
00044a03                I$$UMOD
00044a03                __remu
00044a18                _memccpy
00044a3b                ___isinf
00044a57                __subd
00044a6b                I$$LMPY
00044a6b                __mpyli
00044a7e                __register_unlock
00044a86                __register_lock
00044a8e                __nop
00044a90                __negd
00044aa0                _rewind
00044aae                _remove
00044ab8                _abort
00044ab9                C$$EXIT
00044ac2                ___etext__
00044ac2                etext
            00022562    __ctypes_
            0002272c    __CIOBUF_
            0002284c    ___cinit__
            0002284c    cinit
ffffffff                ___binit__
ffffffff                ___c_args__
ffffffff                ___pinit__
ffffffff                binit
ffffffff                pinit

[152 symbols]
