******************************************************************************
              TMS320C55x Linker PC v4.3.8                      
******************************************************************************
>> Linked Thu Feb 28 07:16:11 2013

OUTPUT FILE NAME:   <asm_BlockFIR.out>
ENTRY POINT SYMBOL: "_c_int00"  address: 00046559


MEMORY CONFIGURATION

         name            origin    length      used     unused   attr    fill
                        (bytes)   (bytes)    (bytes)   (bytes)
----------------------  --------  ---------  --------  --------  ----  --------
  MMR                   00000000   000000c0  00000000  000000c0  RWIX
  VECS                  000000c0   00000200  00000100  00000100  RWIX
  DARAM0                000002c0   00003d40  00002300  00001a40  RWIX
  DARAM1                00004000   00002000  00000000  00002000  RWIX
  DARAM2                00006000   00002000  00000000  00002000  RWIX
  DARAM3                00008000   00008000  00000534  00007acc  RWIX
  SARAM0                00010000   00010000  00000000  00010000  RWIX
  SARAM1                00020000   00010000  00000000  00010000  RWIX
  SARAM2                00030000   00010000  00000000  00010000  RWIX
  SARAM3                00040000   00010000  00006f94  0000906c  RWIX
  CE01                  00100000   00020000  00000000  00020000  RWIX
  CE02                  00120000   00020000  00000000  00020000  RWIX
  CE03                  00140000   00020000  00000000  00020000  RWIX
  CE1                   00400000   00100000  00000000  00100000  RWIX
  CE2                   00800000   00400000  00000000  00400000  RWIX
  CE3                   00c00000   003f8000  00000000  003f8000  RWIX
  PDROM                 00ff8000   00007f00  00000000  00007f00  RWIX


SECTION ALLOCATION MAP
(Addresses surrounded by []'s are displayed for convenience only!)

output                                                          attributes/
section   page  orgn(bytes) orgn(words) len(bytes) len(words)   input sections
--------  ----  ----------- ----------- ---------- ----------   --------------
vectors      0     000000c0  [ 00000060 ] 00000100          *   NOLOAD SECTION
                   000000c0  [ 00000060 ] 00000100          *   rts55x.lib : vectors.obj (vectors)

.sysmem      0   [ 000002c0 ]  00000160          *   00001000   UNINITIALIZED
                 [ 000002c0 ]  00000160          *   00001000   --HOLE--

.data        0   [ 000002c0 ]  00000160          *   00000000   UNINITIALIZED

.stack       0   [ 000022c0 ]  00001160          *   00000100   UNINITIALIZED
                 [ 000022c0 ]  00001160          *   00000100   --HOLE--

.sysstack 
*            0   [ 000024c0 ]  00001260          *   00000080   UNINITIALIZED
                 [ 000024c0 ]  00001260          *   00000080   --HOLE--

.bss         0   [ 00008000 ]  00004000          *   0000029a   UNINITIALIZED
                 [ 00008000 ]  00004000          *   00000119   rts55x.lib : defs.obj (.bss)
                 [ 00008232 ]  00004119          *   000000d0              : trgdrv.obj (.bss)
                 [ 000083d2 ]  000041e9          *   00000001              : errno.obj (.bss)
                 [ 000083d4 ]  000041ea          *   00000071              : lowlev.obj (.bss)
                 [ 000084b6 ]  0000425b          *   00000030   blockFirTest.obj (.bss:fir)
                 [ 00008516 ]  0000428b          *   00000001   rts55x.lib : fopen.obj (.bss)
                 [ 00008518 ]  0000428c          *   00000006              : memory.obj (.bss)
                 [ 00008524 ]  00004292          *   00000004              : _lock.obj (.bss)
                 [ 0000852c ]  00004296          *   00000004              : exit.obj (.bss)

.text        0     00040000  [ 00020000 ] 0000667e          *   
                   00040000  [ 00020000 ] 00001598          *   rts55x.lib : _printfi.obj (.text)
                   00041598  [ 00020acc ] 00000eb6          *              : _scanfi.obj (.text)
                   0004244e  [ 00021227 ] 00000543          *              : lowlev.obj (.text)
                   00042991  [ 000214c8+] 00000528          *              : trgdrv.obj (.text)
                   00042eb9  [ 0002175c+] 000004b5          *              : memory.obj (.text)
                   0004336e  [ 000219b7 ] 0000036c          *              : divd.obj (.text)
                   000436da  [ 00021b6d ] 00000301          *              : strtoll.obj (.text)
                   000439db  [ 00021ced+] 000002bd          *              : strtod.obj (.text)
                   00043c98  [ 00021e4c ] 0000029f          *              : strtold.obj (.text)
                   00043f37  [ 00021f9b+] 0000027f          *              : fopen.obj (.text)
                   000441b6  [ 000220db ] 0000025e          *              : llmpy.obj (.text)
                   00044414  [ 0002220a ] 00000259          *              : addd.obj (.text)
                   0004466d  [ 00022336+] 0000024b          *              : strtoull.obj (.text)
                   000448b8  [ 0002245c ] 00000231          *   blockFirTest.obj (.text)
                   00044ae9  [ 00022574+] 00000208          *   rts55x.lib : strtol.obj (.text)
                   00044cf1  [ 00022678+] 000001ee          *              : fwrite.obj (.text)
                   00044edf  [ 0002276f+] 000001ea          *              : cmpd.obj (.text)
                   000450c9  [ 00022864+] 000001d1          *              : strtoul.obj (.text)
                   0004529a  [ 0002294d ] 00000163          *              : fputs.obj (.text)
                   000453fd  [ 000229fe+] 00000161          *              : fscanf.obj (.text)
                   0004555e  [ 00022aaf ] 0000014c          *              : mpyd.obj (.text)
                   000456aa  [ 00022b55 ] 0000010f          *              : fread.obj (.text)
                   000457b9  [ 00022bdc+] 000000e6          *              : setvbuf.obj (.text)
                   0004589f  [ 00022c4f+] 000000dd          *              : _io_perm.obj (.text)
                   0004597c  [ 00022cbe ] 000000c8          *              : frcmpyd_div.obj (.text)
                   00045a44  [ 00022d22 ] 000000c2          *              : fflush.obj (.text)
                   00045b06  [ 00022d83 ] 000000ba          *              : trgmsg.obj (.text:CIO_breakpoint)
                   00045bc0  [ 00022de0 ] 000000ae          *              : _bufread.obj (.text)
                   00045c6e  [ 00022e37 ] 000000a6          *              : fputc.obj (.text)
                   00045d14  [ 00022e8a ] 000000a1          *              : divul.obj (.text)
                   00045db5  [ 00022eda+] 0000009b          *              : fgetc.obj (.text)
                   00045e50  [ 00022f28 ] 0000009a          *              : ungetc.obj (.text)
                   00045eea  [ 00022f75 ] 0000007d          *              : ltoa.obj (.text)
                   00045f67  [ 00022fb3+] 0000007b          *              : fclose.obj (.text)
                   00045fe2  [ 00022ff1 ] 00000076          *              : frcmpyd.obj (.text)
                   00046058  [ 0002302c ] 00000072          *              : remul.obj (.text)
                   000460ca  [ 00023065 ] 0000006f          *              : fixdli.obj (.text)
                   00046139  [ 0002309c+] 0000006d          *              : trgmsg.obj (.text)
                   000461a6  [ 000230d3 ] 0000006b          *              : fseek.obj (.text)
                   00046211  [ 00023108+] 00000067          *              : fltlid.obj (.text)
                   00046278  [ 0002313c ] 0000005c          *              : atoi.obj (.text)
                   000462d4  [ 0002316a ] 00000051          *   blockFir.obj (.text:fir)
                   00046325  [ 00023192+] 00000050          *   rts55x.lib : printf.obj (.text)
                   00046375  [ 000231ba+] 0000004d          *              : autoinit.obj (.text)
                   000463c2  [ 000231e1 ] 0000004b          *              : args_main.obj (.text)
                   0004640d  [ 00023206+] 0000004b          *              : remli.obj (.text)
                   00046458  [ 0002322c ] 00000048          *              : divli.obj (.text)
                   000464a0  [ 00023250 ] 0000003f          *              : memcpy.obj (.text)
                   000464df  [ 0002326f+] 0000003e          *              : exit.obj (.text)
                   0004651d  [ 0002328e+] 0000003c          *              : idiv.obj (.text)
                   00046559  [ 000232ac+] 00000034          *              : boot.obj (.text)
                   0004658d  [ 000232c6+] 0000002a          *              : fixdi.obj (.text)
                   000465b7  [ 000232db+] 0000002a          *              : udiv.obj (.text)
                   000465e1  [ 000232f0+] 00000023          *              : memccpy.obj (.text)
                   00046604  [ 00023302 ] 0000001c          *              : isinf.obj (.text)
                   00046620  [ 00023310 ] 00000014          *              : subd.obj (.text)
                   00046634  [ 0002331a ] 00000013          *              : lmpy.obj (.text)
                   00046647  [ 00023323+] 00000012          *              : _lock.obj (.text)
                   00046659  [ 0002332c+] 00000010          *              : negd.obj (.text)
                   00046669  [ 00023334+] 0000000a          *              : remove.obj (.text)
                   00046673  [ 00023339+] 00000007          *              : exit.obj (.text:CIO_breakpoint)
                   0004667a  [ 0002333d ] 00000002          *              : vectors.obj (.text)
                   0004667c  [ 0002333e ] 00000002          *   --HOLE-- [fill = 20]

.const       0   [ 00046680 ]  00023340          *   000002c0   
                 [ 00046680 ]  00023340          *   00000101   rts55x.lib : ctype.obj (.const:__ctypes_)
                 [ 00046882 ]  00023441          *   00000001   --HOLE-- [fill = 0]
                 [ 00046884 ]  00023442          *   000000f2   blockFirTest.obj (.const:.string)
                 [ 00046a68 ]  00023534          *   00000030   blockFirTest.obj (.const:fir) [fill = 0]
                 [ 00046ac8 ]  00023564          *   00000024   rts55x.lib : _printfi.obj (.const:.string)
                 [ 00046b10 ]  00023588          *   00000014              : strtod.obj (.const:_digits)
                 [ 00046b38 ]  0002359c          *   00000014              : strtold.obj (.const:_digits)
                 [ 00046b60 ]  000235b0          *   0000000c              : strtod.obj (.const:_powerof10)
                 [ 00046b78 ]  000235bc          *   0000000c              : strtold.obj (.const:_powerof10)
                 [ 00046b90 ]  000235c8          *   0000000c              : _printfi.obj (.const)
                 [ 00046ba8 ]  000235d4          *   00000008              : divd.obj (.const:_initial_approx$1)
                 [ 00046bb8 ]  000235dc          *   00000008              : strtod.obj (.const)
                 [ 00046bc8 ]  000235e4          *   00000008              : strtold.obj (.const)
                 [ 00046bd8 ]  000235ec          *   00000007              : _scanfi.obj (.const:_flit$1)
                 [ 00046be6 ]  000235f3          *   00000006              : _scanfi.obj (.const:_barr$2)
                 [ 00046bf2 ]  000235f9          *   00000001   --HOLE-- [fill = 0]
                 [ 00046bf4 ]  000235fa          *   00000002              : fputs.obj (.const:.string)
                 [ 00046bf8 ]  000235fc          *   00000002              : divd.obj (.const)
                 [ 00046bfc ]  000235fe          *   00000002              : fltlid.obj (.const)

.cio         0   [ 00046c00 ]  00023600          *   00000120   UNINITIALIZED
                 [ 00046c00 ]  00023600          *   00000120   rts55x.lib : trgmsg.obj (.cio)

.cinit       0   [ 00046e40 ]  00023720          *   000000ab   
                 [ 00046e40 ]  00023720          *   00000033   blockFirTest.obj (.cinit)
                 [ 00046ea6 ]  00023753          *   0000002d   rts55x.lib : lowlev.obj (.cinit)
                 [ 00046f00 ]  00023780          *   0000002a              : defs.obj (.cinit)
                 [ 00046f54 ]  000237aa          *   0000000a              : _lock.obj (.cinit)
                 [ 00046f68 ]  000237b4          *   0000000a              : exit.obj (.cinit)
                 [ 00046f7c ]  000237be          *   00000004              : errno.obj (.cinit)
                 [ 00046f84 ]  000237c2          *   00000004              : fopen.obj (.cinit)
                 [ 00046f8c ]  000237c6          *   00000004              : memory.obj (.cinit)
                 [ 00046f94 ]  000237ca          *   00000001   --HOLE-- [fill = 0]


GLOBAL SYMBOLS: SORTED ALPHABETICALLY BY Name 

abs. value/
byte addr   word addr   name
---------   ---------   ----
00000002                $TI_capability$C5500$CallingConvention
00000002                $TI_capability$C5500$MemoryModel
00000001                $TI_capability_requires_rev3
            00004000    .bss
            00000160    .data
00040000                .text
00046674                C$$EXIT
00045bbb                C$$IO$$
0004651d                I$$DIV
00046634                I$$LMPY
0004653c                I$$MOD
000465b7                I$$UDIV
000465cc                I$$UMOD
00042e5b                _HOSTclock
00042df0                _HOSTclose
00042d3b                _HOSTlseek
00042c9c                _HOSTopen
00042c0f                _HOSTread
00042b61                _HOSTrename
00042b03                _HOSTtime
00042a99                _HOSTunlink
00042a0c                _HOSTwrite
000000c0                _Reset
            00023600    __CIOBUF_
            00001260    __STACK_END
00000200                __STACK_SIZE
00002000                __SYSMEM_SIZE
00000100                __SYSSTACK_SIZE
ffffffff                ___binit__
            00004000    ___bss__
ffffffff                ___c_args__
            00023720    ___cinit__
            00000160    ___data__
            00000160    ___edata__
            0000429a    ___end__
0004667e                ___etext__
00046604                ___isinf
ffffffff                ___pinit__
00040000                ___text__
00044414                __addd
000463c2                __args_main
00045bc0                __buff_read
00044058                __cleanup
            00004296    __cleanup_ptr
00045071                __cmpd
            00023340    __ctypes_
00043390                __divd
0004651d                __divi
00046458                __divli
000443df                __divlli
000465b7                __divu
00045d14                __divul
000442eb                __divull
00045a44                __doflush
            00004298    __dtors_ptr
0004503d                __eqld
0004658d                __fixdi
000460ca                __fixdli
00046211                __fltlid
00045fe2                __frcmpyd
0004597c                __frcmpyd_div
            00004118    __ft_end
            00004000    __ftable
00044ff3                __geqd
00044fa8                __gtrd
00044f5b                __leqd
            00004292    __lock
00044f13                __lssd
0004555e                __mpyd
00046634                __mpyli
00044233                __mpylli
00046659                __negd
00044edf                __neqd
00046657                __nop
00041356                __printfi
0004591f                __rd_ok
0004664f                __register_lock
00046647                __register_unlock
0004653c                __remi
0004640d                __remli
00044204                __remlli
000465cc                __remu
00046058                __remul
000441b6                __remull
00041f46                __scanfi
            00001160    __stack
00046620                __subd
            00000160    __sys_memory
            00001260    __sysstack
            00004078    __tmpnams
            00004294    __unlock
0004589f                __wrt_ok
00046673                _abort
000428a1                _add_device
00046278                _atoi
00046375                _auto_init
000462d4                _blockFir
            00023534    _blockFirCoef
00046559                _c_int00
00043348                _calloc
00043340                _chkheap
0004282e                _close
            000041e9    _errno
000464df                _exit
00045f67                _fclose
00045aad                _fflush
00045db5                _fgetc
00042825                _find_registered_device
0004417b                _fopen
00045c6e                _fputc
0004529a                _fputs
000456aa                _fread
00042eb9                _free
000432ea                _free_memory
000440b2                _freopen
00045439                _fscanf
000461a6                _fseek
00044cf1                _fwrite
00045db5                _getc
00045e41                _getchar
00042991                _getenv
000427bf                _lseek
00045eea                _ltoa
000448b8                _main
00042fea                _malloc
00043290                _max_free
000465e1                _memccpy
000464a0                _memcpy
00042f85                _minit
00042700                _open
00046325                _printf
00045c6e                _putc
00045d05                _putchar
000453cf                _puts
00042652                _read
00046139                _readmsg
000430df                _realloc
00046669                _remove
0004261c                _remove_device
000425c3                _rename
000453fd                _scanf
000457b9                _setvbuf
000439db                _strtod
00044ae9                _strtol
00043c98                _strtold
000436da                _strtoll
000450c9                _strtoul
0004466d                _strtoull
00045e50                _ungetc
00042590                _unlink
            0000425b    _w
0004244e                _write
00045b06                _writemsg
ffffffff                binit
            00023720    cinit
            00000160    edata
            0000429a    end
0004667e                etext
ffffffff                pinit


GLOBAL SYMBOLS: SORTED BY Symbol Address 

abs. value/
byte addr   word addr   name
---------   ---------   ----
00000001                $TI_capability_requires_rev3
00000002                $TI_capability$C5500$CallingConvention
00000002                $TI_capability$C5500$MemoryModel
000000c0                _Reset
00000100                __SYSSTACK_SIZE
00000200                __STACK_SIZE
            00000160    .data
            00000160    ___data__
            00000160    ___edata__
            00000160    __sys_memory
            00000160    edata
00002000                __SYSMEM_SIZE
            00001160    __stack
            00001260    __STACK_END
            00001260    __sysstack
            00004000    .bss
            00004000    ___bss__
            00004000    __ftable
            00004078    __tmpnams
            00004118    __ft_end
            000041e9    _errno
            0000425b    _w
            00004292    __lock
            00004294    __unlock
            00004296    __cleanup_ptr
            00004298    __dtors_ptr
            0000429a    ___end__
            0000429a    end
00040000                .text
00040000                ___text__
00041356                __printfi
00041f46                __scanfi
0004244e                _write
00042590                _unlink
000425c3                _rename
0004261c                _remove_device
00042652                _read
00042700                _open
000427bf                _lseek
00042825                _find_registered_device
0004282e                _close
000428a1                _add_device
00042991                _getenv
00042a0c                _HOSTwrite
00042a99                _HOSTunlink
00042b03                _HOSTtime
00042b61                _HOSTrename
00042c0f                _HOSTread
00042c9c                _HOSTopen
00042d3b                _HOSTlseek
00042df0                _HOSTclose
00042e5b                _HOSTclock
00042eb9                _free
00042f85                _minit
00042fea                _malloc
000430df                _realloc
00043290                _max_free
000432ea                _free_memory
00043340                _chkheap
00043348                _calloc
00043390                __divd
000436da                _strtoll
000439db                _strtod
00043c98                _strtold
00044058                __cleanup
000440b2                _freopen
0004417b                _fopen
000441b6                __remull
00044204                __remlli
00044233                __mpylli
000442eb                __divull
000443df                __divlli
00044414                __addd
0004466d                _strtoull
000448b8                _main
00044ae9                _strtol
00044cf1                _fwrite
00044edf                __neqd
00044f13                __lssd
00044f5b                __leqd
00044fa8                __gtrd
00044ff3                __geqd
0004503d                __eqld
00045071                __cmpd
000450c9                _strtoul
0004529a                _fputs
000453cf                _puts
000453fd                _scanf
00045439                _fscanf
0004555e                __mpyd
000456aa                _fread
000457b9                _setvbuf
0004589f                __wrt_ok
0004591f                __rd_ok
0004597c                __frcmpyd_div
00045a44                __doflush
00045aad                _fflush
00045b06                _writemsg
00045bbb                C$$IO$$
00045bc0                __buff_read
00045c6e                _fputc
00045c6e                _putc
00045d05                _putchar
00045d14                __divul
00045db5                _fgetc
00045db5                _getc
00045e41                _getchar
00045e50                _ungetc
00045eea                _ltoa
00045f67                _fclose
00045fe2                __frcmpyd
00046058                __remul
000460ca                __fixdli
00046139                _readmsg
000461a6                _fseek
00046211                __fltlid
00046278                _atoi
000462d4                _blockFir
00046325                _printf
00046375                _auto_init
000463c2                __args_main
0004640d                __remli
00046458                __divli
000464a0                _memcpy
000464df                _exit
0004651d                I$$DIV
0004651d                __divi
0004653c                I$$MOD
0004653c                __remi
00046559                _c_int00
0004658d                __fixdi
000465b7                I$$UDIV
000465b7                __divu
000465cc                I$$UMOD
000465cc                __remu
000465e1                _memccpy
00046604                ___isinf
00046620                __subd
00046634                I$$LMPY
00046634                __mpyli
00046647                __register_unlock
0004664f                __register_lock
00046657                __nop
00046659                __negd
00046669                _remove
00046673                _abort
00046674                C$$EXIT
0004667e                ___etext__
0004667e                etext
            00023340    __ctypes_
            00023534    _blockFirCoef
            00023600    __CIOBUF_
            00023720    ___cinit__
            00023720    cinit
ffffffff                ___binit__
ffffffff                ___c_args__
ffffffff                ___pinit__
ffffffff                binit
ffffffff                pinit

[159 symbols]
