******************************************************************************
              TMS320C55x Linker PC v4.3.8                      
******************************************************************************
>> Linked Tue Feb 26 17:17:11 2013

OUTPUT FILE NAME:   <channel_equalizer.out>
ENTRY POINT SYMBOL: "_c_int00"  address: 000445e4


MEMORY CONFIGURATION

         name            origin    length      used     unused   attr    fill
                        (bytes)   (bytes)    (bytes)   (bytes)
----------------------  --------  ---------  --------  --------  ----  --------
  MMR                   00000000   000000c0  00000000  000000c0  RWIX
  VECS                  000000c0   00000200  00000100  00000100  RWIX
  DARAM0                000002c0   00003d40  00002300  00001a40  RWIX
  DARAM1                00004000   00002000  00000000  00002000  RWIX
  DARAM2                00006000   00002000  00000000  00002000  RWIX
  DARAM3                00008000   00008000  00001510  00006af0  RWIX
  SARAM0                00010000   00010000  00000000  00010000  RWIX
  SARAM1                00020000   00010000  00000000  00010000  RWIX
  SARAM2                00030000   00010000  00000000  00010000  RWIX
  SARAM3                00040000   00010000  00004d74  0000b28c  RWIX
  CE01                  00100000   00020000  00000000  00020000  RWIX
  CE02                  00120000   00020000  00000000  00020000  RWIX
  CE03                  00140000   00020000  00000000  00020000  RWIX
  CE1                   00400000   00100000  00000000  00100000  RWIX
  CE2                   00800000   00400000  00000000  00400000  RWIX
  CE3                   00c00000   003f8000  00000000  003f8000  RWIX
  PDROM                 00ff8000   00007f00  00000000  00007f00  RWIX


SECTION ALLOCATION MAP
(Addresses surrounded by []'s are displayed for convenience only!)

output                                                          attributes/
section   page  orgn(bytes) orgn(words) len(bytes) len(words)   input sections
--------  ----  ----------- ----------- ---------- ----------   --------------
vectors      0     000000c0  [ 00000060 ] 00000100          *   NOLOAD SECTION
                   000000c0  [ 00000060 ] 00000100          *   rts55x.lib : vectors.obj (vectors)

.sysmem      0   [ 000002c0 ]  00000160          *   00001000   UNINITIALIZED
                 [ 000002c0 ]  00000160          *   00001000   --HOLE--

.data        0   [ 000002c0 ]  00000160          *   00000000   UNINITIALIZED

.stack       0   [ 000022c0 ]  00001160          *   00000100   UNINITIALIZED
                 [ 000022c0 ]  00001160          *   00000100   --HOLE--

.sysstack 
*            0   [ 000024c0 ]  00001260          *   00000080   UNINITIALIZED
                 [ 000024c0 ]  00001260          *   00000080   --HOLE--

.bss         0   [ 00008000 ]  00004000          *   00000a88   UNINITIALIZED
                 [ 00008000 ]  00004000          *   00000817   channel_equalizerTest.obj (.bss)
                 [ 0000902e ]  00004817          *   00000001   rts55x.lib : fopen.obj (.bss)
                 [ 00009030 ]  00004818          *   00000119              : defs.obj (.bss)
                 [ 00009262 ]  00004931          *   000000d0              : trgdrv.obj (.bss)
                 [ 00009402 ]  00004a01          *   00000001   --HOLE--
                 [ 00009404 ]  00004a02          *   00000071              : lowlev.obj (.bss)
                 [ 000094e6 ]  00004a73          *   00000006   channel.obj (.bss)
                 [ 000094f2 ]  00004a79          *   00000001   --HOLE--
                 [ 000094f4 ]  00004a7a          *   00000006   rts55x.lib : memory.obj (.bss)
                 [ 00009500 ]  00004a80          *   00000004              : _lock.obj (.bss)
                 [ 00009508 ]  00004a84          *   00000004              : exit.obj (.bss)

.text        0     00040000  [ 00020000 ] 00004708          *   
                   00040000  [ 00020000 ] 00001598          *   rts55x.lib : _printfi.obj (.text)
                   00041598  [ 00020acc ] 00000543          *              : lowlev.obj (.text)
                   00041adb  [ 00020d6d+] 00000528          *              : trgdrv.obj (.text)
                   00042003  [ 00021001+] 000004b5          *              : memory.obj (.text)
                   000424b8  [ 0002125c ] 0000036c          *              : divd.obj (.text)
                   00042824  [ 00021412 ] 0000027f          *              : fopen.obj (.text)
                   00042aa3  [ 00021551+] 0000027b          *   adaptiveEQ.obj (.text)
                   00042d1e  [ 0002168f ] 0000025e          *   rts55x.lib : llmpy.obj (.text)
                   00042f7c  [ 000217be ] 00000259          *              : addd.obj (.text)
                   000431d5  [ 000218ea+] 00000252          *   channel_equalizerTest.obj (.text)
                   00043427  [ 00021a13+] 000001ea          *   rts55x.lib : cmpd.obj (.text)
                   00043611  [ 00021b08+] 00000163          *              : fputs.obj (.text)
                   00043774  [ 00021bba ] 0000014c          *              : mpyd.obj (.text)
                   000438c0  [ 00021c60 ] 000000f3          *   channel.obj (.text)
                   000439b3  [ 00021cd9+] 000000e6          *   rts55x.lib : setvbuf.obj (.text)
                   00043a99  [ 00021d4c+] 000000dd          *              : _io_perm.obj (.text)
                   00043b76  [ 00021dbb ] 000000c8          *              : frcmpyd_div.obj (.text)
                   00043c3e  [ 00021e1f ] 000000c2          *              : fflush.obj (.text)
                   00043d00  [ 00021e80 ] 000000ba          *              : trgmsg.obj (.text:CIO_breakpoint)
                   00043dba  [ 00021edd ] 000000b7          *   signalGen.obj (.text)
                   00043e71  [ 00021f38+] 000000a6          *   rts55x.lib : fputc.obj (.text)
                   00043f17  [ 00021f8b+] 000000a1          *              : divul.obj (.text)
                   00043fb8  [ 00021fdc ] 0000007d          *              : ltoa.obj (.text)
                   00044035  [ 0002201a+] 0000007b          *              : fclose.obj (.text)
                   000440b0  [ 00022058 ] 00000076          *              : frcmpyd.obj (.text)
                   00044126  [ 00022093 ] 00000072          *              : remul.obj (.text)
                   00044198  [ 000220cc ] 0000006f          *              : fixdli.obj (.text)
                   00044207  [ 00022103+] 0000006d          *              : trgmsg.obj (.text)
                   00044274  [ 0002213a ] 0000006b          *              : fseek.obj (.text)
                   000442df  [ 0002216f+] 00000067          *              : fltlid.obj (.text)
                   00044346  [ 000221a3 ] 0000005c          *              : atoi.obj (.text)
                   000443a2  [ 000221d1 ] 00000050          *              : printf.obj (.text)
                   000443f2  [ 000221f9 ] 0000004d          *              : autoinit.obj (.text)
                   0004443f  [ 0002221f+] 0000004b          *              : args_main.obj (.text)
                   0004448a  [ 00022245 ] 0000004b          *              : remli.obj (.text)
                   000444d5  [ 0002226a+] 0000004a          *              : fprintf.obj (.text)
                   0004451f  [ 0002228f+] 00000048          *              : divli.obj (.text)
                   00044567  [ 000222b3+] 0000003f          *              : memcpy.obj (.text)
                   000445a6  [ 000222d3 ] 0000003e          *              : exit.obj (.text)
                   000445e4  [ 000222f2 ] 00000034          *              : boot.obj (.text)
                   00044618  [ 0002230c ] 0000002a          *              : fixdi.obj (.text)
                   00044642  [ 00022321 ] 0000002a          *              : udiv.obj (.text)
                   0004466c  [ 00022336 ] 00000023          *              : memccpy.obj (.text)
                   0004468f  [ 00022347+] 0000001c          *              : isinf.obj (.text)
                   000446ab  [ 00022355+] 00000014          *              : subd.obj (.text)
                   000446bf  [ 0002235f+] 00000013          *              : lmpy.obj (.text)
                   000446d2  [ 00022369 ] 00000012          *              : _lock.obj (.text)
                   000446e4  [ 00022372 ] 00000010          *              : negd.obj (.text)
                   000446f4  [ 0002237a ] 0000000a          *              : remove.obj (.text)
                   000446fe  [ 0002237f ] 00000007          *              : exit.obj (.text:CIO_breakpoint)
                   00044705  [ 00022382+] 00000002          *              : vectors.obj (.text)
                   00044707  [ 00022383 ] 00000001          *   --HOLE-- [fill = 20]

.const       0   [ 00044708 ]  00022384          *   00000196   
                 [ 00044708 ]  00022384          *   00000101   rts55x.lib : ctype.obj (.const:__ctypes_)
                 [ 0004490a ]  00022485          *   00000001   --HOLE-- [fill = 0]
                 [ 0004490c ]  00022486          *   00000055   channel_equalizerTest.obj (.const:.string)
                 [ 000449b6 ]  000224db          *   00000001   --HOLE-- [fill = 0]
                 [ 000449b8 ]  000224dc          *   00000024   rts55x.lib : _printfi.obj (.const:.string)
                 [ 00044a00 ]  00022500          *   0000000c              : _printfi.obj (.const)
                 [ 00044a18 ]  0002250c          *   00000008              : divd.obj (.const:_initial_approx$1)
                 [ 00044a28 ]  00022514          *   00000002              : fputs.obj (.const:.string)
                 [ 00044a2c ]  00022516          *   00000002              : divd.obj (.const)
                 [ 00044a30 ]  00022518          *   00000002              : fltlid.obj (.const)

.cio         0   [ 00044a38 ]  0002251c          *   00000120   UNINITIALIZED
                 [ 00044a38 ]  0002251c          *   00000120   rts55x.lib : trgmsg.obj (.cio)

.cinit       0   [ 00044c78 ]  0002263c          *   00000080   
                 [ 00044c78 ]  0002263c          *   0000002d   rts55x.lib : lowlev.obj (.cinit)
                 [ 00044cd2 ]  00022669          *   0000002a              : defs.obj (.cinit)
                 [ 00044d26 ]  00022693          *   0000000c   channel.obj (.cinit)
                 [ 00044d3e ]  0002269f          *   0000000a   rts55x.lib : _lock.obj (.cinit)
                 [ 00044d52 ]  000226a9          *   0000000a              : exit.obj (.cinit)
                 [ 00044d66 ]  000226b3          *   00000004              : fopen.obj (.cinit)
                 [ 00044d6e ]  000226b7          *   00000004              : memory.obj (.cinit)
                 [ 00044d76 ]  000226bb          *   00000001   --HOLE-- [fill = 0]


GLOBAL SYMBOLS: SORTED ALPHABETICALLY BY Name 

abs. value/
byte addr   word addr   name
---------   ---------   ----
00000002                $TI_capability$C5500$CallingConvention
00000002                $TI_capability$C5500$MemoryModel
00000001                $TI_capability_requires_rev3
            00004000    .bss
            00000160    .data
00040000                .text
000446ff                C$$EXIT
00043db5                C$$IO$$
000446bf                I$$LMPY
00044642                I$$UDIV
00044657                I$$UMOD
00041fa5                _HOSTclock
00041f3a                _HOSTclose
00041e85                _HOSTlseek
00041de6                _HOSTopen
00041d59                _HOSTread
00041cab                _HOSTrename
00041c4d                _HOSTtime
00041be3                _HOSTunlink
00041b56                _HOSTwrite
000000c0                _Reset
            0002251c    __CIOBUF_
            00001260    __STACK_END
00000200                __STACK_SIZE
00002000                __SYSMEM_SIZE
00000100                __SYSSTACK_SIZE
ffffffff                ___binit__
            00004000    ___bss__
ffffffff                ___c_args__
            0002263c    ___cinit__
            00000160    ___data__
            00000160    ___edata__
            00004a88    ___end__
00044708                ___etext__
0004468f                ___isinf
ffffffff                ___pinit__
00040000                ___text__
00042f7c                __addd
0004443f                __args_main
00042945                __cleanup
            00004a84    __cleanup_ptr
000435b9                __cmpd
            00022384    __ctypes_
000424da                __divd
0004451f                __divli
00042f47                __divlli
00044642                __divu
00043f17                __divul
00042e53                __divull
00043c3e                __doflush
            00004a86    __dtors_ptr
00043585                __eqld
00044618                __fixdi
00044198                __fixdli
000442df                __fltlid
000440b0                __frcmpyd
00043b76                __frcmpyd_div
            00004930    __ft_end
            00004818    __ftable
0004353b                __geqd
000434f0                __gtrd
000434a3                __leqd
            00004a80    __lock
0004345b                __lssd
00043774                __mpyd
000446bf                __mpyli
00042d9b                __mpylli
000446e4                __negd
00043427                __neqd
000446e2                __nop
00041356                __printfi
00043b19                __rd_ok
000446da                __register_lock
000446d2                __register_unlock
0004448a                __remli
00042d6c                __remlli
00044657                __remu
00044126                __remul
00042d1e                __remull
            00001160    __stack
000446ab                __subd
            00000160    __sys_memory
            00001260    __sysstack
            00004890    __tmpnams
            00004a82    __unlock
00043a99                __wrt_ok
000446fe                _abort
000419eb                _add_device
00044346                _atoi
000443f2                _auto_init
            00004a73    _b1
            00004a76    _b2
000445e4                _c_int00
00042492                _calloc
            0000468a    _ch_x
            00004690    _ch_y
000438c0                _channel
0004248a                _chkheap
00041978                _close
            00004696    _e
00042aa3                _equalizer
            00004688    _error
000445a6                _exit
00044035                _fclose
00043ca7                _fflush
0004196f                _find_registered_device
00042a68                _fopen
000444d5                _fprintf
00043e71                _fputc
00043611                _fputs
00042003                _free
00042434                _free_memory
0004299f                _freopen
00044274                _fseek
00041adb                _getenv
00041909                _lseek
00043fb8                _ltoa
000431d5                _main
00042134                _malloc
000423da                _max_free
0004466c                _memccpy
00044567                _memcpy
000420cf                _minit
            00004686    _mu
0004184a                _open
            00004684    _power
000443a2                _printf
00043e71                _putc
00043f08                _putchar
00043746                _puts
00043e36                _randGen
0004179c                _read
00044207                _readmsg
00042229                _realloc
000446f4                _remove
00041766                _remove_device
0004170d                _rename
            00004300    _rxDesire
000439b3                _setvbuf
00043dba                _signalGen
            00004816    _txCnt
            00004000    _txSignal
000416da                _unlink
            00004642    _w
00041598                _write
00043d00                _writemsg
            00004600    _x
ffffffff                binit
            0002263c    cinit
            00000160    edata
            00004a88    end
00044708                etext
ffffffff                pinit


GLOBAL SYMBOLS: SORTED BY Symbol Address 

abs. value/
byte addr   word addr   name
---------   ---------   ----
00000001                $TI_capability_requires_rev3
00000002                $TI_capability$C5500$CallingConvention
00000002                $TI_capability$C5500$MemoryModel
000000c0                _Reset
00000100                __SYSSTACK_SIZE
00000200                __STACK_SIZE
            00000160    .data
            00000160    ___data__
            00000160    ___edata__
            00000160    __sys_memory
            00000160    edata
00002000                __SYSMEM_SIZE
            00001160    __stack
            00001260    __STACK_END
            00001260    __sysstack
            00004000    .bss
            00004000    ___bss__
            00004000    _txSignal
            00004300    _rxDesire
            00004600    _x
            00004642    _w
            00004684    _power
            00004686    _mu
            00004688    _error
            0000468a    _ch_x
            00004690    _ch_y
            00004696    _e
            00004816    _txCnt
            00004818    __ftable
            00004890    __tmpnams
            00004930    __ft_end
            00004a73    _b1
            00004a76    _b2
            00004a80    __lock
            00004a82    __unlock
            00004a84    __cleanup_ptr
            00004a86    __dtors_ptr
            00004a88    ___end__
            00004a88    end
00040000                .text
00040000                ___text__
00041356                __printfi
00041598                _write
000416da                _unlink
0004170d                _rename
00041766                _remove_device
0004179c                _read
0004184a                _open
00041909                _lseek
0004196f                _find_registered_device
00041978                _close
000419eb                _add_device
00041adb                _getenv
00041b56                _HOSTwrite
00041be3                _HOSTunlink
00041c4d                _HOSTtime
00041cab                _HOSTrename
00041d59                _HOSTread
00041de6                _HOSTopen
00041e85                _HOSTlseek
00041f3a                _HOSTclose
00041fa5                _HOSTclock
00042003                _free
000420cf                _minit
00042134                _malloc
00042229                _realloc
000423da                _max_free
00042434                _free_memory
0004248a                _chkheap
00042492                _calloc
000424da                __divd
00042945                __cleanup
0004299f                _freopen
00042a68                _fopen
00042aa3                _equalizer
00042d1e                __remull
00042d6c                __remlli
00042d9b                __mpylli
00042e53                __divull
00042f47                __divlli
00042f7c                __addd
000431d5                _main
00043427                __neqd
0004345b                __lssd
000434a3                __leqd
000434f0                __gtrd
0004353b                __geqd
00043585                __eqld
000435b9                __cmpd
00043611                _fputs
00043746                _puts
00043774                __mpyd
000438c0                _channel
000439b3                _setvbuf
00043a99                __wrt_ok
00043b19                __rd_ok
00043b76                __frcmpyd_div
00043c3e                __doflush
00043ca7                _fflush
00043d00                _writemsg
00043db5                C$$IO$$
00043dba                _signalGen
00043e36                _randGen
00043e71                _fputc
00043e71                _putc
00043f08                _putchar
00043f17                __divul
00043fb8                _ltoa
00044035                _fclose
000440b0                __frcmpyd
00044126                __remul
00044198                __fixdli
00044207                _readmsg
00044274                _fseek
000442df                __fltlid
00044346                _atoi
000443a2                _printf
000443f2                _auto_init
0004443f                __args_main
0004448a                __remli
000444d5                _fprintf
0004451f                __divli
00044567                _memcpy
000445a6                _exit
000445e4                _c_int00
00044618                __fixdi
00044642                I$$UDIV
00044642                __divu
00044657                I$$UMOD
00044657                __remu
0004466c                _memccpy
0004468f                ___isinf
000446ab                __subd
000446bf                I$$LMPY
000446bf                __mpyli
000446d2                __register_unlock
000446da                __register_lock
000446e2                __nop
000446e4                __negd
000446f4                _remove
000446fe                _abort
000446ff                C$$EXIT
00044708                ___etext__
            00022384    __ctypes_
00044708                etext
            0002251c    __CIOBUF_
            0002263c    ___cinit__
            0002263c    cinit
ffffffff                ___binit__
ffffffff                ___c_args__
ffffffff                ___pinit__
ffffffff                binit
ffffffff                pinit

[153 symbols]
