******************************************************************************
              TMS320C55x Linker PC v4.3.8                      
******************************************************************************
>> Linked Tue Feb 26 16:59:05 2013

OUTPUT FILE NAME:   <parametric_equalizer.out>
ENTRY POINT SYMBOL: "_c_int00"  address: 00046c45


MEMORY CONFIGURATION

         name            origin    length      used     unused   attr    fill
                        (bytes)   (bytes)    (bytes)   (bytes)
----------------------  --------  ---------  --------  --------  ----  --------
  MMR                   00000000   000000c0  00000000  000000c0  RWIX
  VECS                  000000c0   00000200  00000100  00000100  RWIX
  DARAM0                000002c0   00003d40  00002300  00001a40  RWIX
  DARAM1                00004000   00002000  00000000  00002000  RWIX
  DARAM2                00006000   00002000  00000000  00002000  RWIX
  DARAM3                00008000   00008000  00000850  000077b0  RWIX
  SARAM0                00010000   00010000  00000000  00010000  RWIX
  SARAM1                00020000   00010000  00000000  00010000  RWIX
  SARAM2                00030000   00010000  00000000  00010000  RWIX
  SARAM3                00040000   00010000  00007749  000088b7  RWIX
  CE01                  00100000   00020000  00000000  00020000  RWIX
  CE02                  00120000   00020000  00000000  00020000  RWIX
  CE03                  00140000   00020000  00000000  00020000  RWIX
  CE1                   00400000   00100000  00000000  00100000  RWIX
  CE2                   00800000   00400000  00000000  00400000  RWIX
  CE3                   00c00000   003f8000  00000000  003f8000  RWIX
  PDROM                 00ff8000   00007f00  00000000  00007f00  RWIX


SECTION ALLOCATION MAP
(Addresses surrounded by []'s are displayed for convenience only!)

output                                                          attributes/
section   page  orgn(bytes) orgn(words) len(bytes) len(words)   input sections
--------  ----  ----------- ----------- ---------- ----------   --------------
vectors      0     000000c0  [ 00000060 ] 00000100          *   NOLOAD SECTION
                   000000c0  [ 00000060 ] 00000100          *   rts55x.lib : vectors.obj (vectors)

.sysmem      0   [ 000002c0 ]  00000160          *   00001000   UNINITIALIZED
                 [ 000002c0 ]  00000160          *   00001000   --HOLE--

.data        0   [ 000002c0 ]  00000160          *   00000000   UNINITIALIZED

.stack       0   [ 000022c0 ]  00001160          *   00000100   UNINITIALIZED
                 [ 000022c0 ]  00001160          *   00000100   --HOLE--

.sysstack 
*            0   [ 000024c0 ]  00001260          *   00000080   UNINITIALIZED
                 [ 000024c0 ]  00001260          *   00000080   --HOLE--

.bss         0   [ 00008000 ]  00004000          *   00000428   UNINITIALIZED
                 [ 00008000 ]  00004000          *   000001b6   parametric_equalizerTest.obj (.bss)
                 [ 0000836c ]  000041b6          *   00000119   rts55x.lib : defs.obj (.bss)
                 [ 0000859e ]  000042cf          *   000000d0              : trgdrv.obj (.bss)
                 [ 0000873e ]  0000439f          *   00000001              : errno.obj (.bss)
                 [ 00008740 ]  000043a0          *   00000071              : lowlev.obj (.bss)
                 [ 00008822 ]  00004411          *   00000001              : fopen.obj (.bss)
                 [ 00008824 ]  00004412          *   00000008              : cos.obj (.bss)
                 [ 00008834 ]  0000441a          *   00000006              : memory.obj (.bss)
                 [ 00008840 ]  00004420          *   00000004              : _lock.obj (.bss)
                 [ 00008848 ]  00004424          *   00000004              : exit.obj (.bss)

.text        0     00040000  [ 00020000 ] 00006d83          *   
                   00040000  [ 00020000 ] 00001598          *   rts55x.lib : _printfi.obj (.text)
                   00041598  [ 00020acc ] 00000eb6          *              : _scanfi.obj (.text)
                   0004244e  [ 00021227 ] 00000543          *              : lowlev.obj (.text)
                   00042991  [ 000214c8+] 00000528          *              : trgdrv.obj (.text)
                   00042eb9  [ 0002175c+] 000004b5          *              : memory.obj (.text)
                   0004336e  [ 000219b7 ] 0000048e          *   parametric_equalizerTest.obj (.text)
                   000437fc  [ 00021bfe ] 0000036c          *   rts55x.lib : divd.obj (.text)
                   00043b68  [ 00021db4 ] 00000301          *              : strtoll.obj (.text)
                   00043e69  [ 00021f34+] 000002bd          *              : strtod.obj (.text)
                   00044126  [ 00022093 ] 0000029f          *              : strtold.obj (.text)
                   000443c5  [ 000221e2+] 0000027f          *              : fopen.obj (.text)
                   00044644  [ 00022322 ] 0000025e          *              : llmpy.obj (.text)
                   000448a2  [ 00022451 ] 00000259          *              : addd.obj (.text)
                   00044afb  [ 0002257d+] 0000024b          *              : strtoull.obj (.text)
                   00044d46  [ 000226a3 ] 00000218          *              : cos.obj (.text)
                   00044f5e  [ 000227af ] 00000208          *              : strtol.obj (.text)
                   00045166  [ 000228b3 ] 000001ee          *              : fwrite.obj (.text)
                   00045354  [ 000229aa ] 000001ea          *              : cmpd.obj (.text)
                   0004553e  [ 00022a9f ] 000001d1          *              : strtoul.obj (.text)
                   0004570f  [ 00022b87+] 00000169          *   fixPoint_cascadetIIR.obj (.text)
                   00045878  [ 00022c3c ] 00000163          *   rts55x.lib : fputs.obj (.text)
                   000459db  [ 00022ced+] 00000161          *              : fscanf.obj (.text)
                   00045b3c  [ 00022d9e ] 0000014c          *              : mpyd.obj (.text)
                   00045c88  [ 00022e44 ] 0000010f          *              : fread.obj (.text)
                   00045d97  [ 00022ecb+] 000000e6          *              : setvbuf.obj (.text)
                   00045e7d  [ 00022f3e+] 000000dd          *              : _io_perm.obj (.text)
                   00045f5a  [ 00022fad ] 000000c8          *              : frcmpyd_div.obj (.text)
                   00046022  [ 00023011 ] 000000c2          *              : fflush.obj (.text)
                   000460e4  [ 00023072 ] 000000bf          *              : modf.obj (.text)
                   000461a3  [ 000230d1+] 000000ba          *              : trgmsg.obj (.text:CIO_breakpoint)
                   0004625d  [ 0002312e+] 000000ae          *              : _bufread.obj (.text)
                   0004630b  [ 00023185+] 000000a6          *              : fputc.obj (.text)
                   000463b1  [ 000231d8+] 000000a1          *              : divul.obj (.text)
                   00046452  [ 00023229 ] 0000009b          *              : fgetc.obj (.text)
                   000464ed  [ 00023276+] 0000009a          *              : ungetc.obj (.text)
                   00046587  [ 000232c3+] 0000007d          *              : ltoa.obj (.text)
                   00046604  [ 00023302 ] 0000007b          *              : fclose.obj (.text)
                   0004667f  [ 0002333f+] 00000076          *              : frcmpyd.obj (.text)
                   000466f5  [ 0002337a+] 00000072          *              : remul.obj (.text)
                   00046767  [ 000233b3+] 0000006f          *              : fixdli.obj (.text)
                   000467d6  [ 000233eb ] 0000006d          *              : trgmsg.obj (.text)
                   00046843  [ 00023421+] 0000006b          *              : fseek.obj (.text)
                   000468ae  [ 00023457 ] 00000067          *              : fltlid.obj (.text)
                   00046915  [ 0002348a+] 0000005f          *              : round.obj (.text)
                   00046974  [ 000234ba ] 0000005c          *              : atoi.obj (.text)
                   000469d0  [ 000234e8 ] 00000050          *              : printf.obj (.text)
                   00046a20  [ 00023510 ] 0000004d          *              : autoinit.obj (.text)
                   00046a6d  [ 00023536+] 0000004b          *              : args_main.obj (.text)
                   00046ab8  [ 0002355c ] 0000004b          *              : remli.obj (.text)
                   00046b03  [ 00023581+] 00000048          *              : divli.obj (.text)
                   00046b4b  [ 000235a5+] 00000041          *              : trunc.obj (.text)
                   00046b8c  [ 000235c6 ] 0000003f          *              : memcpy.obj (.text)
                   00046bcb  [ 000235e5+] 0000003e          *              : exit.obj (.text)
                   00046c09  [ 00023604+] 0000003c          *              : idiv.obj (.text)
                   00046c45  [ 00023622+] 00000034          *              : boot.obj (.text)
                   00046c79  [ 0002363c+] 0000002a          *              : fixdi.obj (.text)
                   00046ca3  [ 00023651+] 0000002a          *              : udiv.obj (.text)
                   00046ccd  [ 00023666+] 00000023          *              : memccpy.obj (.text)
                   00046cf0  [ 00023678 ] 0000001c          *              : isinf.obj (.text)
                   00046d0c  [ 00023686 ] 00000014          *              : subd.obj (.text)
                   00046d20  [ 00023690 ] 00000013          *              : lmpy.obj (.text)
                   00046d33  [ 00023699+] 00000012          *              : _lock.obj (.text)
                   00046d45  [ 000236a2+] 00000010          *              : negd.obj (.text)
                   00046d55  [ 000236aa+] 0000000e          *              : rewind.obj (.text)
                   00046d63  [ 000236b1+] 0000000c          *              : fltid.obj (.text)
                   00046d6f  [ 000236b7+] 0000000a          *              : remove.obj (.text)
                   00046d79  [ 000236bc+] 00000007          *              : exit.obj (.text:CIO_breakpoint)
                   00046d80  [ 000236c0 ] 00000002          *              : vectors.obj (.text)
                   00046d82  [ 000236c1 ] 00000001          *   --HOLE-- [fill = 20]

.const       0   [ 00046d84 ]  000236c2          *   000002d2   
                 [ 00046d84 ]  000236c2          *   00000101   rts55x.lib : ctype.obj (.const:__ctypes_)
                 [ 00046f86 ]  000237c3          *   00000001   --HOLE-- [fill = 0]
                 [ 00046f88 ]  000237c4          *   000000fd   parametric_equalizerTest.obj (.const:.string)
                 [ 00047182 ]  000238c1          *   00000001   --HOLE-- [fill = 0]
                 [ 00047184 ]  000238c2          *   00000024   rts55x.lib : _printfi.obj (.const:.string)
                 [ 000471cc ]  000238e6          *   00000016              : cos.obj (.const)
                 [ 000471f8 ]  000238fc          *   00000014              : strtod.obj (.const:_digits)
                 [ 00047220 ]  00023910          *   00000014              : strtold.obj (.const:_digits)
                 [ 00047248 ]  00023924          *   0000000e   parametric_equalizerTest.obj (.const)
                 [ 00047264 ]  00023932          *   0000000c   rts55x.lib : strtod.obj (.const:_powerof10)
                 [ 0004727c ]  0002393e          *   0000000c              : strtold.obj (.const:_powerof10)
                 [ 00047294 ]  0002394a          *   0000000c              : _printfi.obj (.const)
                 [ 000472ac ]  00023956          *   00000008              : divd.obj (.const:_initial_approx$1)
                 [ 000472bc ]  0002395e          *   00000008              : round.obj (.const)
                 [ 000472cc ]  00023966          *   00000008              : strtod.obj (.const)
                 [ 000472dc ]  0002396e          *   00000008              : strtold.obj (.const)
                 [ 000472ec ]  00023976          *   00000007              : _scanfi.obj (.const:_flit$1)
                 [ 000472fa ]  0002397d          *   00000006              : _scanfi.obj (.const:_barr$2)
                 [ 00047306 ]  00023983          *   00000001   --HOLE-- [fill = 0]
                 [ 00047308 ]  00023984          *   00000006              : modf.obj (.const)
                 [ 00047314 ]  0002398a          *   00000004              : trunc.obj (.const)
                 [ 0004731c ]  0002398e          *   00000002              : fputs.obj (.const:.string)
                 [ 00047320 ]  00023990          *   00000002              : divd.obj (.const)
                 [ 00047324 ]  00023992          *   00000002              : fltlid.obj (.const)

.cio         0   [ 00047328 ]  00023994          *   00000120   UNINITIALIZED
                 [ 00047328 ]  00023994          *   00000120   rts55x.lib : trgmsg.obj (.cio)

.cinit       0   [ 00047568 ]  00023ab4          *   000000f1   
                 [ 00047568 ]  00023ab4          *   0000006e   parametric_equalizerTest.obj (.cinit)
                 [ 00047644 ]  00023b22          *   0000002d   rts55x.lib : lowlev.obj (.cinit)
                 [ 0004769e ]  00023b4f          *   0000002a              : defs.obj (.cinit)
                 [ 000476f2 ]  00023b79          *   0000000b              : cos.obj (.cinit)
                 [ 00047708 ]  00023b84          *   0000000a              : _lock.obj (.cinit)
                 [ 0004771c ]  00023b8e          *   0000000a              : exit.obj (.cinit)
                 [ 00047730 ]  00023b98          *   00000004              : errno.obj (.cinit)
                 [ 00047738 ]  00023b9c          *   00000004              : fopen.obj (.cinit)
                 [ 00047740 ]  00023ba0          *   00000004              : memory.obj (.cinit)
                 [ 00047748 ]  00023ba4          *   00000001   --HOLE-- [fill = 0]


GLOBAL SYMBOLS: SORTED ALPHABETICALLY BY Name 

abs. value/
byte addr   word addr   name
---------   ---------   ----
00000002                $TI_capability$C5500$CallingConvention
00000002                $TI_capability$C5500$MemoryModel
00000001                $TI_capability_requires_rev3
            00004000    .bss
            00000160    .data
00040000                .text
00046d7a                C$$EXIT
00046258                C$$IO$$
00046c09                I$$DIV
00046d20                I$$LMPY
00046c28                I$$MOD
00046ca3                I$$UDIV
00046cb8                I$$UMOD
            00004000    _C
00042e5b                _HOSTclock
00042df0                _HOSTclose
00042d3b                _HOSTlseek
00042c9c                _HOSTopen
00042c0f                _HOSTread
00042b61                _HOSTrename
00042b03                _HOSTtime
00042a99                _HOSTunlink
00042a0c                _HOSTwrite
000000c0                _Reset
            00023994    __CIOBUF_
            00001260    __STACK_END
00000200                __STACK_SIZE
00002000                __SYSMEM_SIZE
00000100                __SYSSTACK_SIZE
ffffffff                ___binit__
            00004000    ___bss__
ffffffff                ___c_args__
            00023ab4    ___cinit__
            00000160    ___data__
            00000160    ___edata__
            00004428    ___end__
00046d83                ___etext__
00046cf0                ___isinf
ffffffff                ___pinit__
00040000                ___text__
000448a2                __addd
00046a6d                __args_main
0004625d                __buff_read
000444e6                __cleanup
            00004424    __cleanup_ptr
000454e6                __cmpd
            000236c2    __ctypes_
0004381e                __divd
00046c09                __divi
00046b03                __divli
0004486d                __divlli
00046ca3                __divu
000463b1                __divul
00044779                __divull
00046022                __doflush
            00004426    __dtors_ptr
000454b2                __eqld
00046c79                __fixdi
00046767                __fixdli
00046d63                __fltid
000468ae                __fltlid
0004667f                __frcmpyd
00045f5a                __frcmpyd_div
            000042ce    __ft_end
            000041b6    __ftable
00045468                __geqd
0004541d                __gtrd
000453d0                __leqd
            00004420    __lock
00045388                __lssd
00045b3c                __mpyd
00046d20                __mpyli
000446c1                __mpylli
00046d45                __negd
00045354                __neqd
00046d43                __nop
00046915                __nround
00041356                __printfi
00045efd                __rd_ok
00046d3b                __register_lock
00046d33                __register_unlock
00046c28                __remi
00046ab8                __remli
00044692                __remlli
00046cb8                __remu
000466f5                __remul
00044644                __remull
00041f46                __scanfi
            00001160    __stack
00046d0c                __subd
            00000160    __sys_memory
            00001260    __sysstack
            0000422e    __tmpnams
00046b4b                __trunc
            00004422    __unlock
00045e7d                __wrt_ok
00046d79                _abort
000428a1                _add_device
00046974                _atoi
00046a20                _auto_init
00046c45                _c_int00
00043348                _calloc
0004570f                _cascadeIIR
00043340                _chkheap
0004282e                _close
0004364b                _coefGen
00044d46                _cos
            0000439f    _errno
00046bcb                _exit
00046604                _fclose
0004608b                _fflush
00046452                _fgetc
00042825                _find_registered_device
00044609                _fopen
0004630b                _fputc
00045878                _fputs
00045c88                _fread
00042eb9                _free
000432ea                _free_memory
00044540                _freopen
00045a17                _fscanf
00046843                _fseek
00045166                _fwrite
            00004182    _gain1000
            0000414e    _gain200
00046452                _getc
000464de                _getchar
00042991                _getenv
            000040ae    _in
000427bf                _lseek
00046587                _ltoa
0004336e                _main
00042fea                _malloc
00043290                _max_free
00046ccd                _memccpy
00046b8c                _memcpy
00042f85                _minit
000460e4                _modf
00042700                _open
            0000400e    _out
000469d0                _printf
0004630b                _putc
000463a2                _putchar
000459ad                _puts
00042652                _read
000467d6                _readmsg
000430df                _realloc
00046d6f                _remove
0004261c                _remove_device
000425c3                _rename
00046d55                _rewind
000459db                _scanf
00045d97                _setvbuf
00043e69                _strtod
00044f5e                _strtol
00044126                _strtold
00043b68                _strtoll
0004553e                _strtoul
00044afb                _strtoull
000464ed                _ungetc
00042590                _unlink
            0000400a    _w
0004376e                _wHdUpdt
0004244e                _write
000461a3                _writemsg
ffffffff                binit
            00023ab4    cinit
            00000160    edata
            00004428    end
00046d83                etext
ffffffff                pinit


GLOBAL SYMBOLS: SORTED BY Symbol Address 

abs. value/
byte addr   word addr   name
---------   ---------   ----
00000001                $TI_capability_requires_rev3
00000002                $TI_capability$C5500$CallingConvention
00000002                $TI_capability$C5500$MemoryModel
000000c0                _Reset
00000100                __SYSSTACK_SIZE
00000200                __STACK_SIZE
            00000160    .data
            00000160    ___data__
            00000160    ___edata__
            00000160    __sys_memory
            00000160    edata
00002000                __SYSMEM_SIZE
            00001160    __stack
            00001260    __STACK_END
            00001260    __sysstack
            00004000    .bss
            00004000    _C
            00004000    ___bss__
            0000400a    _w
            0000400e    _out
            000040ae    _in
            0000414e    _gain200
            00004182    _gain1000
            000041b6    __ftable
            0000422e    __tmpnams
            000042ce    __ft_end
            0000439f    _errno
            00004420    __lock
            00004422    __unlock
            00004424    __cleanup_ptr
            00004426    __dtors_ptr
            00004428    ___end__
            00004428    end
00040000                .text
00040000                ___text__
00041356                __printfi
00041f46                __scanfi
0004244e                _write
00042590                _unlink
000425c3                _rename
0004261c                _remove_device
00042652                _read
00042700                _open
000427bf                _lseek
00042825                _find_registered_device
0004282e                _close
000428a1                _add_device
00042991                _getenv
00042a0c                _HOSTwrite
00042a99                _HOSTunlink
00042b03                _HOSTtime
00042b61                _HOSTrename
00042c0f                _HOSTread
00042c9c                _HOSTopen
00042d3b                _HOSTlseek
00042df0                _HOSTclose
00042e5b                _HOSTclock
00042eb9                _free
00042f85                _minit
00042fea                _malloc
000430df                _realloc
00043290                _max_free
000432ea                _free_memory
00043340                _chkheap
00043348                _calloc
0004336e                _main
0004364b                _coefGen
0004376e                _wHdUpdt
0004381e                __divd
00043b68                _strtoll
00043e69                _strtod
00044126                _strtold
000444e6                __cleanup
00044540                _freopen
00044609                _fopen
00044644                __remull
00044692                __remlli
000446c1                __mpylli
00044779                __divull
0004486d                __divlli
000448a2                __addd
00044afb                _strtoull
00044d46                _cos
00044f5e                _strtol
00045166                _fwrite
00045354                __neqd
00045388                __lssd
000453d0                __leqd
0004541d                __gtrd
00045468                __geqd
000454b2                __eqld
000454e6                __cmpd
0004553e                _strtoul
0004570f                _cascadeIIR
00045878                _fputs
000459ad                _puts
000459db                _scanf
00045a17                _fscanf
00045b3c                __mpyd
00045c88                _fread
00045d97                _setvbuf
00045e7d                __wrt_ok
00045efd                __rd_ok
00045f5a                __frcmpyd_div
00046022                __doflush
0004608b                _fflush
000460e4                _modf
000461a3                _writemsg
00046258                C$$IO$$
0004625d                __buff_read
0004630b                _fputc
0004630b                _putc
000463a2                _putchar
000463b1                __divul
00046452                _fgetc
00046452                _getc
000464de                _getchar
000464ed                _ungetc
00046587                _ltoa
00046604                _fclose
0004667f                __frcmpyd
000466f5                __remul
00046767                __fixdli
000467d6                _readmsg
00046843                _fseek
000468ae                __fltlid
00046915                __nround
00046974                _atoi
000469d0                _printf
00046a20                _auto_init
00046a6d                __args_main
00046ab8                __remli
00046b03                __divli
00046b4b                __trunc
00046b8c                _memcpy
00046bcb                _exit
00046c09                I$$DIV
00046c09                __divi
00046c28                I$$MOD
00046c28                __remi
00046c45                _c_int00
00046c79                __fixdi
00046ca3                I$$UDIV
00046ca3                __divu
00046cb8                I$$UMOD
00046cb8                __remu
00046ccd                _memccpy
00046cf0                ___isinf
00046d0c                __subd
00046d20                I$$LMPY
00046d20                __mpyli
00046d33                __register_unlock
00046d3b                __register_lock
00046d43                __nop
00046d45                __negd
00046d55                _rewind
00046d63                __fltid
00046d6f                _remove
00046d79                _abort
00046d7a                C$$EXIT
00046d83                ___etext__
00046d83                etext
            000236c2    __ctypes_
            00023994    __CIOBUF_
            00023ab4    ___cinit__
            00023ab4    cinit
ffffffff                ___binit__
ffffffff                ___c_args__
ffffffff                ___pinit__
ffffffff                binit
ffffffff                pinit

[171 symbols]
