******************************************************************************
              TMS320C55x Linker PC v4.3.8                      
******************************************************************************
>> Linked Thu Feb 28 07:15:37 2013

OUTPUT FILE NAME:   <symmetric_BlockFIR.out>
ENTRY POINT SYMBOL: "_c_int00"  address: 0004657b


MEMORY CONFIGURATION

         name            origin    length      used     unused   attr    fill
                        (bytes)   (bytes)    (bytes)   (bytes)
----------------------  --------  ---------  --------  --------  ----  --------
  MMR                   00000000   000000c0  00000000  000000c0  RWIX
  VECS                  000000c0   00000200  00000100  00000100  RWIX
  DARAM0                000002c0   00003d40  00002300  00001a40  RWIX
  DARAM1                00004000   00002000  00000000  00002000  RWIX
  DARAM2                00006000   00002000  00000000  00002000  RWIX
  DARAM3                00008000   00008000  00000534  00007acc  RWIX
  SARAM0                00010000   00010000  00000000  00010000  RWIX
  SARAM1                00020000   00010000  00000000  00010000  RWIX
  SARAM2                00030000   00010000  00000000  00010000  RWIX
  SARAM3                00040000   00010000  00006f4a  000090b6  RWIX
  CE01                  00100000   00020000  00000000  00020000  RWIX
  CE02                  00120000   00020000  00000000  00020000  RWIX
  CE03                  00140000   00020000  00000000  00020000  RWIX
  CE1                   00400000   00100000  00000000  00100000  RWIX
  CE2                   00800000   00400000  00000000  00400000  RWIX
  CE3                   00c00000   003f8000  00000000  003f8000  RWIX
  PDROM                 00ff8000   00007f00  00000000  00007f00  RWIX


SECTION ALLOCATION MAP
(Addresses surrounded by []'s are displayed for convenience only!)

output                                                          attributes/
section   page  orgn(bytes) orgn(words) len(bytes) len(words)   input sections
--------  ----  ----------- ----------- ---------- ----------   --------------
vectors      0     000000c0  [ 00000060 ] 00000100          *   NOLOAD SECTION
                   000000c0  [ 00000060 ] 00000100          *   rts55x.lib : vectors.obj (vectors)

.sysmem      0   [ 000002c0 ]  00000160          *   00001000   UNINITIALIZED
                 [ 000002c0 ]  00000160          *   00001000   --HOLE--

.data        0   [ 000002c0 ]  00000160          *   00000000   UNINITIALIZED

.stack       0   [ 000022c0 ]  00001160          *   00000100   UNINITIALIZED
                 [ 000022c0 ]  00001160          *   00000100   --HOLE--

.sysstack 
*            0   [ 000024c0 ]  00001260          *   00000080   UNINITIALIZED
                 [ 000024c0 ]  00001260          *   00000080   --HOLE--

.bss         0   [ 00008000 ]  00004000          *   0000029a   UNINITIALIZED
                 [ 00008000 ]  00004000          *   00000119   rts55x.lib : defs.obj (.bss)
                 [ 00008232 ]  00004119          *   000000d0              : trgdrv.obj (.bss)
                 [ 000083d2 ]  000041e9          *   00000001              : errno.obj (.bss)
                 [ 000083d4 ]  000041ea          *   00000071              : lowlev.obj (.bss)
                 [ 000084b6 ]  0000425b          *   00000030   symFirTest.obj (.bss:fir)
                 [ 00008516 ]  0000428b          *   00000001   rts55x.lib : fopen.obj (.bss)
                 [ 00008518 ]  0000428c          *   00000006              : memory.obj (.bss)
                 [ 00008524 ]  00004292          *   00000004              : _lock.obj (.bss)
                 [ 0000852c ]  00004296          *   00000004              : exit.obj (.bss)

.text        0     00040000  [ 00020000 ] 000066a0          *   
                   00040000  [ 00020000 ] 00001598          *   rts55x.lib : _printfi.obj (.text)
                   00041598  [ 00020acc ] 00000eb6          *              : _scanfi.obj (.text)
                   0004244e  [ 00021227 ] 00000543          *              : lowlev.obj (.text)
                   00042991  [ 000214c8+] 00000528          *              : trgdrv.obj (.text)
                   00042eb9  [ 0002175c+] 000004b5          *              : memory.obj (.text)
                   0004336e  [ 000219b7 ] 0000036c          *              : divd.obj (.text)
                   000436da  [ 00021b6d ] 00000301          *              : strtoll.obj (.text)
                   000439db  [ 00021ced+] 000002bd          *              : strtod.obj (.text)
                   00043c98  [ 00021e4c ] 0000029f          *              : strtold.obj (.text)
                   00043f37  [ 00021f9b+] 0000027f          *              : fopen.obj (.text)
                   000441b6  [ 000220db ] 0000025e          *              : llmpy.obj (.text)
                   00044414  [ 0002220a ] 00000259          *              : addd.obj (.text)
                   0004466d  [ 00022336+] 0000024b          *              : strtoull.obj (.text)
                   000448b8  [ 0002245c ] 00000230          *   symFirTest.obj (.text)
                   00044ae8  [ 00022574 ] 00000208          *   rts55x.lib : strtol.obj (.text)
                   00044cf0  [ 00022678 ] 000001ee          *              : fwrite.obj (.text)
                   00044ede  [ 0002276f ] 000001ea          *              : cmpd.obj (.text)
                   000450c8  [ 00022864 ] 000001d1          *              : strtoul.obj (.text)
                   00045299  [ 0002294c+] 00000163          *              : fputs.obj (.text)
                   000453fc  [ 000229fe ] 00000161          *              : fscanf.obj (.text)
                   0004555d  [ 00022aae+] 0000014c          *              : mpyd.obj (.text)
                   000456a9  [ 00022b54+] 0000010f          *              : fread.obj (.text)
                   000457b8  [ 00022bdc ] 000000e6          *              : setvbuf.obj (.text)
                   0004589e  [ 00022c4f ] 000000dd          *              : _io_perm.obj (.text)
                   0004597b  [ 00022cbd+] 000000c8          *              : frcmpyd_div.obj (.text)
                   00045a43  [ 00022d21+] 000000c2          *              : fflush.obj (.text)
                   00045b05  [ 00022d82+] 000000ba          *              : trgmsg.obj (.text:CIO_breakpoint)
                   00045bbf  [ 00022ddf+] 000000ae          *              : _bufread.obj (.text)
                   00045c6d  [ 00022e36+] 000000a6          *              : fputc.obj (.text)
                   00045d13  [ 00022e89+] 000000a1          *              : divul.obj (.text)
                   00045db4  [ 00022eda ] 0000009b          *              : fgetc.obj (.text)
                   00045e4f  [ 00022f27+] 0000009a          *              : ungetc.obj (.text)
                   00045ee9  [ 00022f74+] 0000007d          *              : ltoa.obj (.text)
                   00045f66  [ 00022fb3 ] 0000007b          *              : fclose.obj (.text)
                   00045fe1  [ 00022ff0+] 00000076          *              : frcmpyd.obj (.text)
                   00046057  [ 0002302b ] 00000001          *   --HOLE-- [fill = 20]
                   00046058  [ 0002302c ] 00000073          *   symFir.obj (.text:fir)
                   000460cb  [ 00023065+] 00000072          *   rts55x.lib : remul.obj (.text)
                   0004613d  [ 0002309e+] 0000006f          *              : fixdli.obj (.text)
                   000461ac  [ 000230d6 ] 0000006d          *              : trgmsg.obj (.text)
                   00046219  [ 0002310c+] 0000006b          *              : fseek.obj (.text)
                   00046284  [ 00023142 ] 00000067          *              : fltlid.obj (.text)
                   000462eb  [ 00023175+] 0000005c          *              : atoi.obj (.text)
                   00046347  [ 000231a3+] 00000050          *              : printf.obj (.text)
                   00046397  [ 000231cb+] 0000004d          *              : autoinit.obj (.text)
                   000463e4  [ 000231f2 ] 0000004b          *              : args_main.obj (.text)
                   0004642f  [ 00023217+] 0000004b          *              : remli.obj (.text)
                   0004647a  [ 0002323d ] 00000048          *              : divli.obj (.text)
                   000464c2  [ 00023261 ] 0000003f          *              : memcpy.obj (.text)
                   00046501  [ 00023280+] 0000003e          *              : exit.obj (.text)
                   0004653f  [ 0002329f+] 0000003c          *              : idiv.obj (.text)
                   0004657b  [ 000232bd+] 00000034          *              : boot.obj (.text)
                   000465af  [ 000232d7+] 0000002a          *              : fixdi.obj (.text)
                   000465d9  [ 000232ec+] 0000002a          *              : udiv.obj (.text)
                   00046603  [ 00023301+] 00000023          *              : memccpy.obj (.text)
                   00046626  [ 00023313 ] 0000001c          *              : isinf.obj (.text)
                   00046642  [ 00023321 ] 00000014          *              : subd.obj (.text)
                   00046656  [ 0002332b ] 00000013          *              : lmpy.obj (.text)
                   00046669  [ 00023334+] 00000012          *              : _lock.obj (.text)
                   0004667b  [ 0002333d+] 00000010          *              : negd.obj (.text)
                   0004668b  [ 00023345+] 0000000a          *              : remove.obj (.text)
                   00046695  [ 0002334a+] 00000007          *              : exit.obj (.text:CIO_breakpoint)
                   0004669c  [ 0002334e ] 00000002          *              : vectors.obj (.text)
                   0004669e  [ 0002334f ] 00000002          *   --HOLE-- [fill = 20]

.const       0   [ 000466a0 ]  00023350          *   000002a2   
                 [ 000466a0 ]  00023350          *   00000101   rts55x.lib : ctype.obj (.const:__ctypes_)
                 [ 000468a2 ]  00023451          *   00000001   --HOLE-- [fill = 0]
                 [ 000468a4 ]  00023452          *   000000ec   symFirTest.obj (.const:.string)
                 [ 00046a7c ]  0002353e          *   00000024   rts55x.lib : _printfi.obj (.const:.string)
                 [ 00046ac4 ]  00023562          *   00000018   symFirTest.obj (.const:fir) [fill = 0]
                 [ 00046af4 ]  0002357a          *   00000014   rts55x.lib : strtod.obj (.const:_digits)
                 [ 00046b1c ]  0002358e          *   00000014              : strtold.obj (.const:_digits)
                 [ 00046b44 ]  000235a2          *   0000000c              : strtod.obj (.const:_powerof10)
                 [ 00046b5c ]  000235ae          *   0000000c              : strtold.obj (.const:_powerof10)
                 [ 00046b74 ]  000235ba          *   0000000c              : _printfi.obj (.const)
                 [ 00046b8c ]  000235c6          *   00000008              : divd.obj (.const:_initial_approx$1)
                 [ 00046b9c ]  000235ce          *   00000008              : strtod.obj (.const)
                 [ 00046bac ]  000235d6          *   00000008              : strtold.obj (.const)
                 [ 00046bbc ]  000235de          *   00000007              : _scanfi.obj (.const:_flit$1)
                 [ 00046bca ]  000235e5          *   00000006              : _scanfi.obj (.const:_barr$2)
                 [ 00046bd6 ]  000235eb          *   00000001   --HOLE-- [fill = 0]
                 [ 00046bd8 ]  000235ec          *   00000002              : fputs.obj (.const:.string)
                 [ 00046bdc ]  000235ee          *   00000002              : divd.obj (.const)
                 [ 00046be0 ]  000235f0          *   00000002              : fltlid.obj (.const)

.cio         0   [ 00046be8 ]  000235f4          *   00000120   UNINITIALIZED
                 [ 00046be8 ]  000235f4          *   00000120   rts55x.lib : trgmsg.obj (.cio)

.cinit       0   [ 00046e28 ]  00023714          *   00000093   
                 [ 00046e28 ]  00023714          *   0000002d   rts55x.lib : lowlev.obj (.cinit)
                 [ 00046e82 ]  00023741          *   0000002a              : defs.obj (.cinit)
                 [ 00046ed6 ]  0002376b          *   0000001b   symFirTest.obj (.cinit)
                 [ 00046f0c ]  00023786          *   0000000a   rts55x.lib : _lock.obj (.cinit)
                 [ 00046f20 ]  00023790          *   0000000a              : exit.obj (.cinit)
                 [ 00046f34 ]  0002379a          *   00000004              : errno.obj (.cinit)
                 [ 00046f3c ]  0002379e          *   00000004              : fopen.obj (.cinit)
                 [ 00046f44 ]  000237a2          *   00000004              : memory.obj (.cinit)
                 [ 00046f4c ]  000237a6          *   00000001   --HOLE-- [fill = 0]


GLOBAL SYMBOLS: SORTED ALPHABETICALLY BY Name 

abs. value/
byte addr   word addr   name
---------   ---------   ----
00000002                $TI_capability$C5500$CallingConvention
00000002                $TI_capability$C5500$MemoryModel
00000001                $TI_capability_requires_rev3
            00004000    .bss
            00000160    .data
00040000                .text
00046696                C$$EXIT
00045bba                C$$IO$$
0004653f                I$$DIV
00046656                I$$LMPY
0004655e                I$$MOD
000465d9                I$$UDIV
000465ee                I$$UMOD
00042e5b                _HOSTclock
00042df0                _HOSTclose
00042d3b                _HOSTlseek
00042c9c                _HOSTopen
00042c0f                _HOSTread
00042b61                _HOSTrename
00042b03                _HOSTtime
00042a99                _HOSTunlink
00042a0c                _HOSTwrite
000000c0                _Reset
            000235f4    __CIOBUF_
            00001260    __STACK_END
00000200                __STACK_SIZE
00002000                __SYSMEM_SIZE
00000100                __SYSSTACK_SIZE
ffffffff                ___binit__
            00004000    ___bss__
ffffffff                ___c_args__
            00023714    ___cinit__
            00000160    ___data__
            00000160    ___edata__
            0000429a    ___end__
000466a0                ___etext__
00046626                ___isinf
ffffffff                ___pinit__
00040000                ___text__
00044414                __addd
000463e4                __args_main
00045bbf                __buff_read
00044058                __cleanup
            00004296    __cleanup_ptr
00045070                __cmpd
            00023350    __ctypes_
00043390                __divd
0004653f                __divi
0004647a                __divli
000443df                __divlli
000465d9                __divu
00045d13                __divul
000442eb                __divull
00045a43                __doflush
            00004298    __dtors_ptr
0004503c                __eqld
000465af                __fixdi
0004613d                __fixdli
00046284                __fltlid
00045fe1                __frcmpyd
0004597b                __frcmpyd_div
            00004118    __ft_end
            00004000    __ftable
00044ff2                __geqd
00044fa7                __gtrd
00044f5a                __leqd
            00004292    __lock
00044f12                __lssd
0004555d                __mpyd
00046656                __mpyli
00044233                __mpylli
0004667b                __negd
00044ede                __neqd
00046679                __nop
00041356                __printfi
0004591e                __rd_ok
00046671                __register_lock
00046669                __register_unlock
0004655e                __remi
0004642f                __remli
00044204                __remlli
000465ee                __remu
000460cb                __remul
000441b6                __remull
00041f46                __scanfi
            00001160    __stack
00046642                __subd
            00000160    __sys_memory
            00001260    __sysstack
            00004078    __tmpnams
            00004294    __unlock
0004589e                __wrt_ok
00046695                _abort
000428a1                _add_device
000462eb                _atoi
00046397                _auto_init
0004657b                _c_int00
00043348                _calloc
00043340                _chkheap
0004282e                _close
            000041e9    _errno
00046501                _exit
00045f66                _fclose
00045aac                _fflush
00045db4                _fgetc
00042825                _find_registered_device
0004417b                _fopen
00045c6d                _fputc
00045299                _fputs
000456a9                _fread
00042eb9                _free
000432ea                _free_memory
000440b2                _freopen
00045438                _fscanf
00046219                _fseek
00044cf0                _fwrite
00045db4                _getc
00045e40                _getchar
00042991                _getenv
000427bf                _lseek
00045ee9                _ltoa
000448b8                _main
00042fea                _malloc
00043290                _max_free
00046603                _memccpy
000464c2                _memcpy
00042f85                _minit
00042700                _open
00046347                _printf
00045c6d                _putc
00045d04                _putchar
000453ce                _puts
00042652                _read
000461ac                _readmsg
000430df                _realloc
0004668b                _remove
0004261c                _remove_device
000425c3                _rename
000453fc                _scanf
000457b8                _setvbuf
000439db                _strtod
00044ae8                _strtol
00043c98                _strtold
000436da                _strtoll
000450c8                _strtoul
0004466d                _strtoull
00046058                _symFir
            00023562    _symFirCoef
00045e4f                _ungetc
00042590                _unlink
            0000425b    _w
0004244e                _write
00045b05                _writemsg
ffffffff                binit
            00023714    cinit
            00000160    edata
            0000429a    end
000466a0                etext
ffffffff                pinit


GLOBAL SYMBOLS: SORTED BY Symbol Address 

abs. value/
byte addr   word addr   name
---------   ---------   ----
00000001                $TI_capability_requires_rev3
00000002                $TI_capability$C5500$CallingConvention
00000002                $TI_capability$C5500$MemoryModel
000000c0                _Reset
00000100                __SYSSTACK_SIZE
00000200                __STACK_SIZE
            00000160    .data
            00000160    ___data__
            00000160    ___edata__
            00000160    __sys_memory
            00000160    edata
00002000                __SYSMEM_SIZE
            00001160    __stack
            00001260    __STACK_END
            00001260    __sysstack
            00004000    .bss
            00004000    ___bss__
            00004000    __ftable
            00004078    __tmpnams
            00004118    __ft_end
            000041e9    _errno
            0000425b    _w
            00004292    __lock
            00004294    __unlock
            00004296    __cleanup_ptr
            00004298    __dtors_ptr
            0000429a    ___end__
            0000429a    end
00040000                .text
00040000                ___text__
00041356                __printfi
00041f46                __scanfi
0004244e                _write
00042590                _unlink
000425c3                _rename
0004261c                _remove_device
00042652                _read
00042700                _open
000427bf                _lseek
00042825                _find_registered_device
0004282e                _close
000428a1                _add_device
00042991                _getenv
00042a0c                _HOSTwrite
00042a99                _HOSTunlink
00042b03                _HOSTtime
00042b61                _HOSTrename
00042c0f                _HOSTread
00042c9c                _HOSTopen
00042d3b                _HOSTlseek
00042df0                _HOSTclose
00042e5b                _HOSTclock
00042eb9                _free
00042f85                _minit
00042fea                _malloc
000430df                _realloc
00043290                _max_free
000432ea                _free_memory
00043340                _chkheap
00043348                _calloc
00043390                __divd
000436da                _strtoll
000439db                _strtod
00043c98                _strtold
00044058                __cleanup
000440b2                _freopen
0004417b                _fopen
000441b6                __remull
00044204                __remlli
00044233                __mpylli
000442eb                __divull
000443df                __divlli
00044414                __addd
0004466d                _strtoull
000448b8                _main
00044ae8                _strtol
00044cf0                _fwrite
00044ede                __neqd
00044f12                __lssd
00044f5a                __leqd
00044fa7                __gtrd
00044ff2                __geqd
0004503c                __eqld
00045070                __cmpd
000450c8                _strtoul
00045299                _fputs
000453ce                _puts
000453fc                _scanf
00045438                _fscanf
0004555d                __mpyd
000456a9                _fread
000457b8                _setvbuf
0004589e                __wrt_ok
0004591e                __rd_ok
0004597b                __frcmpyd_div
00045a43                __doflush
00045aac                _fflush
00045b05                _writemsg
00045bba                C$$IO$$
00045bbf                __buff_read
00045c6d                _fputc
00045c6d                _putc
00045d04                _putchar
00045d13                __divul
00045db4                _fgetc
00045db4                _getc
00045e40                _getchar
00045e4f                _ungetc
00045ee9                _ltoa
00045f66                _fclose
00045fe1                __frcmpyd
00046058                _symFir
000460cb                __remul
0004613d                __fixdli
000461ac                _readmsg
00046219                _fseek
00046284                __fltlid
000462eb                _atoi
00046347                _printf
00046397                _auto_init
000463e4                __args_main
0004642f                __remli
0004647a                __divli
000464c2                _memcpy
00046501                _exit
0004653f                I$$DIV
0004653f                __divi
0004655e                I$$MOD
0004655e                __remi
0004657b                _c_int00
000465af                __fixdi
000465d9                I$$UDIV
000465d9                __divu
000465ee                I$$UMOD
000465ee                __remu
00046603                _memccpy
00046626                ___isinf
00046642                __subd
00046656                I$$LMPY
00046656                __mpyli
00046669                __register_unlock
00046671                __register_lock
00046679                __nop
0004667b                __negd
0004668b                _remove
00046695                _abort
00046696                C$$EXIT
000466a0                ___etext__
            00023350    __ctypes_
000466a0                etext
            00023562    _symFirCoef
            000235f4    __CIOBUF_
            00023714    ___cinit__
            00023714    cinit
ffffffff                ___binit__
ffffffff                ___c_args__
ffffffff                ___pinit__
ffffffff                binit
ffffffff                pinit

[159 symbols]
