******************************************************************************
              TMS320C55x Linker PC v4.3.8                      
******************************************************************************
>> Linked Tue Feb 26 16:40:09 2013

OUTPUT FILE NAME:   <fileIO.out>
ENTRY POINT SYMBOL: "_c_int00"  address: 0003442c


MEMORY CONFIGURATION

         name            origin    length      used     unused   attr    fill
                        (bytes)   (bytes)    (bytes)   (bytes)
----------------------  --------  ---------  --------  --------  ----  --------
  MMR                   00000000   000000c0  00000000  000000c0  RW  
  DARAM                 000000c0   0000ff40  000065c6  0000997a  RW  
  SARAM                 00030000   0001e000  0000455e  00019aa2  RW  
  SAROM_0               00fe0000   00008000  00000000  00008000  R  X
  SAROM_1               00fe8000   00008000  00000000  00008000  R  X
  SAROM_2               00ff0000   00008000  00000000  00008000  R  X
  SAROM_3               00ff8000   00008000  00000000  00008000  R  X


SECTION ALLOCATION MAP
(Addresses surrounded by []'s are displayed for convenience only!)

output                                                          attributes/
section   page  orgn(bytes) orgn(words) len(bytes) len(words)   input sections
--------  ----  ----------- ----------- ---------- ----------   --------------
.stack       0   [ 000000c0 ]  00000060          *   00001000   UNINITIALIZED
                 [ 000000c0 ]  00000060          *   00001000   --HOLE--

.data        0   [ 000000c0 ]  00000060          *   00000000   UNINITIALIZED

.sysmem      0   [ 000020c0 ]  00001060          *   00001000   UNINITIALIZED
                 [ 000020c0 ]  00001060          *   00001000   --HOLE--

.sysstack 
*            0   [ 000040c0 ]  00002060          *   00000800   UNINITIALIZED
                 [ 000040c0 ]  00002060          *   00000800   --HOLE--

.bss         0   [ 000050c0 ]  00002860          *   00000696   UNINITIALIZED
                 [ 000050c0 ]  00002860          *   0000042c   fileIOTest.obj (.bss)
                 [ 00005918 ]  00002c8c          *   00000119   rts55x.lib : defs.obj (.bss)
                 [ 00005b4a ]  00002da5          *   000000d0              : trgdrv.obj (.bss)
                 [ 00005cea ]  00002e75          *   00000001              : fopen.obj (.bss)
                 [ 00005cec ]  00002e76          *   00000071              : lowlev.obj (.bss)
                 [ 00005dce ]  00002ee7          *   00000001   --HOLE--
                 [ 00005dd0 ]  00002ee8          *   00000006              : memory.obj (.bss)
                 [ 00005ddc ]  00002eee          *   00000004              : _lock.obj (.bss)
                 [ 00005de4 ]  00002ef2          *   00000004              : exit.obj (.bss)

.const       0   [ 00005dec ]  00002ef6          *   0000020a   
                 [ 00005dec ]  00002ef6          *   00000101   rts55x.lib : ctype.obj (.const:__ctypes_)
                 [ 00005fee ]  00002ff7          *   00000001   --HOLE-- [fill = 0]
                 [ 00005ff0 ]  00002ff8          *   000000ca   fileIOTest.obj (.const:.string)
                 [ 00006184 ]  000030c2          *   00000024   rts55x.lib : _printfi.obj (.const:.string)
                 [ 000061cc ]  000030e6          *   0000000c              : _printfi.obj (.const)
                 [ 000061e4 ]  000030f2          *   00000008              : divd.obj (.const:_initial_approx$1)
                 [ 000061f4 ]  000030fa          *   00000002              : fputs.obj (.const:.string)
                 [ 000061f8 ]  000030fc          *   00000002              : divd.obj (.const)
                 [ 000061fc ]  000030fe          *   00000002              : fltlid.obj (.const)

.cio         0   [ 00006200 ]  00003100          *   00000120   UNINITIALIZED
                 [ 00006200 ]  00003100          *   00000120   rts55x.lib : trgmsg.obj (.cio)

.cinit       0   [ 00006440 ]  00003220          *   000000a3   
                 [ 00006440 ]  00003220          *   0000002f   fileIOTest.obj (.cinit)
                 [ 0000649e ]  0000324f          *   0000002d   rts55x.lib : lowlev.obj (.cinit)
                 [ 000064f8 ]  0000327c          *   0000002a              : defs.obj (.cinit)
                 [ 0000654c ]  000032a6          *   0000000a              : _lock.obj (.cinit)
                 [ 00006560 ]  000032b0          *   0000000a              : exit.obj (.cinit)
                 [ 00006574 ]  000032ba          *   00000004              : fopen.obj (.cinit)
                 [ 0000657c ]  000032be          *   00000004              : memory.obj (.cinit)
                 [ 00006584 ]  000032c2          *   00000001   --HOLE-- [fill = 0]

vectors      0     00006588  [ 000032c4 ] 00000100          *   NOLOAD SECTION
                   00006588  [ 000032c4 ] 00000100          *   rts55x.lib : vectors.obj (vectors)

.text        0     00030000  [ 00018000 ] 0000455e          *   
                   00030000  [ 00018000 ] 00001598          *   rts55x.lib : _printfi.obj (.text)
                   00031598  [ 00018acc ] 00000543          *              : lowlev.obj (.text)
                   00031adb  [ 00018d6d+] 00000528          *              : trgdrv.obj (.text)
                   00032003  [ 00019001+] 000004b5          *              : memory.obj (.text)
                   000324b8  [ 0001925c ] 0000036c          *              : divd.obj (.text)
                   00032824  [ 00019412 ] 0000027f          *              : fopen.obj (.text)
                   00032aa3  [ 00019551+] 0000025e          *              : llmpy.obj (.text)
                   00032d01  [ 00019680+] 00000259          *              : addd.obj (.text)
                   00032f5a  [ 000197ad ] 000001ee          *              : fwrite.obj (.text)
                   00033148  [ 000198a4 ] 000001ea          *              : cmpd.obj (.text)
                   00033332  [ 00019999 ] 00000163          *              : fputs.obj (.text)
                   00033495  [ 00019a4a+] 0000015e          *   fileIOTest.obj (.text)
                   000335f3  [ 00019af9+] 0000014c          *   rts55x.lib : mpyd.obj (.text)
                   0003373f  [ 00019b9f+] 0000010f          *              : fread.obj (.text)
                   0003384e  [ 00019c27 ] 000000e6          *              : setvbuf.obj (.text)
                   00033934  [ 00019c9a ] 000000dd          *              : _io_perm.obj (.text)
                   00033a11  [ 00019d08+] 000000c8          *              : frcmpyd_div.obj (.text)
                   00033ad9  [ 00019d6c+] 000000c2          *              : fflush.obj (.text)
                   00033b9b  [ 00019dcd+] 000000ba          *              : trgmsg.obj (.text:CIO_breakpoint)
                   00033c55  [ 00019e2a+] 000000ae          *              : _bufread.obj (.text)
                   00033d03  [ 00019e81+] 000000a6          *              : fputc.obj (.text)
                   00033da9  [ 00019ed4+] 000000a1          *              : divul.obj (.text)
                   00033e4a  [ 00019f25 ] 0000007d          *              : ltoa.obj (.text)
                   00033ec7  [ 00019f63+] 0000007b          *              : fclose.obj (.text)
                   00033f42  [ 00019fa1 ] 00000076          *              : frcmpyd.obj (.text)
                   00033fb8  [ 00019fdc ] 00000072          *              : remul.obj (.text)
                   0003402a  [ 0001a015 ] 0000006f          *              : fixdli.obj (.text)
                   00034099  [ 0001a04c+] 0000006d          *              : trgmsg.obj (.text)
                   00034106  [ 0001a083 ] 0000006b          *              : fseek.obj (.text)
                   00034171  [ 0001a0b8+] 00000067          *              : fltlid.obj (.text)
                   000341d8  [ 0001a0ec ] 0000005c          *              : atoi.obj (.text)
                   00034234  [ 0001a11a ] 00000050          *              : printf.obj (.text)
                   00034284  [ 0001a142 ] 0000004d          *              : autoinit.obj (.text)
                   000342d1  [ 0001a168+] 0000004b          *              : args_main.obj (.text)
                   0003431c  [ 0001a18e ] 0000004b          *              : remli.obj (.text)
                   00034367  [ 0001a1b3+] 00000048          *              : divli.obj (.text)
                   000343af  [ 0001a1d7+] 0000003f          *              : memcpy.obj (.text)
                   000343ee  [ 0001a1f7 ] 0000003e          *              : exit.obj (.text)
                   0003442c  [ 0001a216 ] 00000034          *              : boot.obj (.text)
                   00034460  [ 0001a230 ] 0000002a          *              : fixdi.obj (.text)
                   0003448a  [ 0001a245 ] 0000002a          *              : udiv.obj (.text)
                   000344b4  [ 0001a25a ] 00000023          *              : memccpy.obj (.text)
                   000344d7  [ 0001a26b+] 0000001c          *              : isinf.obj (.text)
                   000344f3  [ 0001a279+] 00000014          *              : subd.obj (.text)
                   00034507  [ 0001a283+] 00000013          *              : lmpy.obj (.text)
                   0003451a  [ 0001a28d ] 00000012          *              : _lock.obj (.text)
                   0003452c  [ 0001a296 ] 00000010          *              : negd.obj (.text)
                   0003453c  [ 0001a29e ] 0000000e          *              : rewind.obj (.text)
                   0003454a  [ 0001a2a5 ] 0000000a          *              : remove.obj (.text)
                   00034554  [ 0001a2aa ] 00000007          *              : exit.obj (.text:CIO_breakpoint)
                   0003455b  [ 0001a2ad+] 00000002          *              : vectors.obj (.text)
                   0003455d  [ 0001a2ae ] 00000001          *   --HOLE-- [fill = 20]


GLOBAL SYMBOLS: SORTED ALPHABETICALLY BY Name 

abs. value/
byte addr   word addr   name
---------   ---------   ----
00000002                $TI_capability$C5500$CallingConvention
00000002                $TI_capability$C5500$MemoryModel
00000001                $TI_capability_requires_rev3
            00002860    .bss
            00000060    .data
00030000                .text
00034555                C$$EXIT
00033c50                C$$IO$$
00034507                I$$LMPY
0003448a                I$$UDIV
0003449f                I$$UMOD
00031fa5                _HOSTclock
00031f3a                _HOSTclose
00031e85                _HOSTlseek
00031de6                _HOSTopen
00031d59                _HOSTread
00031cab                _HOSTrename
00031c4d                _HOSTtime
00031be3                _HOSTunlink
00031b56                _HOSTwrite
00006588                _Reset
            00003100    __CIOBUF_
            00001060    __STACK_END
00002000                __STACK_SIZE
00002000                __SYSMEM_SIZE
00001000                __SYSSTACK_SIZE
ffffffff                ___binit__
            00002860    ___bss__
ffffffff                ___c_args__
            00003220    ___cinit__
            00000060    ___data__
            00000060    ___edata__
            00002ef6    ___end__
0003455e                ___etext__
000344d7                ___isinf
ffffffff                ___pinit__
00030000                ___text__
00032d01                __addd
000342d1                __args_main
00033c55                __buff_read
00032945                __cleanup
            00002ef2    __cleanup_ptr
000332da                __cmpd
            00002ef6    __ctypes_
000324da                __divd
00034367                __divli
00032ccc                __divlli
0003448a                __divu
00033da9                __divul
00032bd8                __divull
00033ad9                __doflush
            00002ef4    __dtors_ptr
000332a6                __eqld
00034460                __fixdi
0003402a                __fixdli
00034171                __fltlid
00033f42                __frcmpyd
00033a11                __frcmpyd_div
            00002da4    __ft_end
            00002c8c    __ftable
0003325c                __geqd
00033211                __gtrd
000331c4                __leqd
            00002eee    __lock
0003317c                __lssd
000335f3                __mpyd
00034507                __mpyli
00032b20                __mpylli
0003452c                __negd
00033148                __neqd
0003452a                __nop
00031356                __printfi
000339b4                __rd_ok
00034522                __register_lock
0003451a                __register_unlock
0003431c                __remli
00032af1                __remlli
0003449f                __remu
00033fb8                __remul
00032aa3                __remull
            00000060    __stack
000344f3                __subd
            00001060    __sys_memory
            00002060    __sysstack
            00002d04    __tmpnams
            00002ef0    __unlock
00033934                __wrt_ok
00034554                _abort
000319eb                _add_device
000341d8                _atoi
00034284                _auto_init
0003442c                _c_int00
00032492                _calloc
            0000288c    _ch
0003248a                _chkheap
00031978                _close
000343ee                _exit
00033ec7                _fclose
00033b42                _fflush
0003196f                _find_registered_device
00032a68                _fopen
00033d03                _fputc
00033332                _fputs
0003373f                _fread
00032003                _free
00032434                _free_memory
0003299f                _freopen
00034106                _fseek
00032f5a                _fwrite
00031adb                _getenv
00031909                _lseek
00033e4a                _ltoa
00033495                _main
00032134                _malloc
000323da                _max_free
000344b4                _memccpy
000343af                _memcpy
000320cf                _minit
0003184a                _open
00034234                _printf
00033d03                _putc
00033d9a                _putchar
00033467                _puts
0003179c                _read
00034099                _readmsg
00032229                _realloc
0003454a                _remove
00031766                _remove_device
0003170d                _rename
0003453c                _rewind
0003384e                _setvbuf
000316da                _unlink
            00002860    _waveHeader
00031598                _write
00033b9b                _writemsg
ffffffff                binit
            00003220    cinit
            00000060    edata
            00002ef6    end
0003455e                etext
ffffffff                pinit


GLOBAL SYMBOLS: SORTED BY Symbol Address 

abs. value/
byte addr   word addr   name
---------   ---------   ----
00000001                $TI_capability_requires_rev3
00000002                $TI_capability$C5500$CallingConvention
00000002                $TI_capability$C5500$MemoryModel
            00000060    .data
            00000060    ___data__
            00000060    ___edata__
            00000060    __stack
            00000060    edata
00001000                __SYSSTACK_SIZE
00002000                __STACK_SIZE
00002000                __SYSMEM_SIZE
            00001060    __STACK_END
            00001060    __sys_memory
            00002060    __sysstack
            00002860    .bss
            00002860    ___bss__
            00002860    _waveHeader
            0000288c    _ch
            00002c8c    __ftable
            00002d04    __tmpnams
            00002da4    __ft_end
            00002eee    __lock
            00002ef0    __unlock
            00002ef2    __cleanup_ptr
            00002ef4    __dtors_ptr
            00002ef6    ___end__
            00002ef6    __ctypes_
            00002ef6    end
            00003100    __CIOBUF_
            00003220    ___cinit__
            00003220    cinit
00006588                _Reset
00030000                .text
00030000                ___text__
00031356                __printfi
00031598                _write
000316da                _unlink
0003170d                _rename
00031766                _remove_device
0003179c                _read
0003184a                _open
00031909                _lseek
0003196f                _find_registered_device
00031978                _close
000319eb                _add_device
00031adb                _getenv
00031b56                _HOSTwrite
00031be3                _HOSTunlink
00031c4d                _HOSTtime
00031cab                _HOSTrename
00031d59                _HOSTread
00031de6                _HOSTopen
00031e85                _HOSTlseek
00031f3a                _HOSTclose
00031fa5                _HOSTclock
00032003                _free
000320cf                _minit
00032134                _malloc
00032229                _realloc
000323da                _max_free
00032434                _free_memory
0003248a                _chkheap
00032492                _calloc
000324da                __divd
00032945                __cleanup
0003299f                _freopen
00032a68                _fopen
00032aa3                __remull
00032af1                __remlli
00032b20                __mpylli
00032bd8                __divull
00032ccc                __divlli
00032d01                __addd
00032f5a                _fwrite
00033148                __neqd
0003317c                __lssd
000331c4                __leqd
00033211                __gtrd
0003325c                __geqd
000332a6                __eqld
000332da                __cmpd
00033332                _fputs
00033467                _puts
00033495                _main
000335f3                __mpyd
0003373f                _fread
0003384e                _setvbuf
00033934                __wrt_ok
000339b4                __rd_ok
00033a11                __frcmpyd_div
00033ad9                __doflush
00033b42                _fflush
00033b9b                _writemsg
00033c50                C$$IO$$
00033c55                __buff_read
00033d03                _fputc
00033d03                _putc
00033d9a                _putchar
00033da9                __divul
00033e4a                _ltoa
00033ec7                _fclose
00033f42                __frcmpyd
00033fb8                __remul
0003402a                __fixdli
00034099                _readmsg
00034106                _fseek
00034171                __fltlid
000341d8                _atoi
00034234                _printf
00034284                _auto_init
000342d1                __args_main
0003431c                __remli
00034367                __divli
000343af                _memcpy
000343ee                _exit
0003442c                _c_int00
00034460                __fixdi
0003448a                I$$UDIV
0003448a                __divu
0003449f                I$$UMOD
0003449f                __remu
000344b4                _memccpy
000344d7                ___isinf
000344f3                __subd
00034507                I$$LMPY
00034507                __mpyli
0003451a                __register_unlock
00034522                __register_lock
0003452a                __nop
0003452c                __negd
0003453c                _rewind
0003454a                _remove
00034554                _abort
00034555                C$$EXIT
0003455e                ___etext__
0003455e                etext
ffffffff                ___binit__
ffffffff                ___c_args__
ffffffff                ___pinit__
ffffffff                binit
ffffffff                pinit

[141 symbols]
