******************************************************************************
              TMS320C55x Linker PC v4.3.8                      
******************************************************************************
>> Linked Thu Feb 28 08:32:53 2013

OUTPUT FILE NAME:   <C_c55xASM.out>
ENTRY POINT SYMBOL: "_c_int00"  address: 00044049


MEMORY CONFIGURATION

         name            origin    length      used     unused   attr    fill
                        (bytes)   (bytes)    (bytes)   (bytes)
----------------------  --------  ---------  --------  --------  ----  --------
  MMR                   00000000   000000c0  00000000  000000c0  RWIX
  VECS                  000000c0   00000200  00000100  00000100  RWIX
  DARAM0                000002c0   00003d40  00002308  00001a38  RWIX
  DARAM1                00004000   00002000  00000000  00002000  RWIX
  DARAM2                00006000   00002000  00000000  00002000  RWIX
  DARAM3                00008000   00008000  000004d4  00007b2c  RWIX
  SARAM0                00010000   00010000  00000000  00010000  RWIX
  SARAM1                00020000   00010000  00000000  00010000  RWIX
  SARAM2                00030000   00010000  00000000  00010000  RWIX
  SARAM3                00040000   00010000  000048f8  0000b708  RWIX
  CE01                  00100000   00020000  00000000  00020000  RWIX
  CE02                  00120000   00020000  00000000  00020000  RWIX
  CE03                  00140000   00020000  00000000  00020000  RWIX
  CE1                   00400000   00100000  00000000  00100000  RWIX
  CE2                   00800000   00400000  00000000  00400000  RWIX
  CE3                   00c00000   003f8000  00000000  003f8000  RWIX
  PDROM                 00ff8000   00007f00  00000000  00007f00  RWIX


SECTION ALLOCATION MAP
(Addresses surrounded by []'s are displayed for convenience only!)

output                                                          attributes/
section   page  orgn(bytes) orgn(words) len(bytes) len(words)   input sections
--------  ----  ----------- ----------- ---------- ----------   --------------
vectors      0     000000c0  [ 00000060 ] 00000100          *   NOLOAD SECTION
                   000000c0  [ 00000060 ] 00000100          *   rts55x.lib : vectors.obj (vectors)

.sysmem      0   [ 000002c0 ]  00000160          *   00001000   UNINITIALIZED
                 [ 000002c0 ]  00000160          *   00001000   --HOLE--

.stack       0   [ 000022c0 ]  00001160          *   00000100   UNINITIALIZED
                 [ 000022c0 ]  00001160          *   00000100   --HOLE--

.sysstack 
*            0   [ 000024c0 ]  00001260          *   00000080   UNINITIALIZED
                 [ 000024c0 ]  00001260          *   00000080   --HOLE--

.data        0   [ 000025c0 ]  000012e0          *   00000004   
                 [ 000025c0 ]  000012e0          *   00000004   cos.obj (.data)

.bss         0   [ 00008000 ]  00004000          *   0000026a   UNINITIALIZED
                 [ 00008000 ]  00004000          *   00000119   rts55x.lib : defs.obj (.bss)
                 [ 00008232 ]  00004119          *   000000d0              : trgdrv.obj (.bss)
                 [ 000083d2 ]  000041e9          *   00000001              : fopen.obj (.bss)
                 [ 000083d4 ]  000041ea          *   00000071              : lowlev.obj (.bss)
                 [ 000084b6 ]  0000425b          *   00000001   --HOLE--
                 [ 000084b8 ]  0000425c          *   00000006              : memory.obj (.bss)
                 [ 000084c4 ]  00004262          *   00000004              : _lock.obj (.bss)
                 [ 000084cc ]  00004266          *   00000004              : exit.obj (.bss)

.text        0     00040000  [ 00020000 ] 000041ac          *   
                   00040000  [ 00020000 ] 00001598          *   rts55x.lib : _printfi.obj (.text)
                   00041598  [ 00020acc ] 00000543          *              : lowlev.obj (.text)
                   00041adb  [ 00020d6d+] 00000528          *              : trgdrv.obj (.text)
                   00042003  [ 00021001+] 000004b5          *              : memory.obj (.text)
                   000424b8  [ 0002125c ] 0000036c          *              : divd.obj (.text)
                   00042824  [ 00021412 ] 0000027f          *              : fopen.obj (.text)
                   00042aa3  [ 00021551+] 0000025e          *              : llmpy.obj (.text)
                   00042d01  [ 00021680+] 00000259          *              : addd.obj (.text)
                   00042f5a  [ 000217ad ] 000001ea          *              : cmpd.obj (.text)
                   00043144  [ 000218a2 ] 00000163          *              : fputs.obj (.text)
                   000432a7  [ 00021953+] 0000014c          *              : mpyd.obj (.text)
                   000433f3  [ 000219f9+] 00000126          *   c55xxASMTest.obj (.text)
                   00043519  [ 00021a8c+] 000000e6          *   rts55x.lib : setvbuf.obj (.text)
                   000435ff  [ 00021aff+] 000000dd          *              : _io_perm.obj (.text)
                   000436dc  [ 00021b6e ] 000000c8          *              : frcmpyd_div.obj (.text)
                   000437a4  [ 00021bd2 ] 000000c2          *              : fflush.obj (.text)
                   00043866  [ 00021c33 ] 000000ba          *              : trgmsg.obj (.text:CIO_breakpoint)
                   00043920  [ 00021c90 ] 000000a6          *              : fputc.obj (.text)
                   000439c6  [ 00021ce3 ] 000000a1          *              : divul.obj (.text)
                   00043a67  [ 00021d33+] 0000007d          *              : ltoa.obj (.text)
                   00043ae4  [ 00021d72 ] 0000007b          *              : fclose.obj (.text)
                   00043b5f  [ 00021daf+] 00000076          *              : frcmpyd.obj (.text)
                   00043bd5  [ 00021dea+] 00000072          *              : remul.obj (.text)
                   00043c47  [ 00021e23+] 0000006f          *              : fixdli.obj (.text)
                   00043cb6  [ 00021e5b ] 0000006d          *              : trgmsg.obj (.text)
                   00043d23  [ 00021e91+] 0000006b          *              : fseek.obj (.text)
                   00043d8e  [ 00021ec7 ] 00000067          *              : fltlid.obj (.text)
                   00043df5  [ 00021efa+] 0000005c          *              : atoi.obj (.text)
                   00043e51  [ 00021f28+] 00000050          *              : printf.obj (.text)
                   00043ea1  [ 00021f50+] 0000004d          *              : autoinit.obj (.text)
                   00043eee  [ 00021f77 ] 0000004b          *              : args_main.obj (.text)
                   00043f39  [ 00021f9c+] 0000004b          *              : remli.obj (.text)
                   00043f84  [ 00021fc2 ] 00000048          *              : divli.obj (.text)
                   00043fcc  [ 00021fe6 ] 0000003f          *              : memcpy.obj (.text)
                   0004400b  [ 00022005+] 0000003e          *              : exit.obj (.text)
                   00044049  [ 00022024+] 00000034          *              : boot.obj (.text)
                   0004407d  [ 0002203e+] 00000033          *   cos.obj (.text)
                   000440b0  [ 00022058 ] 0000002a          *   rts55x.lib : fixdi.obj (.text)
                   000440da  [ 0002206d ] 0000002a          *              : udiv.obj (.text)
                   00044104  [ 00022082 ] 00000023          *              : memccpy.obj (.text)
                   00044127  [ 00022093+] 0000001c          *              : isinf.obj (.text)
                   00044143  [ 000220a1+] 00000014          *              : subd.obj (.text)
                   00044157  [ 000220ab+] 00000013          *              : lmpy.obj (.text)
                   0004416a  [ 000220b5 ] 00000012          *              : _lock.obj (.text)
                   0004417c  [ 000220be ] 00000010          *              : negd.obj (.text)
                   0004418c  [ 000220c6 ] 0000000c          *              : fltid.obj (.text)
                   00044198  [ 000220cc ] 0000000a          *              : remove.obj (.text)
                   000441a2  [ 000220d1 ] 00000007          *              : exit.obj (.text:CIO_breakpoint)
                   000441a9  [ 000220d4+] 00000002          *              : vectors.obj (.text)
                   000441ab  [ 000220d5 ] 00000001          *   --HOLE-- [fill = 20]

.const       0   [ 000441ac ]  000220d6          *   00000212   
                 [ 000441ac ]  000220d6          *   00000101   rts55x.lib : ctype.obj (.const:__ctypes_)
                 [ 000443ae ]  000221d7          *   00000001   --HOLE-- [fill = 0]
                 [ 000443b0 ]  000221d8          *   000000d0   c55xxASMTest.obj (.const:.string)
                 [ 00044550 ]  000222a8          *   00000024   rts55x.lib : _printfi.obj (.const:.string)
                 [ 00044598 ]  000222cc          *   0000000c              : _printfi.obj (.const)
                 [ 000445b0 ]  000222d8          *   00000008              : divd.obj (.const:_initial_approx$1)
                 [ 000445c0 ]  000222e0          *   00000002              : fputs.obj (.const:.string)
                 [ 000445c4 ]  000222e2          *   00000002   c55xxASMTest.obj (.const)
                 [ 000445c8 ]  000222e4          *   00000002   rts55x.lib : divd.obj (.const)
                 [ 000445cc ]  000222e6          *   00000002              : fltlid.obj (.const)

.cio         0   [ 000445d0 ]  000222e8          *   00000120   UNINITIALIZED
                 [ 000445d0 ]  000222e8          *   00000120   rts55x.lib : trgmsg.obj (.cio)

.cinit       0   [ 00044810 ]  00022408          *   00000074   
                 [ 00044810 ]  00022408          *   0000002d   rts55x.lib : lowlev.obj (.cinit)
                 [ 0004486a ]  00022435          *   0000002a              : defs.obj (.cinit)
                 [ 000448be ]  0002245f          *   0000000a              : _lock.obj (.cinit)
                 [ 000448d2 ]  00022469          *   0000000a              : exit.obj (.cinit)
                 [ 000448e6 ]  00022473          *   00000004              : fopen.obj (.cinit)
                 [ 000448ee ]  00022477          *   00000004              : memory.obj (.cinit)
                 [ 000448f6 ]  0002247b          *   00000001   --HOLE-- [fill = 0]


GLOBAL SYMBOLS: SORTED ALPHABETICALLY BY Name 

abs. value/
byte addr   word addr   name
---------   ---------   ----
00000002                $TI_capability$C5500$CallingConvention
00000002                $TI_capability$C5500$MemoryModel
00000001                $TI_capability_requires_rev3
            00004000    .bss
            000012e0    .data
00040000                .text
000441a3                C$$EXIT
0004391b                C$$IO$$
00044157                I$$LMPY
000440da                I$$UDIV
000440ef                I$$UMOD
00041fa5                _HOSTclock
00041f3a                _HOSTclose
00041e85                _HOSTlseek
00041de6                _HOSTopen
00041d59                _HOSTread
00041cab                _HOSTrename
00041c4d                _HOSTtime
00041be3                _HOSTunlink
00041b56                _HOSTwrite
000000c0                _Reset
            000222e8    __CIOBUF_
            00001260    __STACK_END
00000200                __STACK_SIZE
00002000                __SYSMEM_SIZE
00000100                __SYSSTACK_SIZE
ffffffff                ___binit__
            00004000    ___bss__
ffffffff                ___c_args__
            00022408    ___cinit__
            000012e0    ___data__
            000012e4    ___edata__
            0000426a    ___end__
000441ac                ___etext__
00044127                ___isinf
ffffffff                ___pinit__
00040000                ___text__
00042d01                __addd
00043eee                __args_main
00042945                __cleanup
            00004266    __cleanup_ptr
000430ec                __cmpd
            000220d6    __ctypes_
000424da                __divd
00043f84                __divli
00042ccc                __divlli
000440da                __divu
000439c6                __divul
00042bd8                __divull
000437a4                __doflush
            00004268    __dtors_ptr
000430b8                __eqld
000440b0                __fixdi
00043c47                __fixdli
0004418c                __fltid
00043d8e                __fltlid
00043b5f                __frcmpyd
000436dc                __frcmpyd_div
            00004118    __ft_end
            00004000    __ftable
0004306e                __geqd
00043023                __gtrd
00042fd6                __leqd
            00004262    __lock
00042f8e                __lssd
000432a7                __mpyd
00044157                __mpyli
00042b20                __mpylli
0004417c                __negd
00042f5a                __neqd
0004417a                __nop
00041356                __printfi
0004367f                __rd_ok
00044172                __register_lock
0004416a                __register_unlock
00043f39                __remli
00042af1                __remlli
000440ef                __remu
00043bd5                __remul
00042aa3                __remull
            00001160    __stack
00044143                __subd
            00000160    __sys_memory
            00001260    __sysstack
            00004078    __tmpnams
            00004264    __unlock
000435ff                __wrt_ok
000441a2                _abort
000419eb                _add_device
00043df5                _atoi
00043ea1                _auto_init
00044049                _c_int00
00042492                _calloc
0004248a                _chkheap
00041978                _close
0004407d                _cosine
0004400b                _exit
00043ae4                _fclose
0004380d                _fflush
0004196f                _find_registered_device
00042a68                _fopen
00043920                _fputc
00043144                _fputs
00042003                _free
00042434                _free_memory
0004299f                _freopen
00043d23                _fseek
00041adb                _getenv
00041909                _lseek
00043a67                _ltoa
000433f3                _main
00042134                _malloc
000423da                _max_free
00044104                _memccpy
00043fcc                _memcpy
000420cf                _minit
0004184a                _open
00043e51                _printf
00043920                _putc
000439b7                _putchar
00043279                _puts
0004179c                _read
00043cb6                _readmsg
00042229                _realloc
00044198                _remove
00041766                _remove_device
0004170d                _rename
00043519                _setvbuf
000416da                _unlink
00041598                _write
00043866                _writemsg
ffffffff                binit
            00022408    cinit
            000012e4    edata
            0000426a    end
000441ac                etext
ffffffff                pinit


GLOBAL SYMBOLS: SORTED BY Symbol Address 

abs. value/
byte addr   word addr   name
---------   ---------   ----
00000001                $TI_capability_requires_rev3
00000002                $TI_capability$C5500$CallingConvention
00000002                $TI_capability$C5500$MemoryModel
000000c0                _Reset
00000100                __SYSSTACK_SIZE
00000200                __STACK_SIZE
            00000160    __sys_memory
00002000                __SYSMEM_SIZE
            00001160    __stack
            00001260    __STACK_END
            00001260    __sysstack
            000012e0    .data
            000012e0    ___data__
            000012e4    ___edata__
            000012e4    edata
            00004000    .bss
            00004000    ___bss__
            00004000    __ftable
            00004078    __tmpnams
            00004118    __ft_end
            00004262    __lock
            00004264    __unlock
            00004266    __cleanup_ptr
            00004268    __dtors_ptr
            0000426a    ___end__
            0000426a    end
00040000                .text
00040000                ___text__
00041356                __printfi
00041598                _write
000416da                _unlink
0004170d                _rename
00041766                _remove_device
0004179c                _read
0004184a                _open
00041909                _lseek
0004196f                _find_registered_device
00041978                _close
000419eb                _add_device
00041adb                _getenv
00041b56                _HOSTwrite
00041be3                _HOSTunlink
00041c4d                _HOSTtime
00041cab                _HOSTrename
00041d59                _HOSTread
00041de6                _HOSTopen
00041e85                _HOSTlseek
00041f3a                _HOSTclose
00041fa5                _HOSTclock
00042003                _free
000420cf                _minit
00042134                _malloc
00042229                _realloc
000423da                _max_free
00042434                _free_memory
0004248a                _chkheap
00042492                _calloc
000424da                __divd
00042945                __cleanup
0004299f                _freopen
00042a68                _fopen
00042aa3                __remull
00042af1                __remlli
00042b20                __mpylli
00042bd8                __divull
00042ccc                __divlli
00042d01                __addd
00042f5a                __neqd
00042f8e                __lssd
00042fd6                __leqd
00043023                __gtrd
0004306e                __geqd
000430b8                __eqld
000430ec                __cmpd
00043144                _fputs
00043279                _puts
000432a7                __mpyd
000433f3                _main
00043519                _setvbuf
000435ff                __wrt_ok
0004367f                __rd_ok
000436dc                __frcmpyd_div
000437a4                __doflush
0004380d                _fflush
00043866                _writemsg
0004391b                C$$IO$$
00043920                _fputc
00043920                _putc
000439b7                _putchar
000439c6                __divul
00043a67                _ltoa
00043ae4                _fclose
00043b5f                __frcmpyd
00043bd5                __remul
00043c47                __fixdli
00043cb6                _readmsg
00043d23                _fseek
00043d8e                __fltlid
00043df5                _atoi
00043e51                _printf
00043ea1                _auto_init
00043eee                __args_main
00043f39                __remli
00043f84                __divli
00043fcc                _memcpy
0004400b                _exit
00044049                _c_int00
0004407d                _cosine
000440b0                __fixdi
000440da                I$$UDIV
000440da                __divu
000440ef                I$$UMOD
000440ef                __remu
00044104                _memccpy
00044127                ___isinf
00044143                __subd
00044157                I$$LMPY
00044157                __mpyli
0004416a                __register_unlock
00044172                __register_lock
0004417a                __nop
0004417c                __negd
0004418c                __fltid
00044198                _remove
000441a2                _abort
000441a3                C$$EXIT
000441ac                ___etext__
            000220d6    __ctypes_
000441ac                etext
            000222e8    __CIOBUF_
            00022408    ___cinit__
            00022408    cinit
ffffffff                ___binit__
ffffffff                ___c_args__
ffffffff                ___pinit__
ffffffff                binit
ffffffff                pinit

[137 symbols]
