******************************************************************************
              TMS320C55x Linker PC v4.3.8                      
******************************************************************************
>> Linked Tue Feb 26 16:35:04 2013

OUTPUT FILE NAME:   <loop.out>
ENTRY POINT SYMBOL: "_c_int00"  address: 00043f9f


MEMORY CONFIGURATION

         name            origin    length      used     unused   attr    fill
                        (bytes)   (bytes)    (bytes)   (bytes)
----------------------  --------  ---------  --------  --------  ----  --------
  MMR                   00000000   000000c0  00000000  000000c0  RWIX
  VECS                  000000c0   00000200  00000100  00000100  RWIX
  DARAM0                000002c0   00003d40  00002300  00001a40  RWIX
  DARAM1                00004000   00002000  00000000  00002000  RWIX
  DARAM2                00006000   00002000  00000000  00002000  RWIX
  DARAM3                00008000   00008000  00000984  0000767c  RWIX
  SARAM0                00010000   00010000  00000000  00010000  RWIX
  SARAM1                00020000   00010000  00000000  00010000  RWIX
  SARAM2                00030000   00010000  00000000  00010000  RWIX
  SARAM3                00040000   00010000  000046e8  0000b918  RWIX
  CE01                  00100000   00020000  00000000  00020000  RWIX
  CE02                  00120000   00020000  00000000  00020000  RWIX
  CE03                  00140000   00020000  00000000  00020000  RWIX
  CE1                   00400000   00100000  00000000  00100000  RWIX
  CE2                   00800000   00400000  00000000  00400000  RWIX
  CE3                   00c00000   003f8000  00000000  003f8000  RWIX
  PDROM                 00ff8000   00007f00  00000000  00007f00  RWIX


SECTION ALLOCATION MAP
(Addresses surrounded by []'s are displayed for convenience only!)

output                                                          attributes/
section   page  orgn(bytes) orgn(words) len(bytes) len(words)   input sections
--------  ----  ----------- ----------- ---------- ----------   --------------
vectors      0     000000c0  [ 00000060 ] 00000100          *   NOLOAD SECTION
                   000000c0  [ 00000060 ] 00000100          *   rts55x.lib : vectors.obj (vectors)

.sysmem      0   [ 000002c0 ]  00000160          *   00001000   UNINITIALIZED
                 [ 000002c0 ]  00000160          *   00001000   --HOLE--

.data        0   [ 000002c0 ]  00000160          *   00000000   UNINITIALIZED

.stack       0   [ 000022c0 ]  00001160          *   00000100   UNINITIALIZED
                 [ 000022c0 ]  00001160          *   00000100   --HOLE--

.sysstack 
*            0   [ 000024c0 ]  00001260          *   00000080   UNINITIALIZED
                 [ 000024c0 ]  00001260          *   00000080   --HOLE--

.bss         0   [ 00008000 ]  00004000          *   000004c2   UNINITIALIZED
                 [ 00008000 ]  00004000          *   00000258   loopTest.obj (.bss)
                 [ 000084b0 ]  00004258          *   00000119   rts55x.lib : defs.obj (.bss)
                 [ 000086e2 ]  00004371          *   000000d0              : trgdrv.obj (.bss)
                 [ 00008882 ]  00004441          *   00000001              : fopen.obj (.bss)
                 [ 00008884 ]  00004442          *   00000071              : lowlev.obj (.bss)
                 [ 00008966 ]  000044b3          *   00000001   --HOLE--
                 [ 00008968 ]  000044b4          *   00000006              : memory.obj (.bss)
                 [ 00008974 ]  000044ba          *   00000004              : _lock.obj (.bss)
                 [ 0000897c ]  000044be          *   00000004              : exit.obj (.bss)

.text        0     00040000  [ 00020000 ] 000040cc          *   
                   00040000  [ 00020000 ] 00001598          *   rts55x.lib : _printfi.obj (.text)
                   00041598  [ 00020acc ] 00000543          *              : lowlev.obj (.text)
                   00041adb  [ 00020d6d+] 00000528          *              : trgdrv.obj (.text)
                   00042003  [ 00021001+] 000004b5          *              : memory.obj (.text)
                   000424b8  [ 0002125c ] 0000036c          *              : divd.obj (.text)
                   00042824  [ 00021412 ] 0000027f          *              : fopen.obj (.text)
                   00042aa3  [ 00021551+] 0000025e          *              : llmpy.obj (.text)
                   00042d01  [ 00021680+] 00000259          *              : addd.obj (.text)
                   00042f5a  [ 000217ad ] 000001ea          *              : cmpd.obj (.text)
                   00043144  [ 000218a2 ] 00000163          *              : fputs.obj (.text)
                   000432a7  [ 00021953+] 0000014c          *              : mpyd.obj (.text)
                   000433f3  [ 000219f9+] 000000e6          *              : setvbuf.obj (.text)
                   000434d9  [ 00021a6c+] 000000dd          *              : _io_perm.obj (.text)
                   000435b6  [ 00021adb ] 000000c8          *              : frcmpyd_div.obj (.text)
                   0004367e  [ 00021b3f ] 000000c2          *              : fflush.obj (.text)
                   00043740  [ 00021ba0 ] 000000ba          *              : trgmsg.obj (.text:CIO_breakpoint)
                   000437fa  [ 00021bfd ] 000000a6          *              : fputc.obj (.text)
                   000438a0  [ 00021c50 ] 000000a1          *              : divul.obj (.text)
                   00043941  [ 00021ca0+] 0000007d          *              : ltoa.obj (.text)
                   000439be  [ 00021cdf ] 0000007c          *   loopTest.obj (.text)
                   00043a3a  [ 00021d1d ] 0000007b          *   rts55x.lib : fclose.obj (.text)
                   00043ab5  [ 00021d5a+] 00000076          *              : frcmpyd.obj (.text)
                   00043b2b  [ 00021d95+] 00000072          *              : remul.obj (.text)
                   00043b9d  [ 00021dce+] 0000006f          *              : fixdli.obj (.text)
                   00043c0c  [ 00021e06 ] 0000006d          *              : trgmsg.obj (.text)
                   00043c79  [ 00021e3c+] 0000006b          *              : fseek.obj (.text)
                   00043ce4  [ 00021e72 ] 00000067          *              : fltlid.obj (.text)
                   00043d4b  [ 00021ea5+] 0000005c          *              : atoi.obj (.text)
                   00043da7  [ 00021ed3+] 00000050          *              : printf.obj (.text)
                   00043df7  [ 00021efb+] 0000004d          *              : autoinit.obj (.text)
                   00043e44  [ 00021f22 ] 0000004b          *              : args_main.obj (.text)
                   00043e8f  [ 00021f47+] 0000004b          *              : remli.obj (.text)
                   00043eda  [ 00021f6d ] 00000048          *              : divli.obj (.text)
                   00043f22  [ 00021f91 ] 0000003f          *              : memcpy.obj (.text)
                   00043f61  [ 00021fb0+] 0000003e          *              : exit.obj (.text)
                   00043f9f  [ 00021fcf+] 00000034          *              : boot.obj (.text)
                   00043fd3  [ 00021fe9+] 0000002a          *              : fixdi.obj (.text)
                   00043ffd  [ 00021ffe+] 0000002a          *              : udiv.obj (.text)
                   00044027  [ 00022013+] 00000023          *              : memccpy.obj (.text)
                   0004404a  [ 00022025 ] 0000001c          *              : isinf.obj (.text)
                   00044066  [ 00022033 ] 00000014          *              : subd.obj (.text)
                   0004407a  [ 0002203d ] 00000013          *              : lmpy.obj (.text)
                   0004408d  [ 00022046+] 00000012          *              : _lock.obj (.text)
                   0004409f  [ 0002204f+] 00000010          *              : negd.obj (.text)
                   000440af  [ 00022057+] 0000000a          *              : remove.obj (.text)
                   000440b9  [ 0002205c+] 00000009          *   asmLoop.obj (.text)
                   000440c2  [ 00022061 ] 00000007          *   rts55x.lib : exit.obj (.text:CIO_breakpoint)
                   000440c9  [ 00022064+] 00000002          *              : vectors.obj (.text)
                   000440cb  [ 00022065 ] 00000001          *   --HOLE-- [fill = 20]

.const       0   [ 000440cc ]  00022066          *   0000017a   
                 [ 000440cc ]  00022066          *   00000101   rts55x.lib : ctype.obj (.const:__ctypes_)
                 [ 000442ce ]  00022167          *   00000001   --HOLE-- [fill = 0]
                 [ 000442d0 ]  00022168          *   0000003a   loopTest.obj (.const:.string)
                 [ 00044344 ]  000221a2          *   00000024   rts55x.lib : _printfi.obj (.const:.string)
                 [ 0004438c ]  000221c6          *   0000000c              : _printfi.obj (.const)
                 [ 000443a4 ]  000221d2          *   00000008              : divd.obj (.const:_initial_approx$1)
                 [ 000443b4 ]  000221da          *   00000002              : fputs.obj (.const:.string)
                 [ 000443b8 ]  000221dc          *   00000002              : divd.obj (.const)
                 [ 000443bc ]  000221de          *   00000002              : fltlid.obj (.const)

.cio         0   [ 000443c0 ]  000221e0          *   00000120   UNINITIALIZED
                 [ 000443c0 ]  000221e0          *   00000120   rts55x.lib : trgmsg.obj (.cio)

.cinit       0   [ 00044600 ]  00022300          *   00000074   
                 [ 00044600 ]  00022300          *   0000002d   rts55x.lib : lowlev.obj (.cinit)
                 [ 0004465a ]  0002232d          *   0000002a              : defs.obj (.cinit)
                 [ 000446ae ]  00022357          *   0000000a              : _lock.obj (.cinit)
                 [ 000446c2 ]  00022361          *   0000000a              : exit.obj (.cinit)
                 [ 000446d6 ]  0002236b          *   00000004              : fopen.obj (.cinit)
                 [ 000446de ]  0002236f          *   00000004              : memory.obj (.cinit)
                 [ 000446e6 ]  00022373          *   00000001   --HOLE-- [fill = 0]


GLOBAL SYMBOLS: SORTED ALPHABETICALLY BY Name 

abs. value/
byte addr   word addr   name
---------   ---------   ----
00000002                $TI_capability$C5500$CallingConvention
00000002                $TI_capability$C5500$MemoryModel
00000001                $TI_capability_requires_rev3
            00004000    .bss
            00000160    .data
00040000                .text
000440c3                C$$EXIT
000437f5                C$$IO$$
0004407a                I$$LMPY
00043ffd                I$$UDIV
00044012                I$$UMOD
00041fa5                _HOSTclock
00041f3a                _HOSTclose
00041e85                _HOSTlseek
00041de6                _HOSTopen
00041d59                _HOSTread
00041cab                _HOSTrename
00041c4d                _HOSTtime
00041be3                _HOSTunlink
00041b56                _HOSTwrite
000000c0                _Reset
            000221e0    __CIOBUF_
            00001260    __STACK_END
00000200                __STACK_SIZE
00002000                __SYSMEM_SIZE
00000100                __SYSSTACK_SIZE
ffffffff                ___binit__
            00004000    ___bss__
ffffffff                ___c_args__
            00022300    ___cinit__
            00000160    ___data__
            00000160    ___edata__
            000044c2    ___end__
000440cc                ___etext__
0004404a                ___isinf
ffffffff                ___pinit__
00040000                ___text__
00042d01                __addd
00043e44                __args_main
00042945                __cleanup
            000044be    __cleanup_ptr
000430ec                __cmpd
            00022066    __ctypes_
000424da                __divd
00043eda                __divli
00042ccc                __divlli
00043ffd                __divu
000438a0                __divul
00042bd8                __divull
0004367e                __doflush
            000044c0    __dtors_ptr
000430b8                __eqld
00043fd3                __fixdi
00043b9d                __fixdli
00043ce4                __fltlid
00043ab5                __frcmpyd
000435b6                __frcmpyd_div
            00004370    __ft_end
            00004258    __ftable
0004306e                __geqd
00043023                __gtrd
00042fd6                __leqd
            000044ba    __lock
00042f8e                __lssd
000432a7                __mpyd
0004407a                __mpyli
00042b20                __mpylli
0004409f                __negd
00042f5a                __neqd
0004409d                __nop
00041356                __printfi
00043559                __rd_ok
00044095                __register_lock
0004408d                __register_unlock
00043e8f                __remli
00042af1                __remlli
00044012                __remu
00043b2b                __remul
00042aa3                __remull
            00001160    __stack
00044066                __subd
            00000160    __sys_memory
            00001260    __sysstack
            000042d0    __tmpnams
            000044bc    __unlock
000434d9                __wrt_ok
            00004000    _a
000440c2                _abort
000419eb                _add_device
000440b9                _asmLoop
00043d4b                _atoi
00043df7                _auto_init
00043f9f                _c_int00
00042492                _calloc
0004248a                _chkheap
00041978                _close
00043f61                _exit
00043a3a                _fclose
000436e7                _fflush
0004196f                _find_registered_device
00042a68                _fopen
000437fa                _fputc
00043144                _fputs
00042003                _free
00042434                _free_memory
0004299f                _freopen
00043c79                _fseek
00041adb                _getenv
00041909                _lseek
00043941                _ltoa
000439be                _main
00042134                _malloc
000423da                _max_free
00044027                _memccpy
00043f22                _memcpy
000420cf                _minit
0004184a                _open
00043da7                _printf
000437fa                _putc
00043891                _putchar
00043279                _puts
0004179c                _read
00043c0c                _readmsg
00042229                _realloc
000440af                _remove
00041766                _remove_device
0004170d                _rename
000433f3                _setvbuf
000416da                _unlink
00041598                _write
00043740                _writemsg
ffffffff                binit
            00022300    cinit
            00000160    edata
            000044c2    end
000440cc                etext
ffffffff                pinit


GLOBAL SYMBOLS: SORTED BY Symbol Address 

abs. value/
byte addr   word addr   name
---------   ---------   ----
00000001                $TI_capability_requires_rev3
00000002                $TI_capability$C5500$CallingConvention
00000002                $TI_capability$C5500$MemoryModel
000000c0                _Reset
00000100                __SYSSTACK_SIZE
00000200                __STACK_SIZE
            00000160    .data
            00000160    ___data__
            00000160    ___edata__
            00000160    __sys_memory
            00000160    edata
00002000                __SYSMEM_SIZE
            00001160    __stack
            00001260    __STACK_END
            00001260    __sysstack
            00004000    .bss
            00004000    ___bss__
            00004000    _a
            00004258    __ftable
            000042d0    __tmpnams
            00004370    __ft_end
            000044ba    __lock
            000044bc    __unlock
            000044be    __cleanup_ptr
            000044c0    __dtors_ptr
            000044c2    ___end__
            000044c2    end
00040000                .text
00040000                ___text__
00041356                __printfi
00041598                _write
000416da                _unlink
0004170d                _rename
00041766                _remove_device
0004179c                _read
0004184a                _open
00041909                _lseek
0004196f                _find_registered_device
00041978                _close
000419eb                _add_device
00041adb                _getenv
00041b56                _HOSTwrite
00041be3                _HOSTunlink
00041c4d                _HOSTtime
00041cab                _HOSTrename
00041d59                _HOSTread
00041de6                _HOSTopen
00041e85                _HOSTlseek
00041f3a                _HOSTclose
00041fa5                _HOSTclock
00042003                _free
000420cf                _minit
00042134                _malloc
00042229                _realloc
000423da                _max_free
00042434                _free_memory
0004248a                _chkheap
00042492                _calloc
000424da                __divd
00042945                __cleanup
0004299f                _freopen
00042a68                _fopen
00042aa3                __remull
00042af1                __remlli
00042b20                __mpylli
00042bd8                __divull
00042ccc                __divlli
00042d01                __addd
00042f5a                __neqd
00042f8e                __lssd
00042fd6                __leqd
00043023                __gtrd
0004306e                __geqd
000430b8                __eqld
000430ec                __cmpd
00043144                _fputs
00043279                _puts
000432a7                __mpyd
000433f3                _setvbuf
000434d9                __wrt_ok
00043559                __rd_ok
000435b6                __frcmpyd_div
0004367e                __doflush
000436e7                _fflush
00043740                _writemsg
000437f5                C$$IO$$
000437fa                _fputc
000437fa                _putc
00043891                _putchar
000438a0                __divul
00043941                _ltoa
000439be                _main
00043a3a                _fclose
00043ab5                __frcmpyd
00043b2b                __remul
00043b9d                __fixdli
00043c0c                _readmsg
00043c79                _fseek
00043ce4                __fltlid
00043d4b                _atoi
00043da7                _printf
00043df7                _auto_init
00043e44                __args_main
00043e8f                __remli
00043eda                __divli
00043f22                _memcpy
00043f61                _exit
00043f9f                _c_int00
00043fd3                __fixdi
00043ffd                I$$UDIV
00043ffd                __divu
00044012                I$$UMOD
00044012                __remu
00044027                _memccpy
0004404a                ___isinf
00044066                __subd
0004407a                I$$LMPY
0004407a                __mpyli
0004408d                __register_unlock
00044095                __register_lock
0004409d                __nop
0004409f                __negd
000440af                _remove
000440b9                _asmLoop
000440c2                _abort
000440c3                C$$EXIT
000440cc                ___etext__
            00022066    __ctypes_
000440cc                etext
            000221e0    __CIOBUF_
            00022300    ___cinit__
            00022300    cinit
ffffffff                ___binit__
ffffffff                ___c_args__
ffffffff                ___pinit__
ffffffff                binit
ffffffff                pinit

[137 symbols]
