******************************************************************************
              TMS320C55x Linker PC v4.3.8                      
******************************************************************************
>> Linked Tue Feb 26 17:42:57 2013

OUTPUT FILE NAME:   <2DFilter.out>
ENTRY POINT SYMBOL: "_c_int00"  address: 00036bb7


MEMORY CONFIGURATION

         name            origin    length      used     unused   attr    fill
                        (bytes)   (bytes)    (bytes)   (bytes)
----------------------  --------  ---------  --------  --------  ----  --------
  MMR                   00000000   000000c0  00000000  000000c0  RW  
  PROG_VECTOR           000000c0   00000300  00000100  00000200  RWIX
  PROG_MAIN             00000400   00003c00  00000a94  0000316c  RWIX
  DATA_STACK            00004000   00003e00  00000800  00003600  RWIX
  DATA_SYS              00007e00   00000200  00000200  00000000  RWIX
  DATA_MAIN             00008000   00002000  00001838  000007c8  RWIX
  DATA_IMG1             0000a000   00004000  00000000  00004000  RWIX
  DATA_IMG2             00012000   00004000  00000000  00004000  RWIX
  DATA_IMG3             0001a000   00004000  00000000  00004000  RWIX
  SARAM                 00030000   00010000  0000ccdc  00003324  RWIX
  EMIF_CS0              00050000   007b0000  00000000  007b0000  RW  
  EMIF_CS2              00800000   00400000  00000000  00400000  RW  
  EMIF_CS3              00c00000   00200000  00000000  00200000  RW  
  EMIF_CS4              00e00000   00100000  00000000  00100000  RW  
  EMIF_CS5              00f00000   000e0000  00000000  000e0000  RW  
  SAROM_0               00fe0000   00008000  00000000  00008000  R  X
  SAROM_1               00fe8000   00008000  00000000  00008000  R  X
  SAROM_2               00ff0000   00008000  00000000  00008000  R  X
  SAROM_3               00ff8000   00008000  00000000  00008000  R  X


SECTION ALLOCATION MAP
(Addresses surrounded by []'s are displayed for convenience only!)

output                                                          attributes/
section   page  orgn(bytes) orgn(words) len(bytes) len(words)   input sections
--------  ----  ----------- ----------- ---------- ----------   --------------
vectors      0     000000c0  [ 00000060 ] 00000100          *   NOLOAD SECTION
                   000000c0  [ 00000060 ] 00000100          *   rts55x.lib : vectors.obj (vectors)

.const       0   [ 00000400 ]  00000200          *   0000038e   
                 [ 00000400 ]  00000200          *   000001f1   filter2DTest.obj (.const:.string)
                 [ 000007e2 ]  000003f1          *   00000101   rts55x.lib : ctype.obj (.const:__ctypes_)
                 [ 000009e4 ]  000004f2          *   00000024              : _printfi.obj (.const:.string)
                 [ 00000a2c ]  00000516          *   00000014              : strtod.obj (.const:_digits)
                 [ 00000a54 ]  0000052a          *   00000014              : strtold.obj (.const:_digits)
                 [ 00000a7c ]  0000053e          *   0000000c              : strtod.obj (.const:_powerof10)
                 [ 00000a94 ]  0000054a          *   0000000c              : strtold.obj (.const:_powerof10)
                 [ 00000aac ]  00000556          *   0000000c              : _printfi.obj (.const)
                 [ 00000ac4 ]  00000562          *   00000008              : divd.obj (.const:_initial_approx$1)
                 [ 00000ad4 ]  0000056a          *   00000008              : strtod.obj (.const)
                 [ 00000ae4 ]  00000572          *   00000008              : strtold.obj (.const)
                 [ 00000af4 ]  0000057a          *   00000007              : _scanfi.obj (.const:_flit$1)
                 [ 00000b02 ]  00000581          *   00000006              : _scanfi.obj (.const:_barr$2)
                 [ 00000b0e ]  00000587          *   00000001   --HOLE-- [fill = 0]
                 [ 00000b10 ]  00000588          *   00000002              : fputs.obj (.const:.string)
                 [ 00000b14 ]  0000058a          *   00000002              : divd.obj (.const)
                 [ 00000b18 ]  0000058c          *   00000002              : fltlid.obj (.const)

.cio         0   [ 00000b20 ]  00000590          *   00000120   UNINITIALIZED
                 [ 00000b20 ]  00000590          *   00000120   rts55x.lib : trgmsg.obj (.cio)

.cinit       0   [ 00000d60 ]  000006b0          *   0000009c   
                 [ 00000d60 ]  000006b0          *   0000002d   rts55x.lib : lowlev.obj (.cinit)
                 [ 00000dba ]  000006dd          *   0000002a              : defs.obj (.cinit)
                 [ 00000e0e ]  00000707          *   00000024   filter2DTest.obj (.cinit)
                 [ 00000e56 ]  0000072b          *   0000000a   rts55x.lib : _lock.obj (.cinit)
                 [ 00000e6a ]  00000735          *   0000000a              : exit.obj (.cinit)
                 [ 00000e7e ]  0000073f          *   00000004              : errno.obj (.cinit)
                 [ 00000e86 ]  00000743          *   00000004              : fopen.obj (.cinit)
                 [ 00000e8e ]  00000747          *   00000004              : memory.obj (.cinit)
                 [ 00000e96 ]  0000074b          *   00000001   --HOLE-- [fill = 0]

.stack       0   [ 00004000 ]  00002000          *   00000400   UNINITIALIZED
                 [ 00004000 ]  00002000          *   00000400   --HOLE--

.sysstack 
*            0   [ 00007e00 ]  00003f00          *   00000100   UNINITIALIZED
                 [ 00007e00 ]  00003f00          *   00000100   --HOLE--

.bss         0   [ 00008000 ]  00004000          *   00000c1c   
                 [ 00008000 ]  00004000          *   000009b1   filter2DTest.obj (.bss) [fill = 0]
                 [ 00009362 ]  000049b1          *   00000001   rts55x.lib : errno.obj (.bss) [fill = 0]
                 [ 00009364 ]  000049b2          *   00000119              : defs.obj (.bss) [fill = 0]
                 [ 00009596 ]  00004acb          *   000000d0              : trgdrv.obj (.bss) [fill = 0]
                 [ 00009736 ]  00004b9b          *   00000001              : fopen.obj (.bss) [fill = 0]
                 [ 00009738 ]  00004b9c          *   00000071              : lowlev.obj (.bss) [fill = 0]
                 [ 0000981a ]  00004c0d          *   00000001   --HOLE-- [fill = 0]
                 [ 0000981c ]  00004c0e          *   00000006              : memory.obj (.bss) [fill = 0]
                 [ 00009828 ]  00004c14          *   00000004              : _lock.obj (.bss) [fill = 0]
                 [ 00009830 ]  00004c18          *   00000004              : exit.obj (.bss) [fill = 0]

.data        0   [ 00008000 ]  00004000          *   00000000   

.text        0     00030000  [ 00018000 ] 00006cdc          *   
                   00030000  [ 00018000 ] 00001598          *   rts55x.lib : _printfi.obj (.text)
                   00031598  [ 00018acc ] 00000eb6          *              : _scanfi.obj (.text)
                   0003244e  [ 00019227 ] 0000087a          *   filter2DTest.obj (.text)
                   00032cc8  [ 00019664 ] 00000543          *   rts55x.lib : lowlev.obj (.text)
                   0003320b  [ 00019905+] 00000528          *              : trgdrv.obj (.text)
                   00033733  [ 00019b99+] 000004b5          *              : memory.obj (.text)
                   00033be8  [ 00019df4 ] 0000036c          *              : divd.obj (.text)
                   00033f54  [ 00019faa ] 00000301          *              : strtoll.obj (.text)
                   00034255  [ 0001a12a+] 000002bd          *              : strtod.obj (.text)
                   00034512  [ 0001a289 ] 0000029f          *              : strtold.obj (.text)
                   000347b1  [ 0001a3d8+] 0000027f          *              : fopen.obj (.text)
                   00034a30  [ 0001a518 ] 0000025e          *              : llmpy.obj (.text)
                   00034c8e  [ 0001a647 ] 00000259          *              : addd.obj (.text)
                   00034ee7  [ 0001a773+] 0000024b          *              : strtoull.obj (.text)
                   00035132  [ 0001a899 ] 00000208          *              : strtol.obj (.text)
                   0003533a  [ 0001a99d ] 000001ee          *              : fwrite.obj (.text)
                   00035528  [ 0001aa94 ] 000001ea          *              : cmpd.obj (.text)
                   00035712  [ 0001ab89 ] 000001d1          *              : strtoul.obj (.text)
                   000358e3  [ 0001ac71+] 00000163          *              : fputs.obj (.text)
                   00035a46  [ 0001ad23 ] 00000161          *              : fscanf.obj (.text)
                   00035ba7  [ 0001add3+] 0000014c          *              : mpyd.obj (.text)
                   00035cf3  [ 0001ae79+] 0000010f          *              : fread.obj (.text)
                   00035e02  [ 0001af01 ] 000000e6          *              : setvbuf.obj (.text)
                   00035ee8  [ 0001af74 ] 000000dd          *              : _io_perm.obj (.text)
                   00035fc5  [ 0001afe2+] 000000c8          *              : frcmpyd_div.obj (.text)
                   0003608d  [ 0001b046+] 000000c2          *              : fflush.obj (.text)
                   0003614f  [ 0001b0a7+] 000000ba          *              : trgmsg.obj (.text:CIO_breakpoint)
                   00036209  [ 0001b104+] 000000ae          *              : _bufread.obj (.text)
                   000362b7  [ 0001b15b+] 000000a6          *              : fputc.obj (.text)
                   0003635d  [ 0001b1ae+] 000000a1          *              : divul.obj (.text)
                   000363fe  [ 0001b1ff ] 0000009b          *              : fgetc.obj (.text)
                   00036499  [ 0001b24c+] 0000009a          *              : ungetc.obj (.text)
                   00036533  [ 0001b299+] 0000007d          *              : ltoa.obj (.text)
                   000365b0  [ 0001b2d8 ] 0000007b          *              : fclose.obj (.text)
                   0003662b  [ 0001b315+] 00000076          *              : frcmpyd.obj (.text)
                   000366a1  [ 0001b350+] 00000072          *              : remul.obj (.text)
                   00036713  [ 0001b389+] 0000006f          *              : fixdli.obj (.text)
                   00036782  [ 0001b3c1 ] 0000006d          *              : trgmsg.obj (.text)
                   000367ef  [ 0001b3f7+] 0000006b          *              : fseek.obj (.text)
                   0003685a  [ 0001b42d ] 00000067          *              : fltlid.obj (.text)
                   000368c1  [ 0001b460+] 00000066          *   filter2D.obj (.text:filter2D)
                   00036927  [ 0001b493+] 0000005c          *   rts55x.lib : atoi.obj (.text)
                   00036983  [ 0001b4c1+] 00000050          *              : printf.obj (.text)
                   000369d3  [ 0001b4e9+] 0000004d          *              : autoinit.obj (.text)
                   00036a20  [ 0001b510 ] 0000004b          *              : args_main.obj (.text)
                   00036a6b  [ 0001b535+] 0000004b          *              : remli.obj (.text)
                   00036ab6  [ 0001b55b ] 00000048          *              : divli.obj (.text)
                   00036afe  [ 0001b57f ] 0000003f          *              : memcpy.obj (.text)
                   00036b3d  [ 0001b59e+] 0000003e          *              : exit.obj (.text)
                   00036b7b  [ 0001b5bd+] 0000003c          *              : idiv.obj (.text)
                   00036bb7  [ 0001b5db+] 00000034          *              : boot.obj (.text)
                   00036beb  [ 0001b5f5+] 0000002a          *              : fixdi.obj (.text)
                   00036c15  [ 0001b60a+] 0000002a          *              : udiv.obj (.text)
                   00036c3f  [ 0001b61f+] 00000023          *              : memccpy.obj (.text)
                   00036c62  [ 0001b631 ] 0000001c          *              : isinf.obj (.text)
                   00036c7e  [ 0001b63f ] 00000014          *              : subd.obj (.text)
                   00036c92  [ 0001b649 ] 00000013          *              : lmpy.obj (.text)
                   00036ca5  [ 0001b652+] 00000012          *              : _lock.obj (.text)
                   00036cb7  [ 0001b65b+] 00000010          *              : negd.obj (.text)
                   00036cc7  [ 0001b663+] 0000000a          *              : remove.obj (.text)
                   00036cd1  [ 0001b668+] 00000007          *              : exit.obj (.text:CIO_breakpoint)
                   00036cd8  [ 0001b66c ] 00000002          *              : vectors.obj (.text)
                   00036cda  [ 0001b66d ] 00000002          *   --HOLE-- [fill = 20]

.sysmem      0   [ 00036cdc ]  0001b66e          *   00003000   UNINITIALIZED
                 [ 00036cdc ]  0001b66e          *   00003000   --HOLE--


GLOBAL SYMBOLS: SORTED ALPHABETICALLY BY Name 

abs. value/
byte addr   word addr   name
---------   ---------   ----
00000002                $TI_capability$C5500$CallingConvention
00000002                $TI_capability$C5500$MemoryModel
00000001                $TI_capability_requires_rev3
            00004000    .bss
            00004000    .data
00030000                .text
00036cd2                C$$EXIT
00036204                C$$IO$$
00036b7b                I$$DIV
00036c92                I$$LMPY
00036b9a                I$$MOD
00036c15                I$$UDIV
00036c2a                I$$UMOD
000336d5                _HOSTclock
0003366a                _HOSTclose
000335b5                _HOSTlseek
00033516                _HOSTopen
00033489                _HOSTread
000333db                _HOSTrename
0003337d                _HOSTtime
00033313                _HOSTunlink
00033286                _HOSTwrite
000000c0                _Reset
            00000590    __CIOBUF_
            00002400    __STACK_END
00000800                __STACK_SIZE
00006000                __SYSMEM_SIZE
00000200                __SYSSTACK_SIZE
ffffffff                ___binit__
            00004000    ___bss__
ffffffff                ___c_args__
            000006b0    ___cinit__
            00004000    ___data__
            00004000    ___edata__
            00004c1c    ___end__
00036cdc                ___etext__
00036c62                ___isinf
ffffffff                ___pinit__
00030000                ___text__
00034c8e                __addd
00036a20                __args_main
00036209                __buff_read
000348d2                __cleanup
            00004c18    __cleanup_ptr
000356ba                __cmpd
            000003f1    __ctypes_
00033c0a                __divd
00036b7b                __divi
00036ab6                __divli
00034c59                __divlli
00036c15                __divu
0003635d                __divul
00034b65                __divull
0003608d                __doflush
            00004c1a    __dtors_ptr
00035686                __eqld
00036beb                __fixdi
00036713                __fixdli
0003685a                __fltlid
0003662b                __frcmpyd
00035fc5                __frcmpyd_div
            00004aca    __ft_end
            000049b2    __ftable
0003563c                __geqd
000355f1                __gtrd
000355a4                __leqd
            00004c14    __lock
0003555c                __lssd
00035ba7                __mpyd
00036c92                __mpyli
00034aad                __mpylli
00036cb7                __negd
00035528                __neqd
00036cb5                __nop
00031356                __printfi
00035f68                __rd_ok
00036cad                __register_lock
00036ca5                __register_unlock
00036b9a                __remi
00036a6b                __remli
00034a7e                __remlli
00036c2a                __remu
000366a1                __remul
00034a30                __remull
00031f46                __scanfi
            00002000    __stack
00036c7e                __subd
            0001b66e    __sys_memory
            00003f00    __sysstack
            00004a2a    __tmpnams
            00004c16    __unlock
00035ee8                __wrt_ok
00036cd1                _abort
0003311b                _add_device
00036927                _atoi
000369d3                _auto_init
            000045f1    _b3x3
            0000401b    _bmpHeader
00036bb7                _c_int00
00033bc2                _calloc
00033bba                _chkheap
000330a8                _close
            000049b1    _errno
00036b3d                _exit
000365b0                _fclose
000360f6                _fflush
000363fe                _fgetc
000368c1                _filter2D
0003309f                _find_registered_device
000349f5                _fopen
000362b7                _fputc
000358e3                _fputs
00035cf3                _fread
00033733                _free
00033b64                _free_memory
0003492c                _freopen
00035a82                _fscanf
000367ef                _fseek
0003533a                _fwrite
            00004411    _g3x3
000363fe                _getc
0003648a                _getchar
0003320b                _getenv
            00004000    _highpass
            00004012    _laplacian
            00004009    _lowpass
00033039                _lseek
00036533                _ltoa
0003244e                _main
00033864                _malloc
00033b0a                _max_free
00036c3f                _memccpy
00036afe                _memcpy
000337ff                _minit
            00004911    _newB
            00004871    _newG
            000047d1    _newR
00032f7a                _open
00036983                _printf
000362b7                _putc
0003634e                _putchar
00035a18                _puts
            00004231    _r3x3
00032ecc                _read
00036782                _readmsg
00033959                _realloc
00036cc7                _remove
00032e96                _remove_device
00032e3d                _rename
00035a46                _scanf
00035e02                _setvbuf
00034255                _strtod
00035132                _strtol
00034512                _strtold
00033f54                _strtoll
00035712                _strtoul
00034ee7                _strtoull
            00004051    _temp
00036499                _ungetc
00032e0a                _unlink
00032cc8                _write
0003614f                _writemsg
ffffffff                binit
            000006b0    cinit
            00004000    edata
            00004c1c    end
00036cdc                etext
ffffffff                pinit


GLOBAL SYMBOLS: SORTED BY Symbol Address 

abs. value/
byte addr   word addr   name
---------   ---------   ----
00000001                $TI_capability_requires_rev3
00000002                $TI_capability$C5500$CallingConvention
00000002                $TI_capability$C5500$MemoryModel
000000c0                _Reset
00000200                __SYSSTACK_SIZE
            000003f1    __ctypes_
00000800                __STACK_SIZE
            00000590    __CIOBUF_
            000006b0    ___cinit__
            000006b0    cinit
            00002000    __stack
            00002400    __STACK_END
00006000                __SYSMEM_SIZE
            00003f00    __sysstack
            00004000    .bss
            00004000    .data
            00004000    ___bss__
            00004000    ___data__
            00004000    ___edata__
            00004000    _highpass
            00004000    edata
            00004009    _lowpass
            00004012    _laplacian
            0000401b    _bmpHeader
            00004051    _temp
            00004231    _r3x3
            00004411    _g3x3
            000045f1    _b3x3
            000047d1    _newR
            00004871    _newG
            00004911    _newB
            000049b1    _errno
            000049b2    __ftable
            00004a2a    __tmpnams
            00004aca    __ft_end
            00004c14    __lock
            00004c16    __unlock
            00004c18    __cleanup_ptr
            00004c1a    __dtors_ptr
            00004c1c    ___end__
            00004c1c    end
00030000                .text
00030000                ___text__
00031356                __printfi
00031f46                __scanfi
0003244e                _main
00032cc8                _write
00032e0a                _unlink
00032e3d                _rename
00032e96                _remove_device
00032ecc                _read
00032f7a                _open
00033039                _lseek
0003309f                _find_registered_device
000330a8                _close
0003311b                _add_device
0003320b                _getenv
00033286                _HOSTwrite
00033313                _HOSTunlink
0003337d                _HOSTtime
000333db                _HOSTrename
00033489                _HOSTread
00033516                _HOSTopen
000335b5                _HOSTlseek
0003366a                _HOSTclose
000336d5                _HOSTclock
00033733                _free
000337ff                _minit
00033864                _malloc
00033959                _realloc
00033b0a                _max_free
00033b64                _free_memory
00033bba                _chkheap
00033bc2                _calloc
00033c0a                __divd
00033f54                _strtoll
00034255                _strtod
00034512                _strtold
000348d2                __cleanup
0003492c                _freopen
000349f5                _fopen
00034a30                __remull
00034a7e                __remlli
00034aad                __mpylli
00034b65                __divull
00034c59                __divlli
00034c8e                __addd
00034ee7                _strtoull
00035132                _strtol
0003533a                _fwrite
00035528                __neqd
0003555c                __lssd
000355a4                __leqd
000355f1                __gtrd
0003563c                __geqd
00035686                __eqld
000356ba                __cmpd
00035712                _strtoul
000358e3                _fputs
00035a18                _puts
00035a46                _scanf
00035a82                _fscanf
00035ba7                __mpyd
00035cf3                _fread
00035e02                _setvbuf
00035ee8                __wrt_ok
00035f68                __rd_ok
00035fc5                __frcmpyd_div
0003608d                __doflush
000360f6                _fflush
0003614f                _writemsg
00036204                C$$IO$$
00036209                __buff_read
000362b7                _fputc
000362b7                _putc
0003634e                _putchar
0003635d                __divul
000363fe                _fgetc
000363fe                _getc
0003648a                _getchar
00036499                _ungetc
00036533                _ltoa
000365b0                _fclose
0003662b                __frcmpyd
000366a1                __remul
00036713                __fixdli
00036782                _readmsg
000367ef                _fseek
0003685a                __fltlid
000368c1                _filter2D
00036927                _atoi
00036983                _printf
000369d3                _auto_init
00036a20                __args_main
00036a6b                __remli
00036ab6                __divli
00036afe                _memcpy
00036b3d                _exit
00036b7b                I$$DIV
00036b7b                __divi
00036b9a                I$$MOD
00036b9a                __remi
00036bb7                _c_int00
00036beb                __fixdi
00036c15                I$$UDIV
00036c15                __divu
00036c2a                I$$UMOD
00036c2a                __remu
00036c3f                _memccpy
00036c62                ___isinf
00036c7e                __subd
00036c92                I$$LMPY
00036c92                __mpyli
00036ca5                __register_unlock
00036cad                __register_lock
00036cb5                __nop
00036cb7                __negd
00036cc7                _remove
00036cd1                _abort
00036cd2                C$$EXIT
00036cdc                ___etext__
            0001b66e    __sys_memory
00036cdc                etext
ffffffff                ___binit__
ffffffff                ___c_args__
ffffffff                ___pinit__
ffffffff                binit
ffffffff                pinit

[168 symbols]
