******************************************************************************
              TMS320C55x Linker PC v4.3.8                      
******************************************************************************
>> Linked Tue Feb 26 17:26:38 2013

OUTPUT FILE NAME:   <floatPointVAD.out>
ENTRY POINT SYMBOL: "_c_int00"  address: 00045d60


MEMORY CONFIGURATION

         name            origin    length      used     unused   attr    fill
                        (bytes)   (bytes)    (bytes)   (bytes)
----------------------  --------  ---------  --------  --------  ----  --------
  MMR                   00000000   000000c0  00000000  000000c0  RWIX
  VECS                  000000c0   00000100  00000100  00000000  RWIX
  DARAM0                000001c0   00003e40  00002300  00001b40  RWIX
  DARAM1                00004000   00002000  00000000  00002000  RWIX
  DARAM2                00006000   00002000  00000000  00002000  RWIX
  DARAM3                00008000   00008000  000031d8  00004e28  RWIX
  SARAM0                00010000   00010000  00000000  00010000  RWIX
  SARAM1                00020000   00010000  00000000  00010000  RWIX
  SARAM2                00030000   00010000  00000000  00010000  RWIX
  SARAM3                00040000   00010000  0000681e  000097e2  RWIX
  CE01                  00100000   00020000  00000000  00020000  RWIX
  CE02                  00120000   00020000  00000000  00020000  RWIX
  CE03                  00140000   00020000  00000000  00020000  RWIX
  CE1                   00400000   00100000  00000000  00100000  RWIX
  CE2                   00800000   00400000  00000000  00400000  RWIX
  CE3                   00c00000   003f8000  00000000  003f8000  RWIX
  PDROM                 00ff8000   00007f00  00000000  00007f00  RWIX


SECTION ALLOCATION MAP
(Addresses surrounded by []'s are displayed for convenience only!)

output                                                          attributes/
section   page  orgn(bytes) orgn(words) len(bytes) len(words)   input sections
--------  ----  ----------- ----------- ---------- ----------   --------------
vectors      0     000000c0  [ 00000060 ] 00000100          *   
                   000000c0  [ 00000060 ] 00000100          *   rts55x.lib : vectors.obj (vectors)

.sysmem      0   [ 000001c0 ]  000000e0          *   00001000   UNINITIALIZED
                 [ 000001c0 ]  000000e0          *   00001000   --HOLE--

.stack       0   [ 000021c0 ]  000010e0          *   00000100   UNINITIALIZED
                 [ 000021c0 ]  000010e0          *   00000100   --HOLE--

.sysstack 
*            0   [ 000023c0 ]  000011e0          *   00000080   UNINITIALIZED
                 [ 000023c0 ]  000011e0          *   00000080   --HOLE--

.data        0   [ 00004000 ]  00002000          *   00000000   UNINITIALIZED

.bss         0   [ 00008000 ]  00004000          *   000018ec   UNINITIALIZED
                 [ 00008000 ]  00004000          *   00001628   floatPoint_vad_mainTest.obj (.bss)
                 [ 0000ac50 ]  00005628          *   00000119   rts55x.lib : defs.obj (.bss)
                 [ 0000ae82 ]  00005741          *   000000d0              : trgdrv.obj (.bss)
                 [ 0000b022 ]  00005811          *   00000001              : errno.obj (.bss)
                 [ 0000b024 ]  00005812          *   00000071              : lowlev.obj (.bss)
                 [ 0000b106 ]  00005883          *   00000001              : fopen.obj (.bss)
                 [ 0000b108 ]  00005884          *   0000003a              : pow.obj (.bss)
                 [ 0000b17c ]  000058be          *   00000010              : log.obj (.bss)
                 [ 0000b19c ]  000058ce          *   00000008              : cos.obj (.bss)
                 [ 0000b1ac ]  000058d6          *   00000008              : sin.obj (.bss)
                 [ 0000b1bc ]  000058de          *   00000006              : memory.obj (.bss)
                 [ 0000b1c8 ]  000058e4          *   00000004              : _lock.obj (.bss)
                 [ 0000b1d0 ]  000058e8          *   00000004              : exit.obj (.bss)

.text        0     00040000  [ 00020000 ] 00005e90          *   
                   00040000  [ 00020000 ] 00001598          *   rts55x.lib : _printfi.obj (.text)
                   00041598  [ 00020acc ] 000005a6          *              : pow.obj (.text)
                   00041b3e  [ 00020d9f ] 00000543          *              : lowlev.obj (.text)
                   00042081  [ 00021040+] 00000528          *              : trgdrv.obj (.text)
                   000425a9  [ 000212d4+] 000004b5          *              : memory.obj (.text)
                   00042a5e  [ 0002152f ] 0000038f          *   floatPoint_vad_fft.obj (.text)
                   00042ded  [ 000216f6+] 0000036c          *   rts55x.lib : divd.obj (.text)
                   00043159  [ 000218ac+] 0000027f          *              : fopen.obj (.text)
                   000433d8  [ 000219ec ] 0000025e          *              : llmpy.obj (.text)
                   00043636  [ 00021b1b ] 00000259          *              : addd.obj (.text)
                   0004388f  [ 00021c47+] 00000258          *   floatPoint_vad_ss.obj (.text)
                   00043ae7  [ 00021d73+] 00000230          *   floatPoint_vad_mainTest.obj (.text)
                   00043d17  [ 00021e8b+] 00000218          *   rts55x.lib : cos.obj (.text)
                   00043f2f  [ 00021f97+] 000001f2          *              : sin.obj (.text)
                   00044121  [ 00022090+] 000001ea          *              : cmpd.obj (.text)
                   0004430b  [ 00022185+] 000001bf          *   floatPoint_vad_init.obj (.text)
                   000444ca  [ 00022265 ] 000001ae          *   floatPoint_vad_vad.obj (.text)
                   00044678  [ 0002233c ] 00000163          *   rts55x.lib : fputs.obj (.text)
                   000447db  [ 000223ed+] 0000014c          *              : mpyd.obj (.text)
                   00044927  [ 00022493+] 00000118          *              : sqrt.obj (.text)
                   00044a3f  [ 0002251f+] 0000010f          *              : fread.obj (.text)
                   00044b4e  [ 000225a7 ] 000000f2          *              : ldexp.obj (.text)
                   00044c40  [ 00022620 ] 000000eb          *              : log.obj (.text)
                   00044d2b  [ 00022695+] 000000e6          *              : setvbuf.obj (.text)
                   00044e11  [ 00022708+] 000000dd          *              : _io_perm.obj (.text)
                   00044eee  [ 00022777 ] 000000cc          *              : frexp.obj (.text)
                   00044fba  [ 000227dd ] 000000c8          *              : frcmpyd_div.obj (.text)
                   00045082  [ 00022841 ] 000000c2          *              : fflush.obj (.text)
                   00045144  [ 000228a2 ] 000000bf          *              : modf.obj (.text)
                   00045203  [ 00022901+] 000000ba          *              : trgmsg.obj (.text:CIO_breakpoint)
                   000452bd  [ 0002295e+] 000000ae          *              : _bufread.obj (.text)
                   0004536b  [ 000229b5+] 000000a6          *              : fputc.obj (.text)
                   00045411  [ 00022a08+] 000000a1          *              : divul.obj (.text)
                   000454b2  [ 00022a59 ] 00000092          *   floatPoint_vad_hwindow.obj (.text)
                   00045544  [ 00022aa2 ] 0000008a          *   rts55x.lib : ceil.obj (.text)
                   000455ce  [ 00022ae7 ] 0000008a          *              : floor.obj (.text)
                   00045658  [ 00022b2c ] 0000007d          *              : ltoa.obj (.text)
                   000456d5  [ 00022b6a+] 0000007b          *              : fclose.obj (.text)
                   00045750  [ 00022ba8 ] 00000076          *              : frcmpyd.obj (.text)
                   000457c6  [ 00022be3 ] 00000072          *              : remul.obj (.text)
                   00045838  [ 00022c1c ] 0000006f          *              : fixdli.obj (.text)
                   000458a7  [ 00022c53+] 0000006d          *              : trgmsg.obj (.text)
                   00045914  [ 00022c8a ] 0000006b          *              : fseek.obj (.text)
                   0004597f  [ 00022cbf+] 00000067          *              : fltlid.obj (.text)
                   000459e6  [ 00022cf3 ] 0000005f          *              : round.obj (.text)
                   00045a45  [ 00022d22+] 0000005c          *              : atoi.obj (.text)
                   00045aa1  [ 00022d50+] 00000050          *              : printf.obj (.text)
                   00045af1  [ 00022d78+] 0000004d          *              : autoinit.obj (.text)
                   00045b3e  [ 00022d9f ] 0000004b          *              : args_main.obj (.text)
                   00045b89  [ 00022dc4+] 0000004b          *              : remli.obj (.text)
                   00045bd4  [ 00022dea ] 0000004a          *              : fprintf.obj (.text)
                   00045c1e  [ 00022e0f ] 00000048          *              : divli.obj (.text)
                   00045c66  [ 00022e33 ] 00000041          *              : trunc.obj (.text)
                   00045ca7  [ 00022e53+] 0000003f          *              : memcpy.obj (.text)
                   00045ce6  [ 00022e73 ] 0000003e          *              : exit.obj (.text)
                   00045d24  [ 00022e92 ] 0000003c          *              : idiv.obj (.text)
                   00045d60  [ 00022eb0 ] 00000034          *              : boot.obj (.text)
                   00045d94  [ 00022eca ] 0000002a          *              : fixdi.obj (.text)
                   00045dbe  [ 00022edf ] 0000002a          *              : udiv.obj (.text)
                   00045de8  [ 00022ef4 ] 00000023          *              : memccpy.obj (.text)
                   00045e0b  [ 00022f05+] 0000001c          *              : isinf.obj (.text)
                   00045e27  [ 00022f13+] 00000014          *              : subd.obj (.text)
                   00045e3b  [ 00022f1d+] 00000013          *              : lmpy.obj (.text)
                   00045e4e  [ 00022f27 ] 00000012          *              : _lock.obj (.text)
                   00045e60  [ 00022f30 ] 00000010          *              : negd.obj (.text)
                   00045e70  [ 00022f38 ] 0000000c          *              : fltid.obj (.text)
                   00045e7c  [ 00022f3e ] 0000000a          *              : remove.obj (.text)
                   00045e86  [ 00022f43 ] 00000007          *              : exit.obj (.text:CIO_breakpoint)
                   00045e8d  [ 00022f46+] 00000002          *              : vectors.obj (.text)
                   00045e8f  [ 00022f47 ] 00000001          *   --HOLE-- [fill = 20]

.const       0   [ 00045e90 ]  00022f48          *   000002c0   
                 [ 00045e90 ]  00022f48          *   00000101   rts55x.lib : ctype.obj (.const:__ctypes_)
                 [ 00046092 ]  00023049          *   00000001   --HOLE-- [fill = 0]
                 [ 00046094 ]  0002304a          *   000000cb   floatPoint_vad_mainTest.obj (.const:.string)
                 [ 0004622a ]  00023115          *   00000001   --HOLE-- [fill = 0]
                 [ 0004622c ]  00023116          *   00000024   rts55x.lib : _printfi.obj (.const:.string)
                 [ 00046274 ]  0002313a          *   0000001c              : pow.obj (.const)
                 [ 000462ac ]  00023156          *   00000016              : cos.obj (.const)
                 [ 000462d8 ]  0002316c          *   00000014              : sin.obj (.const)
                 [ 00046300 ]  00023180          *   00000010   floatPoint_vad_init.obj (.const)
                 [ 00046320 ]  00023190          *   0000000c   rts55x.lib : _printfi.obj (.const)
                 [ 00046338 ]  0002319c          *   0000000a   floatPoint_vad_fft.obj (.const)
                 [ 0004634c ]  000231a6          *   0000000a   rts55x.lib : ldexp.obj (.const)
                 [ 00046360 ]  000231b0          *   0000000a              : log.obj (.const)
                 [ 00046374 ]  000231ba          *   0000000a              : sqrt.obj (.const)
                 [ 00046388 ]  000231c4          *   00000008              : divd.obj (.const:_initial_approx$1)
                 [ 00046398 ]  000231cc          *   00000008              : ceil.obj (.const)
                 [ 000463a8 ]  000231d4          *   00000008              : floor.obj (.const)
                 [ 000463b8 ]  000231dc          *   00000008              : frexp.obj (.const)
                 [ 000463c8 ]  000231e4          *   00000008              : round.obj (.const)
                 [ 000463d8 ]  000231ec          *   00000006   floatPoint_vad_hwindow.obj (.const)
                 [ 000463e4 ]  000231f2          *   00000006   rts55x.lib : modf.obj (.const)
                 [ 000463f0 ]  000231f8          *   00000004   floatPoint_vad_ss.obj (.const)
                 [ 000463f8 ]  000231fc          *   00000004   rts55x.lib : trunc.obj (.const)
                 [ 00046400 ]  00023200          *   00000002              : fputs.obj (.const:.string)
                 [ 00046404 ]  00023202          *   00000002   floatPoint_vad_vad.obj (.const)
                 [ 00046408 ]  00023204          *   00000002   rts55x.lib : divd.obj (.const)
                 [ 0004640c ]  00023206          *   00000002              : fltlid.obj (.const)

.cio         0   [ 00046410 ]  00023208          *   00000120   UNINITIALIZED
                 [ 00046410 ]  00023208          *   00000120   rts55x.lib : trgmsg.obj (.cio)

.cinit       0   [ 00046650 ]  00023328          *   000000e7   
                 [ 00046650 ]  00023328          *   00000046   rts55x.lib : pow.obj (.cinit)
                 [ 000466dc ]  0002336e          *   0000002d              : lowlev.obj (.cinit)
                 [ 00046736 ]  0002339b          *   0000002a              : defs.obj (.cinit)
                 [ 0004678a ]  000233c5          *   00000013              : log.obj (.cinit)
                 [ 000467b0 ]  000233d8          *   0000000b              : cos.obj (.cinit)
                 [ 000467c6 ]  000233e3          *   0000000b              : sin.obj (.cinit)
                 [ 000467dc ]  000233ee          *   0000000a              : _lock.obj (.cinit)
                 [ 000467f0 ]  000233f8          *   0000000a              : exit.obj (.cinit)
                 [ 00046804 ]  00023402          *   00000004              : errno.obj (.cinit)
                 [ 0004680c ]  00023406          *   00000004              : fopen.obj (.cinit)
                 [ 00046814 ]  0002340a          *   00000004              : memory.obj (.cinit)
                 [ 0004681c ]  0002340e          *   00000001   --HOLE-- [fill = 0]


GLOBAL SYMBOLS: SORTED ALPHABETICALLY BY Name 

abs. value/
byte addr   word addr   name
---------   ---------   ----
00000002                $TI_capability$C5500$CallingConvention
00000002                $TI_capability$C5500$MemoryModel
00000001                $TI_capability_requires_rev3
            00004000    .bss
            00002000    .data
00040000                .text
00045e87                C$$EXIT
000452b8                C$$IO$$
00045d24                I$$DIV
00045e3b                I$$LMPY
00045d43                I$$MOD
00045dbe                I$$UDIV
00045dd3                I$$UMOD
0004254b                _HOSTclock
000424e0                _HOSTclose
0004242b                _HOSTlseek
0004238c                _HOSTopen
000422ff                _HOSTread
00042251                _HOSTrename
000421f3                _HOSTtime
00042189                _HOSTunlink
000420fc                _HOSTwrite
000000c0                _Reset
            00023208    __CIOBUF_
            000011e0    __STACK_END
00000200                __STACK_SIZE
00002000                __SYSMEM_SIZE
00000100                __SYSSTACK_SIZE
ffffffff                ___binit__
            00004000    ___bss__
ffffffff                ___c_args__
            00023328    ___cinit__
            00002000    ___data__
            00002000    ___edata__
            000058ec    ___end__
00045e90                ___etext__
00045e0b                ___isinf
ffffffff                ___pinit__
00040000                ___text__
00043636                __addd
00045b3e                __args_main
000452bd                __buff_read
0004327a                __cleanup
            000058e8    __cleanup_ptr
000442b3                __cmpd
            00022f48    __ctypes_
00042e0f                __divd
00045d24                __divi
00045c1e                __divli
00043601                __divlli
00045dbe                __divu
00045411                __divul
0004350d                __divull
00045082                __doflush
            000058ea    __dtors_ptr
0004427f                __eqld
00045d94                __fixdi
00045838                __fixdli
00045e70                __fltid
0004597f                __fltlid
00045750                __frcmpyd
00044fba                __frcmpyd_div
            00005740    __ft_end
            00005628    __ftable
00044235                __geqd
000441ea                __gtrd
0004419d                __leqd
            000058e4    __lock
00044155                __lssd
000447db                __mpyd
00045e3b                __mpyli
00043455                __mpylli
00045e60                __negd
00044121                __neqd
00045e5e                __nop
000459e6                __nround
00041356                __printfi
00044e91                __rd_ok
00045e56                __register_lock
00045e4e                __register_unlock
00045d43                __remi
00045b89                __remli
00043426                __remlli
00045dd3                __remu
000457c6                __remul
000433d8                __remull
            000010e0    __stack
00045e27                __subd
            000000e0    __sys_memory
            000011e0    __sysstack
            000056a0    __tmpnams
00045c66                __trunc
            000058e6    __unlock
00044e11                __wrt_ok
00045e86                _abort
00041f91                _add_device
00045a45                _atoi
00045af1                _auto_init
00045d60                _c_int00
00042a38                _calloc
00045544                _ceil
00042a30                _chkheap
00041f1e                _close
00043d17                _cos
            00005811    _errno
00045ce6                _exit
000456d5                _fclose
000450eb                _fflush
00041f15                _find_registered_device
000455ce                _floor
0004339d                _fopen
00045bd4                _fprintf
0004536b                _fputc
00044678                _fputs
00044a3f                _fread
000425a9                _free
000429da                _free_memory
000432d4                _freopen
00044eee                _frexp
00045914                _fseek
00042081                _getenv
            00005228    _input
00044b4e                _ldexp
00044c40                _log
00041eaf                _lseek
00045658                _ltoa
00043ae7                _main
000426da                _malloc
00042980                _max_free
00045de8                _memccpy
00045ca7                _memcpy
00042675                _minit
00045144                _modf
00041df0                _open
00041598                _pow
00045aa1                _printf
0004536b                _putc
00045402                _putchar
000447ad                _puts
            00005226    _pvad
00041d42                _read
000458a7                _readmsg
000427cf                _realloc
00045e7c                _remove
00041d0c                _remove_device
00041cb3                _rename
00044d2b                _setvbuf
00043f2f                _sin
00044927                _sqrt
            00005428    _temp
00041c80                _unlink
            00005328    _vadRef
00042a5e                _vad_fft
000454b2                _vad_hwindow
0004430b                _vad_init
0004388f                _vad_ss
000444ca                _vad_vad
            00004000    _vadvar
00041b3e                _write
00045203                _writemsg
ffffffff                binit
            00023328    cinit
            00002000    edata
            000058ec    end
00045e90                etext
ffffffff                pinit


GLOBAL SYMBOLS: SORTED BY Symbol Address 

abs. value/
byte addr   word addr   name
---------   ---------   ----
00000001                $TI_capability_requires_rev3
00000002                $TI_capability$C5500$CallingConvention
00000002                $TI_capability$C5500$MemoryModel
000000c0                _Reset
00000100                __SYSSTACK_SIZE
            000000e0    __sys_memory
00000200                __STACK_SIZE
00002000                __SYSMEM_SIZE
            000010e0    __stack
            000011e0    __STACK_END
            000011e0    __sysstack
            00002000    .data
            00002000    ___data__
            00002000    ___edata__
            00002000    edata
            00004000    .bss
            00004000    ___bss__
            00004000    _vadvar
            00005226    _pvad
            00005228    _input
            00005328    _vadRef
            00005428    _temp
            00005628    __ftable
            000056a0    __tmpnams
            00005740    __ft_end
            00005811    _errno
            000058e4    __lock
            000058e6    __unlock
            000058e8    __cleanup_ptr
            000058ea    __dtors_ptr
            000058ec    ___end__
            000058ec    end
00040000                .text
00040000                ___text__
00041356                __printfi
00041598                _pow
00041b3e                _write
00041c80                _unlink
00041cb3                _rename
00041d0c                _remove_device
00041d42                _read
00041df0                _open
00041eaf                _lseek
00041f15                _find_registered_device
00041f1e                _close
00041f91                _add_device
00042081                _getenv
000420fc                _HOSTwrite
00042189                _HOSTunlink
000421f3                _HOSTtime
00042251                _HOSTrename
000422ff                _HOSTread
0004238c                _HOSTopen
0004242b                _HOSTlseek
000424e0                _HOSTclose
0004254b                _HOSTclock
000425a9                _free
00042675                _minit
000426da                _malloc
000427cf                _realloc
00042980                _max_free
000429da                _free_memory
00042a30                _chkheap
00042a38                _calloc
00042a5e                _vad_fft
00042e0f                __divd
0004327a                __cleanup
000432d4                _freopen
0004339d                _fopen
000433d8                __remull
00043426                __remlli
00043455                __mpylli
0004350d                __divull
00043601                __divlli
00043636                __addd
0004388f                _vad_ss
00043ae7                _main
00043d17                _cos
00043f2f                _sin
00044121                __neqd
00044155                __lssd
0004419d                __leqd
000441ea                __gtrd
00044235                __geqd
0004427f                __eqld
000442b3                __cmpd
0004430b                _vad_init
000444ca                _vad_vad
00044678                _fputs
000447ad                _puts
000447db                __mpyd
00044927                _sqrt
00044a3f                _fread
00044b4e                _ldexp
00044c40                _log
00044d2b                _setvbuf
00044e11                __wrt_ok
00044e91                __rd_ok
00044eee                _frexp
00044fba                __frcmpyd_div
00045082                __doflush
000450eb                _fflush
00045144                _modf
00045203                _writemsg
000452b8                C$$IO$$
000452bd                __buff_read
0004536b                _fputc
0004536b                _putc
00045402                _putchar
00045411                __divul
000454b2                _vad_hwindow
00045544                _ceil
000455ce                _floor
00045658                _ltoa
000456d5                _fclose
00045750                __frcmpyd
000457c6                __remul
00045838                __fixdli
000458a7                _readmsg
00045914                _fseek
0004597f                __fltlid
000459e6                __nround
00045a45                _atoi
00045aa1                _printf
00045af1                _auto_init
00045b3e                __args_main
00045b89                __remli
00045bd4                _fprintf
00045c1e                __divli
00045c66                __trunc
00045ca7                _memcpy
00045ce6                _exit
00045d24                I$$DIV
00045d24                __divi
00045d43                I$$MOD
00045d43                __remi
00045d60                _c_int00
00045d94                __fixdi
00045dbe                I$$UDIV
00045dbe                __divu
00045dd3                I$$UMOD
00045dd3                __remu
00045de8                _memccpy
00045e0b                ___isinf
00045e27                __subd
00045e3b                I$$LMPY
00045e3b                __mpyli
00045e4e                __register_unlock
00045e56                __register_lock
00045e5e                __nop
00045e60                __negd
00045e70                __fltid
00045e7c                _remove
00045e86                _abort
00045e87                C$$EXIT
00045e90                ___etext__
            00022f48    __ctypes_
00045e90                etext
            00023208    __CIOBUF_
            00023328    ___cinit__
            00023328    cinit
ffffffff                ___binit__
ffffffff                ___c_args__
ffffffff                ___pinit__
ffffffff                binit
ffffffff                pinit

[166 symbols]
