******************************************************************************
              TMS320C55x Linker PC v4.3.8                      
******************************************************************************
>> Linked Thu Feb 28 08:38:22 2013

OUTPUT FILE NAME:   <signalGen.out>
ENTRY POINT SYMBOL: "reset_isr"  address: 000447c8


MEMORY CONFIGURATION

         name            origin    length      used     unused   attr    fill
                        (bytes)   (bytes)    (bytes)   (bytes)
----------------------  --------  ---------  --------  --------  ----  --------
  MMR                   00000000   000000c0  00000000  000000c0  RWIX
  VECS                  000000c0   00000200  00000100  00000100  RWIX
  DARAM0                000002c0   00003d40  0000230c  00001a34  RWIX
  DARAM1                00004000   00002000  00000100  00001f00  RWIX
  DARAM2                00006000   00002000  00000000  00002000  RWIX
  DARAM3                00008000   00008000  00000b12  000074ee  RWIX
  SARAM0                00010000   00010000  00000000  00010000  RWIX
  SARAM1                00020000   00010000  00000000  00010000  RWIX
  SARAM2                00030000   00010000  00000000  00010000  RWIX
  SARAM3                00040000   00010000  000056cc  0000a934  RWIX
  CE01                  00100000   00020000  00000000  00020000  RWIX
  CE02                  00120000   00020000  00000000  00020000  RWIX
  CE03                  00140000   00020000  00000000  00020000  RWIX
  CE1                   00400000   00100000  00000000  00100000  RWIX
  CE2                   00800000   00400000  00000000  00400000  RWIX
  CE3                   00c00000   003f8000  00000000  003f8000  RWIX
  PDROM                 00ff8000   00007f00  00000000  00007f00  RWIX


SECTION ALLOCATION MAP
(Addresses surrounded by []'s are displayed for convenience only!)

output                                                          attributes/
section   page  orgn(bytes) orgn(words) len(bytes) len(words)   input sections
--------  ----  ----------- ----------- ---------- ----------   --------------
vectors      0     000000c0  [ 00000060 ] 00000100          *   NOLOAD SECTION
                   000000c0  [ 00000060 ] 00000100          *   rts55x.lib : vectors.obj (vectors)

.sysmem      0   [ 000002c0 ]  00000160          *   00001000   UNINITIALIZED
                 [ 000002c0 ]  00000160          *   00001000   --HOLE--

.stack       0   [ 000022c0 ]  00001160          *   00000100   UNINITIALIZED
                 [ 000022c0 ]  00001160          *   00000100   --HOLE--

.sysstack 
*            0   [ 000024c0 ]  00001260          *   00000080   UNINITIALIZED
                 [ 000024c0 ]  00001260          *   00000080   --HOLE--

.data        0   [ 000025c0 ]  000012e0          *   00000006   
                 [ 000025c0 ]  000012e0          *   00000006   cos.obj (.data)

vector       0     00004000  [ 00002000 ] 00000100          *   
                   00004000  [ 00002000 ] 00000100          *   vector.obj (vector)

.bss         0   [ 00008000 ]  00004000          *   00000589   UNINITIALIZED
                 [ 00008000 ]  00004000          *   00000300   signalGenTest.obj (.bss)
                 [ 00008600 ]  00004300          *   00000119   rts55x.lib : defs.obj (.bss)
                 [ 00008832 ]  00004419          *   000000d0              : trgdrv.obj (.bss)
                 [ 000089d2 ]  000044e9          *   00000001   myC55xUtil.lib : i2s.obj (.bss)
                 [ 000089d4 ]  000044ea          *   00000071   rts55x.lib : lowlev.obj (.bss)
                 [ 00008ab6 ]  0000455b          *   00000001              : fopen.obj (.bss)
                 [ 00008ab8 ]  0000455c          *   00000016   myC55xUtil.lib : dma.obj (.bss)
                 [ 00008ae4 ]  00004572          *   00000006   rts55x.lib : memory.obj (.bss)
                 [ 00008af0 ]  00004578          *   00000004              : _lock.obj (.bss)
                 [ 00008af8 ]  0000457c          *   00000004              : exit.obj (.bss)
                 [ 00008b00 ]  00004580          *   00000003   myC55xUtil.lib : AIC3204_init.obj (.bss)
                 [ 00008b06 ]  00004583          *   00000001   --HOLE--
                 [ 00008b08 ]  00004584          *   00000003   rand.obj (.bss)
                 [ 00008b0e ]  00004587          *   00000002   tone.obj (.bss)

.text        0     00040000  [ 00020000 ] 00004fe8          *   
                   00040000  [ 00020000 ] 00001598          *   rts55x.lib : _printfi.obj (.text)
                   00041598  [ 00020acc ] 00000543          *              : lowlev.obj (.text)
                   00041adb  [ 00020d6d+] 00000528          *              : trgdrv.obj (.text)
                   00042003  [ 00021001+] 000004b5          *              : memory.obj (.text)
                   000424b8  [ 0002125c ] 000004a3          *   myC55xUtil.lib : dma.obj (.text)
                   0004295b  [ 000214ad+] 0000036c          *   rts55x.lib : divd.obj (.text)
                   00042cc7  [ 00021663+] 0000032e          *   myC55xUtil.lib : AIC3204_init.obj (.text)
                   00042ff5  [ 000217fa+] 00000326          *   signalGenTest.obj (.text)
                   0004331b  [ 0002198d+] 00000298          *   myC55xUtil.lib : i2s_register.obj (.text)
                   000435b3  [ 00021ad9+] 0000027f          *   rts55x.lib : fopen.obj (.text)
                   00043832  [ 00021c19 ] 0000025e          *              : llmpy.obj (.text)
                   00043a90  [ 00021d48 ] 00000259          *              : addd.obj (.text)
                   00043ce9  [ 00021e74+] 000001ea          *              : cmpd.obj (.text)
                   00043ed3  [ 00021f69+] 00000163          *              : fputs.obj (.text)
                   00044036  [ 0002201b ] 0000014c          *              : mpyd.obj (.text)
                   00044182  [ 000220c1 ] 000000e6          *              : setvbuf.obj (.text)
                   00044268  [ 00022134 ] 000000dd          *              : _io_perm.obj (.text)
                   00044345  [ 000221a2+] 000000c8          *              : frcmpyd_div.obj (.text)
                   0004440d  [ 00022206+] 000000c2          *              : fflush.obj (.text)
                   000444cf  [ 00022267+] 000000ba          *              : trgmsg.obj (.text:CIO_breakpoint)
                   00044589  [ 000222c4+] 000000a6          *              : fputc.obj (.text)
                   0004462f  [ 00022317+] 000000a1          *              : divul.obj (.text)
                   000446d0  [ 00022368 ] 0000007d          *              : ltoa.obj (.text)
                   0004474d  [ 000223a6+] 0000007b          *              : fclose.obj (.text)
                   000447c8  [ 000223e4 ] 00000079          *   vector.obj (.text)
                   00044841  [ 00022420+] 00000076          *   rts55x.lib : frcmpyd.obj (.text)
                   000448b7  [ 0002245b+] 00000072          *              : remul.obj (.text)
                   00044929  [ 00022494+] 0000006f          *              : fixdli.obj (.text)
                   00044998  [ 000224cc ] 0000006d          *              : trgmsg.obj (.text)
                   00044a05  [ 00022502+] 0000006b          *              : fseek.obj (.text)
                   00044a70  [ 00022538 ] 00000067          *              : fltlid.obj (.text)
                   00044ad7  [ 0002256b+] 0000005f          *   tone.obj (.text)
                   00044b36  [ 0002259b ] 0000005c          *   rts55x.lib : atoi.obj (.text)
                   00044b92  [ 000225c9 ] 0000005b          *              : fltuld.obj (.text)
                   00044bed  [ 000225f6+] 00000051          *   myC55xUtil.lib : i2s.obj (.text)
                   00044c3e  [ 0002261f ] 00000050          *   rts55x.lib : printf.obj (.text)
                   00044c8e  [ 00022647 ] 0000004d          *              : autoinit.obj (.text)
                   00044cdb  [ 0002266d+] 0000004b          *              : args_main.obj (.text)
                   00044d26  [ 00022693 ] 0000004b          *              : remli.obj (.text)
                   00044d71  [ 000226b8+] 00000048          *              : divli.obj (.text)
                   00044db9  [ 000226dc+] 00000047          *   cos.obj (.text)
                   00044e00  [ 00022700 ] 0000003f          *   rts55x.lib : memcpy.obj (.text)
                   00044e3f  [ 0002271f+] 0000003e          *              : exit.obj (.text)
                   00044e7d  [ 0002273e+] 00000039          *   rand.obj (.text)
                   00044eb6  [ 0002275b ] 00000034          *   rts55x.lib : boot.obj (.text)
                   00044eea  [ 00022775 ] 0000002a          *              : fixdi.obj (.text)
                   00044f14  [ 0002278a ] 0000002a          *              : udiv.obj (.text)
                   00044f3e  [ 0002279f ] 00000023          *              : memccpy.obj (.text)
                   00044f61  [ 000227b0+] 0000001c          *              : isinf.obj (.text)
                   00044f7d  [ 000227be+] 00000014          *              : subd.obj (.text)
                   00044f91  [ 000227c8+] 00000013          *              : lmpy.obj (.text)
                   00044fa4  [ 000227d2 ] 00000012          *              : _lock.obj (.text)
                   00044fb6  [ 000227db ] 00000010          *              : negd.obj (.text)
                   00044fc6  [ 000227e3 ] 0000000e          *              : fltud.obj (.text)
                   00044fd4  [ 000227ea ] 0000000a          *              : remove.obj (.text)
                   00044fde  [ 000227ef ] 00000007          *              : exit.obj (.text:CIO_breakpoint)
                   00044fe5  [ 000227f2+] 00000002          *              : vectors.obj (.text)
                   00044fe7  [ 000227f3 ] 00000001          *   --HOLE-- [fill = 20]

.const       0   [ 00044fe8 ]  000227f4          *   000001c2   
                 [ 00044fe8 ]  000227f4          *   00000101   rts55x.lib : ctype.obj (.const:__ctypes_)
                 [ 000451ea ]  000228f5          *   00000001   --HOLE-- [fill = 0]
                 [ 000451ec ]  000228f6          *   0000007d   signalGenTest.obj (.const:.string)
                 [ 000452e6 ]  00022973          *   00000001   --HOLE-- [fill = 0]
                 [ 000452e8 ]  00022974          *   00000024   rts55x.lib : _printfi.obj (.const:.string)
                 [ 00045330 ]  00022998          *   0000000c              : _printfi.obj (.const)
                 [ 00045348 ]  000229a4          *   00000008              : divd.obj (.const:_initial_approx$1)
                 [ 00045358 ]  000229ac          *   00000002              : fputs.obj (.const:.string)
                 [ 0004535c ]  000229ae          *   00000002              : divd.obj (.const)
                 [ 00045360 ]  000229b0          *   00000002              : fltlid.obj (.const)
                 [ 00045364 ]  000229b2          *   00000002              : fltuld.obj (.const)
                 [ 00045368 ]  000229b4          *   00000002   tone.obj (.const)

.cio         0   [ 00045370 ]  000229b8          *   00000120   UNINITIALIZED
                 [ 00045370 ]  000229b8          *   00000120   rts55x.lib : trgmsg.obj (.cio)

.cinit       0   [ 000455b0 ]  00022ad8          *   00000090   
                 [ 000455b0 ]  00022ad8          *   0000002d   rts55x.lib : lowlev.obj (.cinit)
                 [ 0004560a ]  00022b05          *   0000002a              : defs.obj (.cinit)
                 [ 0004565e ]  00022b2f          *   00000018   myC55xUtil.lib : dma.obj (.cinit)
                 [ 0004568e ]  00022b47          *   0000000a   rts55x.lib : _lock.obj (.cinit)
                 [ 000456a2 ]  00022b51          *   0000000a              : exit.obj (.cinit)
                 [ 000456b6 ]  00022b5b          *   00000004   myC55xUtil.lib : i2s.obj (.cinit)
                 [ 000456be ]  00022b5f          *   00000004   rts55x.lib : fopen.obj (.cinit)
                 [ 000456c6 ]  00022b63          *   00000004              : memory.obj (.cinit)
                 [ 000456ce ]  00022b67          *   00000001   --HOLE-- [fill = 0]


GLOBAL SYMBOLS: SORTED ALPHABETICALLY BY Name 

abs. value/
byte addr   word addr   name
---------   ---------   ----
00000002                $TI_capability$C5500$CallingConvention
00000002                $TI_capability$C5500$MemoryModel
00000001                $TI_capability_requires_rev3
            00004000    .bss
            000012e0    .data
00040000                .text
00044fdf                C$$EXIT
00044584                C$$IO$$
00044f91                I$$LMPY
00044f14                I$$UDIV
00044f29                I$$UMOD
00042cc7                _AIC3204_init
            000044e9    _Buf_Address
            0000456c    _CurrentRxL_DMAChannel
            0000456d    _CurrentRxR_DMAChannel
            0000456e    _CurrentTxL_DMAChannel
            0000456f    _CurrentTxR_DMAChannel
0004279d                _DMA_Isr
00041fa5                _HOSTclock
00041f3a                _HOSTclose
00041e85                _HOSTlseek
00041de6                _HOSTopen
00041d59                _HOSTread
00041cab                _HOSTrename
00041c4d                _HOSTtime
00041be3                _HOSTunlink
00041b56                _HOSTwrite
00004000                _RST
            00004180    _RcvL1
            00004240    _RcvL2
            000041e0    _RcvR1
            000042a0    _RcvR2
000000c0                _Reset
            0000455c    _RxL1_DMA_address
            0000455e    _RxL2_DMA_address
            00004560    _RxR1_DMA_address
            00004562    _RxR2_DMA_address
            00004564    _TxL1_DMA_address
            00004566    _TxL2_DMA_address
            00004568    _TxR1_DMA_address
            0000456a    _TxR2_DMA_address
            00004000    _XmitL1
            000040c0    _XmitL2
            00004060    _XmitR1
            00004120    _XmitR2
            000229b8    __CIOBUF_
            00001260    __STACK_END
00000200                __STACK_SIZE
00002000                __SYSMEM_SIZE
00000100                __SYSSTACK_SIZE
ffffffff                ___binit__
            00004000    ___bss__
ffffffff                ___c_args__
            00022ad8    ___cinit__
            000012e0    ___data__
            000012e6    ___edata__
            00004589    ___end__
00044fe8                ___etext__
00044f61                ___isinf
ffffffff                ___pinit__
00040000                ___text__
00043a90                __addd
00044cdb                __args_main
000436d4                __cleanup
            0000457c    __cleanup_ptr
00043e7b                __cmpd
            000227f4    __ctypes_
0004297d                __divd
00044d71                __divli
00043a5b                __divlli
00044f14                __divu
0004462f                __divul
00043967                __divull
0004440d                __doflush
            0000457e    __dtors_ptr
00043e47                __eqld
00044eea                __fixdi
00044929                __fixdli
00044a70                __fltlid
00044fc6                __fltud
00044b92                __fltuld
00044841                __frcmpyd
00044345                __frcmpyd_div
            00004418    __ft_end
            00004300    __ftable
00043dfd                __geqd
00043db2                __gtrd
00043d65                __leqd
            00004578    __lock
00043d1d                __lssd
00044036                __mpyd
00044f91                __mpyli
000438af                __mpylli
00044fb6                __negd
00043ce9                __neqd
00044fb4                __nop
00041356                __printfi
000442e8                __rd_ok
00044fac                __register_lock
00044fa4                __register_unlock
00044d26                __remli
00043880                __remlli
00044f29                __remu
000448b7                __remul
00043832                __remull
            00001160    __stack
00044f7d                __subd
            00000160    __sys_memory
            00001260    __sysstack
            00004378    __tmpnams
            0000457a    __unlock
00044268                __wrt_ok
00044fde                _abort
000419eb                _add_device
00044b36                _atoi
00044c8e                _auto_init
00044eb6                _c_int00
00042492                _calloc
0004248a                _chkheap
00041978                _close
00044db9                _cosine
0004357b                _disable_i2s0
00043589                _disable_i2s1
00043597                _disable_i2s2
000435a5                _disable_i2s3
00042790                _enable_dma_int
00043543                _enable_i2s0
00043551                _enable_i2s1
0004355f                _enable_i2s2
0004356d                _enable_i2s3
00044e3f                _exit
0004474d                _fclose
00044476                _fflush
0004196f                _find_registered_device
000437f7                _fopen
00044589                _fputc
00043ed3                _fputs
00042003                _free
00042434                _free_memory
0004372e                _freopen
00044a05                _fseek
00041adb                _getenv
0004331b                _i2s0_read_CR
00043363                _i2s0_read_INTR
00043369                _i2s0_read_INT_MASK
00043375                _i2s0_read_RXL_LSW
00043381                _i2s0_read_RXL_MSW
0004338d                _i2s0_read_RXR_LSW
00043399                _i2s0_read_RXR_MSW
00043327                _i2s0_read_SRGR
00043333                _i2s0_read_TXL_LSW
0004333f                _i2s0_read_TXL_MSW
0004334b                _i2s0_read_TXR_LSW
00043357                _i2s0_read_TXR_MSW
00043321                _i2s0_write_CR
0004336f                _i2s0_write_INT_MASK
0004337b                _i2s0_write_RXL_LSW
00043387                _i2s0_write_RXL_MSW
00043393                _i2s0_write_RXR_LSW
0004339f                _i2s0_write_RXR_MSW
0004332d                _i2s0_write_SRGR
00043339                _i2s0_write_TXL_LSW
00043345                _i2s0_write_TXL_MSW
00043351                _i2s0_write_TXR_LSW
0004335d                _i2s0_write_TXR_MSW
000433a5                _i2s1_read_CR
000433ed                _i2s1_read_INTR
000433f3                _i2s1_read_INT_MASK
000433ff                _i2s1_read_RXL_LSW
0004340b                _i2s1_read_RXL_MSW
00043417                _i2s1_read_RXR_LSW
00043423                _i2s1_read_RXR_MSW
000433b1                _i2s1_read_SRGR
000433bd                _i2s1_read_TXL_LSW
000433c9                _i2s1_read_TXL_MSW
000433d5                _i2s1_read_TXR_LSW
000433e1                _i2s1_read_TXR_MSW
000433ab                _i2s1_write_CR
000433f9                _i2s1_write_INT_MASK
00043405                _i2s1_write_RXL_LSW
00043411                _i2s1_write_RXL_MSW
0004341d                _i2s1_write_RXR_LSW
00043429                _i2s1_write_RXR_MSW
000433b7                _i2s1_write_SRGR
000433c3                _i2s1_write_TXL_LSW
000433cf                _i2s1_write_TXL_MSW
000433db                _i2s1_write_TXR_LSW
000433e7                _i2s1_write_TXR_MSW
0004342f                _i2s2_read_CR
00043477                _i2s2_read_INTR
0004347d                _i2s2_read_INT_MASK
00043489                _i2s2_read_RXL_LSW
00043495                _i2s2_read_RXL_MSW
000434a1                _i2s2_read_RXR_LSW
000434ad                _i2s2_read_RXR_MSW
0004343b                _i2s2_read_SRGR
00043447                _i2s2_read_TXL_LSW
00043453                _i2s2_read_TXL_MSW
0004345f                _i2s2_read_TXR_LSW
0004346b                _i2s2_read_TXR_MSW
00043435                _i2s2_write_CR
00043483                _i2s2_write_INT_MASK
0004348f                _i2s2_write_RXL_LSW
0004349b                _i2s2_write_RXL_MSW
000434a7                _i2s2_write_RXR_LSW
000434b3                _i2s2_write_RXR_MSW
00043441                _i2s2_write_SRGR
0004344d                _i2s2_write_TXL_LSW
00043459                _i2s2_write_TXL_MSW
00043465                _i2s2_write_TXR_LSW
00043471                _i2s2_write_TXR_MSW
000434b9                _i2s3_read_CR
00043501                _i2s3_read_INTR
00043507                _i2s3_read_INT_MASK
00043513                _i2s3_read_RXL_LSW
0004351f                _i2s3_read_RXL_MSW
0004352b                _i2s3_read_RXR_LSW
00043537                _i2s3_read_RXR_MSW
000434c5                _i2s3_read_SRGR
000434d1                _i2s3_read_TXL_LSW
000434dd                _i2s3_read_TXL_MSW
000434e9                _i2s3_read_TXR_LSW
000434f5                _i2s3_read_TXR_MSW
000434bf                _i2s3_write_CR
0004350d                _i2s3_write_INT_MASK
00043519                _i2s3_write_RXL_LSW
00043525                _i2s3_write_RXL_MSW
00043531                _i2s3_write_RXR_LSW
0004353d                _i2s3_write_RXR_MSW
000434cb                _i2s3_write_SRGR
000434d7                _i2s3_write_TXL_LSW
000434e3                _i2s3_write_TXL_MSW
000434ef                _i2s3_write_TXR_LSW
000434fb                _i2s3_write_TXR_MSW
00044e7d                _initRand
00044ad7                _initTone
            00004570    _leftChannel
00043111                _leftChannel_process
00041909                _lseek
000446d0                _ltoa
00042ff5                _main
00042134                _malloc
000423da                _max_free
00044f3e                _memccpy
00044e00                _memcpy
000420cf                _minit
0004184a                _open
0004325d                _playAudio
00044c3e                _printf
00044589                _putc
00044620                _putchar
00044008                _puts
00044e8c                _randNumber
0004179c                _read
00044998                _readmsg
00042229                _realloc
00044fd4                _remove
00041766                _remove_device
0004170d                _rename
            00004571    _rightChannel
000431c8                _rightChannel_process
000424b8                _setDMA_address
00042618                _set_dma0_ch0_i2s0_Lout
000425c0                _set_dma0_ch0_stop
00042676                _set_dma0_ch1_i2s0_Rout
000425d6                _set_dma0_ch1_stop
000426d4                _set_dma0_ch2_i2s0_Lin
000425ec                _set_dma0_ch2_stop
00042732                _set_dma0_ch3_i2s0_Rin
00042602                _set_dma0_ch3_stop
00044bed                _set_i2s0_master
00044c1c                _set_i2s0_slave
00044182                _setvbuf
00044b14                _tone
000416da                _unlink
00041598                _write
000444cf                _writemsg
ffffffff                binit
            00022ad8    cinit
            000012e6    edata
            00004589    end
00044fe8                etext
ffffffff                pinit
000447c8                reset_isr


GLOBAL SYMBOLS: SORTED BY Symbol Address 

abs. value/
byte addr   word addr   name
---------   ---------   ----
00000001                $TI_capability_requires_rev3
00000002                $TI_capability$C5500$CallingConvention
00000002                $TI_capability$C5500$MemoryModel
000000c0                _Reset
00000100                __SYSSTACK_SIZE
00000200                __STACK_SIZE
            00000160    __sys_memory
00002000                __SYSMEM_SIZE
            00001160    __stack
            00001260    __STACK_END
            00001260    __sysstack
            000012e0    .data
            000012e0    ___data__
            000012e6    ___edata__
            000012e6    edata
00004000                _RST
            00004000    .bss
            00004000    _XmitL1
            00004000    ___bss__
            00004060    _XmitR1
            000040c0    _XmitL2
            00004120    _XmitR2
            00004180    _RcvL1
            000041e0    _RcvR1
            00004240    _RcvL2
            000042a0    _RcvR2
            00004300    __ftable
            00004378    __tmpnams
            00004418    __ft_end
            000044e9    _Buf_Address
            0000455c    _RxL1_DMA_address
            0000455e    _RxL2_DMA_address
            00004560    _RxR1_DMA_address
            00004562    _RxR2_DMA_address
            00004564    _TxL1_DMA_address
            00004566    _TxL2_DMA_address
            00004568    _TxR1_DMA_address
            0000456a    _TxR2_DMA_address
            0000456c    _CurrentRxL_DMAChannel
            0000456d    _CurrentRxR_DMAChannel
            0000456e    _CurrentTxL_DMAChannel
            0000456f    _CurrentTxR_DMAChannel
            00004570    _leftChannel
            00004571    _rightChannel
            00004578    __lock
            0000457a    __unlock
            0000457c    __cleanup_ptr
            0000457e    __dtors_ptr
            00004589    ___end__
            00004589    end
00040000                .text
00040000                ___text__
00041356                __printfi
00041598                _write
000416da                _unlink
0004170d                _rename
00041766                _remove_device
0004179c                _read
0004184a                _open
00041909                _lseek
0004196f                _find_registered_device
00041978                _close
000419eb                _add_device
00041adb                _getenv
00041b56                _HOSTwrite
00041be3                _HOSTunlink
00041c4d                _HOSTtime
00041cab                _HOSTrename
00041d59                _HOSTread
00041de6                _HOSTopen
00041e85                _HOSTlseek
00041f3a                _HOSTclose
00041fa5                _HOSTclock
00042003                _free
000420cf                _minit
00042134                _malloc
00042229                _realloc
000423da                _max_free
00042434                _free_memory
0004248a                _chkheap
00042492                _calloc
000424b8                _setDMA_address
000425c0                _set_dma0_ch0_stop
000425d6                _set_dma0_ch1_stop
000425ec                _set_dma0_ch2_stop
00042602                _set_dma0_ch3_stop
00042618                _set_dma0_ch0_i2s0_Lout
00042676                _set_dma0_ch1_i2s0_Rout
000426d4                _set_dma0_ch2_i2s0_Lin
00042732                _set_dma0_ch3_i2s0_Rin
00042790                _enable_dma_int
0004279d                _DMA_Isr
0004297d                __divd
00042cc7                _AIC3204_init
00042ff5                _main
00043111                _leftChannel_process
000431c8                _rightChannel_process
0004325d                _playAudio
0004331b                _i2s0_read_CR
00043321                _i2s0_write_CR
00043327                _i2s0_read_SRGR
0004332d                _i2s0_write_SRGR
00043333                _i2s0_read_TXL_LSW
00043339                _i2s0_write_TXL_LSW
0004333f                _i2s0_read_TXL_MSW
00043345                _i2s0_write_TXL_MSW
0004334b                _i2s0_read_TXR_LSW
00043351                _i2s0_write_TXR_LSW
00043357                _i2s0_read_TXR_MSW
0004335d                _i2s0_write_TXR_MSW
00043363                _i2s0_read_INTR
00043369                _i2s0_read_INT_MASK
0004336f                _i2s0_write_INT_MASK
00043375                _i2s0_read_RXL_LSW
0004337b                _i2s0_write_RXL_LSW
00043381                _i2s0_read_RXL_MSW
00043387                _i2s0_write_RXL_MSW
0004338d                _i2s0_read_RXR_LSW
00043393                _i2s0_write_RXR_LSW
00043399                _i2s0_read_RXR_MSW
0004339f                _i2s0_write_RXR_MSW
000433a5                _i2s1_read_CR
000433ab                _i2s1_write_CR
000433b1                _i2s1_read_SRGR
000433b7                _i2s1_write_SRGR
000433bd                _i2s1_read_TXL_LSW
000433c3                _i2s1_write_TXL_LSW
000433c9                _i2s1_read_TXL_MSW
000433cf                _i2s1_write_TXL_MSW
000433d5                _i2s1_read_TXR_LSW
000433db                _i2s1_write_TXR_LSW
000433e1                _i2s1_read_TXR_MSW
000433e7                _i2s1_write_TXR_MSW
000433ed                _i2s1_read_INTR
000433f3                _i2s1_read_INT_MASK
000433f9                _i2s1_write_INT_MASK
000433ff                _i2s1_read_RXL_LSW
00043405                _i2s1_write_RXL_LSW
0004340b                _i2s1_read_RXL_MSW
00043411                _i2s1_write_RXL_MSW
00043417                _i2s1_read_RXR_LSW
0004341d                _i2s1_write_RXR_LSW
00043423                _i2s1_read_RXR_MSW
00043429                _i2s1_write_RXR_MSW
0004342f                _i2s2_read_CR
00043435                _i2s2_write_CR
0004343b                _i2s2_read_SRGR
00043441                _i2s2_write_SRGR
00043447                _i2s2_read_TXL_LSW
0004344d                _i2s2_write_TXL_LSW
00043453                _i2s2_read_TXL_MSW
00043459                _i2s2_write_TXL_MSW
0004345f                _i2s2_read_TXR_LSW
00043465                _i2s2_write_TXR_LSW
0004346b                _i2s2_read_TXR_MSW
00043471                _i2s2_write_TXR_MSW
00043477                _i2s2_read_INTR
0004347d                _i2s2_read_INT_MASK
00043483                _i2s2_write_INT_MASK
00043489                _i2s2_read_RXL_LSW
0004348f                _i2s2_write_RXL_LSW
00043495                _i2s2_read_RXL_MSW
0004349b                _i2s2_write_RXL_MSW
000434a1                _i2s2_read_RXR_LSW
000434a7                _i2s2_write_RXR_LSW
000434ad                _i2s2_read_RXR_MSW
000434b3                _i2s2_write_RXR_MSW
000434b9                _i2s3_read_CR
000434bf                _i2s3_write_CR
000434c5                _i2s3_read_SRGR
000434cb                _i2s3_write_SRGR
000434d1                _i2s3_read_TXL_LSW
000434d7                _i2s3_write_TXL_LSW
000434dd                _i2s3_read_TXL_MSW
000434e3                _i2s3_write_TXL_MSW
000434e9                _i2s3_read_TXR_LSW
000434ef                _i2s3_write_TXR_LSW
000434f5                _i2s3_read_TXR_MSW
000434fb                _i2s3_write_TXR_MSW
00043501                _i2s3_read_INTR
00043507                _i2s3_read_INT_MASK
0004350d                _i2s3_write_INT_MASK
00043513                _i2s3_read_RXL_LSW
00043519                _i2s3_write_RXL_LSW
0004351f                _i2s3_read_RXL_MSW
00043525                _i2s3_write_RXL_MSW
0004352b                _i2s3_read_RXR_LSW
00043531                _i2s3_write_RXR_LSW
00043537                _i2s3_read_RXR_MSW
0004353d                _i2s3_write_RXR_MSW
00043543                _enable_i2s0
00043551                _enable_i2s1
0004355f                _enable_i2s2
0004356d                _enable_i2s3
0004357b                _disable_i2s0
00043589                _disable_i2s1
00043597                _disable_i2s2
000435a5                _disable_i2s3
000436d4                __cleanup
0004372e                _freopen
000437f7                _fopen
00043832                __remull
00043880                __remlli
000438af                __mpylli
00043967                __divull
00043a5b                __divlli
00043a90                __addd
00043ce9                __neqd
00043d1d                __lssd
00043d65                __leqd
00043db2                __gtrd
00043dfd                __geqd
00043e47                __eqld
00043e7b                __cmpd
00043ed3                _fputs
00044008                _puts
00044036                __mpyd
00044182                _setvbuf
00044268                __wrt_ok
000442e8                __rd_ok
00044345                __frcmpyd_div
0004440d                __doflush
00044476                _fflush
000444cf                _writemsg
00044584                C$$IO$$
00044589                _fputc
00044589                _putc
00044620                _putchar
0004462f                __divul
000446d0                _ltoa
0004474d                _fclose
000447c8                reset_isr
00044841                __frcmpyd
000448b7                __remul
00044929                __fixdli
00044998                _readmsg
00044a05                _fseek
00044a70                __fltlid
00044ad7                _initTone
00044b14                _tone
00044b36                _atoi
00044b92                __fltuld
00044bed                _set_i2s0_master
00044c1c                _set_i2s0_slave
00044c3e                _printf
00044c8e                _auto_init
00044cdb                __args_main
00044d26                __remli
00044d71                __divli
00044db9                _cosine
00044e00                _memcpy
00044e3f                _exit
00044e7d                _initRand
00044e8c                _randNumber
00044eb6                _c_int00
00044eea                __fixdi
00044f14                I$$UDIV
00044f14                __divu
00044f29                I$$UMOD
00044f29                __remu
00044f3e                _memccpy
00044f61                ___isinf
00044f7d                __subd
00044f91                I$$LMPY
00044f91                __mpyli
00044fa4                __register_unlock
00044fac                __register_lock
00044fb4                __nop
00044fb6                __negd
00044fc6                __fltud
00044fd4                _remove
00044fde                _abort
00044fdf                C$$EXIT
00044fe8                ___etext__
            000227f4    __ctypes_
00044fe8                etext
            000229b8    __CIOBUF_
            00022ad8    ___cinit__
            00022ad8    cinit
ffffffff                ___binit__
ffffffff                ___c_args__
ffffffff                ___pinit__
ffffffff                binit
ffffffff                pinit

[284 symbols]
