******************************************************************************
              TMS320C55x Linker PC v4.3.8                      
******************************************************************************
>> Linked Thu Feb 28 16:41:03 2013

OUTPUT FILE NAME:   <realtime_G711.out>
ENTRY POINT SYMBOL: "reset_isr"  address: 00014a26


MEMORY CONFIGURATION

         name            origin    length      used     unused   attr    fill
                        (bytes)   (bytes)    (bytes)   (bytes)
----------------------  --------  ---------  --------  --------  ----  --------
  MMR                   00000000   000000c0  00000000  000000c0  RW  
  DARAM_0               000000c0   00001f40  00000906  0000163a  RW  
  DARAM_1               00002000   00002000  00000000  00002000  RW  
  DARAM_2               00004000   00002000  00001800  00000800  RW  
  DARAM_3               00006000   00002000  00001200  00000e00  RW  
  DARAM_4               00008000   00002000  00000200  00001e00  RW  
  DARAM_5               0000a000   00002000  00000000  00002000  RW  
  DARAM_6               0000c000   00002000  00000200  00001e00  RW  
  DARAM_7               0000e000   00002000  00000200  00001e00  RW  
  SARAM                 00010000   00040000  0000587e  0003a782  RW  
  EMIF_CS0              00050000   007b0000  00000000  007b0000  RW  
  EMIF_CS2              00800000   00400000  00000000  00400000  RW  
  EMIF_CS3              00c00000   00200000  00000000  00200000  RW  
  EMIF_CS4              00e00000   00100000  00000000  00100000  RW  
  EMIF_CS5              00f00000   000e0000  00000000  000e0000  RW  
  SAROM_0               00fe0000   00008000  00000000  00008000  R  X
  SAROM_1               00fe8000   00008000  00000000  00008000  R  X
  SAROM_2               00ff0000   00008000  00000000  00008000  R  X
  SAROM_3               00ff8000   00007f00  00000000  00007f00  R  X
  VECS                  00ffff00   00000100  00000000  00000100  R  X


SECTION ALLOCATION MAP
(Addresses surrounded by []'s are displayed for convenience only!)

output                                                          attributes/
section   page  orgn(bytes) orgn(words) len(bytes) len(words)   input sections
--------  ----  ----------- ----------- ---------- ----------   --------------
.bss         0   [ 000000c0 ]  00000060          *   00000383   UNINITIALIZED
                 [ 000000c0 ]  00000060          *   00000119   rts55x.lib : defs.obj (.bss)
                 [ 000002f2 ]  00000179          *   00000100   realtime_g711.obj (.bss)
                 [ 000004f2 ]  00000279          *   000000d0   rts55x.lib : trgdrv.obj (.bss)
                 [ 00000692 ]  00000349          *   00000001   myC55xUtil.lib : i2s.obj (.bss)
                 [ 00000694 ]  0000034a          *   00000071   rts55x.lib : lowlev.obj (.bss)
                 [ 00000776 ]  000003bb          *   00000001              : fopen.obj (.bss)
                 [ 00000778 ]  000003bc          *   00000016   myC55xUtil.lib : dma.obj (.bss)
                 [ 000007a4 ]  000003d2          *   00000006   rts55x.lib : memory.obj (.bss)
                 [ 000007b0 ]  000003d8          *   00000004              : _lock.obj (.bss)
                 [ 000007b8 ]  000003dc          *   00000004              : exit.obj (.bss)
                 [ 000007c0 ]  000003e0          *   00000003   myC55xUtil.lib : AIC3204_init.obj (.bss)

vector       0     00000800  [ 00000400 ] 00000100          *   
                   00000800  [ 00000400 ] 00000100          *   vector.obj (vector)

vectors      0     00000900  [ 00000480 ] 00000100          *   NOLOAD SECTION
                   00000900  [ 00000480 ] 00000100          *   rts55x.lib : vectors.obj (vectors)

.stack       0   [ 00004000 ]  00002000          *   00000800   UNINITIALIZED
                 [ 00004000 ]  00002000          *   00000800   --HOLE--

.data        0   [ 00004000 ]  00002000          *   00000000   UNINITIALIZED

.sysstack 
*            0   [ 00005000 ]  00002800          *   00000400   UNINITIALIZED
                 [ 00005000 ]  00002800          *   00000400   --HOLE--

.sysmem      0   [ 00006000 ]  00003000          *   00000800   UNINITIALIZED
                 [ 00006000 ]  00003000          *   00000800   --HOLE--

RcvL1        0   [ 00007000 ]  00003800          *   00000080   UNINITIALIZED
                 [ 00007000 ]  00003800          *   00000080   realtime_g711.obj (RcvL1)

RcvL2        0   [ 00007100 ]  00003880          *   00000080   UNINITIALIZED
                 [ 00007100 ]  00003880          *   00000080   realtime_g711.obj (RcvL2)

RcvR1        0   [ 00008000 ]  00004000          *   00000080   UNINITIALIZED
                 [ 00008000 ]  00004000          *   00000080   realtime_g711.obj (RcvR1)

RcvR2        0   [ 00008100 ]  00004080          *   00000080   UNINITIALIZED
                 [ 00008100 ]  00004080          *   00000080   realtime_g711.obj (RcvR2)

XmitL1       0   [ 0000c000 ]  00006000          *   00000080   UNINITIALIZED
                 [ 0000c000 ]  00006000          *   00000080   realtime_g711.obj (XmitL1)

XmitL2       0   [ 0000c100 ]  00006080          *   00000080   UNINITIALIZED
                 [ 0000c100 ]  00006080          *   00000080   realtime_g711.obj (XmitL2)

XmitR1       0   [ 0000e000 ]  00007000          *   00000080   UNINITIALIZED
                 [ 0000e000 ]  00007000          *   00000080   realtime_g711.obj (XmitR1)

XmitR2       0   [ 0000e100 ]  00007080          *   00000080   UNINITIALIZED
                 [ 0000e100 ]  00007080          *   00000080   realtime_g711.obj (XmitR2)

.text        0     00010000  [ 00008000 ] 000050fe          *   
                   00010000  [ 00008000 ] 00001598          *   rts55x.lib : _printfi.obj (.text)
                   00011598  [ 00008acc ] 00000543          *              : lowlev.obj (.text)
                   00011adb  [ 00008d6d+] 00000528          *              : trgdrv.obj (.text)
                   00012003  [ 00009001+] 000004b5          *              : memory.obj (.text)
                   000124b8  [ 0000925c ] 000004a3          *   myC55xUtil.lib : dma.obj (.text)
                   0001295b  [ 000094ad+] 0000036c          *   rts55x.lib : divd.obj (.text)
                   00012cc7  [ 00009663+] 0000032e          *   myC55xUtil.lib : AIC3204_init.obj (.text)
                   00012ff5  [ 000097fa+] 00000298          *                  : i2s_register.obj (.text)
                   0001328d  [ 00009946+] 00000289          *   g711.obj (.text)
                   00013516  [ 00009a8b ] 0000027f          *   rts55x.lib : fopen.obj (.text)
                   00013795  [ 00009bca+] 0000025e          *              : llmpy.obj (.text)
                   000139f3  [ 00009cf9+] 00000259          *              : addd.obj (.text)
                   00013c4c  [ 00009e26 ] 00000254          *   realtime_g711.obj (.text)
                   00013ea0  [ 00009f50 ] 000001ea          *   rts55x.lib : cmpd.obj (.text)
                   0001408a  [ 0000a045 ] 00000163          *              : fputs.obj (.text)
                   000141ed  [ 0000a0f6+] 0000014c          *              : mpyd.obj (.text)
                   00014339  [ 0000a19c+] 000000e6          *              : setvbuf.obj (.text)
                   0001441f  [ 0000a20f+] 000000dd          *              : _io_perm.obj (.text)
                   000144fc  [ 0000a27e ] 000000c8          *              : frcmpyd_div.obj (.text)
                   000145c4  [ 0000a2e2 ] 000000c2          *              : fflush.obj (.text)
                   00014686  [ 0000a343 ] 000000ba          *              : trgmsg.obj (.text:CIO_breakpoint)
                   00014740  [ 0000a3a0 ] 000000a7          *   realtime_g711Test.obj (.text)
                   000147e7  [ 0000a3f3+] 000000a6          *   rts55x.lib : fputc.obj (.text)
                   0001488d  [ 0000a446+] 000000a1          *              : divul.obj (.text)
                   0001492e  [ 0000a497 ] 0000007d          *              : ltoa.obj (.text)
                   000149ab  [ 0000a4d5+] 0000007b          *              : fclose.obj (.text)
                   00014a26  [ 0000a513 ] 00000079          *   vector.obj (.text)
                   00014a9f  [ 0000a54f+] 00000076          *   rts55x.lib : frcmpyd.obj (.text)
                   00014b15  [ 0000a58a+] 00000072          *              : remul.obj (.text)
                   00014b87  [ 0000a5c3+] 0000006f          *              : fixdli.obj (.text)
                   00014bf6  [ 0000a5fb ] 0000006d          *              : trgmsg.obj (.text)
                   00014c63  [ 0000a631+] 0000006b          *              : fseek.obj (.text)
                   00014cce  [ 0000a667 ] 00000067          *              : fltlid.obj (.text)
                   00014d35  [ 0000a69a+] 0000005c          *              : atoi.obj (.text)
                   00014d91  [ 0000a6c8+] 00000051          *   myC55xUtil.lib : i2s.obj (.text)
                   00014de2  [ 0000a6f1 ] 00000050          *   rts55x.lib : printf.obj (.text)
                   00014e32  [ 0000a719 ] 0000004d          *              : autoinit.obj (.text)
                   00014e7f  [ 0000a73f+] 0000004b          *              : args_main.obj (.text)
                   00014eca  [ 0000a765 ] 0000004b          *              : remli.obj (.text)
                   00014f15  [ 0000a78a+] 00000048          *              : divli.obj (.text)
                   00014f5d  [ 0000a7ae+] 0000003f          *              : memcpy.obj (.text)
                   00014f9c  [ 0000a7ce ] 0000003e          *              : exit.obj (.text)
                   00014fda  [ 0000a7ed ] 00000034          *              : boot.obj (.text)
                   0001500e  [ 0000a807 ] 0000002a          *              : fixdi.obj (.text)
                   00015038  [ 0000a81c ] 0000002a          *              : udiv.obj (.text)
                   00015062  [ 0000a831 ] 00000023          *              : memccpy.obj (.text)
                   00015085  [ 0000a842+] 0000001c          *              : isinf.obj (.text)
                   000150a1  [ 0000a850+] 00000014          *              : subd.obj (.text)
                   000150b5  [ 0000a85a+] 00000013          *              : lmpy.obj (.text)
                   000150c8  [ 0000a864 ] 00000012          *              : _lock.obj (.text)
                   000150da  [ 0000a86d ] 00000010          *              : negd.obj (.text)
                   000150ea  [ 0000a875 ] 0000000a          *              : remove.obj (.text)
                   000150f4  [ 0000a87a ] 00000007          *              : exit.obj (.text:CIO_breakpoint)
                   000150fb  [ 0000a87d+] 00000002          *              : vectors.obj (.text)
                   000150fd  [ 0000a87e ] 00000001          *   --HOLE-- [fill = 20]

.const       0   [ 00015100 ]  0000a880          *   00000210   
                 [ 00015100 ]  0000a880          *   00000101   rts55x.lib : ctype.obj (.const:__ctypes_)
                 [ 00015302 ]  0000a981          *   00000001   --HOLE-- [fill = 0]
                 [ 00015304 ]  0000a982          *   000000ab   realtime_g711.obj (.const:.string)
                 [ 0001545a ]  0000aa2d          *   00000001   --HOLE-- [fill = 0]
                 [ 0001545c ]  0000aa2e          *   00000024   realtime_g711Test.obj (.const:.string)
                 [ 000154a4 ]  0000aa52          *   00000024   rts55x.lib : _printfi.obj (.const:.string)
                 [ 000154ec ]  0000aa76          *   0000000c              : _printfi.obj (.const)
                 [ 00015504 ]  0000aa82          *   00000008              : divd.obj (.const:_initial_approx$1)
                 [ 00015514 ]  0000aa8a          *   00000002              : fputs.obj (.const:.string)
                 [ 00015518 ]  0000aa8c          *   00000002              : divd.obj (.const)
                 [ 0001551c ]  0000aa8e          *   00000002              : fltlid.obj (.const)

.cio         0   [ 00015520 ]  0000aa90          *   00000120   UNINITIALIZED
                 [ 00015520 ]  0000aa90          *   00000120   rts55x.lib : trgmsg.obj (.cio)

.cinit       0   [ 00015760 ]  0000abb0          *   00000090   
                 [ 00015760 ]  0000abb0          *   0000002d   rts55x.lib : lowlev.obj (.cinit)
                 [ 000157ba ]  0000abdd          *   0000002a              : defs.obj (.cinit)
                 [ 0001580e ]  0000ac07          *   00000018   myC55xUtil.lib : dma.obj (.cinit)
                 [ 0001583e ]  0000ac1f          *   0000000a   rts55x.lib : _lock.obj (.cinit)
                 [ 00015852 ]  0000ac29          *   0000000a              : exit.obj (.cinit)
                 [ 00015866 ]  0000ac33          *   00000004   myC55xUtil.lib : i2s.obj (.cinit)
                 [ 0001586e ]  0000ac37          *   00000004   rts55x.lib : fopen.obj (.cinit)
                 [ 00015876 ]  0000ac3b          *   00000004              : memory.obj (.cinit)
                 [ 0001587e ]  0000ac3f          *   00000001   --HOLE-- [fill = 0]


GLOBAL SYMBOLS: SORTED ALPHABETICALLY BY Name 

abs. value/
byte addr   word addr   name
---------   ---------   ----
00000002                $TI_capability$C5500$CallingConvention
00000002                $TI_capability$C5500$MemoryModel
00000001                $TI_capability_requires_rev3
            00000060    .bss
            00002000    .data
00010000                .text
000150f5                C$$EXIT
0001473b                C$$IO$$
000150b5                I$$LMPY
00015038                I$$UDIV
0001504d                I$$UMOD
00012cc7                _AIC3204_init
            00000349    _Buf_Address
            000003cc    _CurrentRxL_DMAChannel
            000003cd    _CurrentRxR_DMAChannel
            000003ce    _CurrentTxL_DMAChannel
            000003cf    _CurrentTxR_DMAChannel
0001279d                _DMA_Isr
00011fa5                _HOSTclock
00011f3a                _HOSTclose
00011e85                _HOSTlseek
00011de6                _HOSTopen
00011d59                _HOSTread
00011cab                _HOSTrename
00011c4d                _HOSTtime
00011be3                _HOSTunlink
00011b56                _HOSTwrite
00000800                _RST
            00003800    _RcvL1
            00003880    _RcvL2
            00004000    _RcvR1
            00004080    _RcvR2
00000900                _Reset
            000003bc    _RxL1_DMA_address
            000003be    _RxL2_DMA_address
            000003c0    _RxR1_DMA_address
            000003c2    _RxR2_DMA_address
            000003c4    _TxL1_DMA_address
            000003c6    _TxL2_DMA_address
            000003c8    _TxR1_DMA_address
            000003ca    _TxR2_DMA_address
            00006000    _XmitL1
            00006080    _XmitL2
            00007000    _XmitR1
            00007080    _XmitR2
            0000aa90    __CIOBUF_
            00002800    __STACK_END
00001000                __STACK_SIZE
00001000                __SYSMEM_SIZE
00000800                __SYSSTACK_SIZE
ffffffff                ___binit__
            00000060    ___bss__
ffffffff                ___c_args__
            0000abb0    ___cinit__
            00002000    ___data__
            00002000    ___edata__
            000003e3    ___end__
000150fe                ___etext__
00015085                ___isinf
ffffffff                ___pinit__
00010000                ___text__
000139f3                __addd
00014e7f                __args_main
00013637                __cleanup
            000003dc    __cleanup_ptr
00014032                __cmpd
            0000a880    __ctypes_
0001297d                __divd
00014f15                __divli
000139be                __divlli
00015038                __divu
0001488d                __divul
000138ca                __divull
000145c4                __doflush
            000003de    __dtors_ptr
00013ffe                __eqld
0001500e                __fixdi
00014b87                __fixdli
00014cce                __fltlid
00014a9f                __frcmpyd
000144fc                __frcmpyd_div
            00000178    __ft_end
            00000060    __ftable
00013fb4                __geqd
00013f69                __gtrd
00013f1c                __leqd
            000003d8    __lock
00013ed4                __lssd
000141ed                __mpyd
000150b5                __mpyli
00013812                __mpylli
000150da                __negd
00013ea0                __neqd
000150d8                __nop
00011356                __printfi
0001449f                __rd_ok
000150d0                __register_lock
000150c8                __register_unlock
00014eca                __remli
000137e3                __remlli
0001504d                __remu
00014b15                __remul
00013795                __remull
            00002000    __stack
000150a1                __subd
            00003000    __sys_memory
            00002800    __sysstack
            000000d8    __tmpnams
            000003da    __unlock
0001441f                __wrt_ok
000150f4                _abort
000119eb                _add_device
0001328d                _alaw_compress
0001332b                _alaw_expand
00014d35                _atoi
00014e32                _auto_init
            00000179    _buffer
00014fda                _c_int00
00012492                _calloc
0001248a                _chkheap
00011978                _close
            000001f9    _coded
00013255                _disable_i2s0
00013263                _disable_i2s1
00013271                _disable_i2s2
0001327f                _disable_i2s3
00012790                _enable_dma_int
0001321d                _enable_i2s0
0001322b                _enable_i2s1
00013239                _enable_i2s2
00013247                _enable_i2s3
00014f9c                _exit
000149ab                _fclose
0001462d                _fflush
0001196f                _find_registered_device
0001375a                _fopen
000147e7                _fputc
0001408a                _fputs
00012003                _free
00012434                _free_memory
00013691                _freopen
00014c63                _fseek
00013c99                _g711
00013c4c                _g711_init
00011adb                _getenv
00012ff5                _i2s0_read_CR
0001303d                _i2s0_read_INTR
00013043                _i2s0_read_INT_MASK
0001304f                _i2s0_read_RXL_LSW
0001305b                _i2s0_read_RXL_MSW
00013067                _i2s0_read_RXR_LSW
00013073                _i2s0_read_RXR_MSW
00013001                _i2s0_read_SRGR
0001300d                _i2s0_read_TXL_LSW
00013019                _i2s0_read_TXL_MSW
00013025                _i2s0_read_TXR_LSW
00013031                _i2s0_read_TXR_MSW
00012ffb                _i2s0_write_CR
00013049                _i2s0_write_INT_MASK
00013055                _i2s0_write_RXL_LSW
00013061                _i2s0_write_RXL_MSW
0001306d                _i2s0_write_RXR_LSW
00013079                _i2s0_write_RXR_MSW
00013007                _i2s0_write_SRGR
00013013                _i2s0_write_TXL_LSW
0001301f                _i2s0_write_TXL_MSW
0001302b                _i2s0_write_TXR_LSW
00013037                _i2s0_write_TXR_MSW
0001307f                _i2s1_read_CR
000130c7                _i2s1_read_INTR
000130cd                _i2s1_read_INT_MASK
000130d9                _i2s1_read_RXL_LSW
000130e5                _i2s1_read_RXL_MSW
000130f1                _i2s1_read_RXR_LSW
000130fd                _i2s1_read_RXR_MSW
0001308b                _i2s1_read_SRGR
00013097                _i2s1_read_TXL_LSW
000130a3                _i2s1_read_TXL_MSW
000130af                _i2s1_read_TXR_LSW
000130bb                _i2s1_read_TXR_MSW
00013085                _i2s1_write_CR
000130d3                _i2s1_write_INT_MASK
000130df                _i2s1_write_RXL_LSW
000130eb                _i2s1_write_RXL_MSW
000130f7                _i2s1_write_RXR_LSW
00013103                _i2s1_write_RXR_MSW
00013091                _i2s1_write_SRGR
0001309d                _i2s1_write_TXL_LSW
000130a9                _i2s1_write_TXL_MSW
000130b5                _i2s1_write_TXR_LSW
000130c1                _i2s1_write_TXR_MSW
00013109                _i2s2_read_CR
00013151                _i2s2_read_INTR
00013157                _i2s2_read_INT_MASK
00013163                _i2s2_read_RXL_LSW
0001316f                _i2s2_read_RXL_MSW
0001317b                _i2s2_read_RXR_LSW
00013187                _i2s2_read_RXR_MSW
00013115                _i2s2_read_SRGR
00013121                _i2s2_read_TXL_LSW
0001312d                _i2s2_read_TXL_MSW
00013139                _i2s2_read_TXR_LSW
00013145                _i2s2_read_TXR_MSW
0001310f                _i2s2_write_CR
0001315d                _i2s2_write_INT_MASK
00013169                _i2s2_write_RXL_LSW
00013175                _i2s2_write_RXL_MSW
00013181                _i2s2_write_RXR_LSW
0001318d                _i2s2_write_RXR_MSW
0001311b                _i2s2_write_SRGR
00013127                _i2s2_write_TXL_LSW
00013133                _i2s2_write_TXL_MSW
0001313f                _i2s2_write_TXR_LSW
0001314b                _i2s2_write_TXR_MSW
00013193                _i2s3_read_CR
000131db                _i2s3_read_INTR
000131e1                _i2s3_read_INT_MASK
000131ed                _i2s3_read_RXL_LSW
000131f9                _i2s3_read_RXL_MSW
00013205                _i2s3_read_RXR_LSW
00013211                _i2s3_read_RXR_MSW
0001319f                _i2s3_read_SRGR
000131ab                _i2s3_read_TXL_LSW
000131b7                _i2s3_read_TXL_MSW
000131c3                _i2s3_read_TXR_LSW
000131cf                _i2s3_read_TXR_MSW
00013199                _i2s3_write_CR
000131e7                _i2s3_write_INT_MASK
000131f3                _i2s3_write_RXL_LSW
000131ff                _i2s3_write_RXL_MSW
0001320b                _i2s3_write_RXR_LSW
00013217                _i2s3_write_RXR_MSW
000131a5                _i2s3_write_SRGR
000131b1                _i2s3_write_TXL_LSW
000131bd                _i2s3_write_TXL_MSW
000131c9                _i2s3_write_TXR_LSW
000131d5                _i2s3_write_TXR_MSW
            000003d0    _leftChannel
00011909                _lseek
0001492e                _ltoa
00014740                _main
00012134                _malloc
000123da                _max_free
00015062                _memccpy
00014f5d                _memcpy
000120cf                _minit
0001184a                _open
00014de2                _printf
00013d93                _process
000147e7                _putc
0001487e                _putchar
000141bf                _puts
0001179c                _read
00014bf6                _readmsg
00012229                _realloc
000150ea                _remove
00011766                _remove_device
0001170d                _rename
            000003d1    _rightChannel
000124b8                _setDMA_address
00012618                _set_dma0_ch0_i2s0_Lout
000125c0                _set_dma0_ch0_stop
00012676                _set_dma0_ch1_i2s0_Rout
000125d6                _set_dma0_ch1_stop
000126d4                _set_dma0_ch2_i2s0_Lin
000125ec                _set_dma0_ch2_stop
00012732                _set_dma0_ch3_i2s0_Rin
00012602                _set_dma0_ch3_stop
00014d91                _set_i2s0_master
00014dc0                _set_i2s0_slave
00014339                _setvbuf
000133bb                _ulaw_compress
00013478                _ulaw_expand
000116da                _unlink
00011598                _write
00014686                _writemsg
ffffffff                binit
            0000abb0    cinit
            00002000    edata
            000003e3    end
000150fe                etext
ffffffff                pinit
00014a26                reset_isr


GLOBAL SYMBOLS: SORTED BY Symbol Address 

abs. value/
byte addr   word addr   name
---------   ---------   ----
00000001                $TI_capability_requires_rev3
00000002                $TI_capability$C5500$CallingConvention
00000002                $TI_capability$C5500$MemoryModel
            00000060    .bss
            00000060    ___bss__
            00000060    __ftable
            000000d8    __tmpnams
            00000178    __ft_end
            00000179    _buffer
            000001f9    _coded
            00000349    _Buf_Address
            000003bc    _RxL1_DMA_address
            000003be    _RxL2_DMA_address
            000003c0    _RxR1_DMA_address
            000003c2    _RxR2_DMA_address
            000003c4    _TxL1_DMA_address
            000003c6    _TxL2_DMA_address
            000003c8    _TxR1_DMA_address
            000003ca    _TxR2_DMA_address
            000003cc    _CurrentRxL_DMAChannel
            000003cd    _CurrentRxR_DMAChannel
            000003ce    _CurrentTxL_DMAChannel
            000003cf    _CurrentTxR_DMAChannel
            000003d0    _leftChannel
            000003d1    _rightChannel
            000003d8    __lock
            000003da    __unlock
            000003dc    __cleanup_ptr
            000003de    __dtors_ptr
            000003e3    ___end__
            000003e3    end
00000800                _RST
00000800                __SYSSTACK_SIZE
00000900                _Reset
00001000                __STACK_SIZE
00001000                __SYSMEM_SIZE
            00002000    .data
            00002000    ___data__
            00002000    ___edata__
            00002000    __stack
            00002000    edata
            00002800    __STACK_END
            00002800    __sysstack
            00003000    __sys_memory
            00003800    _RcvL1
            00003880    _RcvL2
            00004000    _RcvR1
            00004080    _RcvR2
            00006000    _XmitL1
            00006080    _XmitL2
            00007000    _XmitR1
            00007080    _XmitR2
00010000                .text
00010000                ___text__
00011356                __printfi
00011598                _write
000116da                _unlink
0001170d                _rename
00011766                _remove_device
0001179c                _read
0001184a                _open
00011909                _lseek
0001196f                _find_registered_device
00011978                _close
000119eb                _add_device
00011adb                _getenv
00011b56                _HOSTwrite
00011be3                _HOSTunlink
00011c4d                _HOSTtime
00011cab                _HOSTrename
00011d59                _HOSTread
00011de6                _HOSTopen
00011e85                _HOSTlseek
00011f3a                _HOSTclose
00011fa5                _HOSTclock
00012003                _free
000120cf                _minit
00012134                _malloc
00012229                _realloc
000123da                _max_free
00012434                _free_memory
0001248a                _chkheap
00012492                _calloc
000124b8                _setDMA_address
000125c0                _set_dma0_ch0_stop
000125d6                _set_dma0_ch1_stop
000125ec                _set_dma0_ch2_stop
00012602                _set_dma0_ch3_stop
00012618                _set_dma0_ch0_i2s0_Lout
00012676                _set_dma0_ch1_i2s0_Rout
000126d4                _set_dma0_ch2_i2s0_Lin
00012732                _set_dma0_ch3_i2s0_Rin
00012790                _enable_dma_int
0001279d                _DMA_Isr
0001297d                __divd
00012cc7                _AIC3204_init
00012ff5                _i2s0_read_CR
00012ffb                _i2s0_write_CR
00013001                _i2s0_read_SRGR
00013007                _i2s0_write_SRGR
0001300d                _i2s0_read_TXL_LSW
00013013                _i2s0_write_TXL_LSW
00013019                _i2s0_read_TXL_MSW
0001301f                _i2s0_write_TXL_MSW
00013025                _i2s0_read_TXR_LSW
0001302b                _i2s0_write_TXR_LSW
00013031                _i2s0_read_TXR_MSW
00013037                _i2s0_write_TXR_MSW
0001303d                _i2s0_read_INTR
00013043                _i2s0_read_INT_MASK
00013049                _i2s0_write_INT_MASK
0001304f                _i2s0_read_RXL_LSW
00013055                _i2s0_write_RXL_LSW
0001305b                _i2s0_read_RXL_MSW
00013061                _i2s0_write_RXL_MSW
00013067                _i2s0_read_RXR_LSW
0001306d                _i2s0_write_RXR_LSW
00013073                _i2s0_read_RXR_MSW
00013079                _i2s0_write_RXR_MSW
0001307f                _i2s1_read_CR
00013085                _i2s1_write_CR
0001308b                _i2s1_read_SRGR
00013091                _i2s1_write_SRGR
00013097                _i2s1_read_TXL_LSW
0001309d                _i2s1_write_TXL_LSW
000130a3                _i2s1_read_TXL_MSW
000130a9                _i2s1_write_TXL_MSW
000130af                _i2s1_read_TXR_LSW
000130b5                _i2s1_write_TXR_LSW
000130bb                _i2s1_read_TXR_MSW
000130c1                _i2s1_write_TXR_MSW
000130c7                _i2s1_read_INTR
000130cd                _i2s1_read_INT_MASK
000130d3                _i2s1_write_INT_MASK
000130d9                _i2s1_read_RXL_LSW
000130df                _i2s1_write_RXL_LSW
000130e5                _i2s1_read_RXL_MSW
000130eb                _i2s1_write_RXL_MSW
000130f1                _i2s1_read_RXR_LSW
000130f7                _i2s1_write_RXR_LSW
000130fd                _i2s1_read_RXR_MSW
00013103                _i2s1_write_RXR_MSW
00013109                _i2s2_read_CR
0001310f                _i2s2_write_CR
00013115                _i2s2_read_SRGR
0001311b                _i2s2_write_SRGR
00013121                _i2s2_read_TXL_LSW
00013127                _i2s2_write_TXL_LSW
0001312d                _i2s2_read_TXL_MSW
00013133                _i2s2_write_TXL_MSW
00013139                _i2s2_read_TXR_LSW
0001313f                _i2s2_write_TXR_LSW
00013145                _i2s2_read_TXR_MSW
0001314b                _i2s2_write_TXR_MSW
00013151                _i2s2_read_INTR
00013157                _i2s2_read_INT_MASK
0001315d                _i2s2_write_INT_MASK
00013163                _i2s2_read_RXL_LSW
00013169                _i2s2_write_RXL_LSW
0001316f                _i2s2_read_RXL_MSW
00013175                _i2s2_write_RXL_MSW
0001317b                _i2s2_read_RXR_LSW
00013181                _i2s2_write_RXR_LSW
00013187                _i2s2_read_RXR_MSW
0001318d                _i2s2_write_RXR_MSW
00013193                _i2s3_read_CR
00013199                _i2s3_write_CR
0001319f                _i2s3_read_SRGR
000131a5                _i2s3_write_SRGR
000131ab                _i2s3_read_TXL_LSW
000131b1                _i2s3_write_TXL_LSW
000131b7                _i2s3_read_TXL_MSW
000131bd                _i2s3_write_TXL_MSW
000131c3                _i2s3_read_TXR_LSW
000131c9                _i2s3_write_TXR_LSW
000131cf                _i2s3_read_TXR_MSW
000131d5                _i2s3_write_TXR_MSW
000131db                _i2s3_read_INTR
000131e1                _i2s3_read_INT_MASK
000131e7                _i2s3_write_INT_MASK
000131ed                _i2s3_read_RXL_LSW
000131f3                _i2s3_write_RXL_LSW
000131f9                _i2s3_read_RXL_MSW
000131ff                _i2s3_write_RXL_MSW
00013205                _i2s3_read_RXR_LSW
0001320b                _i2s3_write_RXR_LSW
00013211                _i2s3_read_RXR_MSW
00013217                _i2s3_write_RXR_MSW
0001321d                _enable_i2s0
0001322b                _enable_i2s1
00013239                _enable_i2s2
00013247                _enable_i2s3
00013255                _disable_i2s0
00013263                _disable_i2s1
00013271                _disable_i2s2
0001327f                _disable_i2s3
0001328d                _alaw_compress
0001332b                _alaw_expand
000133bb                _ulaw_compress
00013478                _ulaw_expand
00013637                __cleanup
00013691                _freopen
0001375a                _fopen
00013795                __remull
000137e3                __remlli
00013812                __mpylli
000138ca                __divull
000139be                __divlli
000139f3                __addd
00013c4c                _g711_init
00013c99                _g711
00013d93                _process
00013ea0                __neqd
00013ed4                __lssd
00013f1c                __leqd
00013f69                __gtrd
00013fb4                __geqd
00013ffe                __eqld
00014032                __cmpd
0001408a                _fputs
000141bf                _puts
000141ed                __mpyd
00014339                _setvbuf
0001441f                __wrt_ok
0001449f                __rd_ok
000144fc                __frcmpyd_div
000145c4                __doflush
0001462d                _fflush
00014686                _writemsg
0001473b                C$$IO$$
00014740                _main
000147e7                _fputc
000147e7                _putc
0001487e                _putchar
0001488d                __divul
0001492e                _ltoa
000149ab                _fclose
00014a26                reset_isr
00014a9f                __frcmpyd
00014b15                __remul
00014b87                __fixdli
00014bf6                _readmsg
00014c63                _fseek
00014cce                __fltlid
00014d35                _atoi
00014d91                _set_i2s0_master
00014dc0                _set_i2s0_slave
00014de2                _printf
00014e32                _auto_init
00014e7f                __args_main
00014eca                __remli
00014f15                __divli
00014f5d                _memcpy
00014f9c                _exit
00014fda                _c_int00
0001500e                __fixdi
00015038                I$$UDIV
00015038                __divu
0001504d                I$$UMOD
0001504d                __remu
00015062                _memccpy
00015085                ___isinf
000150a1                __subd
000150b5                I$$LMPY
000150b5                __mpyli
000150c8                __register_unlock
000150d0                __register_lock
000150d8                __nop
000150da                __negd
000150ea                _remove
000150f4                _abort
000150f5                C$$EXIT
000150fe                ___etext__
000150fe                etext
            0000a880    __ctypes_
            0000aa90    __CIOBUF_
            0000abb0    ___cinit__
            0000abb0    cinit
ffffffff                ___binit__
ffffffff                ___c_args__
ffffffff                ___pinit__
ffffffff                binit
ffffffff                pinit

[283 symbols]
