******************************************************************************
              TMS320C55x Linker PC v4.3.8                      
******************************************************************************
>> Linked Thu Feb 28 16:27:30 2013

OUTPUT FILE NAME:   <realtimeSRC.out>
ENTRY POINT SYMBOL: "reset_isr"  address: 0004490e


MEMORY CONFIGURATION

         name            origin    length      used     unused   attr    fill
                        (bytes)   (bytes)    (bytes)   (bytes)
----------------------  --------  ---------  --------  --------  ----  --------
  MMR                   00000000   000000c0  00000000  000000c0  RWIX
  VECS                  000000c0   00000200  00000100  00000100  RWIX
  DARAM0                000002c0   00003d40  00002300  00001a40  RWIX
  DARAM1                00004000   00002000  00000100  00001f00  RWIX
  DARAM2                00006000   00002000  00000000  00002000  RWIX
  DARAM3                00008000   00008000  00002ada  00005526  RWIX
  SARAM0                00010000   00010000  00000000  00010000  RWIX
  SARAM1                00020000   00010000  00000000  00010000  RWIX
  SARAM2                00030000   00010000  00000000  00010000  RWIX
  SARAM3                00040000   00010000  00005d42  0000a2be  RWIX
  CE01                  00100000   00020000  00000000  00020000  RWIX
  CE02                  00120000   00020000  00000000  00020000  RWIX
  CE03                  00140000   00020000  00000000  00020000  RWIX
  CE1                   00400000   00100000  00000000  00100000  RWIX
  CE2                   00800000   00400000  00000000  00400000  RWIX
  CE3                   00c00000   003f8000  00000000  003f8000  RWIX
  PDROM                 00ff8000   00007f00  00000000  00007f00  RWIX


SECTION ALLOCATION MAP
(Addresses surrounded by []'s are displayed for convenience only!)

output                                                          attributes/
section   page  orgn(bytes) orgn(words) len(bytes) len(words)   input sections
--------  ----  ----------- ----------- ---------- ----------   --------------
vectors      0     000000c0  [ 00000060 ] 00000100          *   NOLOAD SECTION
                   000000c0  [ 00000060 ] 00000100          *   rts55x.lib : vectors.obj (vectors)

.sysmem      0   [ 000002c0 ]  00000160          *   00001000   UNINITIALIZED
                 [ 000002c0 ]  00000160          *   00001000   --HOLE--

.data        0   [ 000002c0 ]  00000160          *   00000000   UNINITIALIZED

.stack       0   [ 000022c0 ]  00001160          *   00000100   UNINITIALIZED
                 [ 000022c0 ]  00001160          *   00000100   --HOLE--

.sysstack 
*            0   [ 000024c0 ]  00001260          *   00000080   UNINITIALIZED
                 [ 000024c0 ]  00001260          *   00000080   --HOLE--

vector       0     00004000  [ 00002000 ] 00000100          *   
                   00004000  [ 00002000 ] 00000100          *   vector.obj (vector)

.bss         0   [ 00008000 ]  00004000          *   0000156d   UNINITIALIZED
                 [ 00008000 ]  00004000          *   00000e44   rtSRC.obj (.bss)
                 [ 00009c88 ]  00004e44          *   000004a6   rtSRC.obj (.bss:fir)
                 [ 0000a5d4 ]  000052ea          *   00000119   rts55x.lib : defs.obj (.bss)
                 [ 0000a806 ]  00005403          *   000000d0              : trgdrv.obj (.bss)
                 [ 0000a9a6 ]  000054d3          *   00000001   myC55xUtil.lib : i2s.obj (.bss)
                 [ 0000a9a8 ]  000054d4          *   00000071   rts55x.lib : lowlev.obj (.bss)
                 [ 0000aa8a ]  00005545          *   00000001              : fopen.obj (.bss)
                 [ 0000aa8c ]  00005546          *   00000016   myC55xUtil.lib : dma.obj (.bss)
                 [ 0000aab8 ]  0000555c          *   00000006   rts55x.lib : memory.obj (.bss)
                 [ 0000aac4 ]  00005562          *   00000004              : _lock.obj (.bss)
                 [ 0000aacc ]  00005566          *   00000004              : exit.obj (.bss)
                 [ 0000aad4 ]  0000556a          *   00000003   myC55xUtil.lib : AIC3204_init.obj (.bss)

.text        0     00040000  [ 00020000 ] 000050b6          *   
                   00040000  [ 00020000 ] 00001598          *   rts55x.lib : _printfi.obj (.text)
                   00041598  [ 00020acc ] 00000543          *              : lowlev.obj (.text)
                   00041adb  [ 00020d6d+] 00000528          *              : trgdrv.obj (.text)
                   00042003  [ 00021001+] 000004b5          *              : memory.obj (.text)
                   000424b8  [ 0002125c ] 000004a3          *   myC55xUtil.lib : dma.obj (.text)
                   0004295b  [ 000214ad+] 00000377          *   rtSRC.obj (.text)
                   00042cd2  [ 00021669 ] 0000036c          *   rts55x.lib : divd.obj (.text)
                   0004303e  [ 0002181f ] 0000032e          *   myC55xUtil.lib : AIC3204_init.obj (.text)
                   0004336c  [ 000219b6 ] 00000298          *                  : i2s_register.obj (.text)
                   00043604  [ 00021b02 ] 0000027f          *   rts55x.lib : fopen.obj (.text)
                   00043883  [ 00021c41+] 0000025e          *              : llmpy.obj (.text)
                   00043ae1  [ 00021d70+] 00000259          *              : addd.obj (.text)
                   00043d3a  [ 00021e9d ] 000001ea          *              : cmpd.obj (.text)
                   00043f24  [ 00021f92 ] 00000163          *              : fputs.obj (.text)
                   00044087  [ 00022043+] 0000014c          *              : mpyd.obj (.text)
                   000441d3  [ 000220e9+] 000000f4          *   interpolate.obj (.text:fir)
                   000442c7  [ 00022163+] 000000e6          *   rts55x.lib : setvbuf.obj (.text)
                   000443ad  [ 000221d6+] 000000dd          *              : _io_perm.obj (.text)
                   0004448a  [ 00022245 ] 000000c8          *              : frcmpyd_div.obj (.text)
                   00044552  [ 000222a9 ] 000000c2          *              : fflush.obj (.text)
                   00044614  [ 0002230a ] 000000ba          *              : trgmsg.obj (.text:CIO_breakpoint)
                   000446ce  [ 00022367 ] 000000a6          *              : fputc.obj (.text)
                   00044774  [ 000223ba ] 000000a1          *              : divul.obj (.text)
                   00044815  [ 0002240a+] 0000007d          *              : ltoa.obj (.text)
                   00044892  [ 00022449 ] 0000007b          *              : fclose.obj (.text)
                   0004490d  [ 00022486 ] 00000001          *   --HOLE-- [fill = 20]
                   0004490e  [ 00022487 ] 00000079          *   vector.obj (.text)
                   00044987  [ 000224c3+] 00000076          *   rts55x.lib : frcmpyd.obj (.text)
                   000449fd  [ 000224fe+] 00000072          *              : remul.obj (.text)
                   00044a6f  [ 00022537+] 0000006f          *              : fixdli.obj (.text)
                   00044ade  [ 0002256f ] 0000006d          *              : trgmsg.obj (.text)
                   00044b4b  [ 000225a5 ] 00000001          *   --HOLE-- [fill = 20]
                   00044b4c  [ 000225a6 ] 0000006b          *   decimate.obj (.text:fir)
                   00044bb7  [ 000225db+] 0000006b          *   rts55x.lib : fseek.obj (.text)
                   00044c22  [ 00022611 ] 00000067          *              : fltlid.obj (.text)
                   00044c89  [ 00022644+] 00000064          *   realtimeSRCTest.obj (.text)
                   00044ced  [ 00022676+] 0000005c          *   rts55x.lib : atoi.obj (.text)
                   00044d49  [ 000226a4+] 00000051          *   myC55xUtil.lib : i2s.obj (.text)
                   00044d9a  [ 000226cd ] 00000050          *   rts55x.lib : printf.obj (.text)
                   00044dea  [ 000226f5 ] 0000004d          *              : autoinit.obj (.text)
                   00044e37  [ 0002271b+] 0000004b          *              : args_main.obj (.text)
                   00044e82  [ 00022741 ] 0000004b          *              : remli.obj (.text)
                   00044ecd  [ 00022766+] 00000048          *              : divli.obj (.text)
                   00044f15  [ 0002278a+] 0000003f          *              : memcpy.obj (.text)
                   00044f54  [ 000227aa ] 0000003e          *              : exit.obj (.text)
                   00044f92  [ 000227c9 ] 00000034          *              : boot.obj (.text)
                   00044fc6  [ 000227e3 ] 0000002a          *              : fixdi.obj (.text)
                   00044ff0  [ 000227f8 ] 0000002a          *              : udiv.obj (.text)
                   0004501a  [ 0002280d ] 00000023          *              : memccpy.obj (.text)
                   0004503d  [ 0002281e+] 0000001c          *              : isinf.obj (.text)
                   00045059  [ 0002282c+] 00000014          *              : subd.obj (.text)
                   0004506d  [ 00022836+] 00000013          *              : lmpy.obj (.text)
                   00045080  [ 00022840 ] 00000012          *              : _lock.obj (.text)
                   00045092  [ 00022849 ] 00000010          *              : negd.obj (.text)
                   000450a2  [ 00022851 ] 0000000a          *              : remove.obj (.text)
                   000450ac  [ 00022856 ] 00000007          *              : exit.obj (.text:CIO_breakpoint)
                   000450b3  [ 00022859+] 00000002          *              : vectors.obj (.text)
                   000450b5  [ 0002285a ] 00000001          *   --HOLE-- [fill = 20]

.const       0   [ 000450b8 ]  0002285c          *   0000029c   
                 [ 000450b8 ]  0002285c          *   00000101   rts55x.lib : ctype.obj (.const:__ctypes_)
                 [ 000452ba ]  0002295d          *   000000e4   rtSRC.obj (.const:fir) [fill = 0]
                 [ 00045482 ]  00022a41          *   00000001   --HOLE-- [fill = 0]
                 [ 00045484 ]  00022a42          *   00000058   rtSRC.obj (.const:.string)
                 [ 00045534 ]  00022a9a          *   00000024   rts55x.lib : _printfi.obj (.const:.string)
                 [ 0004557c ]  00022abe          *   0000001f   realtimeSRCTest.obj (.const:.string)
                 [ 000455ba ]  00022add          *   00000001   --HOLE-- [fill = 0]
                 [ 000455bc ]  00022ade          *   0000000c   rts55x.lib : _printfi.obj (.const)
                 [ 000455d4 ]  00022aea          *   00000008              : divd.obj (.const:_initial_approx$1)
                 [ 000455e4 ]  00022af2          *   00000002              : fputs.obj (.const:.string)
                 [ 000455e8 ]  00022af4          *   00000002              : divd.obj (.const)
                 [ 000455ec ]  00022af6          *   00000002              : fltlid.obj (.const)

.cinit       0   [ 000455f0 ]  00022af8          *   0000028a   
                 [ 000455f0 ]  00022af8          *   000001fa   rtSRC.obj (.cinit)
                 [ 000459e4 ]  00022cf2          *   0000002d   rts55x.lib : lowlev.obj (.cinit)
                 [ 00045a3e ]  00022d1f          *   0000002a              : defs.obj (.cinit)
                 [ 00045a92 ]  00022d49          *   00000018   myC55xUtil.lib : dma.obj (.cinit)
                 [ 00045ac2 ]  00022d61          *   0000000a   rts55x.lib : _lock.obj (.cinit)
                 [ 00045ad6 ]  00022d6b          *   0000000a              : exit.obj (.cinit)
                 [ 00045aea ]  00022d75          *   00000004   myC55xUtil.lib : i2s.obj (.cinit)
                 [ 00045af2 ]  00022d79          *   00000004   rts55x.lib : fopen.obj (.cinit)
                 [ 00045afa ]  00022d7d          *   00000004              : memory.obj (.cinit)
                 [ 00045b02 ]  00022d81          *   00000001   --HOLE-- [fill = 0]

.cio         0   [ 00045b08 ]  00022d84          *   00000120   UNINITIALIZED
                 [ 00045b08 ]  00022d84          *   00000120   rts55x.lib : trgmsg.obj (.cio)


GLOBAL SYMBOLS: SORTED ALPHABETICALLY BY Name 

abs. value/
byte addr   word addr   name
---------   ---------   ----
00000002                $TI_capability$C5500$CallingConvention
00000002                $TI_capability$C5500$MemoryModel
00000001                $TI_capability_requires_rev3
            00004000    .bss
            00000160    .data
00040000                .text
000450ad                C$$EXIT
000446c9                C$$IO$$
0004506d                I$$LMPY
00044ff0                I$$UDIV
00045005                I$$UMOD
0004303e                _AIC3204_init
            000054d3    _Buf_Address
            00005556    _CurrentRxL_DMAChannel
            00005557    _CurrentRxR_DMAChannel
            00005558    _CurrentTxL_DMAChannel
            00005559    _CurrentTxR_DMAChannel
0004279d                _DMA_Isr
00041fa5                _HOSTclock
00041f3a                _HOSTclose
00041e85                _HOSTlseek
00041de6                _HOSTopen
00041d59                _HOSTread
00041cab                _HOSTrename
00041c4d                _HOSTtime
00041be3                _HOSTunlink
00041b56                _HOSTwrite
00004000                _RST
            00004600    _RcvL1
            00004900    _RcvL2
            00004780    _RcvR1
            00004a80    _RcvR2
000000c0                _Reset
            00005546    _RxL1_DMA_address
            00005548    _RxL2_DMA_address
            0000554a    _RxR1_DMA_address
            0000554c    _RxR2_DMA_address
            0000554e    _TxL1_DMA_address
            00005550    _TxL2_DMA_address
            00005552    _TxR1_DMA_address
            00005554    _TxR2_DMA_address
            00004000    _XmitL1
            00004300    _XmitL2
            00004180    _XmitR1
            00004480    _XmitR2
            00022d84    __CIOBUF_
            00001260    __STACK_END
00000200                __STACK_SIZE
00002000                __SYSMEM_SIZE
00000100                __SYSSTACK_SIZE
ffffffff                ___binit__
            00004000    ___bss__
ffffffff                ___c_args__
            00022af8    ___cinit__
            00000160    ___data__
            00000160    ___edata__
            0000556d    ___end__
000450b6                ___etext__
0004503d                ___isinf
ffffffff                ___pinit__
00040000                ___text__
00043ae1                __addd
00044e37                __args_main
00043725                __cleanup
            00005566    __cleanup_ptr
00043ecc                __cmpd
            0002285c    __ctypes_
00042cf4                __divd
00044ecd                __divli
00043aac                __divlli
00044ff0                __divu
00044774                __divul
000439b8                __divull
00044552                __doflush
            00005568    __dtors_ptr
00043e98                __eqld
00044fc6                __fixdi
00044a6f                __fixdli
00044c22                __fltlid
00044987                __frcmpyd
0004448a                __frcmpyd_div
            00005402    __ft_end
            000052ea    __ftable
00043e4e                __geqd
00043e03                __gtrd
00043db6                __leqd
            00005562    __lock
00043d6e                __lssd
00044087                __mpyd
0004506d                __mpyli
00043900                __mpylli
00045092                __negd
00043d3a                __neqd
00045090                __nop
00041356                __printfi
0004442d                __rd_ok
00045088                __register_lock
00045080                __register_unlock
00044e82                __remli
000438d1                __remlli
00045005                __remu
000449fd                __remul
00043883                __remull
            00001160    __stack
00045059                __subd
            00000160    __sys_memory
            00001260    __sysstack
            00005362    __tmpnams
            00005564    __unlock
000443ad                __wrt_ok
000450ac                _abort
000419eb                _add_device
00044ced                _atoi
00044dea                _auto_init
00044f92                _c_int00
00042492                _calloc
0004248a                _chkheap
00041978                _close
            0002296c    _deciFilt24to8
            0002295d    _deciFilt48to24
00044b4c                _decimator
000435cc                _disable_i2s0
000435da                _disable_i2s1
000435e8                _disable_i2s2
000435f6                _disable_i2s3
00042790                _enable_dma_int
00043594                _enable_i2s0
000435a2                _enable_i2s1
000435b0                _enable_i2s2
000435be                _enable_i2s3
00044f54                _exit
00044892                _fclose
000445bb                _fflush
0004196f                _find_registered_device
00043848                _fopen
000446ce                _fputc
00043f24                _fputs
00042003                _free
00042434                _free_memory
0004377f                _freopen
00044bb7                _fseek
00041adb                _getenv
0004336c                _i2s0_read_CR
000433b4                _i2s0_read_INTR
000433ba                _i2s0_read_INT_MASK
000433c6                _i2s0_read_RXL_LSW
000433d2                _i2s0_read_RXL_MSW
000433de                _i2s0_read_RXR_LSW
000433ea                _i2s0_read_RXR_MSW
00043378                _i2s0_read_SRGR
00043384                _i2s0_read_TXL_LSW
00043390                _i2s0_read_TXL_MSW
0004339c                _i2s0_read_TXR_LSW
000433a8                _i2s0_read_TXR_MSW
00043372                _i2s0_write_CR
000433c0                _i2s0_write_INT_MASK
000433cc                _i2s0_write_RXL_LSW
000433d8                _i2s0_write_RXL_MSW
000433e4                _i2s0_write_RXR_LSW
000433f0                _i2s0_write_RXR_MSW
0004337e                _i2s0_write_SRGR
0004338a                _i2s0_write_TXL_LSW
00043396                _i2s0_write_TXL_MSW
000433a2                _i2s0_write_TXR_LSW
000433ae                _i2s0_write_TXR_MSW
000433f6                _i2s1_read_CR
0004343e                _i2s1_read_INTR
00043444                _i2s1_read_INT_MASK
00043450                _i2s1_read_RXL_LSW
0004345c                _i2s1_read_RXL_MSW
00043468                _i2s1_read_RXR_LSW
00043474                _i2s1_read_RXR_MSW
00043402                _i2s1_read_SRGR
0004340e                _i2s1_read_TXL_LSW
0004341a                _i2s1_read_TXL_MSW
00043426                _i2s1_read_TXR_LSW
00043432                _i2s1_read_TXR_MSW
000433fc                _i2s1_write_CR
0004344a                _i2s1_write_INT_MASK
00043456                _i2s1_write_RXL_LSW
00043462                _i2s1_write_RXL_MSW
0004346e                _i2s1_write_RXR_LSW
0004347a                _i2s1_write_RXR_MSW
00043408                _i2s1_write_SRGR
00043414                _i2s1_write_TXL_LSW
00043420                _i2s1_write_TXL_MSW
0004342c                _i2s1_write_TXR_LSW
00043438                _i2s1_write_TXR_MSW
00043480                _i2s2_read_CR
000434c8                _i2s2_read_INTR
000434ce                _i2s2_read_INT_MASK
000434da                _i2s2_read_RXL_LSW
000434e6                _i2s2_read_RXL_MSW
000434f2                _i2s2_read_RXR_LSW
000434fe                _i2s2_read_RXR_MSW
0004348c                _i2s2_read_SRGR
00043498                _i2s2_read_TXL_LSW
000434a4                _i2s2_read_TXL_MSW
000434b0                _i2s2_read_TXR_LSW
000434bc                _i2s2_read_TXR_MSW
00043486                _i2s2_write_CR
000434d4                _i2s2_write_INT_MASK
000434e0                _i2s2_write_RXL_LSW
000434ec                _i2s2_write_RXL_MSW
000434f8                _i2s2_write_RXR_LSW
00043504                _i2s2_write_RXR_MSW
00043492                _i2s2_write_SRGR
0004349e                _i2s2_write_TXL_LSW
000434aa                _i2s2_write_TXL_MSW
000434b6                _i2s2_write_TXR_LSW
000434c2                _i2s2_write_TXR_MSW
0004350a                _i2s3_read_CR
00043552                _i2s3_read_INTR
00043558                _i2s3_read_INT_MASK
00043564                _i2s3_read_RXL_LSW
00043570                _i2s3_read_RXL_MSW
0004357c                _i2s3_read_RXR_LSW
00043588                _i2s3_read_RXR_MSW
00043516                _i2s3_read_SRGR
00043522                _i2s3_read_TXL_LSW
0004352e                _i2s3_read_TXL_MSW
0004353a                _i2s3_read_TXR_LSW
00043546                _i2s3_read_TXR_MSW
00043510                _i2s3_write_CR
0004355e                _i2s3_write_INT_MASK
0004356a                _i2s3_write_RXL_LSW
00043576                _i2s3_write_RXL_MSW
00043582                _i2s3_write_RXR_LSW
0004358e                _i2s3_write_RXR_MSW
0004351c                _i2s3_write_SRGR
00043528                _i2s3_write_TXL_LSW
00043534                _i2s3_write_TXL_MSW
00043540                _i2s3_write_TXR_LSW
0004354c                _i2s3_write_TXR_MSW
            00004c00    _index1
            00004c01    _index2
            00004cc2    _indx1
            00004cc3    _indx2
000441d3                _interpolate
            0000522e    _intpFilt16to48
            0000516a    _intpFilt8to16
            0000555a    _leftChannel
00041909                _lseek
00044815                _ltoa
00044c89                _main
00042134                _malloc
000423da                _max_free
0004501a                _memccpy
00044f15                _memcpy
000420cf                _minit
0004184a                _open
00044d9a                _printf
000446ce                _putc
00044765                _putchar
00044059                _puts
0004179c                _read
00044ade                _readmsg
00042229                _realloc
000450a2                _remove
00041766                _remove_device
0004170d                _rename
            0000555b    _rightChannel
00042a7c                _rtSRC
0004295b                _rtSRC_init
000424b8                _setDMA_address
00042618                _set_dma0_ch0_i2s0_Lout
000425c0                _set_dma0_ch0_stop
00042676                _set_dma0_ch1_i2s0_Rout
000425d6                _set_dma0_ch1_stop
000426d4                _set_dma0_ch2_i2s0_Lin
000425ec                _set_dma0_ch2_stop
00042732                _set_dma0_ch3_i2s0_Rin
00042602                _set_dma0_ch3_stop
00044d49                _set_i2s0_master
00044d78                _set_i2s0_slave
000442c7                _setvbuf
000416da                _unlink
            00004e44    _w1
            00004e54    _w2
00041598                _write
00044614                _writemsg
            00004f2a    _x1
            000050aa    _x2
            00004c02    _x3
            00004c42    _x4
            00004cc4    _y2
            00005270    _z1
            000052d3    _z2
ffffffff                binit
            00022af8    cinit
            00000160    edata
            0000556d    end
000450b6                etext
ffffffff                pinit
0004490e                reset_isr


GLOBAL SYMBOLS: SORTED BY Symbol Address 

abs. value/
byte addr   word addr   name
---------   ---------   ----
00000001                $TI_capability_requires_rev3
00000002                $TI_capability$C5500$CallingConvention
00000002                $TI_capability$C5500$MemoryModel
000000c0                _Reset
00000100                __SYSSTACK_SIZE
00000200                __STACK_SIZE
            00000160    .data
            00000160    ___data__
            00000160    ___edata__
            00000160    __sys_memory
            00000160    edata
00002000                __SYSMEM_SIZE
            00001160    __stack
            00001260    __STACK_END
            00001260    __sysstack
00004000                _RST
            00004000    .bss
            00004000    _XmitL1
            00004000    ___bss__
            00004180    _XmitR1
            00004300    _XmitL2
            00004480    _XmitR2
            00004600    _RcvL1
            00004780    _RcvR1
            00004900    _RcvL2
            00004a80    _RcvR2
            00004c00    _index1
            00004c01    _index2
            00004c02    _x3
            00004c42    _x4
            00004cc2    _indx1
            00004cc3    _indx2
            00004cc4    _y2
            00004e44    _w1
            00004e54    _w2
            00004f2a    _x1
            000050aa    _x2
            0000516a    _intpFilt8to16
            0000522e    _intpFilt16to48
            00005270    _z1
            000052d3    _z2
            000052ea    __ftable
            00005362    __tmpnams
            00005402    __ft_end
            000054d3    _Buf_Address
            00005546    _RxL1_DMA_address
            00005548    _RxL2_DMA_address
            0000554a    _RxR1_DMA_address
            0000554c    _RxR2_DMA_address
            0000554e    _TxL1_DMA_address
            00005550    _TxL2_DMA_address
            00005552    _TxR1_DMA_address
            00005554    _TxR2_DMA_address
            00005556    _CurrentRxL_DMAChannel
            00005557    _CurrentRxR_DMAChannel
            00005558    _CurrentTxL_DMAChannel
            00005559    _CurrentTxR_DMAChannel
            0000555a    _leftChannel
            0000555b    _rightChannel
            00005562    __lock
            00005564    __unlock
            00005566    __cleanup_ptr
            00005568    __dtors_ptr
            0000556d    ___end__
            0000556d    end
00040000                .text
00040000                ___text__
00041356                __printfi
00041598                _write
000416da                _unlink
0004170d                _rename
00041766                _remove_device
0004179c                _read
0004184a                _open
00041909                _lseek
0004196f                _find_registered_device
00041978                _close
000419eb                _add_device
00041adb                _getenv
00041b56                _HOSTwrite
00041be3                _HOSTunlink
00041c4d                _HOSTtime
00041cab                _HOSTrename
00041d59                _HOSTread
00041de6                _HOSTopen
00041e85                _HOSTlseek
00041f3a                _HOSTclose
00041fa5                _HOSTclock
00042003                _free
000420cf                _minit
00042134                _malloc
00042229                _realloc
000423da                _max_free
00042434                _free_memory
0004248a                _chkheap
00042492                _calloc
000424b8                _setDMA_address
000425c0                _set_dma0_ch0_stop
000425d6                _set_dma0_ch1_stop
000425ec                _set_dma0_ch2_stop
00042602                _set_dma0_ch3_stop
00042618                _set_dma0_ch0_i2s0_Lout
00042676                _set_dma0_ch1_i2s0_Rout
000426d4                _set_dma0_ch2_i2s0_Lin
00042732                _set_dma0_ch3_i2s0_Rin
00042790                _enable_dma_int
0004279d                _DMA_Isr
0004295b                _rtSRC_init
00042a7c                _rtSRC
00042cf4                __divd
0004303e                _AIC3204_init
0004336c                _i2s0_read_CR
00043372                _i2s0_write_CR
00043378                _i2s0_read_SRGR
0004337e                _i2s0_write_SRGR
00043384                _i2s0_read_TXL_LSW
0004338a                _i2s0_write_TXL_LSW
00043390                _i2s0_read_TXL_MSW
00043396                _i2s0_write_TXL_MSW
0004339c                _i2s0_read_TXR_LSW
000433a2                _i2s0_write_TXR_LSW
000433a8                _i2s0_read_TXR_MSW
000433ae                _i2s0_write_TXR_MSW
000433b4                _i2s0_read_INTR
000433ba                _i2s0_read_INT_MASK
000433c0                _i2s0_write_INT_MASK
000433c6                _i2s0_read_RXL_LSW
000433cc                _i2s0_write_RXL_LSW
000433d2                _i2s0_read_RXL_MSW
000433d8                _i2s0_write_RXL_MSW
000433de                _i2s0_read_RXR_LSW
000433e4                _i2s0_write_RXR_LSW
000433ea                _i2s0_read_RXR_MSW
000433f0                _i2s0_write_RXR_MSW
000433f6                _i2s1_read_CR
000433fc                _i2s1_write_CR
00043402                _i2s1_read_SRGR
00043408                _i2s1_write_SRGR
0004340e                _i2s1_read_TXL_LSW
00043414                _i2s1_write_TXL_LSW
0004341a                _i2s1_read_TXL_MSW
00043420                _i2s1_write_TXL_MSW
00043426                _i2s1_read_TXR_LSW
0004342c                _i2s1_write_TXR_LSW
00043432                _i2s1_read_TXR_MSW
00043438                _i2s1_write_TXR_MSW
0004343e                _i2s1_read_INTR
00043444                _i2s1_read_INT_MASK
0004344a                _i2s1_write_INT_MASK
00043450                _i2s1_read_RXL_LSW
00043456                _i2s1_write_RXL_LSW
0004345c                _i2s1_read_RXL_MSW
00043462                _i2s1_write_RXL_MSW
00043468                _i2s1_read_RXR_LSW
0004346e                _i2s1_write_RXR_LSW
00043474                _i2s1_read_RXR_MSW
0004347a                _i2s1_write_RXR_MSW
00043480                _i2s2_read_CR
00043486                _i2s2_write_CR
0004348c                _i2s2_read_SRGR
00043492                _i2s2_write_SRGR
00043498                _i2s2_read_TXL_LSW
0004349e                _i2s2_write_TXL_LSW
000434a4                _i2s2_read_TXL_MSW
000434aa                _i2s2_write_TXL_MSW
000434b0                _i2s2_read_TXR_LSW
000434b6                _i2s2_write_TXR_LSW
000434bc                _i2s2_read_TXR_MSW
000434c2                _i2s2_write_TXR_MSW
000434c8                _i2s2_read_INTR
000434ce                _i2s2_read_INT_MASK
000434d4                _i2s2_write_INT_MASK
000434da                _i2s2_read_RXL_LSW
000434e0                _i2s2_write_RXL_LSW
000434e6                _i2s2_read_RXL_MSW
000434ec                _i2s2_write_RXL_MSW
000434f2                _i2s2_read_RXR_LSW
000434f8                _i2s2_write_RXR_LSW
000434fe                _i2s2_read_RXR_MSW
00043504                _i2s2_write_RXR_MSW
0004350a                _i2s3_read_CR
00043510                _i2s3_write_CR
00043516                _i2s3_read_SRGR
0004351c                _i2s3_write_SRGR
00043522                _i2s3_read_TXL_LSW
00043528                _i2s3_write_TXL_LSW
0004352e                _i2s3_read_TXL_MSW
00043534                _i2s3_write_TXL_MSW
0004353a                _i2s3_read_TXR_LSW
00043540                _i2s3_write_TXR_LSW
00043546                _i2s3_read_TXR_MSW
0004354c                _i2s3_write_TXR_MSW
00043552                _i2s3_read_INTR
00043558                _i2s3_read_INT_MASK
0004355e                _i2s3_write_INT_MASK
00043564                _i2s3_read_RXL_LSW
0004356a                _i2s3_write_RXL_LSW
00043570                _i2s3_read_RXL_MSW
00043576                _i2s3_write_RXL_MSW
0004357c                _i2s3_read_RXR_LSW
00043582                _i2s3_write_RXR_LSW
00043588                _i2s3_read_RXR_MSW
0004358e                _i2s3_write_RXR_MSW
00043594                _enable_i2s0
000435a2                _enable_i2s1
000435b0                _enable_i2s2
000435be                _enable_i2s3
000435cc                _disable_i2s0
000435da                _disable_i2s1
000435e8                _disable_i2s2
000435f6                _disable_i2s3
00043725                __cleanup
0004377f                _freopen
00043848                _fopen
00043883                __remull
000438d1                __remlli
00043900                __mpylli
000439b8                __divull
00043aac                __divlli
00043ae1                __addd
00043d3a                __neqd
00043d6e                __lssd
00043db6                __leqd
00043e03                __gtrd
00043e4e                __geqd
00043e98                __eqld
00043ecc                __cmpd
00043f24                _fputs
00044059                _puts
00044087                __mpyd
000441d3                _interpolate
000442c7                _setvbuf
000443ad                __wrt_ok
0004442d                __rd_ok
0004448a                __frcmpyd_div
00044552                __doflush
000445bb                _fflush
00044614                _writemsg
000446c9                C$$IO$$
000446ce                _fputc
000446ce                _putc
00044765                _putchar
00044774                __divul
00044815                _ltoa
00044892                _fclose
0004490e                reset_isr
00044987                __frcmpyd
000449fd                __remul
00044a6f                __fixdli
00044ade                _readmsg
00044b4c                _decimator
00044bb7                _fseek
00044c22                __fltlid
00044c89                _main
00044ced                _atoi
00044d49                _set_i2s0_master
00044d78                _set_i2s0_slave
00044d9a                _printf
00044dea                _auto_init
00044e37                __args_main
00044e82                __remli
00044ecd                __divli
00044f15                _memcpy
00044f54                _exit
00044f92                _c_int00
00044fc6                __fixdi
00044ff0                I$$UDIV
00044ff0                __divu
00045005                I$$UMOD
00045005                __remu
0004501a                _memccpy
0004503d                ___isinf
00045059                __subd
0004506d                I$$LMPY
0004506d                __mpyli
00045080                __register_unlock
00045088                __register_lock
00045090                __nop
00045092                __negd
000450a2                _remove
000450ac                _abort
000450ad                C$$EXIT
000450b6                ___etext__
000450b6                etext
            0002285c    __ctypes_
            0002295d    _deciFilt48to24
            0002296c    _deciFilt24to8
            00022af8    ___cinit__
            00022af8    cinit
            00022d84    __CIOBUF_
ffffffff                ___binit__
ffffffff                ___c_args__
ffffffff                ___pinit__
ffffffff                binit
ffffffff                pinit

[295 symbols]
