******************************************************************************
              TMS320C55x Linker PC v4.3.8                      
******************************************************************************
>> Linked Tue Feb 26 17:34:22 2013

OUTPUT FILE NAME:   <realtime_parametricEQ.out>
ENTRY POINT SYMBOL: "reset_isr"  address: 000346fc


MEMORY CONFIGURATION

         name            origin    length      used     unused   attr    fill
                        (bytes)   (bytes)    (bytes)   (bytes)
----------------------  --------  ---------  --------  --------  ----  --------
  MMR                   00000000   000000c0  00000000  000000c0  RW  
  DARAM                 000000c0   0000ff40  000063d2  00009b6e  RW  
  SARAM                 00030000   0001e000  00004eac  00019154  RW  
  EMIF_CS0              00050000   007b0000  00000000  007b0000  RW  
  EMIF_CS2              00800000   00400000  00000000  00400000  RW  
  EMIF_CS3              00c00000   00200000  00000000  00200000  RW  
  EMIF_CS4              00e00000   00100000  00000000  00100000  RW  
  EMIF_CS5              00f00000   000e0000  00000000  000e0000  RW  
  SAROM_0               00fe0000   00008000  00000000  00008000  R  X
  SAROM_1               00fe8000   00008000  00000000  00008000  R  X
  SAROM_2               00ff0000   00008000  00000000  00008000  R  X
  SAROM_3               00ff8000   00008000  00000000  00008000  R  X


SECTION ALLOCATION MAP
(Addresses surrounded by []'s are displayed for convenience only!)

output                                                          attributes/
section   page  orgn(bytes) orgn(words) len(bytes) len(words)   input sections
--------  ----  ----------- ----------- ---------- ----------   --------------
.stack       0   [ 000000c0 ]  00000060          *   00001000   UNINITIALIZED
                 [ 000000c0 ]  00000060          *   00001000   --HOLE--

.data        0   [ 000000c0 ]  00000060          *   00000000   UNINITIALIZED

.sysmem      0   [ 000020c0 ]  00001060          *   00001000   UNINITIALIZED
                 [ 000020c0 ]  00001060          *   00001000   --HOLE--

.sysstack 
*            0   [ 000040c0 ]  00002060          *   00000800   UNINITIALIZED
                 [ 000040c0 ]  00002060          *   00000800   --HOLE--

.bss         0   [ 000050c0 ]  00002860          *   000005ab   UNINITIALIZED
                 [ 000050c0 ]  00002860          *   00000327   parametricEQ.obj (.bss)
                 [ 0000570e ]  00002b87          *   00000001   myC55xUtil.lib : i2s.obj (.bss)
                 [ 00005710 ]  00002b88          *   00000119   rts55x.lib : defs.obj (.bss)
                 [ 00005942 ]  00002ca1          *   000000d0              : trgdrv.obj (.bss)
                 [ 00005ae2 ]  00002d71          *   00000001              : fopen.obj (.bss)
                 [ 00005ae4 ]  00002d72          *   00000071              : lowlev.obj (.bss)
                 [ 00005bc6 ]  00002de3          *   00000001   --HOLE--
                 [ 00005bc8 ]  00002de4          *   00000016   myC55xUtil.lib : dma.obj (.bss)
                 [ 00005bf4 ]  00002dfa          *   00000006   rts55x.lib : memory.obj (.bss)
                 [ 00005c00 ]  00002e00          *   00000004              : _lock.obj (.bss)
                 [ 00005c08 ]  00002e04          *   00000004              : exit.obj (.bss)
                 [ 00005c10 ]  00002e08          *   00000003   myC55xUtil.lib : AIC3204_init.obj (.bss)

.const       0   [ 00005c18 ]  00002e0c          *   0000017c   
                 [ 00005c18 ]  00002e0c          *   00000101   rts55x.lib : ctype.obj (.const:__ctypes_)
                 [ 00005e1a ]  00002f0d          *   00000001   --HOLE-- [fill = 0]
                 [ 00005e1c ]  00002f0e          *   00000024              : _printfi.obj (.const:.string)
                 [ 00005e64 ]  00002f32          *   0000001e   realtime_parametricTest.obj (.const:.string)
                 [ 00005ea0 ]  00002f50          *   0000001d   parametricEQ.obj (.const:.string)
                 [ 00005eda ]  00002f6d          *   00000001   --HOLE-- [fill = 0]
                 [ 00005edc ]  00002f6e          *   0000000c   rts55x.lib : _printfi.obj (.const)
                 [ 00005ef4 ]  00002f7a          *   00000008              : divd.obj (.const:_initial_approx$1)
                 [ 00005f04 ]  00002f82          *   00000002              : fputs.obj (.const:.string)
                 [ 00005f08 ]  00002f84          *   00000002              : divd.obj (.const)
                 [ 00005f0c ]  00002f86          *   00000002              : fltlid.obj (.const)

.cio         0   [ 00005f10 ]  00002f88          *   00000120   UNINITIALIZED
                 [ 00005f10 ]  00002f88          *   00000120   rts55x.lib : trgmsg.obj (.cio)

.cinit       0   [ 00006150 ]  000030a8          *   000000a2   
                 [ 00006150 ]  000030a8          *   0000002d   rts55x.lib : lowlev.obj (.cinit)
                 [ 000061aa ]  000030d5          *   0000002a              : defs.obj (.cinit)
                 [ 000061fe ]  000030ff          *   00000018   myC55xUtil.lib : dma.obj (.cinit)
                 [ 0000622e ]  00003117          *   00000012   parametricEQ.obj (.cinit)
                 [ 00006252 ]  00003129          *   0000000a   rts55x.lib : _lock.obj (.cinit)
                 [ 00006266 ]  00003133          *   0000000a              : exit.obj (.cinit)
                 [ 0000627a ]  0000313d          *   00000004   myC55xUtil.lib : i2s.obj (.cinit)
                 [ 00006282 ]  00003141          *   00000004   rts55x.lib : fopen.obj (.cinit)
                 [ 0000628a ]  00003145          *   00000004              : memory.obj (.cinit)
                 [ 00006292 ]  00003149          *   00000001   --HOLE-- [fill = 0]

vector       0     00006300  [ 00003180 ] 00000100          *   
                   00006300  [ 00003180 ] 00000100          *   vector.obj (vector)

vectors      0     00006400  [ 00003200 ] 00000100          *   NOLOAD SECTION
                   00006400  [ 00003200 ] 00000100          *   rts55x.lib : vectors.obj (vectors)

.text        0     00030000  [ 00018000 ] 00004eac          *   
                   00030000  [ 00018000 ] 00001598          *   rts55x.lib : _printfi.obj (.text)
                   00031598  [ 00018acc ] 00000543          *              : lowlev.obj (.text)
                   00031adb  [ 00018d6d+] 00000528          *              : trgdrv.obj (.text)
                   00032003  [ 00019001+] 000004b5          *              : memory.obj (.text)
                   000324b8  [ 0001925c ] 000004a3          *   myC55xUtil.lib : dma.obj (.text)
                   0003295b  [ 000194ad+] 0000036c          *   rts55x.lib : divd.obj (.text)
                   00032cc7  [ 00019663+] 0000032e          *   myC55xUtil.lib : AIC3204_init.obj (.text)
                   00032ff5  [ 000197fa+] 00000298          *                  : i2s_register.obj (.text)
                   0003328d  [ 00019946+] 0000027f          *   rts55x.lib : fopen.obj (.text)
                   0003350c  [ 00019a86 ] 0000025e          *              : llmpy.obj (.text)
                   0003376a  [ 00019bb5 ] 0000025a          *   parametricEQ.obj (.text)
                   000339c4  [ 00019ce2 ] 00000259          *   rts55x.lib : addd.obj (.text)
                   00033c1d  [ 00019e0e+] 000001ea          *              : cmpd.obj (.text)
                   00033e07  [ 00019f03+] 00000163          *              : fputs.obj (.text)
                   00033f6a  [ 00019fb5 ] 0000014c          *              : mpyd.obj (.text)
                   000340b6  [ 0001a05b ] 000000e6          *              : setvbuf.obj (.text)
                   0003419c  [ 0001a0ce ] 000000dd          *              : _io_perm.obj (.text)
                   00034279  [ 0001a13c+] 000000c8          *              : frcmpyd_div.obj (.text)
                   00034341  [ 0001a1a0+] 000000c2          *              : fflush.obj (.text)
                   00034403  [ 0001a201+] 000000ba          *              : trgmsg.obj (.text:CIO_breakpoint)
                   000344bd  [ 0001a25e+] 000000a6          *              : fputc.obj (.text)
                   00034563  [ 0001a2b1+] 000000a1          *              : divul.obj (.text)
                   00034604  [ 0001a302 ] 0000007d          *              : ltoa.obj (.text)
                   00034681  [ 0001a340+] 0000007b          *              : fclose.obj (.text)
                   000346fc  [ 0001a37e ] 00000079          *   vector.obj (.text)
                   00034775  [ 0001a3ba+] 00000076          *   rts55x.lib : frcmpyd.obj (.text)
                   000347eb  [ 0001a3f5+] 00000074          *   asmIIR.obj (.text:iir_code)
                   0003485f  [ 0001a42f+] 00000072          *   rts55x.lib : remul.obj (.text)
                   000348d1  [ 0001a468+] 0000006f          *              : fixdli.obj (.text)
                   00034940  [ 0001a4a0 ] 0000006d          *              : trgmsg.obj (.text)
                   000349ad  [ 0001a4d6+] 0000006b          *              : fseek.obj (.text)
                   00034a18  [ 0001a50c ] 00000067          *              : fltlid.obj (.text)
                   00034a7f  [ 0001a53f+] 00000064          *   realtime_parametricTest.obj (.text)
                   00034ae3  [ 0001a571+] 0000005c          *   rts55x.lib : atoi.obj (.text)
                   00034b3f  [ 0001a59f+] 00000051          *   myC55xUtil.lib : i2s.obj (.text)
                   00034b90  [ 0001a5c8 ] 00000050          *   rts55x.lib : printf.obj (.text)
                   00034be0  [ 0001a5f0 ] 0000004d          *              : autoinit.obj (.text)
                   00034c2d  [ 0001a616+] 0000004b          *              : args_main.obj (.text)
                   00034c78  [ 0001a63c ] 0000004b          *              : remli.obj (.text)
                   00034cc3  [ 0001a661+] 00000048          *              : divli.obj (.text)
                   00034d0b  [ 0001a685+] 0000003f          *              : memcpy.obj (.text)
                   00034d4a  [ 0001a6a5 ] 0000003e          *              : exit.obj (.text)
                   00034d88  [ 0001a6c4 ] 00000034          *              : boot.obj (.text)
                   00034dbc  [ 0001a6de ] 0000002a          *              : fixdi.obj (.text)
                   00034de6  [ 0001a6f3 ] 0000002a          *              : udiv.obj (.text)
                   00034e10  [ 0001a708 ] 00000023          *              : memccpy.obj (.text)
                   00034e33  [ 0001a719+] 0000001c          *              : isinf.obj (.text)
                   00034e4f  [ 0001a727+] 00000014          *              : subd.obj (.text)
                   00034e63  [ 0001a731+] 00000013          *              : lmpy.obj (.text)
                   00034e76  [ 0001a73b ] 00000012          *              : _lock.obj (.text)
                   00034e88  [ 0001a744 ] 00000010          *              : negd.obj (.text)
                   00034e98  [ 0001a74c ] 0000000a          *              : remove.obj (.text)
                   00034ea2  [ 0001a751 ] 00000007          *              : exit.obj (.text:CIO_breakpoint)
                   00034ea9  [ 0001a754+] 00000002          *              : vectors.obj (.text)
                   00034eab  [ 0001a755 ] 00000001          *   --HOLE-- [fill = 20]


GLOBAL SYMBOLS: SORTED ALPHABETICALLY BY Name 

abs. value/
byte addr   word addr   name
---------   ---------   ----
00000002                $TI_capability$C5500$CallingConvention
00000002                $TI_capability$C5500$MemoryModel
00000001                $TI_capability_requires_rev3
            00002860    .bss
            00000060    .data
00030000                .text
00034ea3                C$$EXIT
000344b8                C$$IO$$
00034e63                I$$LMPY
00034de6                I$$UDIV
00034dfb                I$$UMOD
00032cc7                _AIC3204_init
            00002b87    _Buf_Address
            00002df4    _CurrentRxL_DMAChannel
            00002df5    _CurrentRxR_DMAChannel
            00002df6    _CurrentTxL_DMAChannel
            00002df7    _CurrentTxR_DMAChannel
0003279d                _DMA_Isr
00031fa5                _HOSTclock
00031f3a                _HOSTclose
00031e85                _HOSTlseek
00031de6                _HOSTopen
00031d59                _HOSTread
00031cab                _HOSTrename
00031c4d                _HOSTtime
00031be3                _HOSTunlink
00031b56                _HOSTwrite
00006300                _RST
            000029e0    _RcvL1
            00002aa0    _RcvL2
            00002a40    _RcvR1
            00002b00    _RcvR2
00006400                _Reset
            00002de4    _RxL1_DMA_address
            00002de6    _RxL2_DMA_address
            00002de8    _RxR1_DMA_address
            00002dea    _RxR2_DMA_address
            00002dec    _TxL1_DMA_address
            00002dee    _TxL2_DMA_address
            00002df0    _TxR1_DMA_address
            00002df2    _TxR2_DMA_address
            00002860    _XmitL1
            00002920    _XmitL2
            000028c0    _XmitR1
            00002980    _XmitR2
            00002f88    __CIOBUF_
            00001060    __STACK_END
00002000                __STACK_SIZE
00002000                __SYSMEM_SIZE
00001000                __SYSSTACK_SIZE
ffffffff                ___binit__
            00002860    ___bss__
ffffffff                ___c_args__
            000030a8    ___cinit__
            00000060    ___data__
            00000060    ___edata__
            00002e0b    ___end__
00034eac                ___etext__
00034e33                ___isinf
ffffffff                ___pinit__
00030000                ___text__
000339c4                __addd
00034c2d                __args_main
000333ae                __cleanup
            00002e04    __cleanup_ptr
00033daf                __cmpd
            00002e0c    __ctypes_
0003297d                __divd
00034cc3                __divli
00033735                __divlli
00034de6                __divu
00034563                __divul
00033641                __divull
00034341                __doflush
            00002e06    __dtors_ptr
00033d7b                __eqld
00034dbc                __fixdi
000348d1                __fixdli
00034a18                __fltlid
00034775                __frcmpyd
00034279                __frcmpyd_div
            00002ca0    __ft_end
            00002b88    __ftable
00033d31                __geqd
00033ce6                __gtrd
00033c99                __leqd
            00002e00    __lock
00033c51                __lssd
00033f6a                __mpyd
00034e63                __mpyli
00033589                __mpylli
00034e88                __negd
00033c1d                __neqd
00034e86                __nop
00031356                __printfi
0003421c                __rd_ok
00034e7e                __register_lock
00034e76                __register_unlock
00034c78                __remli
0003355a                __remlli
00034dfb                __remu
0003485f                __remul
0003350c                __remull
            00000060    __stack
00034e4f                __subd
            00001060    __sys_memory
            00002060    __sysstack
            00002c00    __tmpnams
            00002e02    __unlock
0003419c                __wrt_ok
00034ea2                _abort
000319eb                _add_device
000347eb                _asmIIR
00034ae3                _atoi
00034be0                _auto_init
            00002b60    _c
00034d88                _c_int00
00032492                _calloc
0003248a                _chkheap
00031978                _close
00033255                _disable_i2s0
00033263                _disable_i2s1
00033271                _disable_i2s2
0003327f                _disable_i2s3
00032790                _enable_dma_int
0003321d                _enable_i2s0
0003322b                _enable_i2s1
00033239                _enable_i2s2
00033247                _enable_i2s3
000337f8                _equalizer
0003376a                _equalizer_init
00034d4a                _exit
00034681                _fclose
000343aa                _fflush
0003196f                _find_registered_device
000334d1                _fopen
000344bd                _fputc
00033e07                _fputs
00032003                _free
00032434                _free_memory
00033408                _freopen
000349ad                _fseek
00031adb                _getenv
00032ff5                _i2s0_read_CR
0003303d                _i2s0_read_INTR
00033043                _i2s0_read_INT_MASK
0003304f                _i2s0_read_RXL_LSW
0003305b                _i2s0_read_RXL_MSW
00033067                _i2s0_read_RXR_LSW
00033073                _i2s0_read_RXR_MSW
00033001                _i2s0_read_SRGR
0003300d                _i2s0_read_TXL_LSW
00033019                _i2s0_read_TXL_MSW
00033025                _i2s0_read_TXR_LSW
00033031                _i2s0_read_TXR_MSW
00032ffb                _i2s0_write_CR
00033049                _i2s0_write_INT_MASK
00033055                _i2s0_write_RXL_LSW
00033061                _i2s0_write_RXL_MSW
0003306d                _i2s0_write_RXR_LSW
00033079                _i2s0_write_RXR_MSW
00033007                _i2s0_write_SRGR
00033013                _i2s0_write_TXL_LSW
0003301f                _i2s0_write_TXL_MSW
0003302b                _i2s0_write_TXR_LSW
00033037                _i2s0_write_TXR_MSW
0003307f                _i2s1_read_CR
000330c7                _i2s1_read_INTR
000330cd                _i2s1_read_INT_MASK
000330d9                _i2s1_read_RXL_LSW
000330e5                _i2s1_read_RXL_MSW
000330f1                _i2s1_read_RXR_LSW
000330fd                _i2s1_read_RXR_MSW
0003308b                _i2s1_read_SRGR
00033097                _i2s1_read_TXL_LSW
000330a3                _i2s1_read_TXL_MSW
000330af                _i2s1_read_TXR_LSW
000330bb                _i2s1_read_TXR_MSW
00033085                _i2s1_write_CR
000330d3                _i2s1_write_INT_MASK
000330df                _i2s1_write_RXL_LSW
000330eb                _i2s1_write_RXL_MSW
000330f7                _i2s1_write_RXR_LSW
00033103                _i2s1_write_RXR_MSW
00033091                _i2s1_write_SRGR
0003309d                _i2s1_write_TXL_LSW
000330a9                _i2s1_write_TXL_MSW
000330b5                _i2s1_write_TXR_LSW
000330c1                _i2s1_write_TXR_MSW
00033109                _i2s2_read_CR
00033151                _i2s2_read_INTR
00033157                _i2s2_read_INT_MASK
00033163                _i2s2_read_RXL_LSW
0003316f                _i2s2_read_RXL_MSW
0003317b                _i2s2_read_RXR_LSW
00033187                _i2s2_read_RXR_MSW
00033115                _i2s2_read_SRGR
00033121                _i2s2_read_TXL_LSW
0003312d                _i2s2_read_TXL_MSW
00033139                _i2s2_read_TXR_LSW
00033145                _i2s2_read_TXR_MSW
0003310f                _i2s2_write_CR
0003315d                _i2s2_write_INT_MASK
00033169                _i2s2_write_RXL_LSW
00033175                _i2s2_write_RXL_MSW
00033181                _i2s2_write_RXR_LSW
0003318d                _i2s2_write_RXR_MSW
0003311b                _i2s2_write_SRGR
00033127                _i2s2_write_TXL_LSW
00033133                _i2s2_write_TXL_MSW
0003313f                _i2s2_write_TXR_LSW
0003314b                _i2s2_write_TXR_MSW
00033193                _i2s3_read_CR
000331db                _i2s3_read_INTR
000331e1                _i2s3_read_INT_MASK
000331ed                _i2s3_read_RXL_LSW
000331f9                _i2s3_read_RXL_MSW
00033205                _i2s3_read_RXR_LSW
00033211                _i2s3_read_RXR_MSW
0003319f                _i2s3_read_SRGR
000331ab                _i2s3_read_TXL_LSW
000331b7                _i2s3_read_TXL_MSW
000331c3                _i2s3_read_TXR_LSW
000331cf                _i2s3_read_TXR_MSW
00033199                _i2s3_write_CR
000331e7                _i2s3_write_INT_MASK
000331f3                _i2s3_write_RXL_LSW
000331ff                _i2s3_write_RXL_MSW
0003320b                _i2s3_write_RXR_LSW
00033217                _i2s3_write_RXR_MSW
000331a5                _i2s3_write_SRGR
000331b1                _i2s3_write_TXL_LSW
000331bd                _i2s3_write_TXL_MSW
000331c9                _i2s3_write_TXR_LSW
000331d5                _i2s3_write_TXR_MSW
            00002df8    _leftChannel
00031909                _lseek
00034604                _ltoa
00034a7f                _main
00032134                _malloc
000323da                _max_free
00034e10                _memccpy
00034d0b                _memcpy
000320cf                _minit
0003184a                _open
00034b90                _printf
000344bd                _putc
00034554                _putchar
00033f3c                _puts
0003179c                _read
00034940                _readmsg
00032229                _realloc
00034e98                _remove
00031766                _remove_device
0003170d                _rename
            00002df9    _rightChannel
000324b8                _setDMA_address
00032618                _set_dma0_ch0_i2s0_Lout
000325c0                _set_dma0_ch0_stop
00032676                _set_dma0_ch1_i2s0_Rout
000325d6                _set_dma0_ch1_stop
000326d4                _set_dma0_ch2_i2s0_Lin
000325ec                _set_dma0_ch2_stop
00032732                _set_dma0_ch3_i2s0_Rin
00032602                _set_dma0_ch3_stop
00034b3f                _set_i2s0_master
00034b6e                _set_i2s0_slave
000340b6                _setvbuf
000316da                _unlink
            00002b6f    _wl1
            00002b75    _wl2
            00002b7b    _wr1
            00002b81    _wr2
00031598                _write
00034403                _writemsg
ffffffff                binit
            000030a8    cinit
            00000060    edata
            00002e0b    end
00034eac                etext
ffffffff                pinit
000346fc                reset_isr


GLOBAL SYMBOLS: SORTED BY Symbol Address 

abs. value/
byte addr   word addr   name
---------   ---------   ----
00000001                $TI_capability_requires_rev3
00000002                $TI_capability$C5500$CallingConvention
00000002                $TI_capability$C5500$MemoryModel
            00000060    .data
            00000060    ___data__
            00000060    ___edata__
            00000060    __stack
            00000060    edata
00001000                __SYSSTACK_SIZE
00002000                __STACK_SIZE
00002000                __SYSMEM_SIZE
            00001060    __STACK_END
            00001060    __sys_memory
            00002060    __sysstack
            00002860    .bss
            00002860    _XmitL1
            00002860    ___bss__
            000028c0    _XmitR1
            00002920    _XmitL2
            00002980    _XmitR2
            000029e0    _RcvL1
            00002a40    _RcvR1
            00002aa0    _RcvL2
            00002b00    _RcvR2
            00002b60    _c
            00002b6f    _wl1
            00002b75    _wl2
            00002b7b    _wr1
            00002b81    _wr2
            00002b87    _Buf_Address
            00002b88    __ftable
            00002c00    __tmpnams
            00002ca0    __ft_end
            00002de4    _RxL1_DMA_address
            00002de6    _RxL2_DMA_address
            00002de8    _RxR1_DMA_address
            00002dea    _RxR2_DMA_address
            00002dec    _TxL1_DMA_address
            00002dee    _TxL2_DMA_address
            00002df0    _TxR1_DMA_address
            00002df2    _TxR2_DMA_address
            00002df4    _CurrentRxL_DMAChannel
            00002df5    _CurrentRxR_DMAChannel
            00002df6    _CurrentTxL_DMAChannel
            00002df7    _CurrentTxR_DMAChannel
            00002df8    _leftChannel
            00002df9    _rightChannel
            00002e00    __lock
            00002e02    __unlock
            00002e04    __cleanup_ptr
            00002e06    __dtors_ptr
            00002e0b    ___end__
            00002e0b    end
            00002e0c    __ctypes_
            00002f88    __CIOBUF_
            000030a8    ___cinit__
            000030a8    cinit
00006300                _RST
00006400                _Reset
00030000                .text
00030000                ___text__
00031356                __printfi
00031598                _write
000316da                _unlink
0003170d                _rename
00031766                _remove_device
0003179c                _read
0003184a                _open
00031909                _lseek
0003196f                _find_registered_device
00031978                _close
000319eb                _add_device
00031adb                _getenv
00031b56                _HOSTwrite
00031be3                _HOSTunlink
00031c4d                _HOSTtime
00031cab                _HOSTrename
00031d59                _HOSTread
00031de6                _HOSTopen
00031e85                _HOSTlseek
00031f3a                _HOSTclose
00031fa5                _HOSTclock
00032003                _free
000320cf                _minit
00032134                _malloc
00032229                _realloc
000323da                _max_free
00032434                _free_memory
0003248a                _chkheap
00032492                _calloc
000324b8                _setDMA_address
000325c0                _set_dma0_ch0_stop
000325d6                _set_dma0_ch1_stop
000325ec                _set_dma0_ch2_stop
00032602                _set_dma0_ch3_stop
00032618                _set_dma0_ch0_i2s0_Lout
00032676                _set_dma0_ch1_i2s0_Rout
000326d4                _set_dma0_ch2_i2s0_Lin
00032732                _set_dma0_ch3_i2s0_Rin
00032790                _enable_dma_int
0003279d                _DMA_Isr
0003297d                __divd
00032cc7                _AIC3204_init
00032ff5                _i2s0_read_CR
00032ffb                _i2s0_write_CR
00033001                _i2s0_read_SRGR
00033007                _i2s0_write_SRGR
0003300d                _i2s0_read_TXL_LSW
00033013                _i2s0_write_TXL_LSW
00033019                _i2s0_read_TXL_MSW
0003301f                _i2s0_write_TXL_MSW
00033025                _i2s0_read_TXR_LSW
0003302b                _i2s0_write_TXR_LSW
00033031                _i2s0_read_TXR_MSW
00033037                _i2s0_write_TXR_MSW
0003303d                _i2s0_read_INTR
00033043                _i2s0_read_INT_MASK
00033049                _i2s0_write_INT_MASK
0003304f                _i2s0_read_RXL_LSW
00033055                _i2s0_write_RXL_LSW
0003305b                _i2s0_read_RXL_MSW
00033061                _i2s0_write_RXL_MSW
00033067                _i2s0_read_RXR_LSW
0003306d                _i2s0_write_RXR_LSW
00033073                _i2s0_read_RXR_MSW
00033079                _i2s0_write_RXR_MSW
0003307f                _i2s1_read_CR
00033085                _i2s1_write_CR
0003308b                _i2s1_read_SRGR
00033091                _i2s1_write_SRGR
00033097                _i2s1_read_TXL_LSW
0003309d                _i2s1_write_TXL_LSW
000330a3                _i2s1_read_TXL_MSW
000330a9                _i2s1_write_TXL_MSW
000330af                _i2s1_read_TXR_LSW
000330b5                _i2s1_write_TXR_LSW
000330bb                _i2s1_read_TXR_MSW
000330c1                _i2s1_write_TXR_MSW
000330c7                _i2s1_read_INTR
000330cd                _i2s1_read_INT_MASK
000330d3                _i2s1_write_INT_MASK
000330d9                _i2s1_read_RXL_LSW
000330df                _i2s1_write_RXL_LSW
000330e5                _i2s1_read_RXL_MSW
000330eb                _i2s1_write_RXL_MSW
000330f1                _i2s1_read_RXR_LSW
000330f7                _i2s1_write_RXR_LSW
000330fd                _i2s1_read_RXR_MSW
00033103                _i2s1_write_RXR_MSW
00033109                _i2s2_read_CR
0003310f                _i2s2_write_CR
00033115                _i2s2_read_SRGR
0003311b                _i2s2_write_SRGR
00033121                _i2s2_read_TXL_LSW
00033127                _i2s2_write_TXL_LSW
0003312d                _i2s2_read_TXL_MSW
00033133                _i2s2_write_TXL_MSW
00033139                _i2s2_read_TXR_LSW
0003313f                _i2s2_write_TXR_LSW
00033145                _i2s2_read_TXR_MSW
0003314b                _i2s2_write_TXR_MSW
00033151                _i2s2_read_INTR
00033157                _i2s2_read_INT_MASK
0003315d                _i2s2_write_INT_MASK
00033163                _i2s2_read_RXL_LSW
00033169                _i2s2_write_RXL_LSW
0003316f                _i2s2_read_RXL_MSW
00033175                _i2s2_write_RXL_MSW
0003317b                _i2s2_read_RXR_LSW
00033181                _i2s2_write_RXR_LSW
00033187                _i2s2_read_RXR_MSW
0003318d                _i2s2_write_RXR_MSW
00033193                _i2s3_read_CR
00033199                _i2s3_write_CR
0003319f                _i2s3_read_SRGR
000331a5                _i2s3_write_SRGR
000331ab                _i2s3_read_TXL_LSW
000331b1                _i2s3_write_TXL_LSW
000331b7                _i2s3_read_TXL_MSW
000331bd                _i2s3_write_TXL_MSW
000331c3                _i2s3_read_TXR_LSW
000331c9                _i2s3_write_TXR_LSW
000331cf                _i2s3_read_TXR_MSW
000331d5                _i2s3_write_TXR_MSW
000331db                _i2s3_read_INTR
000331e1                _i2s3_read_INT_MASK
000331e7                _i2s3_write_INT_MASK
000331ed                _i2s3_read_RXL_LSW
000331f3                _i2s3_write_RXL_LSW
000331f9                _i2s3_read_RXL_MSW
000331ff                _i2s3_write_RXL_MSW
00033205                _i2s3_read_RXR_LSW
0003320b                _i2s3_write_RXR_LSW
00033211                _i2s3_read_RXR_MSW
00033217                _i2s3_write_RXR_MSW
0003321d                _enable_i2s0
0003322b                _enable_i2s1
00033239                _enable_i2s2
00033247                _enable_i2s3
00033255                _disable_i2s0
00033263                _disable_i2s1
00033271                _disable_i2s2
0003327f                _disable_i2s3
000333ae                __cleanup
00033408                _freopen
000334d1                _fopen
0003350c                __remull
0003355a                __remlli
00033589                __mpylli
00033641                __divull
00033735                __divlli
0003376a                _equalizer_init
000337f8                _equalizer
000339c4                __addd
00033c1d                __neqd
00033c51                __lssd
00033c99                __leqd
00033ce6                __gtrd
00033d31                __geqd
00033d7b                __eqld
00033daf                __cmpd
00033e07                _fputs
00033f3c                _puts
00033f6a                __mpyd
000340b6                _setvbuf
0003419c                __wrt_ok
0003421c                __rd_ok
00034279                __frcmpyd_div
00034341                __doflush
000343aa                _fflush
00034403                _writemsg
000344b8                C$$IO$$
000344bd                _fputc
000344bd                _putc
00034554                _putchar
00034563                __divul
00034604                _ltoa
00034681                _fclose
000346fc                reset_isr
00034775                __frcmpyd
000347eb                _asmIIR
0003485f                __remul
000348d1                __fixdli
00034940                _readmsg
000349ad                _fseek
00034a18                __fltlid
00034a7f                _main
00034ae3                _atoi
00034b3f                _set_i2s0_master
00034b6e                _set_i2s0_slave
00034b90                _printf
00034be0                _auto_init
00034c2d                __args_main
00034c78                __remli
00034cc3                __divli
00034d0b                _memcpy
00034d4a                _exit
00034d88                _c_int00
00034dbc                __fixdi
00034de6                I$$UDIV
00034de6                __divu
00034dfb                I$$UMOD
00034dfb                __remu
00034e10                _memccpy
00034e33                ___isinf
00034e4f                __subd
00034e63                I$$LMPY
00034e63                __mpyli
00034e76                __register_unlock
00034e7e                __register_lock
00034e86                __nop
00034e88                __negd
00034e98                _remove
00034ea2                _abort
00034ea3                C$$EXIT
00034eac                ___etext__
00034eac                etext
ffffffff                ___binit__
ffffffff                ___c_args__
ffffffff                ___pinit__
ffffffff                binit
ffffffff                pinit

[282 symbols]
