******************************************************************************
              TMS320C55x Linker PC v4.3.8                      
******************************************************************************
>> Linked Thu Feb 28 07:16:42 2013

OUTPUT FILE NAME:   <fixedPoint_BlockFIR.out>
ENTRY POINT SYMBOL: "_c_int00"  address: 000465c3


MEMORY CONFIGURATION

         name            origin    length      used     unused   attr    fill
                        (bytes)   (bytes)    (bytes)   (bytes)
----------------------  --------  ---------  --------  --------  ----  --------
  MMR                   00000000   000000c0  00000000  000000c0  RWIX
  VECS                  000000c0   00000200  00000100  00000100  RWIX
  DARAM0                000002c0   00003d40  00002360  000019e0  RWIX
  DARAM1                00004000   00002000  00000000  00002000  RWIX
  DARAM2                00006000   00002000  00000000  00002000  RWIX
  DARAM3                00008000   00008000  00000674  0000798c  RWIX
  SARAM0                00010000   00010000  00000000  00010000  RWIX
  SARAM1                00020000   00010000  00000000  00010000  RWIX
  SARAM2                00030000   00010000  00000000  00010000  RWIX
  SARAM3                00040000   00010000  00006f95  0000906b  RWIX
  CE01                  00100000   00020000  00000000  00020000  RWIX
  CE02                  00120000   00020000  00000000  00020000  RWIX
  CE03                  00140000   00020000  00000000  00020000  RWIX
  CE1                   00400000   00100000  00000000  00100000  RWIX
  CE2                   00800000   00400000  00000000  00400000  RWIX
  CE3                   00c00000   003f8000  00000000  003f8000  RWIX
  PDROM                 00ff8000   00007f00  00000000  00007f00  RWIX


SECTION ALLOCATION MAP
(Addresses surrounded by []'s are displayed for convenience only!)

output                                                          attributes/
section   page  orgn(bytes) orgn(words) len(bytes) len(words)   input sections
--------  ----  ----------- ----------- ---------- ----------   --------------
vectors      0     000000c0  [ 00000060 ] 00000100          *   NOLOAD SECTION
                   000000c0  [ 00000060 ] 00000100          *   rts55x.lib : vectors.obj (vectors)

.sysmem      0   [ 000002c0 ]  00000160          *   00001000   UNINITIALIZED
                 [ 000002c0 ]  00000160          *   00001000   --HOLE--

.stack       0   [ 000022c0 ]  00001160          *   00000100   UNINITIALIZED
                 [ 000022c0 ]  00001160          *   00000100   --HOLE--

.sysstack 
*            0   [ 000024c0 ]  00001260          *   00000080   UNINITIALIZED
                 [ 000024c0 ]  00001260          *   00000080   --HOLE--

.data        0   [ 000025c0 ]  000012e0          *   00000030   UNINITIALIZED
                 [ 000025c0 ]  000012e0          *   00000030   fixedPointBlockFirTest.obj (.data:fir)

.bss         0   [ 00008000 ]  00004000          *   0000033a   UNINITIALIZED
                 [ 00008000 ]  00004000          *   00000119   rts55x.lib : defs.obj (.bss)
                 [ 00008232 ]  00004119          *   000000d0              : trgdrv.obj (.bss)
                 [ 000083d2 ]  000041e9          *   000000a0   fixedPointBlockFirTest.obj (.bss)
                 [ 00008512 ]  00004289          *   00000001   rts55x.lib : errno.obj (.bss)
                 [ 00008514 ]  0000428a          *   00000071              : lowlev.obj (.bss)
                 [ 000085f6 ]  000042fb          *   00000030   fixedPointBlockFirTest.obj (.bss:fir)
                 [ 00008656 ]  0000432b          *   00000001   rts55x.lib : fopen.obj (.bss)
                 [ 00008658 ]  0000432c          *   00000006              : memory.obj (.bss)
                 [ 00008664 ]  00004332          *   00000004              : _lock.obj (.bss)
                 [ 0000866c ]  00004336          *   00000004              : exit.obj (.bss)

.text        0     00040000  [ 00020000 ] 000066e7          *   
                   00040000  [ 00020000 ] 00001598          *   rts55x.lib : _printfi.obj (.text)
                   00041598  [ 00020acc ] 00000eb6          *              : _scanfi.obj (.text)
                   0004244e  [ 00021227 ] 00000543          *              : lowlev.obj (.text)
                   00042991  [ 000214c8+] 00000528          *              : trgdrv.obj (.text)
                   00042eb9  [ 0002175c+] 000004b5          *              : memory.obj (.text)
                   0004336e  [ 000219b7 ] 0000036c          *              : divd.obj (.text)
                   000436da  [ 00021b6d ] 00000301          *              : strtoll.obj (.text)
                   000439db  [ 00021ced+] 000002bd          *              : strtod.obj (.text)
                   00043c98  [ 00021e4c ] 0000029f          *              : strtold.obj (.text)
                   00043f37  [ 00021f9b+] 0000027f          *              : fopen.obj (.text)
                   000441b6  [ 000220db ] 0000025e          *              : llmpy.obj (.text)
                   00044414  [ 0002220a ] 00000259          *              : addd.obj (.text)
                   0004466d  [ 00022336+] 0000024b          *              : strtoull.obj (.text)
                   000448b8  [ 0002245c ] 00000224          *   fixedPointBlockFirTest.obj (.text)
                   00044adc  [ 0002256e ] 00000208          *   rts55x.lib : strtol.obj (.text)
                   00044ce4  [ 00022672 ] 000001ee          *              : fwrite.obj (.text)
                   00044ed2  [ 00022769 ] 000001ea          *              : cmpd.obj (.text)
                   000450bc  [ 0002285e ] 000001d1          *              : strtoul.obj (.text)
                   0004528d  [ 00022946+] 00000163          *              : fputs.obj (.text)
                   000453f0  [ 000229f8 ] 00000161          *              : fscanf.obj (.text)
                   00045551  [ 00022aa8+] 0000014c          *              : mpyd.obj (.text)
                   0004569d  [ 00022b4e+] 0000010f          *              : fread.obj (.text)
                   000457ac  [ 00022bd6 ] 000000e6          *              : setvbuf.obj (.text)
                   00045892  [ 00022c49 ] 000000dd          *              : _io_perm.obj (.text)
                   0004596f  [ 00022cb7+] 000000c8          *   fixedPointBlockFir.obj (.text:fir)
                   00045a37  [ 00022d1b+] 000000c8          *   rts55x.lib : frcmpyd_div.obj (.text)
                   00045aff  [ 00022d7f+] 000000c2          *              : fflush.obj (.text)
                   00045bc1  [ 00022de0+] 000000ba          *              : trgmsg.obj (.text:CIO_breakpoint)
                   00045c7b  [ 00022e3d+] 000000ae          *              : _bufread.obj (.text)
                   00045d29  [ 00022e94+] 000000a6          *              : fputc.obj (.text)
                   00045dcf  [ 00022ee7+] 000000a1          *              : divul.obj (.text)
                   00045e70  [ 00022f38 ] 0000009b          *              : fgetc.obj (.text)
                   00045f0b  [ 00022f85+] 0000009a          *              : ungetc.obj (.text)
                   00045fa5  [ 00022fd2+] 0000007d          *              : ltoa.obj (.text)
                   00046022  [ 00023011 ] 0000007b          *              : fclose.obj (.text)
                   0004609d  [ 0002304e+] 00000076          *              : frcmpyd.obj (.text)
                   00046113  [ 00023089+] 00000072          *              : remul.obj (.text)
                   00046185  [ 000230c2+] 0000006f          *              : fixdli.obj (.text)
                   000461f4  [ 000230fa ] 0000006d          *              : trgmsg.obj (.text)
                   00046261  [ 00023130+] 0000006b          *              : fseek.obj (.text)
                   000462cc  [ 00023166 ] 00000067          *              : fltlid.obj (.text)
                   00046333  [ 00023199+] 0000005c          *              : atoi.obj (.text)
                   0004638f  [ 000231c7+] 00000050          *              : printf.obj (.text)
                   000463df  [ 000231ef+] 0000004d          *              : autoinit.obj (.text)
                   0004642c  [ 00023216 ] 0000004b          *              : args_main.obj (.text)
                   00046477  [ 0002323b+] 0000004b          *              : remli.obj (.text)
                   000464c2  [ 00023261 ] 00000048          *              : divli.obj (.text)
                   0004650a  [ 00023285 ] 0000003f          *              : memcpy.obj (.text)
                   00046549  [ 000232a4+] 0000003e          *              : exit.obj (.text)
                   00046587  [ 000232c3+] 0000003c          *              : idiv.obj (.text)
                   000465c3  [ 000232e1+] 00000034          *              : boot.obj (.text)
                   000465f7  [ 000232fb+] 0000002a          *              : fixdi.obj (.text)
                   00046621  [ 00023310+] 0000002a          *              : udiv.obj (.text)
                   0004664b  [ 00023325+] 00000023          *              : memccpy.obj (.text)
                   0004666e  [ 00023337 ] 0000001c          *              : isinf.obj (.text)
                   0004668a  [ 00023345 ] 00000014          *              : subd.obj (.text)
                   0004669e  [ 0002334f ] 00000013          *              : lmpy.obj (.text)
                   000466b1  [ 00023358+] 00000012          *              : _lock.obj (.text)
                   000466c3  [ 00023361+] 00000010          *              : negd.obj (.text)
                   000466d3  [ 00023369+] 0000000a          *              : remove.obj (.text)
                   000466dd  [ 0002336e+] 00000007          *              : exit.obj (.text:CIO_breakpoint)
                   000466e4  [ 00023372 ] 00000002          *              : vectors.obj (.text)
                   000466e6  [ 00023373 ] 00000001          *   --HOLE-- [fill = 20]

.const       0   [ 000466e8 ]  00023374          *   0000028c   
                 [ 000466e8 ]  00023374          *   00000101   rts55x.lib : ctype.obj (.const:__ctypes_)
                 [ 000468ea ]  00023475          *   00000001   --HOLE-- [fill = 0]
                 [ 000468ec ]  00023476          *   000000ee   fixedPointBlockFirTest.obj (.const:.string)
                 [ 00046ac8 ]  00023564          *   00000024   rts55x.lib : _printfi.obj (.const:.string)
                 [ 00046b10 ]  00023588          *   00000014              : strtod.obj (.const:_digits)
                 [ 00046b38 ]  0002359c          *   00000014              : strtold.obj (.const:_digits)
                 [ 00046b60 ]  000235b0          *   0000000c              : strtod.obj (.const:_powerof10)
                 [ 00046b78 ]  000235bc          *   0000000c              : strtold.obj (.const:_powerof10)
                 [ 00046b90 ]  000235c8          *   0000000c              : _printfi.obj (.const)
                 [ 00046ba8 ]  000235d4          *   00000008              : divd.obj (.const:_initial_approx$1)
                 [ 00046bb8 ]  000235dc          *   00000008              : strtod.obj (.const)
                 [ 00046bc8 ]  000235e4          *   00000008              : strtold.obj (.const)
                 [ 00046bd8 ]  000235ec          *   00000007              : _scanfi.obj (.const:_flit$1)
                 [ 00046be6 ]  000235f3          *   00000006              : _scanfi.obj (.const:_barr$2)
                 [ 00046bf2 ]  000235f9          *   00000001   --HOLE-- [fill = 0]
                 [ 00046bf4 ]  000235fa          *   00000002              : fputs.obj (.const:.string)
                 [ 00046bf8 ]  000235fc          *   00000002              : divd.obj (.const)
                 [ 00046bfc ]  000235fe          *   00000002              : fltlid.obj (.const)

.cio         0   [ 00046c00 ]  00023600          *   00000120   UNINITIALIZED
                 [ 00046c00 ]  00023600          *   00000120   rts55x.lib : trgmsg.obj (.cio)

.cinit       0   [ 00046e40 ]  00023720          *   000000ab   
                 [ 00046e40 ]  00023720          *   00000033   fixedPointBlockFirTest.obj (.cinit)
                 [ 00046ea6 ]  00023753          *   0000002d   rts55x.lib : lowlev.obj (.cinit)
                 [ 00046f00 ]  00023780          *   0000002a              : defs.obj (.cinit)
                 [ 00046f54 ]  000237aa          *   0000000a              : _lock.obj (.cinit)
                 [ 00046f68 ]  000237b4          *   0000000a              : exit.obj (.cinit)
                 [ 00046f7c ]  000237be          *   00000004              : errno.obj (.cinit)
                 [ 00046f84 ]  000237c2          *   00000004              : fopen.obj (.cinit)
                 [ 00046f8c ]  000237c6          *   00000004              : memory.obj (.cinit)
                 [ 00046f94 ]  000237ca          *   00000001   --HOLE-- [fill = 0]


GLOBAL SYMBOLS: SORTED ALPHABETICALLY BY Name 

abs. value/
byte addr   word addr   name
---------   ---------   ----
00000002                $TI_capability$C5500$CallingConvention
00000002                $TI_capability$C5500$MemoryModel
00000001                $TI_capability_requires_rev3
            00004000    .bss
            000012e0    .data
00040000                .text
000466de                C$$EXIT
00045c76                C$$IO$$
00046587                I$$DIV
0004669e                I$$LMPY
000465a6                I$$MOD
00046621                I$$UDIV
00046636                I$$UMOD
00042e5b                _HOSTclock
00042df0                _HOSTclose
00042d3b                _HOSTlseek
00042c9c                _HOSTopen
00042c0f                _HOSTread
00042b61                _HOSTrename
00042b03                _HOSTtime
00042a99                _HOSTunlink
00042a0c                _HOSTwrite
000000c0                _Reset
            00023600    __CIOBUF_
            00001260    __STACK_END
00000200                __STACK_SIZE
00002000                __SYSMEM_SIZE
00000100                __SYSSTACK_SIZE
ffffffff                ___binit__
            00004000    ___bss__
ffffffff                ___c_args__
            00023720    ___cinit__
            000012e0    ___data__
            00001310    ___edata__
            0000433a    ___end__
000466e7                ___etext__
0004666e                ___isinf
ffffffff                ___pinit__
00040000                ___text__
00044414                __addd
0004642c                __args_main
00045c7b                __buff_read
00044058                __cleanup
            00004336    __cleanup_ptr
00045064                __cmpd
            00023374    __ctypes_
00043390                __divd
00046587                __divi
000464c2                __divli
000443df                __divlli
00046621                __divu
00045dcf                __divul
000442eb                __divull
00045aff                __doflush
            00004338    __dtors_ptr
00045030                __eqld
000465f7                __fixdi
00046185                __fixdli
000462cc                __fltlid
0004609d                __frcmpyd
00045a37                __frcmpyd_div
            00004118    __ft_end
            00004000    __ftable
00044fe6                __geqd
00044f9b                __gtrd
00044f4e                __leqd
            00004332    __lock
00044f06                __lssd
00045551                __mpyd
0004669e                __mpyli
00044233                __mpylli
000466c3                __negd
00044ed2                __neqd
000466c1                __nop
00041356                __printfi
00045912                __rd_ok
000466b9                __register_lock
000466b1                __register_unlock
000465a6                __remi
00046477                __remli
00044204                __remlli
00046636                __remu
00046113                __remul
000441b6                __remull
00041f46                __scanfi
            00001160    __stack
0004668a                __subd
            00000160    __sys_memory
            00001260    __sysstack
            00004078    __tmpnams
            00004334    __unlock
00045892                __wrt_ok
000466dd                _abort
000428a1                _add_device
00046333                _atoi
000463df                _auto_init
000465c3                _c_int00
00043348                _calloc
00043340                _chkheap
0004282e                _close
            00004289    _errno
00046549                _exit
00046022                _fclose
00045b68                _fflush
00045e70                _fgetc
00042825                _find_registered_device
            000012e0    _firCoefFixedPoint
0004596f                _fixedPointBlockFir
0004417b                _fopen
00045d29                _fputc
0004528d                _fputs
0004569d                _fread
00042eb9                _free
000432ea                _free_memory
000440b2                _freopen
0004542c                _fscanf
00046261                _fseek
00044ce4                _fwrite
00045e70                _getc
00045efc                _getchar
00042991                _getenv
000427bf                _lseek
00045fa5                _ltoa
000448b8                _main
00042fea                _malloc
00043290                _max_free
0004664b                _memccpy
0004650a                _memcpy
00042f85                _minit
00042700                _open
0004638f                _printf
00045d29                _putc
00045dc0                _putchar
000453c2                _puts
00042652                _read
000461f4                _readmsg
000430df                _realloc
000466d3                _remove
0004261c                _remove_device
000425c3                _rename
000453f0                _scanf
000457ac                _setvbuf
000439db                _strtod
00044adc                _strtol
00043c98                _strtold
000436da                _strtoll
000450bc                _strtoul
0004466d                _strtoull
00045f0b                _ungetc
00042590                _unlink
            000042fb    _w
0004244e                _write
00045bc1                _writemsg
            000041e9    _x
            00004239    _y
ffffffff                binit
            00023720    cinit
            00001310    edata
            0000433a    end
000466e7                etext
ffffffff                pinit


GLOBAL SYMBOLS: SORTED BY Symbol Address 

abs. value/
byte addr   word addr   name
---------   ---------   ----
00000001                $TI_capability_requires_rev3
00000002                $TI_capability$C5500$CallingConvention
00000002                $TI_capability$C5500$MemoryModel
000000c0                _Reset
00000100                __SYSSTACK_SIZE
00000200                __STACK_SIZE
            00000160    __sys_memory
00002000                __SYSMEM_SIZE
            00001160    __stack
            00001260    __STACK_END
            00001260    __sysstack
            000012e0    .data
            000012e0    ___data__
            000012e0    _firCoefFixedPoint
            00001310    ___edata__
            00001310    edata
            00004000    .bss
            00004000    ___bss__
            00004000    __ftable
            00004078    __tmpnams
            00004118    __ft_end
            000041e9    _x
            00004239    _y
            00004289    _errno
            000042fb    _w
            00004332    __lock
            00004334    __unlock
            00004336    __cleanup_ptr
            00004338    __dtors_ptr
            0000433a    ___end__
            0000433a    end
00040000                .text
00040000                ___text__
00041356                __printfi
00041f46                __scanfi
0004244e                _write
00042590                _unlink
000425c3                _rename
0004261c                _remove_device
00042652                _read
00042700                _open
000427bf                _lseek
00042825                _find_registered_device
0004282e                _close
000428a1                _add_device
00042991                _getenv
00042a0c                _HOSTwrite
00042a99                _HOSTunlink
00042b03                _HOSTtime
00042b61                _HOSTrename
00042c0f                _HOSTread
00042c9c                _HOSTopen
00042d3b                _HOSTlseek
00042df0                _HOSTclose
00042e5b                _HOSTclock
00042eb9                _free
00042f85                _minit
00042fea                _malloc
000430df                _realloc
00043290                _max_free
000432ea                _free_memory
00043340                _chkheap
00043348                _calloc
00043390                __divd
000436da                _strtoll
000439db                _strtod
00043c98                _strtold
00044058                __cleanup
000440b2                _freopen
0004417b                _fopen
000441b6                __remull
00044204                __remlli
00044233                __mpylli
000442eb                __divull
000443df                __divlli
00044414                __addd
0004466d                _strtoull
000448b8                _main
00044adc                _strtol
00044ce4                _fwrite
00044ed2                __neqd
00044f06                __lssd
00044f4e                __leqd
00044f9b                __gtrd
00044fe6                __geqd
00045030                __eqld
00045064                __cmpd
000450bc                _strtoul
0004528d                _fputs
000453c2                _puts
000453f0                _scanf
0004542c                _fscanf
00045551                __mpyd
0004569d                _fread
000457ac                _setvbuf
00045892                __wrt_ok
00045912                __rd_ok
0004596f                _fixedPointBlockFir
00045a37                __frcmpyd_div
00045aff                __doflush
00045b68                _fflush
00045bc1                _writemsg
00045c76                C$$IO$$
00045c7b                __buff_read
00045d29                _fputc
00045d29                _putc
00045dc0                _putchar
00045dcf                __divul
00045e70                _fgetc
00045e70                _getc
00045efc                _getchar
00045f0b                _ungetc
00045fa5                _ltoa
00046022                _fclose
0004609d                __frcmpyd
00046113                __remul
00046185                __fixdli
000461f4                _readmsg
00046261                _fseek
000462cc                __fltlid
00046333                _atoi
0004638f                _printf
000463df                _auto_init
0004642c                __args_main
00046477                __remli
000464c2                __divli
0004650a                _memcpy
00046549                _exit
00046587                I$$DIV
00046587                __divi
000465a6                I$$MOD
000465a6                __remi
000465c3                _c_int00
000465f7                __fixdi
00046621                I$$UDIV
00046621                __divu
00046636                I$$UMOD
00046636                __remu
0004664b                _memccpy
0004666e                ___isinf
0004668a                __subd
0004669e                I$$LMPY
0004669e                __mpyli
000466b1                __register_unlock
000466b9                __register_lock
000466c1                __nop
000466c3                __negd
000466d3                _remove
000466dd                _abort
000466de                C$$EXIT
000466e7                ___etext__
000466e7                etext
            00023374    __ctypes_
            00023600    __CIOBUF_
            00023720    ___cinit__
            00023720    cinit
ffffffff                ___binit__
ffffffff                ___c_args__
ffffffff                ___pinit__
ffffffff                binit
ffffffff                pinit

[161 symbols]
